Archive member included because of file (symbol)

C:/Users/lukas/AppData/Local/Rowley Associates Limited/CrossWorks for ARM/packages/lib/liblpc2000_v4t_a_le.a(liblpc2000_lpc21xx_get_cclk.o)
                              ARM Flash Debug/LPC210x.o (liblpc2000_lpc21xx_get_cclk)
C:/Users/lukas/AppData/Local/Rowley Associates Limited/CrossWorks for ARM/packages/lib/liblpc2000_v4t_a_le.a(liblpc2000_lpc21xx_get_pclk.o)
                              ARM Flash Debug/LPC210x.o (liblpc2000_lpc21xx_get_pclk)
C:/Program Files/Rowley Associates Limited/CrossWorks for ARM 2.0/lib/libm_v4t_a_le.a(__int32_to_float32.o)
                              ARM Flash Debug/logging.o (__floatsisf)
C:/Program Files/Rowley Associates Limited/CrossWorks for ARM 2.0/lib/libm_v4t_a_le.a(__int32_to_float64.o)
                              ARM Flash Debug/meas_sm.o (__floatsidf)
C:/Program Files/Rowley Associates Limited/CrossWorks for ARM 2.0/lib/libm_v4t_a_le.a(__uint32_to_float32.o)
                              ARM Flash Debug/timer.o (__floatunsisf)
C:/Program Files/Rowley Associates Limited/CrossWorks for ARM 2.0/lib/libm_v4t_a_le.a(__uint32_to_float64.o)
                              ARM Flash Debug/timer.o (__floatunsidf)
C:/Program Files/Rowley Associates Limited/CrossWorks for ARM 2.0/lib/libm_v4t_a_le.a(__float32_to_int32.o)
                              ARM Flash Debug/logging.o (__fixsfsi)
C:/Program Files/Rowley Associates Limited/CrossWorks for ARM 2.0/lib/libm_v4t_a_le.a(__float32_to_uint32.o)
                              ARM Flash Debug/dac.o (__fixunssfsi)
C:/Program Files/Rowley Associates Limited/CrossWorks for ARM 2.0/lib/libm_v4t_a_le.a(__float64_to_int32.o)
                              ARM Flash Debug/meas_sm.o (__fixdfsi)
C:/Program Files/Rowley Associates Limited/CrossWorks for ARM 2.0/lib/libm_v4t_a_le.a(__float32_to_float64.o)
                              ARM Flash Debug/logging.o (__extendsfdf2)
C:/Program Files/Rowley Associates Limited/CrossWorks for ARM 2.0/lib/libm_v4t_a_le.a(__float32_add.o)
                              ARM Flash Debug/logging.o (__subsf3)
C:/Program Files/Rowley Associates Limited/CrossWorks for ARM 2.0/lib/libm_v4t_a_le.a(__float32_mul.o)
                              ARM Flash Debug/dac.o (__mulsf3)
C:/Program Files/Rowley Associates Limited/CrossWorks for ARM 2.0/lib/libm_v4t_a_le.a(__float32_div.o)
                              ARM Flash Debug/logging.o (__divsf3)
C:/Program Files/Rowley Associates Limited/CrossWorks for ARM 2.0/lib/libm_v4t_a_le.a(__float32_cmp.o)
                              ARM Flash Debug/logging.o (__nesf2)
C:/Program Files/Rowley Associates Limited/CrossWorks for ARM 2.0/lib/libm_v4t_a_le.a(log.o)
                              ARM Flash Debug/logging.o (log)
C:/Program Files/Rowley Associates Limited/CrossWorks for ARM 2.0/lib/libm_v4t_a_le.a(__float64_add.o)
                              C:/Program Files/Rowley Associates Limited/CrossWorks for ARM 2.0/lib/libm_v4t_a_le.a(log.o) (__subdf3)
C:/Program Files/Rowley Associates Limited/CrossWorks for ARM 2.0/lib/libm_v4t_a_le.a(__float64_mul.o)
                              C:/Program Files/Rowley Associates Limited/CrossWorks for ARM 2.0/lib/libm_v4t_a_le.a(log.o) (__muldf3)
C:/Program Files/Rowley Associates Limited/CrossWorks for ARM 2.0/lib/libm_v4t_a_le.a(__float64_div.o)
                              C:/Program Files/Rowley Associates Limited/CrossWorks for ARM 2.0/lib/libm_v4t_a_le.a(log.o) (__divdf3)
C:/Program Files/Rowley Associates Limited/CrossWorks for ARM 2.0/lib/libm_v4t_a_le.a(__float64_cmp.o)
                              C:/Program Files/Rowley Associates Limited/CrossWorks for ARM 2.0/lib/libm_v4t_a_le.a(log.o) (__eqdf2)
C:/Program Files/Rowley Associates Limited/CrossWorks for ARM 2.0/lib/libm_v4t_a_le.a(__float64_isnan.o)
                              C:/Program Files/Rowley Associates Limited/CrossWorks for ARM 2.0/lib/libm_v4t_a_le.a(log.o) (__float64_isnan)
C:/Program Files/Rowley Associates Limited/CrossWorks for ARM 2.0/lib/libm_v4t_a_le.a(__float64_infinity.o)
                              C:/Program Files/Rowley Associates Limited/CrossWorks for ARM 2.0/lib/libm_v4t_a_le.a(log.o) (__float64_infinity)
C:/Program Files/Rowley Associates Limited/CrossWorks for ARM 2.0/lib/libm_v4t_a_le.a(__float64_nan.o)
                              C:/Program Files/Rowley Associates Limited/CrossWorks for ARM 2.0/lib/libm_v4t_a_le.a(log.o) (__float64_nan)
C:/Program Files/Rowley Associates Limited/CrossWorks for ARM 2.0/lib/libm_v4t_a_le.a(__poly1_eval.o)
                              C:/Program Files/Rowley Associates Limited/CrossWorks for ARM 2.0/lib/libm_v4t_a_le.a(log.o) (__poly1_eval)
C:/Program Files/Rowley Associates Limited/CrossWorks for ARM 2.0/lib/libm_v4t_a_le.a(__poly_eval.o)
                              C:/Program Files/Rowley Associates Limited/CrossWorks for ARM 2.0/lib/libm_v4t_a_le.a(log.o) (__poly_eval)
[...]
Memory Configuration

Name             Origin             Length             Attributes
UNPLACED_SECTIONS 0xffffffff         0x00000000         xw
AHB_Peripherals  0xffe00000         0x00200000         xw
APB_Peripherals  0xe0000000         0x00200000         xw
USB_DMA_RAM      0x7fd00000         0x00002000         xw
SRAM             0x40000000         0x00008000         xw
FLASH            0x00000000         0x00080000         xr
*default*        0x00000000         0xffffffff

Linker script and memory map

                0xffe00000                __AHB_Peripherals_segment_start__ = 0xffe00000
                0x00000000                __AHB_Peripherals_segment_end__ = 0x0
                0xe0000000                __APB_Peripherals_segment_start__ = 0xe0000000
                0xe0200000                __APB_Peripherals_segment_end__ = 0xe0200000
                0x7fd00000                __USB_DMA_RAM_segment_start__ = 0x7fd00000
                0x7fd02000                __USB_DMA_RAM_segment_end__ = 0x7fd02000
                0x40000000                __SRAM_segment_start__ = 0x40000000
                0x40008000                __SRAM_segment_end__ = 0x40008000
                0x00000000                __FLASH_segment_start__ = 0x0
                0x00080000                __FLASH_segment_end__ = 0x80000
                0x00000400                __STACKSIZE__ = 0x400
                0x00000400                __STACKSIZE_IRQ__ = 0x400
                0x00000020                __STACKSIZE_FIQ__ = 0x20
                0x00000100                __STACKSIZE_SVC__ = 0x100
                0x00000008                __STACKSIZE_ABT__ = 0x8
                0x00000008                __STACKSIZE_UND__ = 0x8
                0x00000400                __HEAPSIZE__ = 0x400
                0x40000000                __vectors_ram_load_start__ = __SRAM_segment_start__

.vectors_ram    0x40000000       0x3c
                0x40000000                __vectors_ram_start__ = .
 *(.vectors_ram .vectors_ram.*)
                0x4000003c                . = MAX ((__vectors_ram_start__ + 0x3c), .)
 *fill*         0x40000000       0x3c 00
                0x4000003c                __vectors_ram_end__ = (__vectors_ram_start__ + SIZEOF (.vectors_ram))
                0x4000003c                __vectors_ram_load_end__ = __vectors_ram_end__
                0x00000001                . = ASSERT (((__vectors_ram_end__ >= __SRAM_segment_start__) && (__vectors_ram_end__ <= (__SRAM_segment_start__ + 0x8000))), error: .vectors_ram is too large to fit in SRAM memory segment)
                0x00000000                __vectors_load_start__ = __FLASH_segment_start__

.vectors        0x00000000       0x38
                0x00000000                __vectors_start__ = .
 *(.vectors .vectors.*)
 .vectors       0x00000000       0x38 ARM Flash Debug/Philips_LPC210X_Startup.o
                0x00000000                _vectors
                0x00000038                __vectors_end__ = (__vectors_start__ + SIZEOF (.vectors))
                0x00000038                __vectors_load_end__ = __vectors_end__
                0x00000001                . = ASSERT (((__vectors_end__ >= __FLASH_segment_start__) && (__vectors_end__ <= (__FLASH_segment_start__ + 0x80000))), error: .vectors is too large to fit in FLASH memory segment)
                0x00000038                __init_load_start__ = ALIGN (__vectors_end__, 0x4)

.init           0x00000038      0x264
                0x00000038                __init_start__ = .
 *(.init .init.*)
 *fill*         0x00000038        0x8 00
 .init          0x00000040      0x1d0 ARM Flash Debug/crt0.o
                0x00000040                _start
                0x00000040                __start
 .init          0x00000210       0x8c ARM Flash Debug/Philips_LPC210X_Startup.o
                0x00000210                reset_handler
                0x00000280                undef_handler
                0x00000288                pabort_handler
                0x0000028c                dabort_handler
                0x00000290                fiq_handler
                0x0000029c                __init_end__ = (__init_start__ + SIZEOF (.init))
                0x0000029c                __init_load_end__ = __init_end__
                0x00000001                . = ASSERT (((__init_end__ >= __FLASH_segment_start__) && (__init_end__ <= (__FLASH_segment_start__ + 0x80000))), error: .init is too large to fit in FLASH memory segment)
                0x0000029c                __text_load_start__ = ALIGN (__init_end__, 0x4)

.text           0x0000029c    0x1c0c4
                0x0000029c                __text_start__ = .
 *(.text .text.* .glue_7t .glue_7 .gnu.linkonce.t.* .gcc_except_table)
 .glue_7        0x00000000        0x0 linker stubs
 .glue_7t       0x00000000        0x0 linker stubs
 .text          0x0000029c      0x15c ARM Flash Debug/main.o
                0x00000340                main
                0x000003b4                vApplicationStackOverflowHook
                0x000003c4                __putchar
 .text          0x000003f8      0x5f4 ARM Flash Debug/adc.o
                0x000003f8                adcRead0_1
                0x00000490                adcRead0_2
                0x00000528                adcRead0_3
                0x000005c0                adcRead1_1
                0x00000658                adcRead1_6
                0x000006f0                adcRead1_7
                0x00000788                adcInit0_1
                0x000007f0                adcInit0_2
                0x00000858                adcInit0_3
                0x000008c0                adcInit1_1
                0x00000924                adcInit1_6
                0x00000988                adcInit1_7
 .text          0x000009ec      0x1b0 ARM Flash Debug/cpu.o
                0x000009ec                cpuSetupHardware
                0x00000b48                cpuPLLDisable
 .text          0x00000b9c       0x84 ARM Flash Debug/i2c.o
                0x00000b9c                i2cGetErrno
                0x00000bb0                i2cStrerror
 .text          0x00000c20     0x10c4 ARM Flash Debug/i2cInt.o
                0x00001294                i2cInit
                0x000019f8                i2cSetTimeout
                0x00001a3c                i2cDump
                0x00001aac                i2cWriteBuffer
                0x00001af8                i2cReadBuffer
                0x00001b44                i2cWriteReadBuffer
                0x00001b9c                i2cWriteBufferPoll
                0x00001c3c                i2cWriteReadBufferPoll
 .text          0x00001ce4      0x314 ARM Flash Debug/pwm.o
                0x00001ce4                pwmDutyCycle
                0x00001d94                pwmPulseWidthInMicroseconds
                0x00001e10                pwmFrequency
                0x00001ef8                pwmInit
 .text          0x00001ff8      0x114 ARM Flash Debug/spi.o
                0x00001ff8                spiInit
                0x000020bc                spiPut
 .text          0x0000210c      0x470 ARM Flash Debug/uart0.o
                0x0000210c                uart0Init
                0x00002320                uart0Deinit
                0x00002374                uart0GetChar
                0x000023c4                uart0PutChar
                0x000024dc                uart0PutString
                0x00002558                uart0GetRxQueue
 .text          0x0000257c      0x290 ARM Flash Debug/uart0ISR.o
                0x0000257c                uart0ISRCreateQueues
                0x0000275c                uart0ISR
 .text          0x0000280c      0x470 ARM Flash Debug/uart1.o
                0x0000280c                uart1Init
                0x00002a20                uart1Deinit
                0x00002a74                uart1GetChar
                0x00002ac4                uart1PutChar
                0x00002bdc                uart1PutString
                0x00002c58                uart1GetRxQueue
 .text          0x00002c7c      0x290 ARM Flash Debug/uart1ISR.o
                0x00002c7c                uart1ISRCreateQueues
                0x00002e5c                uart1ISR
 .text          0x00002f0c      0x3cc ARM Flash Debug/usbcontrol.o
                0x0000302c                usbHandleControlTransfer
                0x00003298                usbRegisterRequestHandler
 .text          0x000032d8       0x84 ARM Flash Debug/usbinit.o
                0x000032ec                usbRegisterHandlers
 .text          0x0000335c      0xd34 ARM Flash Debug/usbISR.o
                0x0000357c                usbHardwareEndpointConfig
                0x000035dc                usbHardwareRegisterEPIntHandler
                0x00003684                usbHardwareRegisterDevIntHandler
                0x000036c0                usbHardwareRegisterFrameHandler
                0x000036fc                usbHardwareSetAddress
                0x00003734                usbHardwareConnect
                0x00003768                usbHardwareNakIntEnable
                0x00003794                usbHardwareEndpointIsStalled
                0x000037ec                usbHardwareEndpointStall
                0x00003860                usbHardwareEndpointWrite
                0x0000398c                usbHardwareEndpointRead
                0x00003b04                usbHardwareConfigDevice
                0x00003b38                usbSetupInterruptHandler
                0x00003e30                usbISR
                0x00003ed8                usbHardwareInit
 .text          0x00004090      0x720 ARM Flash Debug/usbstdreq.o
                0x00004090                usbRegisterDescriptors
                0x000040b0                usbGetDescriptor
                0x000046b8                usbHandleStandardRequest
                0x00004790                usbRegisterCustomReqHandler
 .text          0x000047b0      0x518 ARM Flash Debug/usbser.o
                0x000049f8                usbserPutChar
                0x00004a80                usbserPutString
                0x00004b38                usbserGetChar
                0x00004ba4                usbserGetRxQueue
                0x00004bec                usbserInit
 .text          0x00004cc8      0xf3c ARM Flash Debug/rtc.o
                0x00005268                rtcGetEpochSeconds
                0x000052a4                rtcGetEpochSecondsLuk
                0x000052e0                rtcSetEpochSeconds
                0x00005558                rtcInit
                0x0000564c                rtcSetAlarm
                0x00005760                rtcSetAlarmCIIR
                0x000057c8                rtcGetAlarmTm
                0x00005904                rtcGetAlarmEpochSeconds
                0x00005938                rtcPeriodicAlarm
                0x000059d4                time
                0x000059fc                rtcIs5minInt
                0x00005a18                getRtcRead
                0x00005a3c                getMonthLength
 .text          0x00005c04      0x39c ARM Flash Debug/rtcISR.o
                0x00005c04                rtcISRInit
                0x00005ef0                rtcISR
 .text          0x00005fa0       0x34 ARM Flash Debug/reset.o
                0x00005fa0                reset
 .text          0x00005fd4      0x120 ARM Flash Debug/eint0.o
                0x00005fd4                eint0Init
                0x000060c4                eint0Deinit
 .text          0x000060f4       0xe8 ARM Flash Debug/eint0ISR.o
                0x0000612c                eint0ISR
 .text          0x000061dc      0x120 ARM Flash Debug/eint2.o
                0x000061dc                eint2Init
                0x000062cc                eint2Deinit
 .text          0x000062fc       0xd8 ARM Flash Debug/eint2ISR.o
                0x00006324                eint2ISR
 .text          0x000063d4      0x124 ARM Flash Debug/eint3.o
                0x000063d4                eint3Init
                0x000064c4                eint3Deinit
 .text          0x000064f8      0x1b8 ARM Flash Debug/eint3ISR.o
                0x000065f4                eint3ISR
 .text          0x000066b0      0x11c ARM Flash Debug/eint1.o
                0x000066b0                eint1Init
                0x0000679c                eint1Deinit
 .text          0x000067cc      0x15c ARM Flash Debug/eint1ISR.o
                0x00006878                eint1ISR
 .text          0x00006928      0x23c ARM Flash Debug/beep.o
                0x00006928                beepOn
                0x00006a28                beepOff
                0x00006b10                beepMHALL
                0x00006b2c                beepSMOTW
                0x00006b48                beepA_TEAM_THEME
 .text          0x00006b64      0x67c ARM Flash Debug/timer.o
                0x00006b64                timer0Init
                0x00006b8c                capture00Init
                0x00006cd8                timer0FlowRateStart
                0x00006cfc                timer0FlowRateContinue
                0x00006d10                timer0FlowRateStop
                0x00006da8                timer0ISR
                0x00006e80                timer1Init
                0x00006ea8                timer1FlowRateInit
                0x00006fc4                timer1FlowRateStart
                0x00007008                timer1FlowRateContinue
                0x0000703c                timer1FlowRateStop
                0x000070e4                timer1ISR
 .text          0x000071e0      0x160 ARM Flash Debug/dac.o
                0x000071e0                dacInit
                0x00007214                dacSet
                0x00007288                dacSetMV
 .text          0x00007340      0x4cc ARM Flash Debug/args.o
                0x00007420                argsGetLine
                0x00007630                argsParse
 .text          0x0000780c      0x1dc ARM Flash Debug/argsdispatch.o
                0x0000780c                argsDispatch
 .text          0x000079e8     0x2284 ARM Flash Debug/monitor.o
                0x00007bc0                get_fattime
                0x00009c08                monitorTaskStart
 .text          0x00009c6c      0x774 ARM Flash Debug/printf-stdarg.o
                0x0000a2ec                printf
                0x0000a32c                sprintf
                0x0000a374                snprintf
                0x0000a3c0                write
 .text          0x0000a3e0      0x214 ARM Flash Debug/leds.o
                0x0000a41c                ledsSetDelay
                0x0000a4fc                ledsTaskStart
                0x0000a55c                ledsTaskStop
                0x0000a5e0                ledsGetDelay
 .text          0x0000a5f4      0x404 ARM Flash Debug/tcs3414.o
                0x0000a75c                tcs3414Init
                0x0000a790                tcs3414GetColour
                0x0000a94c                tcs3414GetICRevision
                0x0000a998                tcs3414TaskStart
 .text          0x0000a9f8      0xe4c ARM Flash Debug/mmc.o
                0x0000af80                mmcWriteProtect
                0x0000af94                mmcWaitReady
                0x0000afb8                mmcCardPresent
                0x0000afd0                mmcReadCardInfo
                0x0000b124                mmcRead
                0x0000b268                mmcWrite
                0x0000b3c8                mmcVerify
                0x0000b560                mmcInitMedia
                0x0000b814                mmcDumpCSD
                0x0000b82c                mmcDecodeCSD
 .text          0x0000b844      0x5c4 ARM Flash Debug/ssp.o
                0x0000b844                sspHardwareCardPresent
                0x0000b868                sspHardwareWriteProtected
                0x0000b8b0                sspChipSelect
                0x0000b970                sspSetClockFreq
                0x0000ba10                sspInit
                0x0000bb5c                sspTransferByte
                0x0000bbc4                sspWaitReady
                0x0000bc1c                sspSendBlock
                0x0000bcbc                sspReceiveBlock
                0x0000bdb8                sspDelay1ms
 .text          0x0000be08      0xe6c ARM Flash Debug/Lcd204_4.o
                0x0000be08                delay_us
                0x0000be44                delay
                0x0000beac                write_lcd
                0x0000c488                write_byte_lcd
                0x0000c568                printf_lcd
                0x0000c6f4                blink_lcd
                0x0000c7f8                clear_lcd
                0x0000c818                init_lcd
                0x0000c9c8                init_system
                0x0000cb44                init_screenpool
                0x0000cbc8                lcdTaskStart
                0x0000cc28                lcdTaskStop
 .text          0x0000cc74     0x12ac ARM Flash Debug/logging.o
                0x0000cc74                fillSlogEntryItem
                0x0000ccfc                setWsPrice
                0x0000cd1c                getLogFilename
                0x0000cde4                trackLog
                0x0000cfcc                trackLogTaskStart
                0x0000d02c                trackLogTaskStop
                0x0000d078                initLog
                0x0000d12c                appendToLog
                0x0000d258                fs_init
                0x0000d2d0                getDateTime
                0x0000d354                updateCDayLogEntryItem
                0x0000d470                incr_SumFlowvolume
                0x0000d4d0                init_daysLogging
                0x0000d4e4                incr_daysLogging
                0x0000d524                feedLCD
                0x0000dd0c                b_itoab
                0x0000de6c                nrOfDigits
                0x0000dec0                luk_strcpy
 .text          0x0000df20      0x8f4 ARM Flash Debug/meas_sm.o
                0x0000df20                meas_sm
                0x0000e3ac                measSMTaskStart
                0x0000e40c                MeasSMTaskStop
                0x0000e458                set_measure
                0x0000e47c                clr_measure
                0x0000e490                get_measure
                0x0000e4a8                set_trackLog
                0x0000e4bc                clr_trackLog
                0x0000e4d0                get_trackLog
                0x0000e4e8                get_pumpLastControlSignalOn
                0x0000e518                set_pumpLastControlSignalOn
                0x0000e548                clr_pumpLastControlSignalOn
                0x0000e55c                updateMeasure_timestamp
                0x0000e618                getMeasure_timestamp_diff
                0x0000e640                clr_valuesReceived
                0x0000e654                set_valuesReceived
                0x0000e668                valuesReceived
                0x0000e680                stopMeasure
                0x0000e694                startMeasure
                0x0000e6a8                get_FlowCount
                0x0000e6e0                incr_FlowCount
                0x0000e76c                clr_FlowCount
                0x0000e7c0                initFlowrateSensor
 .text          0x0000e814      0x3f0 ARM Flash Debug/meas_task.o
                0x0000e814                meas_winddirection
                0x0000ea00                meas_task_init
                0x0000ea50                doMeasure
                0x0000eb58                measTaskStart
                0x0000ebb8                measTaskStop
 .text          0x0000ec04        0x0 ARM Flash Debug/crt0.o
 .text          0x0000ec04        0x0 ARM Flash Debug/Philips_LPC210X_Startup.o
 .text          0x0000ec04      0x110 ARM Flash Debug/LPC210x.o
                0x0000ec34                ctl_start_timer
                0x0000ed08                ctl_get_ticks_per_second
 .text          0x0000ed14      0x318 ARM Flash Debug/VIC.o
                0x0000ed14                ctl_set_isr
                0x0000efcc                ctl_unmask_isr
                0x0000effc                ctl_mask_isr
 .text          0x0000f02c       0x44 ARM Flash Debug/VIC_irq_handler.o
                0x0000f02c                irq_handler
 .text          0x0000f070      0x24c ARM Flash Debug/portISR.o
                0x0000f070                vPortISRStartFirstTask
                0x0000f0bc                swi_handler
                0x0000f168                vTickISR
                0x0000f234                vPortEnterCritical
                0x0000f264                vPortExitCritical
 .text          0x0000f2bc      0x354 ARM Flash Debug/port.o
                0x0000f2bc                pxPortInitialiseStack
                0x0000f51c                xPortStartScheduler
                0x0000f538                vPortEndScheduler
 .text          0x0000f610      0x35c ARM Flash Debug/heap_2.o
                0x0000f610                pvPortMalloc
                0x0000f880                vPortFree
                0x0000f954                xPortGetFreeHeapSize
                0x0000f968                vPortInitialiseBlocks
 .text          0x0000f96c     0x1f5c ARM Flash Debug/tasks.o
                0x0000f96c                xTaskGenericCreate
                0x0000fbc0                vTaskDelete
                0x0000fcbc                vTaskDelayUntil
                0x0000fe34                vTaskDelay
                0x0000ff20                uxTaskPriorityGet
                0x0000ff78                vTaskPrioritySet
                0x00010148                vTaskSuspend
                0x00010200                xTaskIsTaskSuspended
                0x00010270                vTaskResume
                0x00010368                xTaskResumeFromISR
                0x0001047c                vTaskStartScheduler
                0x0001051c                vTaskEndScheduler
                0x00010550                vTaskSuspendAll
                0x0001056c                xTaskResumeAll
                0x00010728                xTaskGetTickCount
                0x0001075c                uxTaskGetNumberOfTasks
                0x00010770                vTaskList
                0x000108e4                vTaskStartTrace
                0x00010954                ulTaskEndTrace
                0x000109ac                vTaskIncrementTick
                0x00010b2c                vTaskSwitchContext
                0x00010dc8                vTaskPlaceOnEventList
                0x00010ec8                xTaskRemoveFromEventList
                0x00010ffc                vTaskSetTimeOutState
                0x00011034                xTaskCheckForTimeOut
                0x00011128                vTaskMissedYield
                0x0001113c                prvIdleTask
                0x00011154                prvInitialiseTCBVariables
                0x00011220                prvInitialiseTaskLists
                0x000112e0                prvCheckTasksWaitingTermination
                0x000113b0                prvAllocateTCBAndStack
                0x00011458                prvListTaskWithinSingleList
                0x000115a8                usTaskCheckFreeStackSpace
                0x00011604                uxTaskGetStackHighWaterMark
                0x00011664                prvDeleteTCB
                0x00011694                xTaskGetCurrentTaskHandle
                0x000116b8                vTaskPriorityInherit
                0x000117e8                vTaskPriorityDisinherit
 .text          0x000118c8     0x1168 ARM Flash Debug/queue.o
                0x000118c8                xQueueCreate
                0x00011a10                xQueueCreateMutex
                0x00011ae8                xQueueGiveMutexRecursive
                0x00011b6c                xQueueTakeMutexRecursive
                0x00011c04                xQueueGenericSend
                0x00011db0                xQueueAltGenericSend
                0x00011ef0                xQueueAltGenericReceive
                0x000120dc                xQueueGenericSendFromISR
                0x000121ac                xQueueGenericReceive
                0x00012404                xQueueReceiveFromISR
                0x000124d8                uxQueueMessagesWaiting
                0x0001250c                uxQueueMessagesWaitingFromISR
                0x00012530                vQueueDelete
                0x00012898                xQueueIsQueueEmptyFromISR
                0x00012910                xQueueIsQueueFullFromISR
                0x00012948                vQueueAddToRegistry
 .text          0x00012a30      0x258 ARM Flash Debug/list.o
                0x00012a30                vListInitialise
                0x00012a94                vListInitialiseItem
                0x00012ab0                vListInsertEnd
                0x00012b38                vListInsert
                0x00012c00                vListRemove
 .text          0x00012c88      0x62c ARM Flash Debug/disk.o
                0x00012c88                diskInitialize
                0x00012db8                diskShutdown
                0x00012dec                diskStatus
                0x00012e14                diskRead
                0x00012eb0                diskWrite
                0x00012f6c                diskIoctl
                0x000131f0                diskPresent
                0x00013208                diskErrorText
                0x0001327c                diskErrorTextPrint
 .text          0x000132b4     0x5b8c ARM Flash Debug/ff.o
                0x000157d4                f_ferrorlookup
                0x00015848                f_printerror
                0x00015880                f_mount
                0x00015918                f_open
                0x00015ed4                f_read
                0x00016300                f_write
                0x000167d4                f_sync
                0x00016aa4                f_close
                0x00016aec                f_lseek
                0x00016e8c                f_opendir
                0x00017008                f_readdir
                0x00017158                f_stat
                0x00017208                f_getfree
                0x000174b4                f_unlink
                0x00017750                f_mkdir
                0x00017bec                f_chmod
                0x00017cf4                f_rename
                0x00017ec8                f_mkfs
 .text          0x00018e40        0x0 C:/Users/lukas/AppData/Local/Rowley Associates Limited/CrossWorks for ARM/packages/lib/liblpc2000_v4t_a_le.a(liblpc2000_lpc21xx_get_cclk.o)
 .text.liblpc2000
                0x00018e40       0x30 C:/Users/lukas/AppData/Local/Rowley Associates Limited/CrossWorks for ARM/packages/lib/liblpc2000_v4t_a_le.a(liblpc2000_lpc21xx_get_cclk.o)
                0x00018e40                liblpc2000_lpc21xx_get_cclk
                0x00018e40                liblpc2000_get_cclk
 .text          0x00018e70        0x0 C:/Users/lukas/AppData/Local/Rowley Associates Limited/CrossWorks for ARM/packages/lib/liblpc2000_v4t_a_le.a(liblpc2000_lpc21xx_get_pclk.o)
 .text.liblpc2000
                0x00018e70       0x2c C:/Users/lukas/AppData/Local/Rowley Associates Limited/CrossWorks for ARM/packages/lib/liblpc2000_v4t_a_le.a(liblpc2000_lpc21xx_get_pclk.o)
                0x00018e70                liblpc2000_lpc21xx_get_pclk
                0x00018e70                liblpc2000_get_pclk
 .text          0x00018e9c        0x0 C:/Program Files/Rowley Associates Limited/CrossWorks for ARM 2.0/lib/libm_v4t_a_le.a(__int32_to_float32.o)
 *fill*         0x00018e9c        0x4 00
 .text.libc     0x00018ea0       0x70 C:/Program Files/Rowley Associates Limited/CrossWorks for ARM 2.0/lib/libm_v4t_a_le.a(__int32_to_float32.o)
                0x00018ea0                __int32_to_float32
                0x00018ea0                __floatsisf
                0x00018ea0                __aeabi_i2f
                0x00018eb4                __int32_to_float32_common
 .text          0x00018f10        0x0 C:/Program Files/Rowley Associates Limited/CrossWorks for ARM 2.0/lib/libm_v4t_a_le.a(__int32_to_float64.o)
 .text.libc     0x00018f10       0x70 C:/Program Files/Rowley Associates Limited/CrossWorks for ARM 2.0/lib/libm_v4t_a_le.a(__int32_to_float64.o)
                0x00018f10                __aeabi_i2d
                0x00018f10                __int32_to_float64
                0x00018f10                __floatsidf
 .text          0x00018f80        0x0 C:/Program Files/Rowley Associates Limited/CrossWorks for ARM 2.0/lib/libm_v4t_a_le.a(__uint32_to_float32.o)
 .text.libc     0x00018f80       0x10 C:/Program Files/Rowley Associates Limited/CrossWorks for ARM 2.0/lib/libm_v4t_a_le.a(__uint32_to_float32.o)
                0x00018f80                __aeabi_ui2f
                0x00018f80                __floatunsisf
                0x00018f80                __uint32_to_float32
 .text          0x00018f90        0x0 C:/Program Files/Rowley Associates Limited/CrossWorks for ARM 2.0/lib/libm_v4t_a_le.a(__uint32_to_float64.o)
 .text.libc     0x00018f90       0x60 C:/Program Files/Rowley Associates Limited/CrossWorks for ARM 2.0/lib/libm_v4t_a_le.a(__uint32_to_float64.o)
                0x00018f90                __aeabi_ui2d
                0x00018f90                __floatunsidf
                0x00018f90                __uint32_to_float64
 .text          0x00018ff0        0x0 C:/Program Files/Rowley Associates Limited/CrossWorks for ARM 2.0/lib/libm_v4t_a_le.a(__float32_to_int32.o)
 .text.libc     0x00018ff0       0x50 C:/Program Files/Rowley Associates Limited/CrossWorks for ARM 2.0/lib/libm_v4t_a_le.a(__float32_to_int32.o)
                0x00018ff0                __float32_to_int32
                0x00018ff0                __aeabi_f2iz
                0x00018ff0                __fixsfsi
 .text          0x00019040        0x0 C:/Program Files/Rowley Associates Limited/CrossWorks for ARM 2.0/lib/libm_v4t_a_le.a(__float32_to_uint32.o)
 .text.libc     0x00019040       0x40 C:/Program Files/Rowley Associates Limited/CrossWorks for ARM 2.0/lib/libm_v4t_a_le.a(__float32_to_uint32.o)
                0x00019040                __aeabi_f2uiz
                0x00019040                __fixunssfsi
                0x00019040                __float32_to_uint32
 .text          0x00019080        0x0 C:/Program Files/Rowley Associates Limited/CrossWorks for ARM 2.0/lib/libm_v4t_a_le.a(__float64_to_int32.o)
 .text.libc     0x00019080       0x60 C:/Program Files/Rowley Associates Limited/CrossWorks for ARM 2.0/lib/libm_v4t_a_le.a(__float64_to_int32.o)
                0x00019080                __aeabi_d2iz
                0x00019080                __float64_to_int32
                0x00019080                __fixdfsi
 .text          0x000190e0        0x0 C:/Program Files/Rowley Associates Limited/CrossWorks for ARM 2.0/lib/libm_v4t_a_le.a(__float32_to_float64.o)
 .text.libc     0x000190e0       0x40 C:/Program Files/Rowley Associates Limited/CrossWorks for ARM 2.0/lib/libm_v4t_a_le.a(__float32_to_float64.o)
                0x000190e0                __float32_to_float64
                0x000190e0                __aeabi_f2d
                0x000190e0                __extendsfdf2
 .text          0x00019120        0x0 C:/Program Files/Rowley Associates Limited/CrossWorks for ARM 2.0/lib/libm_v4t_a_le.a(__float32_add.o)
 .text.libc     0x00019120      0x1a0 C:/Program Files/Rowley Associates Limited/CrossWorks for ARM 2.0/lib/libm_v4t_a_le.a(__float32_add.o)
                0x00019120                __aeabi_frsub
                0x00019128                __subsf3
                0x00019128                __aeabi_fsub
                0x00019128                __float32_sub
                0x0001912c                __addsf3
                0x0001912c                __float32_add
                0x0001912c                __aeabi_fadd
 .text          0x000192c0        0x0 C:/Program Files/Rowley Associates Limited/CrossWorks for ARM 2.0/lib/libm_v4t_a_le.a(__float32_mul.o)
 .text.libc     0x000192c0      0x100 C:/Program Files/Rowley Associates Limited/CrossWorks for ARM 2.0/lib/libm_v4t_a_le.a(__float32_mul.o)
                0x000192c0                __mulsf3
                0x000192c0                __float32_mul
 .text          0x000193c0        0x0 C:/Program Files/Rowley Associates Limited/CrossWorks for ARM 2.0/lib/libm_v4t_a_le.a(__float32_div.o)
 .text.libc     0x000193c0      0x210 C:/Program Files/Rowley Associates Limited/CrossWorks for ARM 2.0/lib/libm_v4t_a_le.a(__float32_div.o)
                0x000193c0                __float32_div
                0x000193c0                __divsf3
 .text          0x000195d0        0x0 C:/Program Files/Rowley Associates Limited/CrossWorks for ARM 2.0/lib/libm_v4t_a_le.a(__float32_cmp.o)
 .text.libc     0x000195d0       0x50 C:/Program Files/Rowley Associates Limited/CrossWorks for ARM 2.0/lib/libm_v4t_a_le.a(__float32_cmp.o)
                0x000195d0                __nesf2
                0x000195d0                __gtsf2
                0x000195d0                __eqsf2
                0x000195d0                __cmpsf2
                0x000195d0                __ltsf2
                0x000195d0                __gesf2
                0x000195d0                __lesf2
 .text          0x00019620        0x0 C:/Program Files/Rowley Associates Limited/CrossWorks for ARM 2.0/lib/libm_v4t_a_le.a(log.o)
 .text.libc     0x00019620      0x2c0 C:/Program Files/Rowley Associates Limited/CrossWorks for ARM 2.0/lib/libm_v4t_a_le.a(log.o)
                0x00019620                log
 .text          0x000198e0        0x0 C:/Program Files/Rowley Associates Limited/CrossWorks for ARM 2.0/lib/libm_v4t_a_le.a(__float64_add.o)
 .text.libc     0x000198e0      0x350 C:/Program Files/Rowley Associates Limited/CrossWorks for ARM 2.0/lib/libm_v4t_a_le.a(__float64_add.o)
                0x000198e0                __aeabi_drsub
                0x000198e8                __aeabi_dsub
                0x000198e8                __float64_sub
                0x000198e8                __subdf3
                0x000198ec                __aeabi_dadd
                0x000198ec                __float64_add
                0x000198ec                __adddf3
 .text          0x00019c30        0x0 C:/Program Files/Rowley Associates Limited/CrossWorks for ARM 2.0/lib/libm_v4t_a_le.a(__float64_mul.o)
 .text.libc     0x00019c30      0x1b0 C:/Program Files/Rowley Associates Limited/CrossWorks for ARM 2.0/lib/libm_v4t_a_le.a(__float64_mul.o)
                0x00019c30                __muldf3
                0x00019c30                __float64_mul
 .text          0x00019de0        0x0 C:/Program Files/Rowley Associates Limited/CrossWorks for ARM 2.0/lib/libm_v4t_a_le.a(__float64_div.o)
 .text.libc     0x00019de0      0x330 C:/Program Files/Rowley Associates Limited/CrossWorks for ARM 2.0/lib/libm_v4t_a_le.a(__float64_div.o)
                0x00019de0                __divdf3
                0x00019de0                __float64_div
                0x00019de0                __aeabi_ddiv
 .text          0x0001a110        0x0 C:/Program Files/Rowley Associates Limited/CrossWorks for ARM 2.0/lib/libm_v4t_a_le.a(__float64_cmp.o)
 .text.libc     0x0001a110       0x70 C:/Program Files/Rowley Associates Limited/CrossWorks for ARM 2.0/lib/libm_v4t_a_le.a(__float64_cmp.o)
                0x0001a110                __eqdf2
                0x0001a110                __gtdf2
                0x0001a110                __ltdf2
                0x0001a110                __ledf2
                0x0001a110                __nedf2
                0x0001a110                __gedf2
                0x0001a110                __cmpdf2
 .text          0x0001a180        0x0 C:/Program Files/Rowley Associates Limited/CrossWorks for ARM 2.0/lib/libm_v4t_a_le.a(__float64_isnan.o)
 .text.libc     0x0001a180       0x20 C:/Program Files/Rowley Associates Limited/CrossWorks for ARM 2.0/lib/libm_v4t_a_le.a(__float64_isnan.o)
                0x0001a180                __float64_isnan
 .text          0x0001a1a0        0x0 C:/Program Files/Rowley Associates Limited/CrossWorks for ARM 2.0/lib/libm_v4t_a_le.a(__float64_infinity.o)
 .text.libc     0x0001a1a0        0x0 C:/Program Files/Rowley Associates Limited/CrossWorks for ARM 2.0/lib/libm_v4t_a_le.a(__float64_infinity.o)
 .text          0x0001a1a0        0x0 C:/Program Files/Rowley Associates Limited/CrossWorks for ARM 2.0/lib/libm_v4t_a_le.a(__float64_nan.o)
 .text.libc     0x0001a1a0        0x0 C:/Program Files/Rowley Associates Limited/CrossWorks for ARM 2.0/lib/libm_v4t_a_le.a(__float64_nan.o)
 .text          0x0001a1a0        0x0 C:/Program Files/Rowley Associates Limited/CrossWorks for ARM 2.0/lib/libm_v4t_a_le.a(__poly1_eval.o)
 .text.libc     0x0001a1a0       0x70 C:/Program Files/Rowley Associates Limited/CrossWorks for ARM 2.0/lib/libm_v4t_a_le.a(__poly1_eval.o)
                0x0001a1a0                __poly1_eval
 .text          0x0001a210        0x0 C:/Program Files/Rowley Associates Limited/CrossWorks for ARM 2.0/lib/libm_v4t_a_le.a(__poly_eval.o)
 .text.libc     0x0001a210       0x5c C:/Program Files/Rowley Associates Limited/CrossWorks for ARM 2.0/lib/libm_v4t_a_le.a(__poly_eval.o)
                0x0001a210                __poly_eval
 .text          0x0001a26c        0x0 C:/Program Files/Rowley Associates Limited/CrossWorks for ARM 2.0/lib/libm_v4t_a_le.a(frexp.o)
 .text.libc     0x0001a26c       0x60 C:/Program Files/Rowley Associates Limited/CrossWorks for ARM 2.0/lib/libm_v4t_a_le.a(frexp.o)
                0x0001a26c                frexp
 .text          0x0001a2cc        0x0 C:/Program Files/Rowley Associates Limited/CrossWorks for ARM 2.0/lib/libm_v4t_a_le.a(ldexp.o)
 .text.libc     0x0001a2cc       0x84 C:/Program Files/Rowley Associates Limited/CrossWorks for ARM 2.0/lib/libm_v4t_a_le.a(ldexp.o)
                0x0001a2cc                ldexp
 .text          0x0001a350        0x0 C:/Program Files/Rowley Associates Limited/CrossWorks for ARM 2.0/lib/libc_v4t_a_le.a(__int32_umod.o)
 .text.libc     0x0001a350       0x20 C:/Program Files/Rowley Associates Limited/CrossWorks for ARM 2.0/lib/libc_v4t_a_le.a(__int32_umod.o)
                0x0001a350                __int32_umod
                0x0001a350                __umodsi3
 .text          0x0001a370        0x0 C:/Program Files/Rowley Associates Limited/CrossWorks for ARM 2.0/lib/libc_v4t_a_le.a(__int32_div.o)
 .text.libc     0x0001a370       0x50 C:/Program Files/Rowley Associates Limited/CrossWorks for ARM 2.0/lib/libc_v4t_a_le.a(__int32_div.o)
                0x0001a370                __divsi3
                0x0001a370                __int32_div
 .text          0x0001a3c0        0x0 C:/Program Files/Rowley Associates Limited/CrossWorks for ARM 2.0/lib/libc_v4t_a_le.a(__int32_udivmod.o)
 .text.libc     0x0001a3c0       0x30 C:/Program Files/Rowley Associates Limited/CrossWorks for ARM 2.0/lib/libc_v4t_a_le.a(__int32_udivmod.o)
                0x0001a3c0                __int32_udivmod
                0x0001a3c0                __udivsi3
                0x0001a3c0                __int32_udiv
 .text          0x0001a3f0        0x0 C:/Program Files/Rowley Associates Limited/CrossWorks for ARM 2.0/lib/libc_v4t_a_le.a(strlen.o)
 .text.libc     0x0001a3f0       0x90 C:/Program Files/Rowley Associates Limited/CrossWorks for ARM 2.0/lib/libc_v4t_a_le.a(strlen.o)
                0x0001a3f0                strlen
 .text          0x0001a480        0x0 C:/Program Files/Rowley Associates Limited/CrossWorks for ARM 2.0/lib/libc_v4t_a_le.a(memcpy.o)
 .text.libc     0x0001a480       0x60 C:/Program Files/Rowley Associates Limited/CrossWorks for ARM 2.0/lib/libc_v4t_a_le.a(memcpy.o)
                0x0001a480                memcpy
 .text          0x0001a4e0        0x0 C:/Program Files/Rowley Associates Limited/CrossWorks for ARM 2.0/lib/libc_v4t_a_le.a(memset.o)
 .text.libc     0x0001a4e0       0xa0 C:/Program Files/Rowley Associates Limited/CrossWorks for ARM 2.0/lib/libc_v4t_a_le.a(memset.o)
                0x0001a4e0                memset
 .text          0x0001a580        0x0 C:/Program Files/Rowley Associates Limited/CrossWorks for ARM 2.0/lib/libc_v4t_a_le.a(strcpy.o)
 .text.libc     0x0001a580       0x60 C:/Program Files/Rowley Associates Limited/CrossWorks for ARM 2.0/lib/libc_v4t_a_le.a(strcpy.o)
                0x0001a580                strcpy
 .text          0x0001a5e0        0x0 C:/Program Files/Rowley Associates Limited/CrossWorks for ARM 2.0/lib/libc_v4t_a_le.a(strcmp.o)
 .text.libc     0x0001a5e0       0x70 C:/Program Files/Rowley Associates Limited/CrossWorks for ARM 2.0/lib/libc_v4t_a_le.a(strcmp.o)
                0x0001a5e0                strcmp
 .text          0x0001a650        0x0 C:/Program Files/Rowley Associates Limited/CrossWorks for ARM 2.0/lib/libc_v4t_a_le.a(memcmp.o)
 .text.libc     0x0001a650       0x54 C:/Program Files/Rowley Associates Limited/CrossWorks for ARM 2.0/lib/libc_v4t_a_le.a(memcmp.o)
                0x0001a650                memcmp
 .text          0x0001a6a4        0x0 C:/Program Files/Rowley Associates Limited/CrossWorks for ARM 2.0/lib/libc_v4t_a_le.a(strcat.o)
 .text.libc     0x0001a6a4       0x3c C:/Program Files/Rowley Associates Limited/CrossWorks for ARM 2.0/lib/libc_v4t_a_le.a(strcat.o)
                0x0001a6a4                strcat
 .text          0x0001a6e0        0x0 C:/Program Files/Rowley Associates Limited/CrossWorks for ARM 2.0/lib/libc_v4t_a_le.a(strncmp.o)
 .text.libc     0x0001a6e0       0x64 C:/Program Files/Rowley Associates Limited/CrossWorks for ARM 2.0/lib/libc_v4t_a_le.a(strncmp.o)
                0x0001a6e0                strncmp
 .text          0x0001a744        0x0 C:/Program Files/Rowley Associates Limited/CrossWorks for ARM 2.0/lib/libc_v4t_a_le.a(strncpy.o)
 .text.libc     0x0001a744       0x74 C:/Program Files/Rowley Associates Limited/CrossWorks for ARM 2.0/lib/libc_v4t_a_le.a(strncpy.o)
                0x0001a744                strncpy
 .text          0x0001a7b8        0x0 C:/Program Files/Rowley Associates Limited/CrossWorks for ARM 2.0/lib/libc_v4t_a_le.a(ctype.o)
 .text.libc     0x0001a7b8      0x17c C:/Program Files/Rowley Associates Limited/CrossWorks for ARM 2.0/lib/libc_v4t_a_le.a(ctype.o)
                0x0001a7b8                isalpha
                0x0001a7d4                isupper
                0x0001a7e8                islower
                0x0001a7fc                isdigit
                0x0001a810                isxdigit
                0x0001a83c                isspace
                0x0001a854                ispunct
                0x0001a890                isalnum
                0x0001a8bc                isprint
                0x0001a8d0                isgraph
                0x0001a8e4                iscntrl
                0x0001a8f8                tolower
                0x0001a90c                toupper
                0x0001a920                isblank
 .text          0x0001a934        0x0 C:/Program Files/Rowley Associates Limited/CrossWorks for ARM 2.0/lib/libc_v4t_a_le.a(malloc.o)
 .text.libc     0x0001a934      0x250 C:/Program Files/Rowley Associates Limited/CrossWorks for ARM 2.0/lib/libc_v4t_a_le.a(malloc.o)
                0x0001a934                free
                0x0001aa28                malloc
                0x0001ab0c                realloc
                0x0001ab54                calloc
 .text          0x0001ab84        0x0 C:/Program Files/Rowley Associates Limited/CrossWorks for ARM 2.0/lib/libc_v4t_a_le.a(atoi.o)
 .text.libc     0x0001ab84       0x38 C:/Program Files/Rowley Associates Limited/CrossWorks for ARM 2.0/lib/libc_v4t_a_le.a(atoi.o)
                0x0001ab84                atoi
 .text          0x0001abbc        0x0 C:/Program Files/Rowley Associates Limited/CrossWorks for ARM 2.0/lib/libc_v4t_a_le.a(time.o)
 .text.libc     0x0001abbc      0x75c C:/Program Files/Rowley Associates Limited/CrossWorks for ARM 2.0/lib/libc_v4t_a_le.a(time.o)
                0x0001abbc                difftime
                0x0001abd0                checktm
                0x0001ae18                mktime
                0x0001b060                localtime_r
                0x0001b26c                localtime
                0x0001b28c                gmtime_r
                0x0001b2a4                gmtime
                0x0001b2c4                ctime_r
                0x0001b2f4                ctime
 .text          0x0001b318        0x0 C:/Program Files/Rowley Associates Limited/CrossWorks for ARM 2.0/lib/libc_v4t_a_le.a(asctime.o)
 .text.libc     0x0001b318      0x18c C:/Program Files/Rowley Associates Limited/CrossWorks for ARM 2.0/lib/libc_v4t_a_le.a(asctime.o)
                0x0001b344                asctime_r
                0x0001b48c                asctime
 .text          0x0001b4a4        0x0 C:/Program Files/Rowley Associates Limited/CrossWorks for ARM 2.0/lib/libc_v4t_a_le.a(strftime.o)
 .text.libc     0x0001b4a4      0x82c C:/Program Files/Rowley Associates Limited/CrossWorks for ARM 2.0/lib/libc_v4t_a_le.a(strftime.o)
                0x0001bc7c                strftime
 .text          0x0001bcd0        0x0 C:/Program Files/Rowley Associates Limited/CrossWorks for ARM 2.0/lib/libc_v4t_a_le.a(div.o)
 .text.libc     0x0001bcd0       0x54 C:/Program Files/Rowley Associates Limited/CrossWorks for ARM 2.0/lib/libc_v4t_a_le.a(div.o)
                0x0001bcd0                div
 .text          0x0001bd24        0x0 C:/Program Files/Rowley Associates Limited/CrossWorks for ARM 2.0/lib/libc_v4t_a_le.a(strtol.o)
 .text.libc     0x0001bd24       0xd4 C:/Program Files/Rowley Associates Limited/CrossWorks for ARM 2.0/lib/libc_v4t_a_le.a(strtol.o)
                0x0001bd24                strtol
 .text          0x0001bdf8        0x0 C:/Program Files/Rowley Associates Limited/CrossWorks for ARM 2.0/lib/libc_v4t_a_le.a(ldiv.o)
 .text.libc     0x0001bdf8       0x54 C:/Program Files/Rowley Associates Limited/CrossWorks for ARM 2.0/lib/libc_v4t_a_le.a(ldiv.o)
                0x0001bdf8                ldiv
 .text          0x0001be4c        0x0 C:/Program Files/Rowley Associates Limited/CrossWorks for ARM 2.0/lib/libc_v4t_a_le.a(__int32_mod.o)
 *fill*         0x0001be4c        0x4 00
 .text.libc     0x0001be50       0x50 C:/Program Files/Rowley Associates Limited/CrossWorks for ARM 2.0/lib/libc_v4t_a_le.a(__int32_mod.o)
                0x0001be50                __modsi3
                0x0001be50                __int32_mod
 .text          0x0001bea0        0x0 C:/Program Files/Rowley Associates Limited/CrossWorks for ARM 2.0/lib/libc_v4t_a_le.a(__strtoul.o)
 .text.libc     0x0001bea0      0x128 C:/Program Files/Rowley Associates Limited/CrossWorks for ARM 2.0/lib/libc_v4t_a_le.a(__strtoul.o)
                0x0001bea0                __strtoul
 .text          0x0001bfc8        0x0 C:/Program Files/Rowley Associates Limited/CrossWorks for ARM 2.0/lib/libc_v4t_a_le.a(__digit.o)
 .text.libc     0x0001bfc8       0x54 C:/Program Files/Rowley Associates Limited/CrossWorks for ARM 2.0/lib/libc_v4t_a_le.a(__digit.o)
                0x0001bfc8                __digit
 .text          0x0001c01c        0x0 C:/Program Files/Rowley Associates Limited/CrossWorks for ARM 2.0/lib/libdebugio_v4t_a_le.a(debug_printf.o)
 .text.libc     0x0001c01c       0x20 C:/Program Files/Rowley Associates Limited/CrossWorks for ARM 2.0/lib/libdebugio_v4t_a_le.a(debug_printf.o)
                0x0001c01c                debug_printf
 .text          0x0001c03c        0x0 C:/Program Files/Rowley Associates Limited/CrossWorks for ARM 2.0/lib/libc_targetio_impl_v4t_a_le.a(putchar.o)
 .text.libc     0x0001c03c       0x2c C:/Program Files/Rowley Associates Limited/CrossWorks for ARM 2.0/lib/libc_targetio_impl_v4t_a_le.a(putchar.o)
                0x0001c03c                putchar
 .text          0x0001c068        0x0 C:/Program Files/Rowley Associates Limited/CrossWorks for ARM 2.0/lib/libc_user_libc_v4t_a_le.a(user_libc.o)
 .text.libc     0x0001c068       0x2c C:/Program Files/Rowley Associates Limited/CrossWorks for ARM 2.0/lib/libc_user_libc_v4t_a_le.a(user_libc.o)
                0x0001c068                __errno
                0x0001c074                __heap_lock
                0x0001c078                __heap_unlock
                0x0001c07c                __printf_lock
                0x0001c080                __printf_unlock
                0x0001c084                __scanf_lock
                0x0001c088                __scanf_unlock
                0x0001c08c                __debug_io_lock
                0x0001c090                __debug_io_unlock
 .text          0x0001c094        0x0 C:/Program Files/Rowley Associates Limited/CrossWorks for ARM 2.0/lib/libdebugio_dcc_v4t_a_le.a(dcc_debug_operations.o)
 .text.libdebugio_dcc
                0x0001c094       0x4c C:/Program Files/Rowley Associates Limited/CrossWorks for ARM 2.0/lib/libdebugio_dcc_v4t_a_le.a(dcc_debug_operations.o)
                0x0001c094                __do_debug_operation
 .text          0x0001c0e0        0x0 C:/Program Files/Rowley Associates Limited/CrossWorks for ARM 2.0/lib/libdebugio_dcc_v4t_a_le.a(libarmdi_dcc_write.o)
 .text.libdebugio_dcc
                0x0001c0e0       0x20 C:/Program Files/Rowley Associates Limited/CrossWorks for ARM 2.0/lib/libdebugio_dcc_v4t_a_le.a(libarmdi_dcc_write.o)
                0x0001c0e0                libarm_dcc_write
 .text          0x0001c100        0x0 C:/Program Files/Rowley Associates Limited/CrossWorks for ARM 2.0/lib/libdebugio_dcc_v4t_a_le.a(libarm_run_dcc_port_server.o)
 .text.libdebugio_dcc
                0x0001c100      0x234 C:/Program Files/Rowley Associates Limited/CrossWorks for ARM 2.0/lib/libdebugio_dcc_v4t_a_le.a(libarm_run_dcc_port_server.o)
                0x0001c100                libarm_run_dcc_port_server
 .text          0x0001c334        0x0 C:/Program Files/Rowley Associates Limited/CrossWorks for ARM 2.0/lib/libdebugio_dcc_v4t_a_le.a(libarmdi_dcc_read.o)
 *fill*         0x0001c334        0xc 00
 .text.libdebugio_dcc
                0x0001c340       0x20 C:/Program Files/Rowley Associates Limited/CrossWorks for ARM 2.0/lib/libdebugio_dcc_v4t_a_le.a(libarmdi_dcc_read.o)
                0x0001c340                libarm_dcc_read
                0x0001c360                __text_end__ = (__text_start__ + SIZEOF (.text))
                0x0001c360                __text_load_end__ = __text_end__

.vfp11_veneer   0x00000000        0x0
 .vfp11_veneer  0x00000000        0x0 linker stubs

.v4_bx          0x00000000        0x0
 .v4_bx         0x00000000        0x0 linker stubs
                0x00000001                . = ASSERT (((__text_end__ >= __FLASH_segment_start__) && (__text_end__ <= (__FLASH_segment_start__ + 0x80000))), error: .text is too large to fit in FLASH memory segment)
                0x0001c360                __dtors_load_start__ = ALIGN (__text_end__, 0x4)

.dtors          0x0001c360        0x0
                0x0001c360                __dtors_start__ = .
 *(SORT(.dtors.*))
 *(.dtors)
                0x0001c360                __dtors_end__ = (__dtors_start__ + SIZEOF (.dtors))
                0x0001c360                __dtors_load_end__ = __dtors_end__
                0x00000001                . = ASSERT (((__dtors_end__ >= __FLASH_segment_start__) && (__dtors_end__ <= (__FLASH_segment_start__ + 0x80000))), error: .dtors is too large to fit in FLASH memory segment)
                0x0001c360                __ctors_load_start__ = ALIGN (__dtors_end__, 0x4)

.ctors          0x0001c360        0x0
                0x0001c360                __ctors_start__ = .
 *(SORT(.ctors.*))
 *(.ctors)
                0x0001c360                __ctors_end__ = (__ctors_start__ + SIZEOF (.ctors))
                0x0001c360                __ctors_load_end__ = __ctors_end__
                0x00000001                . = ASSERT (((__ctors_end__ >= __FLASH_segment_start__) && (__ctors_end__ <= (__FLASH_segment_start__ + 0x80000))), error: .ctors is too large to fit in FLASH memory segment)
                0x0001c360                __rodata_load_start__ = ALIGN (__ctors_end__, 0x4)

.rodata         0x0001c360     0x3aa4
                0x0001c360                __rodata_start__ = .
 *(.rodata .rodata.* .gnu.linkonce.r.*)
 .rodata        0x0001c360      0x548 ARM Flash Debug/main.o
 .rodata        0x0001c8a8      0x1a0 ARM Flash Debug/i2c.o
 .rodata        0x0001ca48        0xc ARM Flash Debug/i2cInt.o
 .rodata        0x0001ca54       0x90 ARM Flash Debug/usbser.o
 .rodata        0x0001cae4      0x548 ARM Flash Debug/eint3ISR.o
 .rodata        0x0001d02c      0x2b4 ARM Flash Debug/beep.o
 .rodata        0x0001d2e0       0x10 ARM Flash Debug/args.o
 .rodata        0x0001d2f0       0x84 ARM Flash Debug/argsdispatch.o
 .rodata        0x0001d374     0x1270 ARM Flash Debug/monitor.o
 .rodata        0x0001e5e4        0x8 ARM Flash Debug/printf-stdarg.o
 .rodata        0x0001e5ec        0x4 ARM Flash Debug/leds.o
 .rodata        0x0001e5f0        0x8 ARM Flash Debug/tcs3414.o
 .rodata        0x0001e5f8      0x224 ARM Flash Debug/mmc.o
 .rodata        0x0001e81c        0xc ARM Flash Debug/Lcd204_4.o
 .rodata        0x0001e828      0x61c ARM Flash Debug/logging.o
 .rodata        0x0001ee44      0x574 ARM Flash Debug/meas_sm.o
 .rodata        0x0001f3b8      0x550 ARM Flash Debug/meas_task.o
 .rodata        0x0001f908        0x2 ARM Flash Debug/heap_2.o
 *fill*         0x0001f90a        0x2 00
 .rodata        0x0001f90c       0x34 ARM Flash Debug/tasks.o
 .rodata        0x0001f940       0x7c ARM Flash Debug/disk.o
 .rodata        0x0001f9bc      0x168 ARM Flash Debug/ff.o
 .rodata.libc   0x0001fb24       0x28 C:/Program Files/Rowley Associates Limited/CrossWorks for ARM 2.0/lib/libm_v4t_a_le.a(log.o)
 .rodata.libc   0x0001fb4c        0x8 C:/Program Files/Rowley Associates Limited/CrossWorks for ARM 2.0/lib/libm_v4t_a_le.a(__float64_infinity.o)
                0x0001fb4c                __float64_infinity
 .rodata.libc   0x0001fb54        0x8 C:/Program Files/Rowley Associates Limited/CrossWorks for ARM 2.0/lib/libm_v4t_a_le.a(__float64_nan.o)
                0x0001fb54                __float64_nan
 .rodata.libc   0x0001fb5c       0x84 C:/Program Files/Rowley Associates Limited/CrossWorks for ARM 2.0/lib/libc_v4t_a_le.a(ctype.o)
                0x0001fb5c                __ctype
 .rodata.libc   0x0001fbe0       0x68 C:/Program Files/Rowley Associates Limited/CrossWorks for ARM 2.0/lib/libc_v4t_a_le.a(time.o)
 .rodata.libc   0x0001fc48       0x4c C:/Program Files/Rowley Associates Limited/CrossWorks for ARM 2.0/lib/libc_v4t_a_le.a(asctime.o)
 .rodata.libc   0x0001fc94       0x4c C:/Program Files/Rowley Associates Limited/CrossWorks for ARM 2.0/lib/libc_v4t_a_le.a(strftime.o)
 .rodata.libc.str1.4
                0x0001fce0      0x124 C:/Program Files/Rowley Associates Limited/CrossWorks for ARM 2.0/lib/libc_v4t_a_le.a(strftime.o)
                                0x130 (size before relaxing)
                0x0001fe04                __rodata_end__ = (__rodata_start__ + SIZEOF (.rodata))
                0x0001fe04                __rodata_load_end__ = __rodata_end__
                0x00000001                . = ASSERT (((__rodata_end__ >= __FLASH_segment_start__) && (__rodata_end__ <= (__FLASH_segment_start__ + 0x80000))), error: .rodata is too large to fit in FLASH memory segment)
                0x0001fe04                __fast_load_start__ = ALIGN (__rodata_end__, 0x4)

.fast           0x4000003c        0x0 load address 0x0001fe04
                0x4000003c                __fast_start__ = .
 *(.fast .fast.*)
                0x4000003c                __fast_end__ = (__fast_start__ + SIZEOF (.fast))
                0x0001fe04                __fast_load_end__ = (__fast_load_start__ + SIZEOF (.fast))
                0x00000001                . = ASSERT ((((__fast_load_start__ + SIZEOF (.fast)) >= __FLASH_segment_start__) && ((__fast_load_start__ + SIZEOF (.fast)) <= (__FLASH_segment_start__ + 0x80000))), error: .fast is too large to fit in FLASH memory segment)

.fast_run       0x4000003c        0x0
                0x4000003c                __fast_run_start__ = .
                0x4000003c                . = MAX ((__fast_run_start__ + SIZEOF (.fast)), .)
                0x4000003c                __fast_run_end__ = (__fast_run_start__ + SIZEOF (.fast_run))
                0x4000003c                __fast_run_load_end__ = __fast_run_end__
                0x00000001                . = ASSERT (((__fast_run_end__ >= __SRAM_segment_start__) && (__fast_run_end__ <= (__SRAM_segment_start__ + 0x8000))), error: .fast_run is too large to fit in SRAM memory segment)
                0x0001fe04                __data_load_start__ = ALIGN ((__fast_load_start__ + SIZEOF (.fast)), 0x4)

.data           0x4000003c      0x110 load address 0x0001fe04
                0x4000003c                __data_start__ = .
 *(.data .data.* .gnu.linkonce.d.*)
 .data          0x4000003c        0x8 ARM Flash Debug/main.o
 .data          0x40000044        0x0 ARM Flash Debug/adc.o
 .data          0x40000044        0x0 ARM Flash Debug/cpu.o
 .data          0x40000044       0xb0 ARM Flash Debug/i2c.o
 .data          0x400000f4        0x4 ARM Flash Debug/i2cInt.o
 .data          0x400000f8        0x8 ARM Flash Debug/pwm.o
 .data          0x40000100        0x0 ARM Flash Debug/spi.o
 .data          0x40000100        0x8 ARM Flash Debug/uart0.o
 .data          0x40000108        0x0 ARM Flash Debug/uart0ISR.o
 .data          0x40000108        0x8 ARM Flash Debug/uart1.o
 .data          0x40000110        0x0 ARM Flash Debug/uart1ISR.o
 .data          0x40000110        0x0 ARM Flash Debug/usbcontrol.o
 .data          0x40000110        0x0 ARM Flash Debug/usbinit.o
 .data          0x40000110        0x0 ARM Flash Debug/usbISR.o
 .data          0x40000110        0x0 ARM Flash Debug/usbstdreq.o
 .data          0x40000110        0x8 ARM Flash Debug/usbser.o
 .data          0x40000118        0x0 ARM Flash Debug/rtc.o
 .data          0x40000118        0x0 ARM Flash Debug/rtcISR.o
 .data          0x40000118        0x0 ARM Flash Debug/reset.o
 .data          0x40000118        0x0 ARM Flash Debug/eint0.o
 .data          0x40000118        0x0 ARM Flash Debug/eint0ISR.o
 .data          0x40000118        0x0 ARM Flash Debug/eint2.o
 .data          0x40000118        0x0 ARM Flash Debug/eint2ISR.o
 .data          0x40000118        0x0 ARM Flash Debug/eint3.o
 .data          0x40000118        0x8 ARM Flash Debug/eint3ISR.o
 .data          0x40000120        0x0 ARM Flash Debug/eint1.o
 .data          0x40000120        0x0 ARM Flash Debug/eint1ISR.o
 .data          0x40000120        0x0 ARM Flash Debug/beep.o
 .data          0x40000120        0x0 ARM Flash Debug/timer.o
 .data          0x40000120        0x0 ARM Flash Debug/dac.o
 .data          0x40000120        0x0 ARM Flash Debug/args.o
 .data          0x40000120        0x0 ARM Flash Debug/argsdispatch.o
 .data          0x40000120        0x0 ARM Flash Debug/monitor.o
 .data          0x40000120        0x0 ARM Flash Debug/printf-stdarg.o
 .data          0x40000120        0x8 ARM Flash Debug/leds.o
 .data          0x40000128        0x1 ARM Flash Debug/tcs3414.o
 .data          0x40000129        0x0 ARM Flash Debug/mmc.o
 .data          0x40000129        0x0 ARM Flash Debug/ssp.o
 .data          0x40000129        0x0 ARM Flash Debug/Lcd204_4.o
 *fill*         0x40000129        0x3 00
 .data          0x4000012c        0x8 ARM Flash Debug/logging.o
 .data          0x40000134        0x8 ARM Flash Debug/meas_sm.o
 .data          0x4000013c        0x0 ARM Flash Debug/meas_task.o
 .data          0x4000013c        0x0 ARM Flash Debug/crt0.o
 .data          0x4000013c        0x0 ARM Flash Debug/Philips_LPC210X_Startup.o
 .data          0x4000013c        0x0 ARM Flash Debug/LPC210x.o
 .data          0x4000013c        0x0 ARM Flash Debug/VIC.o
 .data          0x4000013c        0x0 ARM Flash Debug/VIC_irq_handler.o
 .data          0x4000013c        0x4 ARM Flash Debug/portISR.o
                0x4000013c                ulCriticalNesting
 .data          0x40000140        0x0 ARM Flash Debug/port.o
 .data          0x40000140        0x0 ARM Flash Debug/heap_2.o
 .data          0x40000140        0x4 ARM Flash Debug/tasks.o
                0x40000140                uxPreviousTask
 .data          0x40000144        0x0 ARM Flash Debug/queue.o
 .data          0x40000144        0x0 ARM Flash Debug/list.o
 .data          0x40000144        0x1 ARM Flash Debug/disk.o
 .data          0x40000145        0x0 ARM Flash Debug/ff.o
 .data          0x40000145        0x0 C:/Users/lukas/AppData/Local/Rowley Associates Limited/CrossWorks for ARM/packages/lib/liblpc2000_v4t_a_le.a(liblpc2000_lpc21xx_get_cclk.o)
 .data          0x40000145        0x0 C:/Users/lukas/AppData/Local/Rowley Associates Limited/CrossWorks for ARM/packages/lib/liblpc2000_v4t_a_le.a(liblpc2000_lpc21xx_get_pclk.o)
 .data          0x40000145        0x0 C:/Program Files/Rowley Associates Limited/CrossWorks for ARM 2.0/lib/libm_v4t_a_le.a(__int32_to_float32.o)
 .data          0x40000145        0x0 C:/Program Files/Rowley Associates Limited/CrossWorks for ARM 2.0/lib/libm_v4t_a_le.a(__int32_to_float64.o)
 .data          0x40000145        0x0 C:/Program Files/Rowley Associates Limited/CrossWorks for ARM 2.0/lib/libm_v4t_a_le.a(__uint32_to_float32.o)
 .data          0x40000145        0x0 C:/Program Files/Rowley Associates Limited/CrossWorks for ARM 2.0/lib/libm_v4t_a_le.a(__uint32_to_float64.o)
 .data          0x40000145        0x0 C:/Program Files/Rowley Associates Limited/CrossWorks for ARM 2.0/lib/libm_v4t_a_le.a(__float32_to_int32.o)
 .data          0x40000145        0x0 C:/Program Files/Rowley Associates Limited/CrossWorks for ARM 2.0/lib/libm_v4t_a_le.a(__float32_to_uint32.o)
 .data          0x40000145        0x0 C:/Program Files/Rowley Associates Limited/CrossWorks for ARM 2.0/lib/libm_v4t_a_le.a(__float64_to_int32.o)
 .data          0x40000145        0x0 C:/Program Files/Rowley Associates Limited/CrossWorks for ARM 2.0/lib/libm_v4t_a_le.a(__float32_to_float64.o)
 .data          0x40000145        0x0 C:/Program Files/Rowley Associates Limited/CrossWorks for ARM 2.0/lib/libm_v4t_a_le.a(__float32_add.o)
 .data          0x40000145        0x0 C:/Program Files/Rowley Associates Limited/CrossWorks for ARM 2.0/lib/libm_v4t_a_le.a(__float32_mul.o)
 .data          0x40000145        0x0 C:/Program Files/Rowley Associates Limited/CrossWorks for ARM 2.0/lib/libm_v4t_a_le.a(__float32_div.o)
 .data          0x40000145        0x0 C:/Program Files/Rowley Associates Limited/CrossWorks for ARM 2.0/lib/libm_v4t_a_le.a(__float32_cmp.o)
 .data          0x40000145        0x0 C:/Program Files/Rowley Associates Limited/CrossWorks for ARM 2.0/lib/libm_v4t_a_le.a(log.o)
 .data          0x40000145        0x0 C:/Program Files/Rowley Associates Limited/CrossWorks for ARM 2.0/lib/libm_v4t_a_le.a(__float64_add.o)
 .data          0x40000145        0x0 C:/Program Files/Rowley Associates Limited/CrossWorks for ARM 2.0/lib/libm_v4t_a_le.a(__float64_mul.o)
 .data          0x40000145        0x0 C:/Program Files/Rowley Associates Limited/CrossWorks for ARM 2.0/lib/libm_v4t_a_le.a(__float64_div.o)
 .data          0x40000145        0x0 C:/Program Files/Rowley Associates Limited/CrossWorks for ARM 2.0/lib/libm_v4t_a_le.a(__float64_cmp.o)
 .data          0x40000145        0x0 C:/Program Files/Rowley Associates Limited/CrossWorks for ARM 2.0/lib/libm_v4t_a_le.a(__float64_isnan.o)
 .data          0x40000145        0x0 C:/Program Files/Rowley Associates Limited/CrossWorks for ARM 2.0/lib/libm_v4t_a_le.a(__float64_infinity.o)
 .data          0x40000145        0x0 C:/Program Files/Rowley Associates Limited/CrossWorks for ARM 2.0/lib/libm_v4t_a_le.a(__float64_nan.o)
 .data          0x40000145        0x0 C:/Program Files/Rowley Associates Limited/CrossWorks for ARM 2.0/lib/libm_v4t_a_le.a(__poly1_eval.o)
 .data          0x40000145        0x0 C:/Program Files/Rowley Associates Limited/CrossWorks for ARM 2.0/lib/libm_v4t_a_le.a(__poly_eval.o)
 .data          0x40000145        0x0 C:/Program Files/Rowley Associates Limited/CrossWorks for ARM 2.0/lib/libm_v4t_a_le.a(frexp.o)
 .data          0x40000145        0x0 C:/Program Files/Rowley Associates Limited/CrossWorks for ARM 2.0/lib/libm_v4t_a_le.a(ldexp.o)
 .data          0x40000145        0x0 C:/Program Files/Rowley Associates Limited/CrossWorks for ARM 2.0/lib/libc_v4t_a_le.a(__int32_umod.o)
 .data          0x40000145        0x0 C:/Program Files/Rowley Associates Limited/CrossWorks for ARM 2.0/lib/libc_v4t_a_le.a(__int32_div.o)
 .data          0x40000145        0x0 C:/Program Files/Rowley Associates Limited/CrossWorks for ARM 2.0/lib/libc_v4t_a_le.a(__int32_udivmod.o)
 .data          0x40000145        0x0 C:/Program Files/Rowley Associates Limited/CrossWorks for ARM 2.0/lib/libc_v4t_a_le.a(strlen.o)
 .data          0x40000145        0x0 C:/Program Files/Rowley Associates Limited/CrossWorks for ARM 2.0/lib/libc_v4t_a_le.a(memcpy.o)
 .data          0x40000145        0x0 C:/Program Files/Rowley Associates Limited/CrossWorks for ARM 2.0/lib/libc_v4t_a_le.a(memset.o)
 .data          0x40000145        0x0 C:/Program Files/Rowley Associates Limited/CrossWorks for ARM 2.0/lib/libc_v4t_a_le.a(strcpy.o)
 .data          0x40000145        0x0 C:/Program Files/Rowley Associates Limited/CrossWorks for ARM 2.0/lib/libc_v4t_a_le.a(strcmp.o)
 .data          0x40000145        0x0 C:/Program Files/Rowley Associates Limited/CrossWorks for ARM 2.0/lib/libc_v4t_a_le.a(memcmp.o)
 .data          0x40000145        0x0 C:/Program Files/Rowley Associates Limited/CrossWorks for ARM 2.0/lib/libc_v4t_a_le.a(strcat.o)
 .data          0x40000145        0x0 C:/Program Files/Rowley Associates Limited/CrossWorks for ARM 2.0/lib/libc_v4t_a_le.a(strncmp.o)
 .data          0x40000145        0x0 C:/Program Files/Rowley Associates Limited/CrossWorks for ARM 2.0/lib/libc_v4t_a_le.a(strncpy.o)
 .data          0x40000145        0x0 C:/Program Files/Rowley Associates Limited/CrossWorks for ARM 2.0/lib/libc_v4t_a_le.a(ctype.o)
 .data          0x40000145        0x0 C:/Program Files/Rowley Associates Limited/CrossWorks for ARM 2.0/lib/libc_v4t_a_le.a(malloc.o)
 *fill*         0x40000145        0x3 00
 .data.libc     0x40000148        0x4 C:/Program Files/Rowley Associates Limited/CrossWorks for ARM 2.0/lib/libc_v4t_a_le.a(malloc.o)
 .data          0x4000014c        0x0 C:/Program Files/Rowley Associates Limited/CrossWorks for ARM 2.0/lib/libc_v4t_a_le.a(atoi.o)
 .data          0x4000014c        0x0 C:/Program Files/Rowley Associates Limited/CrossWorks for ARM 2.0/lib/libc_v4t_a_le.a(time.o)
 .data          0x4000014c        0x0 C:/Program Files/Rowley Associates Limited/CrossWorks for ARM 2.0/lib/libc_v4t_a_le.a(asctime.o)
 .data          0x4000014c        0x0 C:/Program Files/Rowley Associates Limited/CrossWorks for ARM 2.0/lib/libc_v4t_a_le.a(strftime.o)
 .data          0x4000014c        0x0 C:/Program Files/Rowley Associates Limited/CrossWorks for ARM 2.0/lib/libc_v4t_a_le.a(div.o)
 .data          0x4000014c        0x0 C:/Program Files/Rowley Associates Limited/CrossWorks for ARM 2.0/lib/libc_v4t_a_le.a(strtol.o)
 .data          0x4000014c        0x0 C:/Program Files/Rowley Associates Limited/CrossWorks for ARM 2.0/lib/libc_v4t_a_le.a(ldiv.o)
 .data          0x4000014c        0x0 C:/Program Files/Rowley Associates Limited/CrossWorks for ARM 2.0/lib/libc_v4t_a_le.a(__int32_mod.o)
 .data          0x4000014c        0x0 C:/Program Files/Rowley Associates Limited/CrossWorks for ARM 2.0/lib/libc_v4t_a_le.a(__strtoul.o)
 .data          0x4000014c        0x0 C:/Program Files/Rowley Associates Limited/CrossWorks for ARM 2.0/lib/libc_v4t_a_le.a(__digit.o)
 .data          0x4000014c        0x0 C:/Program Files/Rowley Associates Limited/CrossWorks for ARM 2.0/lib/libdebugio_v4t_a_le.a(debug_printf.o)
 .data          0x4000014c        0x0 C:/Program Files/Rowley Associates Limited/CrossWorks for ARM 2.0/lib/libc_targetio_impl_v4t_a_le.a(putchar.o)
 .data          0x4000014c        0x0 C:/Program Files/Rowley Associates Limited/CrossWorks for ARM 2.0/lib/libc_user_libc_v4t_a_le.a(user_libc.o)
 .data          0x4000014c        0x0 C:/Program Files/Rowley Associates Limited/CrossWorks for ARM 2.0/lib/libdebugio_dcc_v4t_a_le.a(dcc_debug_operations.o)
 .data          0x4000014c        0x0 C:/Program Files/Rowley Associates Limited/CrossWorks for ARM 2.0/lib/libdebugio_dcc_v4t_a_le.a(libarmdi_dcc_write.o)
 .data          0x4000014c        0x0 C:/Program Files/Rowley Associates Limited/CrossWorks for ARM 2.0/lib/libdebugio_dcc_v4t_a_le.a(libarm_run_dcc_port_server.o)
 .data          0x4000014c        0x0 C:/Program Files/Rowley Associates Limited/CrossWorks for ARM 2.0/lib/libdebugio_dcc_v4t_a_le.a(libarmdi_dcc_read.o)
                0x4000014c                __data_end__ = (__data_start__ + SIZEOF (.data))
                0x0001ff14                __data_load_end__ = (__data_load_start__ + SIZEOF (.data))
                0x00000001                . = ASSERT ((((__data_load_start__ + SIZEOF (.data)) >= __FLASH_segment_start__) && ((__data_load_start__ + SIZEOF (.data)) <= (__FLASH_segment_start__ + 0x80000))), error: .data is too large to fit in FLASH memory segment)

.data_run       0x4000003c      0x110 load address 0x0001fe04
                0x4000003c                __data_run_start__ = .
                0x4000014c                . = MAX ((__data_run_start__ + SIZEOF (.data)), .)
 *fill*         0x4000003c      0x110 00
                0x4000014c                __data_run_end__ = (__data_run_start__ + SIZEOF (.data_run))
                0x4000014c                __data_run_load_end__ = __data_run_end__
                0x00000001                . = ASSERT (((__data_run_end__ >= __SRAM_segment_start__) && (__data_run_end__ <= (__SRAM_segment_start__ + 0x8000))), error: .data_run is too large to fit in SRAM memory segment)
                0x4000014c                __bss_load_start__ = ALIGN (__data_run_end__, 0x4)

.bss            0x4000014c     0x54d0
                0x4000014c                __bss_start__ = .
 *(.bss .bss.* .gnu.linkonce.b.*)
 .bss           0x4000014c       0x2c ARM Flash Debug/main.o
 .bss           0x40000178        0x0 ARM Flash Debug/adc.o
 .bss           0x40000178        0x0 ARM Flash Debug/cpu.o
 .bss           0x40000178        0x4 ARM Flash Debug/i2c.o
                0x40000178                i2cErrno
 .bss           0x4000017c       0x60 ARM Flash Debug/i2cInt.o
 .bss           0x400001dc        0x0 ARM Flash Debug/pwm.o
 .bss           0x400001dc        0x0 ARM Flash Debug/spi.o
 .bss           0x400001dc        0xc ARM Flash Debug/uart0.o
 .bss           0x400001e8        0xc ARM Flash Debug/uart0ISR.o
 .bss           0x400001f4        0xc ARM Flash Debug/uart1.o
 .bss           0x40000200        0xc ARM Flash Debug/uart1ISR.o
 .bss           0x4000020c       0x34 ARM Flash Debug/usbcontrol.o
 .bss           0x40000240        0x8 ARM Flash Debug/usbinit.o
 .bss           0x40000248       0x48 ARM Flash Debug/usbISR.o
 .bss           0x40000290        0xc ARM Flash Debug/usbstdreq.o
 .bss           0x4000029c       0x58 ARM Flash Debug/usbser.o
 .bss           0x400002f4        0x0 ARM Flash Debug/rtc.o
 .bss           0x400002f4        0x4 ARM Flash Debug/rtcISR.o
 .bss           0x400002f8        0x0 ARM Flash Debug/reset.o
 .bss           0x400002f8        0x0 ARM Flash Debug/eint0.o
 .bss           0x400002f8        0x0 ARM Flash Debug/eint0ISR.o
 .bss           0x400002f8        0x0 ARM Flash Debug/eint2.o
 .bss           0x400002f8        0x0 ARM Flash Debug/eint2ISR.o
 .bss           0x400002f8        0x0 ARM Flash Debug/eint3.o
 .bss           0x400002f8       0x30 ARM Flash Debug/eint3ISR.o
                0x40000324                count
 .bss           0x40000328        0x0 ARM Flash Debug/eint1.o
 .bss           0x40000328        0x0 ARM Flash Debug/eint1ISR.o
 .bss           0x40000328        0x0 ARM Flash Debug/beep.o
 .bss           0x40000328        0x2 ARM Flash Debug/timer.o
 .bss           0x4000032a        0x0 ARM Flash Debug/dac.o
 .bss           0x4000032a        0x0 ARM Flash Debug/args.o
 .bss           0x4000032a        0x0 ARM Flash Debug/argsdispatch.o
 *fill*         0x4000032a        0x2 00
 .bss           0x4000032c      0x3d8 ARM Flash Debug/monitor.o
                0x40000574                activeCommandList
 .bss           0x40000704        0x0 ARM Flash Debug/printf-stdarg.o
 .bss           0x40000704        0x0 ARM Flash Debug/leds.o
 .bss           0x40000704        0x1 ARM Flash Debug/tcs3414.o
 *fill*         0x40000705        0x3 00
 .bss           0x40000708       0x2c ARM Flash Debug/mmc.o
 .bss           0x40000734        0x0 ARM Flash Debug/ssp.o
 .bss           0x40000734        0x0 ARM Flash Debug/Lcd204_4.o
 .bss           0x40000734      0x25c ARM Flash Debug/logging.o
 .bss           0x40000990       0x30 ARM Flash Debug/meas_sm.o
 .bss           0x400009c0       0x1c ARM Flash Debug/meas_task.o
 .bss           0x400009dc        0x0 ARM Flash Debug/crt0.o
 .bss           0x400009dc        0x0 ARM Flash Debug/Philips_LPC210X_Startup.o
 .bss           0x400009dc        0x4 ARM Flash Debug/LPC210x.o
 .bss           0x400009e0       0x80 ARM Flash Debug/VIC.o
 .bss           0x40000a60        0x0 ARM Flash Debug/VIC_irq_handler.o
 .bss           0x40000a60        0x0 ARM Flash Debug/portISR.o
 .bss           0x40000a60        0x0 ARM Flash Debug/port.o
 .bss           0x40000a60     0x4018 ARM Flash Debug/heap_2.o
 .bss           0x40004a78       0x34 ARM Flash Debug/tasks.o
                0x40004a78                pxCurrentTCB
                0x40004a7c                uxTasksDeleted
                0x40004a80                uxCurrentNumberOfTasks
                0x40004a84                xTickCount
                0x40004a88                uxTopUsedPriority
                0x40004a8c                uxTopReadyPriority
                0x40004a90                xSchedulerRunning
                0x40004a94                uxSchedulerSuspended
                0x40004a98                uxMissedTicks
                0x40004a9c                xMissedYield
                0x40004aa0                xNumOfOverflows
                0x40004aa4                uxTaskNumber
                0x40004aa8                xTracing
 .bss           0x40004aac        0x0 ARM Flash Debug/queue.o
 .bss           0x40004aac        0x0 ARM Flash Debug/list.o
 .bss           0x40004aac        0xc ARM Flash Debug/disk.o
 .bss           0x40004ab8        0x8 ARM Flash Debug/ff.o
 .bss           0x40004ac0        0x0 C:/Users/lukas/AppData/Local/Rowley Associates Limited/CrossWorks for ARM/packages/lib/liblpc2000_v4t_a_le.a(liblpc2000_lpc21xx_get_cclk.o)
 .bss           0x40004ac0        0x0 C:/Users/lukas/AppData/Local/Rowley Associates Limited/CrossWorks for ARM/packages/lib/liblpc2000_v4t_a_le.a(liblpc2000_lpc21xx_get_pclk.o)
 .bss           0x40004ac0        0x0 C:/Program Files/Rowley Associates Limited/CrossWorks for ARM 2.0/lib/libm_v4t_a_le.a(__int32_to_float32.o)
 .bss           0x40004ac0        0x0 C:/Program Files/Rowley Associates Limited/CrossWorks for ARM 2.0/lib/libm_v4t_a_le.a(__int32_to_float64.o)
 .bss           0x40004ac0        0x0 C:/Program Files/Rowley Associates Limited/CrossWorks for ARM 2.0/lib/libm_v4t_a_le.a(__uint32_to_float32.o)
 .bss           0x40004ac0        0x0 C:/Program Files/Rowley Associates Limited/CrossWorks for ARM 2.0/lib/libm_v4t_a_le.a(__uint32_to_float64.o)
 .bss           0x40004ac0        0x0 C:/Program Files/Rowley Associates Limited/CrossWorks for ARM 2.0/lib/libm_v4t_a_le.a(__float32_to_int32.o)
 .bss           0x40004ac0        0x0 C:/Program Files/Rowley Associates Limited/CrossWorks for ARM 2.0/lib/libm_v4t_a_le.a(__float32_to_uint32.o)
 .bss           0x40004ac0        0x0 C:/Program Files/Rowley Associates Limited/CrossWorks for ARM 2.0/lib/libm_v4t_a_le.a(__float64_to_int32.o)
 .bss           0x40004ac0        0x0 C:/Program Files/Rowley Associates Limited/CrossWorks for ARM 2.0/lib/libm_v4t_a_le.a(__float32_to_float64.o)
 .bss           0x40004ac0        0x0 C:/Program Files/Rowley Associates Limited/CrossWorks for ARM 2.0/lib/libm_v4t_a_le.a(__float32_add.o)
 .bss           0x40004ac0        0x0 C:/Program Files/Rowley Associates Limited/CrossWorks for ARM 2.0/lib/libm_v4t_a_le.a(__float32_mul.o)
 .bss           0x40004ac0        0x0 C:/Program Files/Rowley Associates Limited/CrossWorks for ARM 2.0/lib/libm_v4t_a_le.a(__float32_div.o)
 .bss           0x40004ac0        0x0 C:/Program Files/Rowley Associates Limited/CrossWorks for ARM 2.0/lib/libm_v4t_a_le.a(__float32_cmp.o)
 .bss           0x40004ac0        0x0 C:/Program Files/Rowley Associates Limited/CrossWorks for ARM 2.0/lib/libm_v4t_a_le.a(log.o)
 .bss           0x40004ac0        0x0 C:/Program Files/Rowley Associates Limited/CrossWorks for ARM 2.0/lib/libm_v4t_a_le.a(__float64_add.o)
 .bss           0x40004ac0        0x0 C:/Program Files/Rowley Associates Limited/CrossWorks for ARM 2.0/lib/libm_v4t_a_le.a(__float64_mul.o)
 .bss           0x40004ac0        0x0 C:/Program Files/Rowley Associates Limited/CrossWorks for ARM 2.0/lib/libm_v4t_a_le.a(__float64_div.o)
 .bss           0x40004ac0        0x0 C:/Program Files/Rowley Associates Limited/CrossWorks for ARM 2.0/lib/libm_v4t_a_le.a(__float64_cmp.o)
 .bss           0x40004ac0        0x0 C:/Program Files/Rowley Associates Limited/CrossWorks for ARM 2.0/lib/libm_v4t_a_le.a(__float64_isnan.o)
 .bss           0x40004ac0        0x0 C:/Program Files/Rowley Associates Limited/CrossWorks for ARM 2.0/lib/libm_v4t_a_le.a(__float64_infinity.o)
 .bss           0x40004ac0        0x0 C:/Program Files/Rowley Associates Limited/CrossWorks for ARM 2.0/lib/libm_v4t_a_le.a(__float64_nan.o)
 .bss           0x40004ac0        0x0 C:/Program Files/Rowley Associates Limited/CrossWorks for ARM 2.0/lib/libm_v4t_a_le.a(__poly1_eval.o)
 .bss           0x40004ac0        0x0 C:/Program Files/Rowley Associates Limited/CrossWorks for ARM 2.0/lib/libm_v4t_a_le.a(__poly_eval.o)
 .bss           0x40004ac0        0x0 C:/Program Files/Rowley Associates Limited/CrossWorks for ARM 2.0/lib/libm_v4t_a_le.a(frexp.o)
 .bss           0x40004ac0        0x0 C:/Program Files/Rowley Associates Limited/CrossWorks for ARM 2.0/lib/libm_v4t_a_le.a(ldexp.o)
 .bss           0x40004ac0        0x0 C:/Program Files/Rowley Associates Limited/CrossWorks for ARM 2.0/lib/libc_v4t_a_le.a(__int32_umod.o)
 .bss           0x40004ac0        0x0 C:/Program Files/Rowley Associates Limited/CrossWorks for ARM 2.0/lib/libc_v4t_a_le.a(__int32_div.o)
 .bss           0x40004ac0        0x0 C:/Program Files/Rowley Associates Limited/CrossWorks for ARM 2.0/lib/libc_v4t_a_le.a(__int32_udivmod.o)
 .bss           0x40004ac0        0x0 C:/Program Files/Rowley Associates Limited/CrossWorks for ARM 2.0/lib/libc_v4t_a_le.a(strlen.o)
 .bss           0x40004ac0        0x0 C:/Program Files/Rowley Associates Limited/CrossWorks for ARM 2.0/lib/libc_v4t_a_le.a(memcpy.o)
 .bss           0x40004ac0        0x0 C:/Program Files/Rowley Associates Limited/CrossWorks for ARM 2.0/lib/libc_v4t_a_le.a(memset.o)
 .bss           0x40004ac0        0x0 C:/Program Files/Rowley Associates Limited/CrossWorks for ARM 2.0/lib/libc_v4t_a_le.a(strcpy.o)
 .bss           0x40004ac0        0x0 C:/Program Files/Rowley Associates Limited/CrossWorks for ARM 2.0/lib/libc_v4t_a_le.a(strcmp.o)
 .bss           0x40004ac0        0x0 C:/Program Files/Rowley Associates Limited/CrossWorks for ARM 2.0/lib/libc_v4t_a_le.a(memcmp.o)
 .bss           0x40004ac0        0x0 C:/Program Files/Rowley Associates Limited/CrossWorks for ARM 2.0/lib/libc_v4t_a_le.a(strcat.o)
 .bss           0x40004ac0        0x0 C:/Program Files/Rowley Associates Limited/CrossWorks for ARM 2.0/lib/libc_v4t_a_le.a(strncmp.o)
 .bss           0x40004ac0        0x0 C:/Program Files/Rowley Associates Limited/CrossWorks for ARM 2.0/lib/libc_v4t_a_le.a(strncpy.o)
 .bss           0x40004ac0        0x0 C:/Program Files/Rowley Associates Limited/CrossWorks for ARM 2.0/lib/libc_v4t_a_le.a(ctype.o)
 .bss           0x40004ac0        0x0 C:/Program Files/Rowley Associates Limited/CrossWorks for ARM 2.0/lib/libc_v4t_a_le.a(malloc.o)
 .bss           0x40004ac0        0x0 C:/Program Files/Rowley Associates Limited/CrossWorks for ARM 2.0/lib/libc_v4t_a_le.a(atoi.o)
 .bss           0x40004ac0        0x0 C:/Program Files/Rowley Associates Limited/CrossWorks for ARM 2.0/lib/libc_v4t_a_le.a(time.o)
 .bss.libc      0x40004ac0       0x24 C:/Program Files/Rowley Associates Limited/CrossWorks for ARM 2.0/lib/libc_v4t_a_le.a(time.o)
 .bss           0x40004ae4        0x0 C:/Program Files/Rowley Associates Limited/CrossWorks for ARM 2.0/lib/libc_v4t_a_le.a(asctime.o)
 .bss.libc      0x40004ae4       0x1c C:/Program Files/Rowley Associates Limited/CrossWorks for ARM 2.0/lib/libc_v4t_a_le.a(asctime.o)
 .bss           0x40004b00        0x0 C:/Program Files/Rowley Associates Limited/CrossWorks for ARM 2.0/lib/libc_v4t_a_le.a(strftime.o)
 .bss           0x40004b00        0x0 C:/Program Files/Rowley Associates Limited/CrossWorks for ARM 2.0/lib/libc_v4t_a_le.a(div.o)
 .bss           0x40004b00        0x0 C:/Program Files/Rowley Associates Limited/CrossWorks for ARM 2.0/lib/libc_v4t_a_le.a(strtol.o)
 .bss           0x40004b00        0x0 C:/Program Files/Rowley Associates Limited/CrossWorks for ARM 2.0/lib/libc_v4t_a_le.a(ldiv.o)
 .bss           0x40004b00        0x0 C:/Program Files/Rowley Associates Limited/CrossWorks for ARM 2.0/lib/libc_v4t_a_le.a(__int32_mod.o)
 .bss           0x40004b00        0x0 C:/Program Files/Rowley Associates Limited/CrossWorks for ARM 2.0/lib/libc_v4t_a_le.a(__strtoul.o)
 .bss           0x40004b00        0x0 C:/Program Files/Rowley Associates Limited/CrossWorks for ARM 2.0/lib/libc_v4t_a_le.a(__digit.o)
 .bss           0x40004b00        0x0 C:/Program Files/Rowley Associates Limited/CrossWorks for ARM 2.0/lib/libdebugio_v4t_a_le.a(debug_printf.o)
 .bss           0x40004b00        0x0 C:/Program Files/Rowley Associates Limited/CrossWorks for ARM 2.0/lib/libc_targetio_impl_v4t_a_le.a(putchar.o)
 .bss           0x40004b00        0x0 C:/Program Files/Rowley Associates Limited/CrossWorks for ARM 2.0/lib/libc_user_libc_v4t_a_le.a(user_libc.o)
 .bss.libc      0x40004b00        0x4 C:/Program Files/Rowley Associates Limited/CrossWorks for ARM 2.0/lib/libc_user_libc_v4t_a_le.a(user_libc.o)
 .bss           0x40004b04        0x0 C:/Program Files/Rowley Associates Limited/CrossWorks for ARM 2.0/lib/libdebugio_dcc_v4t_a_le.a(dcc_debug_operations.o)
 .bss           0x40004b04        0x0 C:/Program Files/Rowley Associates Limited/CrossWorks for ARM 2.0/lib/libdebugio_dcc_v4t_a_le.a(libarmdi_dcc_write.o)
 .bss           0x40004b04        0x0 C:/Program Files/Rowley Associates Limited/CrossWorks for ARM 2.0/lib/libdebugio_dcc_v4t_a_le.a(libarm_run_dcc_port_server.o)
 .bss           0x40004b04        0x0 C:/Program Files/Rowley Associates Limited/CrossWorks for ARM 2.0/lib/libdebugio_dcc_v4t_a_le.a(libarmdi_dcc_read.o)
 *(COMMON)
 COMMON         0x40004b04      0x974 ARM Flash Debug/main.o
                0x40004b04                Fatfs
                0x40004d34                ts
                0x40004d38                LOG_ITEM_STATE
                0x40004d3c                FileAllTimeLog
                0x40004f60                FileContLog
                0x40005184                FileDayLog
                0x400053a8                cdaylog_entry_item
                0x400053b8                slog_entry_item
                0x400053cc                buf
                0x400053e4                measure_timestamp
                0x400053f0                meas_op_item
                0x40005454                taskHandles
                0x40005474                log_file
 COMMON         0x40005478       0x24 ARM Flash Debug/timer.o
                0x40005478                actTime
 COMMON         0x4000549c       0x1e ARM Flash Debug/logging.o
                0x4000549c                time_buf
 *fill*         0x400054ba        0x2 00
 COMMON         0x400054bc      0x110 ARM Flash Debug/tasks.o
                0x400054bc                pxReadyTasksLists
                0x40005520                xPendingReadyList
                0x40005534                pcTraceBuffer
                0x40005538                xSuspendedTaskList
                0x4000554c                pxDelayedTaskList
                0x40005550                pxOverflowDelayedTaskList
                0x40005554                pcTraceBufferEnd
                0x40005558                pcTraceBufferStart
                0x4000555c                xDelayedTaskList1
                0x40005570                xTasksWaitingTermination
                0x40005584                pcStatusString
                0x400055b8                xDelayedTaskList2
 COMMON         0x400055cc       0x50 ARM Flash Debug/queue.o
                0x400055cc                xQueueRegistry
                0x4000561c                __bss_end__ = (__bss_start__ + SIZEOF (.bss))
                0x4000561c                __bss_load_end__ = __bss_end__
                0x00000001                . = ASSERT (((__bss_end__ >= __SRAM_segment_start__) && (__bss_end__ <= (__SRAM_segment_start__ + 0x8000))), error: .bss is too large to fit in SRAM memory segment)
                0x4000561c                __non_init_load_start__ = ALIGN (__bss_end__, 0x4)

.non_init       0x4000561c        0x0
                0x4000561c                __non_init_start__ = .
 *(.non_init .non_init.*)
                0x4000561c                __non_init_end__ = (__non_init_start__ + SIZEOF (.non_init))
                0x4000561c                __non_init_load_end__ = __non_init_end__
                0x00000001                . = ASSERT (((__non_init_end__ >= __SRAM_segment_start__) && (__non_init_end__ <= (__SRAM_segment_start__ + 0x8000))), error: .non_init is too large to fit in SRAM memory segment)
                0x4000561c                __heap_load_start__ = ALIGN (__non_init_end__, 0x4)

.heap           0x4000561c      0x400
                0x4000561c                __heap_start__ = .
 *(.heap .heap.*)
 .heap          0x4000561c        0x0 ARM Flash Debug/crt0.o
                0x40005a1c                . = ALIGN (MAX ((__heap_start__ + __HEAPSIZE__), .), 0x4)
 *fill*         0x4000561c      0x400 00
                0x40005a1c                __heap_end__ = (__heap_start__ + SIZEOF (.heap))
                0x40005a1c                __heap_load_end__ = __heap_end__
                0x00000001                . = ASSERT (((__heap_end__ >= __SRAM_segment_start__) && (__heap_end__ <= (__SRAM_segment_start__ + 0x8000))), error: .heap is too large to fit in SRAM memory segment)
                0x40005a1c                __stack_load_start__ = ALIGN (__heap_end__, 0x4)

.stack          0x40005a1c      0x400
                0x40005a1c                __stack_start__ = .
 *(.stack .stack.*)
 .stack         0x40005a1c        0x0 ARM Flash Debug/crt0.o
                0x40005e1c                . = ALIGN (MAX ((__stack_start__ + __STACKSIZE__), .), 0x4)
 *fill*         0x40005a1c      0x400 00
                0x40005e1c                __stack_end__ = (__stack_start__ + SIZEOF (.stack))
                0x40005e1c                __stack_load_end__ = __stack_end__
                0x00000001                . = ASSERT (((__stack_end__ >= __SRAM_segment_start__) && (__stack_end__ <= (__SRAM_segment_start__ + 0x8000))), error: .stack is too large to fit in SRAM memory segment)
                0x40005e1c                __stack_irq_load_start__ = ALIGN (__stack_end__, 0x4)

.stack_irq      0x40005e1c      0x400
                0x40005e1c                __stack_irq_start__ = .
 *(.stack_irq .stack_irq.*)
 .stack_irq     0x40005e1c        0x0 ARM Flash Debug/crt0.o
                0x4000621c                . = ALIGN (MAX ((__stack_irq_start__ + __STACKSIZE_IRQ__), .), 0x4)
 *fill*         0x40005e1c      0x400 00
                0x4000621c                __stack_irq_end__ = (__stack_irq_start__ + SIZEOF (.stack_irq))
                0x4000621c                __stack_irq_load_end__ = __stack_irq_end__
                0x00000001                . = ASSERT (((__stack_irq_end__ >= __SRAM_segment_start__) && (__stack_irq_end__ <= (__SRAM_segment_start__ + 0x8000))), error: .stack_irq is too large to fit in SRAM memory segment)
                0x4000621c                __stack_fiq_load_start__ = ALIGN (__stack_irq_end__, 0x4)

.stack_fiq      0x4000621c       0x20
                0x4000621c                __stack_fiq_start__ = .
 *(.stack_fiq .stack_fiq.*)
 .stack_fiq     0x4000621c        0x0 ARM Flash Debug/crt0.o
                0x4000623c                . = ALIGN (MAX ((__stack_fiq_start__ + __STACKSIZE_FIQ__), .), 0x4)
 *fill*         0x4000621c       0x20 00
                0x4000623c                __stack_fiq_end__ = (__stack_fiq_start__ + SIZEOF (.stack_fiq))
                0x4000623c                __stack_fiq_load_end__ = __stack_fiq_end__
                0x00000001                . = ASSERT (((__stack_fiq_end__ >= __SRAM_segment_start__) && (__stack_fiq_end__ <= (__SRAM_segment_start__ + 0x8000))), error: .stack_fiq is too large to fit in SRAM memory segment)
                0x4000623c                __stack_svc_load_start__ = ALIGN (__stack_fiq_end__, 0x4)

.stack_svc      0x4000623c      0x100
                0x4000623c                __stack_svc_start__ = .
 *(.stack_svc .stack_svc.*)
 .stack_svc     0x4000623c        0x0 ARM Flash Debug/crt0.o
                0x4000633c                . = ALIGN (MAX ((__stack_svc_start__ + __STACKSIZE_SVC__), .), 0x4)
 *fill*         0x4000623c      0x100 00
                0x4000633c                __stack_svc_end__ = (__stack_svc_start__ + SIZEOF (.stack_svc))
                0x4000633c                __stack_svc_load_end__ = __stack_svc_end__
                0x00000001                . = ASSERT (((__stack_svc_end__ >= __SRAM_segment_start__) && (__stack_svc_end__ <= (__SRAM_segment_start__ + 0x8000))), error: .stack_svc is too large to fit in SRAM memory segment)
                0x4000633c                __stack_abt_load_start__ = ALIGN (__stack_svc_end__, 0x4)

.stack_abt      0x4000633c        0x8
                0x4000633c                __stack_abt_start__ = .
 *(.stack_abt .stack_abt.*)
 .stack_abt     0x4000633c        0x0 ARM Flash Debug/crt0.o
                0x40006344                . = ALIGN (MAX ((__stack_abt_start__ + __STACKSIZE_ABT__), .), 0x4)
 *fill*         0x4000633c        0x8 00
                0x40006344                __stack_abt_end__ = (__stack_abt_start__ + SIZEOF (.stack_abt))
                0x40006344                __stack_abt_load_end__ = __stack_abt_end__
                0x00000001                . = ASSERT (((__stack_abt_end__ >= __SRAM_segment_start__) && (__stack_abt_end__ <= (__SRAM_segment_start__ + 0x8000))), error: .stack_abt is too large to fit in SRAM memory segment)
                0x40006344                __stack_und_load_start__ = ALIGN (__stack_abt_end__, 0x4)

.stack_und      0x40006344        0x8
                0x40006344                __stack_und_start__ = .
 *(.stack_und .stack_und.*)
 .stack_und     0x40006344        0x0 ARM Flash Debug/crt0.o
                0x4000634c                . = ALIGN (MAX ((__stack_und_start__ + __STACKSIZE_UND__), .), 0x4)
 *fill*         0x40006344        0x8 00
                0x4000634c                __stack_und_end__ = (__stack_und_start__ + SIZEOF (.stack_und))
                0x4000634c                __stack_und_load_end__ = __stack_und_end__
                0x00000001                . = ASSERT (((__stack_und_end__ >= __SRAM_segment_start__) && (__stack_und_end__ <= (__SRAM_segment_start__ + 0x8000))), error: .stack_und is too large to fit in SRAM memory segment)
                0x4000634c                __tbss_load_start__ = ALIGN (__stack_und_end__, 0x4)

.tbss           0x4000634c        0x0
                0x4000634c                __tbss_start__ = .
 *(.tbss .tbss.*)
                0x4000634c                __tbss_end__ = (__tbss_start__ + SIZEOF (.tbss))
                0x4000634c                __tbss_load_end__ = __tbss_end__
                0x00000001                . = ASSERT (((__tbss_end__ >= __SRAM_segment_start__) && (__tbss_end__ <= (__SRAM_segment_start__ + 0x8000))), error: .tbss is too large to fit in SRAM memory segment)
                0x0001ff14                __tdata_load_start__ = ALIGN ((__data_load_start__ + SIZEOF (.data)), 0x4)

.tdata          0x4000634c        0x0 load address 0x0001ff14
                0x4000634c                __tdata_start__ = .
 *(.tdata .tdata.*)
                0x4000634c                __tdata_end__ = (__tdata_start__ + SIZEOF (.tdata))
                0x0001ff14                __tdata_load_end__ = (__tdata_load_start__ + SIZEOF (.tdata))
                0x0001ff14                __FLASH_segment_used_end__ = (ALIGN ((__data_load_start__ + SIZEOF (.data)), 0x4) + SIZEOF (.tdata))