Archive member included because of file (symbol)

C:/Users/lukas/AppData/Local/Rowley Associates Limited/CrossWorks for ARM/packages/lib/liblpc2000_v4t_a_le.a(liblpc2000_lpc21xx_get_cclk.o)
                              ARM Flash Debug/LPC210x.o (liblpc2000_lpc21xx_get_cclk)
C:/Users/lukas/AppData/Local/Rowley Associates Limited/CrossWorks for ARM/packages/lib/liblpc2000_v4t_a_le.a(liblpc2000_lpc21xx_get_pclk.o)
                              ARM Flash Debug/LPC210x.o (liblpc2000_lpc21xx_get_pclk)
C:/Program Files/Rowley Associates Limited/CrossWorks for ARM 2.0/lib/libm_v4t_a_le.a(__int32_to_float32.o)
                              ARM Flash Debug/logging.o (__floatsisf)
C:/Program Files/Rowley Associates Limited/CrossWorks for ARM 2.0/lib/libm_v4t_a_le.a(__int32_to_float64.o)
                              ARM Flash Debug/logging.o (__floatsidf)
C:/Program Files/Rowley Associates Limited/CrossWorks for ARM 2.0/lib/libm_v4t_a_le.a(__uint32_to_float32.o)
                              ARM Flash Debug/dac.o (__floatunsisf)
C:/Program Files/Rowley Associates Limited/CrossWorks for ARM 2.0/lib/libm_v4t_a_le.a(__float32_to_uint32.o)
                              ARM Flash Debug/dac.o (__fixunssfsi)
C:/Program Files/Rowley Associates Limited/CrossWorks for ARM 2.0/lib/libm_v4t_a_le.a(__float64_to_int32.o)
                              ARM Flash Debug/logging.o (__fixdfsi)
C:/Program Files/Rowley Associates Limited/CrossWorks for ARM 2.0/lib/libm_v4t_a_le.a(__float32_to_float64.o)
                              ARM Flash Debug/logging.o (__extendsfdf2)
C:/Program Files/Rowley Associates Limited/CrossWorks for ARM 2.0/lib/libm_v4t_a_le.a(__float64_to_float32.o)
                              ARM Flash Debug/logging.o (__truncdfsf2)
C:/Program Files/Rowley Associates Limited/CrossWorks for ARM 2.0/lib/libm_v4t_a_le.a(__float32_mul.o)
                              ARM Flash Debug/dac.o (__mulsf3)
C:/Program Files/Rowley Associates Limited/CrossWorks for ARM 2.0/lib/libm_v4t_a_le.a(__float64_div.o)
                              ARM Flash Debug/logging.o (__divdf3)
C:/Program Files/Rowley Associates Limited/CrossWorks for ARM 2.0/lib/libm_v4t_a_le.a(log.o)
                              ARM Flash Debug/logging.o (log)
C:/Program Files/Rowley Associates Limited/CrossWorks for ARM 2.0/lib/libm_v4t_a_le.a(__float64_add.o)
                              C:/Program Files/Rowley Associates Limited/CrossWorks for ARM 2.0/lib/libm_v4t_a_le.a(log.o) (__subdf3)
C:/Program Files/Rowley Associates Limited/CrossWorks for ARM 2.0/lib/libm_v4t_a_le.a(__float64_mul.o)
                              C:/Program Files/Rowley Associates Limited/CrossWorks for ARM 2.0/lib/libm_v4t_a_le.a(log.o) (__muldf3)
C:/Program Files/Rowley Associates Limited/CrossWorks for ARM 2.0/lib/libm_v4t_a_le.a(__float64_cmp.o)
                              C:/Program Files/Rowley Associates Limited/CrossWorks for ARM 2.0/lib/libm_v4t_a_le.a(log.o) (__eqdf2)
C:/Program Files/Rowley Associates Limited/CrossWorks for ARM 2.0/lib/libm_v4t_a_le.a(__float64_isnan.o)
                              C:/Program Files/Rowley Associates Limited/CrossWorks for ARM 2.0/lib/libm_v4t_a_le.a(log.o) (__float64_isnan)
C:/Program Files/Rowley Associates Limited/CrossWorks for ARM 2.0/lib/libm_v4t_a_le.a(__float64_infinity.o)
                              C:/Program Files/Rowley Associates Limited/CrossWorks for ARM 2.0/lib/libm_v4t_a_le.a(log.o) (__float64_infinity)
C:/Program Files/Rowley Associates Limited/CrossWorks for ARM 2.0/lib/libm_v4t_a_le.a(__float64_nan.o)
                              C:/Program Files/Rowley Associates Limited/CrossWorks for ARM 2.0/lib/libm_v4t_a_le.a(log.o) (__float64_nan)
C:/Program Files/Rowley Associates Limited/CrossWorks for ARM 2.0/lib/libm_v4t_a_le.a(__poly1_eval.o)
                              C:/Program Files/Rowley Associates Limited/CrossWorks for ARM 2.0/lib/libm_v4t_a_le.a(log.o) (__poly1_eval)
C:/Program Files/Rowley Associates Limited/CrossWorks for ARM 2.0/lib/libm_v4t_a_le.a(__poly_eval.o)
                              C:/Program Files/Rowley Associates Limited/CrossWorks for ARM 2.0/lib/libm_v4t_a_le.a(log.o) (__poly_eval)
C:/Program Files/Rowley Associates Limited/CrossWorks for ARM 2.0/lib/libm_v4t_a_le.a(frexp.o)
                              C:/Program Files/Rowley Associates Limited/CrossWorks for ARM 2.0/lib/libm_v4t_a_le.a(log.o) (frexp)
C:/Program Files/Rowley Associates Limited/CrossWorks for ARM 2.0/lib/libm_v4t_a_le.a(ldexp.o)
                              C:/Program Files/Rowley Associates Limited/CrossWorks for ARM 2.0/lib/libm_v4t_a_le.a(log.o) (ldexp)
C:/Program Files/Rowley Associates Limited/CrossWorks for ARM 2.0/lib/libc_v4t_a_le.a(__int32_umod.o)
                              ARM Flash Debug/printf-stdarg.o (__umodsi3)
C:/Program Files/Rowley Associates Limited/CrossWorks for ARM 2.0/lib/libc_v4t_a_le.a(__int32_div.o)
[...]
Memory Configuration

Name             Origin             Length             Attributes
UNPLACED_SECTIONS 0xffffffff         0x00000000         xw
AHB_Peripherals  0xffe00000         0x00200000         xw
APB_Peripherals  0xe0000000         0x00200000         xw
USB_DMA_RAM      0x7fd00000         0x00002000         xw
SRAM             0x40000000         0x00008000         xw
FLASH            0x00000000         0x00080000         xr
*default*        0x00000000         0xffffffff

Linker script and memory map

                0xffe00000                __AHB_Peripherals_segment_start__ = 0xffe00000
                0x00000000                __AHB_Peripherals_segment_end__ = 0x0
                0xe0000000                __APB_Peripherals_segment_start__ = 0xe0000000
                0xe0200000                __APB_Peripherals_segment_end__ = 0xe0200000
                0x7fd00000                __USB_DMA_RAM_segment_start__ = 0x7fd00000
                0x7fd02000                __USB_DMA_RAM_segment_end__ = 0x7fd02000
                0x40000000                __SRAM_segment_start__ = 0x40000000
                0x40008000                __SRAM_segment_end__ = 0x40008000
                0x00000000                __FLASH_segment_start__ = 0x0
                0x00080000                __FLASH_segment_end__ = 0x80000
                0x00000400                __STACKSIZE__ = 0x400
                0x00000400                __STACKSIZE_IRQ__ = 0x400
                0x00000020                __STACKSIZE_FIQ__ = 0x20
                0x00000100                __STACKSIZE_SVC__ = 0x100
                0x00000008                __STACKSIZE_ABT__ = 0x8
                0x00000008                __STACKSIZE_UND__ = 0x8
                0x00000400                __HEAPSIZE__ = 0x400
                0x40000000                __vectors_ram_load_start__ = __SRAM_segment_start__

.vectors_ram    0x40000000       0x3c
                0x40000000                __vectors_ram_start__ = .
 *(.vectors_ram .vectors_ram.*)
                0x4000003c                . = MAX ((__vectors_ram_start__ + 0x3c), .)
 *fill*         0x40000000       0x3c 00
                0x4000003c                __vectors_ram_end__ = (__vectors_ram_start__ + SIZEOF (.vectors_ram))
                0x4000003c                __vectors_ram_load_end__ = __vectors_ram_end__
                0x00000001                . = ASSERT (((__vectors_ram_end__ >= __SRAM_segment_start__) && (__vectors_ram_end__ <= (__SRAM_segment_start__ + 0x8000))), error: .vectors_ram is too large to fit in SRAM memory segment)
                0x00000000                __vectors_load_start__ = __FLASH_segment_start__

.vectors        0x00000000       0x38
                0x00000000                __vectors_start__ = .
 *(.vectors .vectors.*)
 .vectors       0x00000000       0x38 ARM Flash Debug/Philips_LPC210X_Startup.o
                0x00000000                _vectors
                0x00000038                __vectors_end__ = (__vectors_start__ + SIZEOF (.vectors))
                0x00000038                __vectors_load_end__ = __vectors_end__
                0x00000001                . = ASSERT (((__vectors_end__ >= __FLASH_segment_start__) && (__vectors_end__ <= (__FLASH_segment_start__ + 0x80000))), error: .vectors is too large to fit in FLASH memory segment)
                0x00000038                __init_load_start__ = ALIGN (__vectors_end__, 0x4)

.init           0x00000038      0x264
                0x00000038                __init_start__ = .
 *(.init .init.*)
 *fill*         0x00000038        0x8 00
 .init          0x00000040      0x1d0 ARM Flash Debug/crt0.o
                0x00000040                _start
                0x00000040                __start
 .init          0x00000210       0x8c ARM Flash Debug/Philips_LPC210X_Startup.o
                0x00000210                reset_handler
                0x00000280                undef_handler
                0x00000288                pabort_handler
                0x0000028c                dabort_handler
                0x00000290                fiq_handler
                0x0000029c                __init_end__ = (__init_start__ + SIZEOF (.init))
                0x0000029c                __init_load_end__ = __init_end__
                0x00000001                . = ASSERT (((__init_end__ >= __FLASH_segment_start__) && (__init_end__ <= (__FLASH_segment_start__ + 0x80000))), error: .init is too large to fit in FLASH memory segment)
                0x0000029c                __text_load_start__ = ALIGN (__init_end__, 0x4)

.text           0x0000029c    0x1a6e4
                0x0000029c                __text_start__ = .
 *(.text .text.* .glue_7t .glue_7 .gnu.linkonce.t.* .gcc_except_table)
 .glue_7        0x00000000        0x0 linker stubs
 .glue_7t       0x00000000        0x0 linker stubs
 .text          0x0000029c      0x12c ARM Flash Debug/main.o
                0x00000310                main
                0x00000384                vApplicationStackOverflowHook
                0x00000394                __putchar
 .text          0x000003c8      0x8ec ARM Flash Debug/adc.o
                0x000003c8                adcRead0_1
                0x00000460                adcRead0_2
                0x000004f8                adcRead0_3
                0x00000590                adcRead0_4
                0x00000628                adcRead1_1
                0x000006c0                adcRead1_3
                0x00000758                adcRead1_4
                0x000007f0                adcRead1_6
                0x00000888                adcRead1_7
                0x00000920                adcInit0_1
                0x00000988                adcInit0_2
                0x000009f0                adcInit0_3
                0x00000a58                adcInit0_4
                0x00000ac0                adcInit1_1
                0x00000b24                adcInit1_3
                0x00000b88                adcInit1_4
                0x00000bec                adcInit1_6
                0x00000c50                adcInit1_7
 .text          0x00000cb4      0x1b0 ARM Flash Debug/cpu.o
                0x00000cb4                cpuSetupHardware
                0x00000e10                cpuPLLDisable
 .text          0x00000e64       0x84 ARM Flash Debug/i2c.o
                0x00000e64                i2cGetErrno
                0x00000e78                i2cStrerror
 .text          0x00000ee8     0x10c4 ARM Flash Debug/i2cInt.o
                0x0000155c                i2cInit
                0x00001cc0                i2cSetTimeout
                0x00001d04                i2cDump
                0x00001d74                i2cWriteBuffer
                0x00001dc0                i2cReadBuffer
                0x00001e0c                i2cWriteReadBuffer
                0x00001e64                i2cWriteBufferPoll
                0x00001f04                i2cWriteReadBufferPoll
 .text          0x00001fac      0x314 ARM Flash Debug/pwm.o
                0x00001fac                pwmDutyCycle
                0x0000205c                pwmPulseWidthInMicroseconds
                0x000020d8                pwmFrequency
                0x000021c0                pwmInit
 .text          0x000022c0      0x114 ARM Flash Debug/spi.o
                0x000022c0                spiInit
                0x00002384                spiPut
 .text          0x000023d4      0x470 ARM Flash Debug/uart0.o
                0x000023d4                uart0Init
                0x000025e8                uart0Deinit
                0x0000263c                uart0GetChar
                0x0000268c                uart0PutChar
                0x000027a4                uart0PutString
                0x00002820                uart0GetRxQueue
 .text          0x00002844      0x290 ARM Flash Debug/uart0ISR.o
                0x00002844                uart0ISRCreateQueues
                0x00002a24                uart0ISR
 .text          0x00002ad4      0x470 ARM Flash Debug/uart1.o
                0x00002ad4                uart1Init
                0x00002ce8                uart1Deinit
                0x00002d3c                uart1GetChar
                0x00002d8c                uart1PutChar
                0x00002ea4                uart1PutString
                0x00002f20                uart1GetRxQueue
 .text          0x00002f44      0x290 ARM Flash Debug/uart1ISR.o
                0x00002f44                uart1ISRCreateQueues
                0x00003124                uart1ISR
 .text          0x000031d4      0x3cc ARM Flash Debug/usbcontrol.o
                0x000032f4                usbHandleControlTransfer
                0x00003560                usbRegisterRequestHandler
 .text          0x000035a0       0x84 ARM Flash Debug/usbinit.o
                0x000035b4                usbRegisterHandlers
 .text          0x00003624      0xd34 ARM Flash Debug/usbISR.o
                0x00003844                usbHardwareEndpointConfig
                0x000038a4                usbHardwareRegisterEPIntHandler
                0x0000394c                usbHardwareRegisterDevIntHandler
                0x00003988                usbHardwareRegisterFrameHandler
                0x000039c4                usbHardwareSetAddress
                0x000039fc                usbHardwareConnect
                0x00003a30                usbHardwareNakIntEnable
                0x00003a5c                usbHardwareEndpointIsStalled
                0x00003ab4                usbHardwareEndpointStall
                0x00003b28                usbHardwareEndpointWrite
                0x00003c54                usbHardwareEndpointRead
                0x00003dcc                usbHardwareConfigDevice
                0x00003e00                usbSetupInterruptHandler
                0x000040f8                usbISR
                0x000041a0                usbHardwareInit
 .text          0x00004358      0x720 ARM Flash Debug/usbstdreq.o
                0x00004358                usbRegisterDescriptors
                0x00004378                usbGetDescriptor
                0x00004980                usbHandleStandardRequest
                0x00004a58                usbRegisterCustomReqHandler
 .text          0x00004a78      0x518 ARM Flash Debug/usbser.o
                0x00004cc0                usbserPutChar
                0x00004d48                usbserPutString
                0x00004e00                usbserGetChar
                0x00004e6c                usbserGetRxQueue
                0x00004eb4                usbserInit
 .text          0x00004f90      0xf3c ARM Flash Debug/rtc.o
                0x00005530                rtcGetEpochSeconds
                0x0000556c                rtcGetEpochSecondsLuk
                0x000055a8                rtcSetEpochSeconds
                0x00005820                rtcInit
                0x00005914                rtcSetAlarm
                0x00005a28                rtcSetAlarmCIIR
                0x00005a90                rtcGetAlarmTm
                0x00005bcc                rtcGetAlarmEpochSeconds
                0x00005c00                rtcPeriodicAlarm
                0x00005c9c                time
                0x00005cc4                rtcIs5minInt
                0x00005ce0                getRtcRead
                0x00005d04                getMonthLength
 .text          0x00005ecc      0x1e8 ARM Flash Debug/rtcISR.o
                0x00005ecc                rtcISRInit
                0x00006004                rtcISR
 .text          0x000060b4       0x34 ARM Flash Debug/reset.o
                0x000060b4                reset
 .text          0x000060e8      0x120 ARM Flash Debug/eint0.o
                0x000060e8                eint0Init
                0x000061d8                eint0Deinit
 .text          0x00006208       0xe8 ARM Flash Debug/eint0ISR.o
                0x00006240                eint0ISR
 .text          0x000062f0      0x120 ARM Flash Debug/eint2.o
                0x000062f0                eint2Init
                0x000063e0                eint2Deinit
 .text          0x00006410       0xd8 ARM Flash Debug/eint2ISR.o
                0x00006438                eint2ISR
 .text          0x000064e8      0x124 ARM Flash Debug/eint3.o
                0x000064e8                eint3Init
                0x000065d8                eint3Deinit
 .text          0x0000660c       0xf4 ARM Flash Debug/eint3ISR.o
                0x00006644                eint3ISR
 .text          0x00006700      0x11c ARM Flash Debug/eint1.o
                0x00006700                eint1Init
                0x000067ec                eint1Deinit
 .text          0x0000681c      0x15c ARM Flash Debug/eint1ISR.o
                0x000068c8                eint1ISR
 .text          0x00006978      0x23c ARM Flash Debug/beep.o
                0x00006978                beepOn
                0x00006a78                beepOff
                0x00006b60                beepMHALL
                0x00006b7c                beepSMOTW
                0x00006b98                beepA_TEAM_THEME
 .text          0x00006bb4      0x3d8 ARM Flash Debug/timer.o
                0x00006bb4                timer1Init
                0x00006bdc                capture13Init
                0x00006d14                timer1ISR
                0x00006ee8                getWindPeriod
                0x00006f0c                clrWindPeriod
                0x00006f20                setWindPeriod
                0x00006f44                getFIntCount
                0x00006f5c                clrFIntCount
                0x00006f70                getVal
 .text          0x00006f8c      0x160 ARM Flash Debug/dac.o
                0x00006f8c                dacInit
                0x00006fc0                dacSet
                0x00007034                dacSetMV
 .text          0x000070ec      0x4cc ARM Flash Debug/args.o
                0x000071cc                argsGetLine
                0x000073dc                argsParse
 .text          0x000075b8      0x1dc ARM Flash Debug/argsdispatch.o
                0x000075b8                argsDispatch
 .text          0x00007794     0x2280 ARM Flash Debug/monitor.o
                0x0000796c                get_fattime
                0x000099b4                monitorTaskStart
 .text          0x00009a14      0x774 ARM Flash Debug/printf-stdarg.o
                0x0000a094                printf
                0x0000a0d4                sprintf
                0x0000a11c                snprintf
                0x0000a168                write
 .text          0x0000a188      0x214 ARM Flash Debug/leds.o
                0x0000a1c4                ledsSetDelay
                0x0000a2a4                ledsTaskStart
                0x0000a304                ledsTaskStop
                0x0000a388                ledsGetDelay
 .text          0x0000a39c      0x404 ARM Flash Debug/tcs3414.o
                0x0000a504                tcs3414Init
                0x0000a538                tcs3414GetColour
                0x0000a6f4                tcs3414GetICRevision
                0x0000a740                tcs3414TaskStart
 .text          0x0000a7a0      0xe4c ARM Flash Debug/mmc.o
                0x0000ad28                mmcWriteProtect
                0x0000ad3c                mmcWaitReady
                0x0000ad60                mmcCardPresent
                0x0000ad78                mmcReadCardInfo
                0x0000aecc                mmcRead
                0x0000b010                mmcWrite
                0x0000b170                mmcVerify
                0x0000b308                mmcInitMedia
                0x0000b5bc                mmcDumpCSD
                0x0000b5d4                mmcDecodeCSD
 .text          0x0000b5ec      0x5c4 ARM Flash Debug/ssp.o
                0x0000b5ec                sspHardwareCardPresent
                0x0000b610                sspHardwareWriteProtected
                0x0000b658                sspChipSelect
                0x0000b718                sspSetClockFreq
                0x0000b7b8                sspInit
                0x0000b904                sspTransferByte
                0x0000b96c                sspWaitReady
                0x0000b9c4                sspSendBlock
                0x0000ba64                sspReceiveBlock
                0x0000bb60                sspDelay1ms
 .text          0x0000bbb0        0x0 ARM Flash Debug/Lcd204_4.o
 .text          0x0000bbb0      0x8f0 ARM Flash Debug/logging.o
                0x0000bbb0                fillSlogEntryItem
                0x0000bc20                setWsPrice
                0x0000bc40                getLogFilename
                0x0000bd08                trackLog
                0x0000bd68                trackLogTaskStart
                0x0000bdc8                trackLogTaskStop
                0x0000be14                initLog
                0x0000bec8                appendToLog
                0x0000bff4                fs_init
                0x0000c06c                getDateTime
                0x0000c0f0                init_daysLogging
                0x0000c104                incr_daysLogging
                0x0000c144                b_itoab
                0x0000c2a4                nrOfDigits
                0x0000c2f8                luk_strcpy
                0x0000c358                setWindFrequency
                0x0000c390                getWindFrequency
                0x0000c488                clrWindFrequency
 .text          0x0000c4a0      0xaa0 ARM Flash Debug/meas_sm.o
                0x0000c4a0                meas_sm
                0x0000cc44                measSMTaskStart
                0x0000cca4                MeasSMTaskStop
                0x0000ccf0                set_measure
                0x0000cd14                clr_measure
                0x0000cd28                get_measure
                0x0000cd40                set_trackLog
                0x0000cd54                clr_trackLog
                0x0000cd68                get_trackLog
                0x0000cd80                get_pumpLastControlSignalOn
                0x0000cdb0                set_pumpLastControlSignalOn
                0x0000cde0                clr_pumpLastControlSignalOn
                0x0000cdf4                updateMeasure_timestamp
                0x0000ceb0                getMeasure_timestamp_diff
                0x0000ced8                clr_valuesReceived
                0x0000ceec                set_valuesReceived
                0x0000cf00                valuesReceived
                0x0000cf18                stopMeasure
                0x0000cf2c                startMeasure
 .text          0x0000cf40      0x710 ARM Flash Debug/meas_task.o
                0x0000cf40                meas_windspeed
                0x0000d188                meas_winddirection
                0x0000d370                meas_task_init
                0x0000d44c                doMeasure
                0x0000d5a4                measTaskStart
                0x0000d604                measTaskStop
 .text          0x0000d650        0x0 ARM Flash Debug/crt0.o
 .text          0x0000d650        0x0 ARM Flash Debug/Philips_LPC210X_Startup.o
 .text          0x0000d650      0x110 ARM Flash Debug/LPC210x.o
                0x0000d680                ctl_start_timer
                0x0000d754                ctl_get_ticks_per_second
 .text          0x0000d760      0x318 ARM Flash Debug/VIC.o
                0x0000d760                ctl_set_isr
                0x0000da18                ctl_unmask_isr
                0x0000da48                ctl_mask_isr
 .text          0x0000da78       0x44 ARM Flash Debug/VIC_irq_handler.o
                0x0000da78                irq_handler
 .text          0x0000dabc      0x24c ARM Flash Debug/portISR.o
                0x0000dabc                vPortISRStartFirstTask
                0x0000db08                swi_handler
                0x0000dbb4                vTickISR
                0x0000dc80                vPortEnterCritical
                0x0000dcb0                vPortExitCritical
 .text          0x0000dd08      0x354 ARM Flash Debug/port.o
                0x0000dd08                pxPortInitialiseStack
                0x0000df68                xPortStartScheduler
                0x0000df84                vPortEndScheduler
 .text          0x0000e05c      0x35c ARM Flash Debug/heap_2.o
                0x0000e05c                pvPortMalloc
                0x0000e2cc                vPortFree
                0x0000e3a0                xPortGetFreeHeapSize
                0x0000e3b4                vPortInitialiseBlocks
 .text          0x0000e3b8     0x1f5c ARM Flash Debug/tasks.o
                0x0000e3b8                xTaskGenericCreate
                0x0000e60c                vTaskDelete
                0x0000e708                vTaskDelayUntil
                0x0000e880                vTaskDelay
                0x0000e96c                uxTaskPriorityGet
                0x0000e9c4                vTaskPrioritySet
                0x0000eb94                vTaskSuspend
                0x0000ec4c                xTaskIsTaskSuspended
                0x0000ecbc                vTaskResume
                0x0000edb4                xTaskResumeFromISR
                0x0000eec8                vTaskStartScheduler
                0x0000ef68                vTaskEndScheduler
                0x0000ef9c                vTaskSuspendAll
                0x0000efb8                xTaskResumeAll
                0x0000f174                xTaskGetTickCount
                0x0000f1a8                uxTaskGetNumberOfTasks
                0x0000f1bc                vTaskList
                0x0000f330                vTaskStartTrace
                0x0000f3a0                ulTaskEndTrace
                0x0000f3f8                vTaskIncrementTick
                0x0000f578                vTaskSwitchContext
                0x0000f814                vTaskPlaceOnEventList
                0x0000f914                xTaskRemoveFromEventList
                0x0000fa48                vTaskSetTimeOutState
                0x0000fa80                xTaskCheckForTimeOut
                0x0000fb74                vTaskMissedYield
                0x0000fb88                prvIdleTask
                0x0000fba0                prvInitialiseTCBVariables
                0x0000fc6c                prvInitialiseTaskLists
                0x0000fd2c                prvCheckTasksWaitingTermination
                0x0000fdfc                prvAllocateTCBAndStack
                0x0000fea4                prvListTaskWithinSingleList
                0x0000fff4                usTaskCheckFreeStackSpace
                0x00010050                uxTaskGetStackHighWaterMark
                0x000100b0                prvDeleteTCB
                0x000100e0                xTaskGetCurrentTaskHandle
                0x00010104                vTaskPriorityInherit
                0x00010234                vTaskPriorityDisinherit
 .text          0x00010314     0x1168 ARM Flash Debug/queue.o
                0x00010314                xQueueCreate
                0x0001045c                xQueueCreateMutex
                0x00010534                xQueueGiveMutexRecursive
                0x000105b8                xQueueTakeMutexRecursive
                0x00010650                xQueueGenericSend
                0x000107fc                xQueueAltGenericSend
                0x0001093c                xQueueAltGenericReceive
                0x00010b28                xQueueGenericSendFromISR
                0x00010bf8                xQueueGenericReceive
                0x00010e50                xQueueReceiveFromISR
                0x00010f24                uxQueueMessagesWaiting
                0x00010f58                uxQueueMessagesWaitingFromISR
                0x00010f7c                vQueueDelete
                0x000112e4                xQueueIsQueueEmptyFromISR
                0x0001135c                xQueueIsQueueFullFromISR
                0x00011394                vQueueAddToRegistry
 .text          0x0001147c      0x258 ARM Flash Debug/list.o
                0x0001147c                vListInitialise
                0x000114e0                vListInitialiseItem
                0x000114fc                vListInsertEnd
                0x00011584                vListInsert
                0x0001164c                vListRemove
 .text          0x000116d4      0x62c ARM Flash Debug/disk.o
                0x000116d4                diskInitialize
                0x00011804                diskShutdown
                0x00011838                diskStatus
                0x00011860                diskRead
                0x000118fc                diskWrite
                0x000119b8                diskIoctl
                0x00011c3c                diskPresent
                0x00011c54                diskErrorText
                0x00011cc8                diskErrorTextPrint
 .text          0x00011d00     0x5b8c ARM Flash Debug/ff.o
                0x00014220                f_ferrorlookup
                0x00014294                f_printerror
                0x000142cc                f_mount
                0x00014364                f_open
                0x00014920                f_read
                0x00014d4c                f_write
                0x00015220                f_sync
                0x000154f0                f_close
                0x00015538                f_lseek
                0x000158d8                f_opendir
                0x00015a54                f_readdir
                0x00015ba4                f_stat
                0x00015c54                f_getfree
                0x00015f00                f_unlink
                0x0001619c                f_mkdir
                0x00016638                f_chmod
                0x00016740                f_rename
                0x00016914                f_mkfs
 .text          0x0001788c        0x0 C:/Users/lukas/AppData/Local/Rowley Associates Limited/CrossWorks for ARM/packages/lib/liblpc2000_v4t_a_le.a(liblpc2000_lpc21xx_get_cclk.o)
 .text.liblpc2000
                0x0001788c       0x30 C:/Users/lukas/AppData/Local/Rowley Associates Limited/CrossWorks for ARM/packages/lib/liblpc2000_v4t_a_le.a(liblpc2000_lpc21xx_get_cclk.o)
                0x0001788c                liblpc2000_lpc21xx_get_cclk
                0x0001788c                liblpc2000_get_cclk
 .text          0x000178bc        0x0 C:/Users/lukas/AppData/Local/Rowley Associates Limited/CrossWorks for ARM/packages/lib/liblpc2000_v4t_a_le.a(liblpc2000_lpc21xx_get_pclk.o)
 .text.liblpc2000
                0x000178bc       0x2c C:/Users/lukas/AppData/Local/Rowley Associates Limited/CrossWorks for ARM/packages/lib/liblpc2000_v4t_a_le.a(liblpc2000_lpc21xx_get_pclk.o)
                0x000178bc                liblpc2000_lpc21xx_get_pclk
                0x000178bc                liblpc2000_get_pclk
 .text          0x000178e8        0x0 C:/Program Files/Rowley Associates Limited/CrossWorks for ARM 2.0/lib/libm_v4t_a_le.a(__int32_to_float32.o)
 *fill*         0x000178e8        0x8 00
 .text.libc     0x000178f0       0x70 C:/Program Files/Rowley Associates Limited/CrossWorks for ARM 2.0/lib/libm_v4t_a_le.a(__int32_to_float32.o)
                0x000178f0                __int32_to_float32
                0x000178f0                __floatsisf
                0x000178f0                __aeabi_i2f
                0x00017904                __int32_to_float32_common
 .text          0x00017960        0x0 C:/Program Files/Rowley Associates Limited/CrossWorks for ARM 2.0/lib/libm_v4t_a_le.a(__int32_to_float64.o)
 .text.libc     0x00017960       0x70 C:/Program Files/Rowley Associates Limited/CrossWorks for ARM 2.0/lib/libm_v4t_a_le.a(__int32_to_float64.o)
                0x00017960                __aeabi_i2d
                0x00017960                __int32_to_float64
                0x00017960                __floatsidf
 .text          0x000179d0        0x0 C:/Program Files/Rowley Associates Limited/CrossWorks for ARM 2.0/lib/libm_v4t_a_le.a(__uint32_to_float32.o)
 .text.libc     0x000179d0       0x10 C:/Program Files/Rowley Associates Limited/CrossWorks for ARM 2.0/lib/libm_v4t_a_le.a(__uint32_to_float32.o)
                0x000179d0                __aeabi_ui2f
                0x000179d0                __floatunsisf
                0x000179d0                __uint32_to_float32
 .text          0x000179e0        0x0 C:/Program Files/Rowley Associates Limited/CrossWorks for ARM 2.0/lib/libm_v4t_a_le.a(__float32_to_uint32.o)
 .text.libc     0x000179e0       0x40 C:/Program Files/Rowley Associates Limited/CrossWorks for ARM 2.0/lib/libm_v4t_a_le.a(__float32_to_uint32.o)
                0x000179e0                __aeabi_f2uiz
                0x000179e0                __fixunssfsi
                0x000179e0                __float32_to_uint32
 .text          0x00017a20        0x0 C:/Program Files/Rowley Associates Limited/CrossWorks for ARM 2.0/lib/libm_v4t_a_le.a(__float64_to_int32.o)
 .text.libc     0x00017a20       0x60 C:/Program Files/Rowley Associates Limited/CrossWorks for ARM 2.0/lib/libm_v4t_a_le.a(__float64_to_int32.o)
                0x00017a20                __aeabi_d2iz
                0x00017a20                __float64_to_int32
                0x00017a20                __fixdfsi
 .text          0x00017a80        0x0 C:/Program Files/Rowley Associates Limited/CrossWorks for ARM 2.0/lib/libm_v4t_a_le.a(__float32_to_float64.o)
 .text.libc     0x00017a80       0x40 C:/Program Files/Rowley Associates Limited/CrossWorks for ARM 2.0/lib/libm_v4t_a_le.a(__float32_to_float64.o)
                0x00017a80                __float32_to_float64
                0x00017a80                __aeabi_f2d
                0x00017a80                __extendsfdf2
 .text          0x00017ac0        0x0 C:/Program Files/Rowley Associates Limited/CrossWorks for ARM 2.0/lib/libm_v4t_a_le.a(__float64_to_float32.o)
 .text.libc     0x00017ac0       0x80 C:/Program Files/Rowley Associates Limited/CrossWorks for ARM 2.0/lib/libm_v4t_a_le.a(__float64_to_float32.o)
                0x00017ac0                __truncdfsf2
                0x00017ac0                __float64_to_float32
                0x00017ac0                __aeabi_d2f
 .text          0x00017b40        0x0 C:/Program Files/Rowley Associates Limited/CrossWorks for ARM 2.0/lib/libm_v4t_a_le.a(__float32_mul.o)
 .text.libc     0x00017b40      0x100 C:/Program Files/Rowley Associates Limited/CrossWorks for ARM 2.0/lib/libm_v4t_a_le.a(__float32_mul.o)
                0x00017b40                __mulsf3
                0x00017b40                __float32_mul
 .text          0x00017c40        0x0 C:/Program Files/Rowley Associates Limited/CrossWorks for ARM 2.0/lib/libm_v4t_a_le.a(__float64_div.o)
 .text.libc     0x00017c40      0x330 C:/Program Files/Rowley Associates Limited/CrossWorks for ARM 2.0/lib/libm_v4t_a_le.a(__float64_div.o)
                0x00017c40                __divdf3
                0x00017c40                __float64_div
                0x00017c40                __aeabi_ddiv
 .text          0x00017f70        0x0 C:/Program Files/Rowley Associates Limited/CrossWorks for ARM 2.0/lib/libm_v4t_a_le.a(log.o)
 .text.libc     0x00017f70      0x2c0 C:/Program Files/Rowley Associates Limited/CrossWorks for ARM 2.0/lib/libm_v4t_a_le.a(log.o)
                0x00017f70                log
 .text          0x00018230        0x0 C:/Program Files/Rowley Associates Limited/CrossWorks for ARM 2.0/lib/libm_v4t_a_le.a(__float64_add.o)
 .text.libc     0x00018230      0x350 C:/Program Files/Rowley Associates Limited/CrossWorks for ARM 2.0/lib/libm_v4t_a_le.a(__float64_add.o)
                0x00018230                __aeabi_drsub
                0x00018238                __aeabi_dsub
                0x00018238                __float64_sub
                0x00018238                __subdf3
                0x0001823c                __aeabi_dadd
                0x0001823c                __float64_add
                0x0001823c                __adddf3
 .text          0x00018580        0x0 C:/Program Files/Rowley Associates Limited/CrossWorks for ARM 2.0/lib/libm_v4t_a_le.a(__float64_mul.o)
 .text.libc     0x00018580      0x1b0 C:/Program Files/Rowley Associates Limited/CrossWorks for ARM 2.0/lib/libm_v4t_a_le.a(__float64_mul.o)
                0x00018580                __muldf3
                0x00018580                __float64_mul
 .text          0x00018730        0x0 C:/Program Files/Rowley Associates Limited/CrossWorks for ARM 2.0/lib/libm_v4t_a_le.a(__float64_cmp.o)
 .text.libc     0x00018730       0x70 C:/Program Files/Rowley Associates Limited/CrossWorks for ARM 2.0/lib/libm_v4t_a_le.a(__float64_cmp.o)
                0x00018730                __eqdf2
                0x00018730                __gtdf2
                0x00018730                __ltdf2
                0x00018730                __ledf2
                0x00018730                __nedf2
                0x00018730                __gedf2
                0x00018730                __cmpdf2
 .text          0x000187a0        0x0 C:/Program Files/Rowley Associates Limited/CrossWorks for ARM 2.0/lib/libm_v4t_a_le.a(__float64_isnan.o)
 .text.libc     0x000187a0       0x20 C:/Program Files/Rowley Associates Limited/CrossWorks for ARM 2.0/lib/libm_v4t_a_le.a(__float64_isnan.o)
                0x000187a0                __float64_isnan
 .text          0x000187c0        0x0 C:/Program Files/Rowley Associates Limited/CrossWorks for ARM 2.0/lib/libm_v4t_a_le.a(__float64_infinity.o)
 .text.libc     0x000187c0        0x0 C:/Program Files/Rowley Associates Limited/CrossWorks for ARM 2.0/lib/libm_v4t_a_le.a(__float64_infinity.o)
 .text          0x000187c0        0x0 C:/Program Files/Rowley Associates Limited/CrossWorks for ARM 2.0/lib/libm_v4t_a_le.a(__float64_nan.o)
 .text.libc     0x000187c0        0x0 C:/Program Files/Rowley Associates Limited/CrossWorks for ARM 2.0/lib/libm_v4t_a_le.a(__float64_nan.o)
 .text          0x000187c0        0x0 C:/Program Files/Rowley Associates Limited/CrossWorks for ARM 2.0/lib/libm_v4t_a_le.a(__poly1_eval.o)
 .text.libc     0x000187c0       0x70 C:/Program Files/Rowley Associates Limited/CrossWorks for ARM 2.0/lib/libm_v4t_a_le.a(__poly1_eval.o)
                0x000187c0                __poly1_eval
 .text          0x00018830        0x0 C:/Program Files/Rowley Associates Limited/CrossWorks for ARM 2.0/lib/libm_v4t_a_le.a(__poly_eval.o)
 .text.libc     0x00018830       0x5c C:/Program Files/Rowley Associates Limited/CrossWorks for ARM 2.0/lib/libm_v4t_a_le.a(__poly_eval.o)
                0x00018830                __poly_eval
 .text          0x0001888c        0x0 C:/Program Files/Rowley Associates Limited/CrossWorks for ARM 2.0/lib/libm_v4t_a_le.a(frexp.o)
 .text.libc     0x0001888c       0x60 C:/Program Files/Rowley Associates Limited/CrossWorks for ARM 2.0/lib/libm_v4t_a_le.a(frexp.o)
                0x0001888c                frexp
 .text          0x000188ec        0x0 C:/Program Files/Rowley Associates Limited/CrossWorks for ARM 2.0/lib/libm_v4t_a_le.a(ldexp.o)
 .text.libc     0x000188ec       0x84 C:/Program Files/Rowley Associates Limited/CrossWorks for ARM 2.0/lib/libm_v4t_a_le.a(ldexp.o)
                0x000188ec                ldexp
 .text          0x00018970        0x0 C:/Program Files/Rowley Associates Limited/CrossWorks for ARM 2.0/lib/libc_v4t_a_le.a(__int32_umod.o)
 .text.libc     0x00018970       0x20 C:/Program Files/Rowley Associates Limited/CrossWorks for ARM 2.0/lib/libc_v4t_a_le.a(__int32_umod.o)
                0x00018970                __int32_umod
                0x00018970                __umodsi3
 .text          0x00018990        0x0 C:/Program Files/Rowley Associates Limited/CrossWorks for ARM 2.0/lib/libc_v4t_a_le.a(__int32_div.o)
 .text.libc     0x00018990       0x50 C:/Program Files/Rowley Associates Limited/CrossWorks for ARM 2.0/lib/libc_v4t_a_le.a(__int32_div.o)
                0x00018990                __divsi3
                0x00018990                __int32_div
 .text          0x000189e0        0x0 C:/Program Files/Rowley Associates Limited/CrossWorks for ARM 2.0/lib/libc_v4t_a_le.a(__int32_udivmod.o)
 .text.libc     0x000189e0       0x30 C:/Program Files/Rowley Associates Limited/CrossWorks for ARM 2.0/lib/libc_v4t_a_le.a(__int32_udivmod.o)
                0x000189e0                __int32_udivmod
                0x000189e0                __udivsi3
                0x000189e0                __int32_udiv
 .text          0x00018a10        0x0 C:/Program Files/Rowley Associates Limited/CrossWorks for ARM 2.0/lib/libc_v4t_a_le.a(strlen.o)
 .text.libc     0x00018a10       0x90 C:/Program Files/Rowley Associates Limited/CrossWorks for ARM 2.0/lib/libc_v4t_a_le.a(strlen.o)
                0x00018a10                strlen
 .text          0x00018aa0        0x0 C:/Program Files/Rowley Associates Limited/CrossWorks for ARM 2.0/lib/libc_v4t_a_le.a(memcpy.o)
 .text.libc     0x00018aa0       0x60 C:/Program Files/Rowley Associates Limited/CrossWorks for ARM 2.0/lib/libc_v4t_a_le.a(memcpy.o)
                0x00018aa0                memcpy
 .text          0x00018b00        0x0 C:/Program Files/Rowley Associates Limited/CrossWorks for ARM 2.0/lib/libc_v4t_a_le.a(memset.o)
 .text.libc     0x00018b00       0xa0 C:/Program Files/Rowley Associates Limited/CrossWorks for ARM 2.0/lib/libc_v4t_a_le.a(memset.o)
                0x00018b00                memset
 .text          0x00018ba0        0x0 C:/Program Files/Rowley Associates Limited/CrossWorks for ARM 2.0/lib/libc_v4t_a_le.a(strcpy.o)
 .text.libc     0x00018ba0       0x60 C:/Program Files/Rowley Associates Limited/CrossWorks for ARM 2.0/lib/libc_v4t_a_le.a(strcpy.o)
                0x00018ba0                strcpy
 .text          0x00018c00        0x0 C:/Program Files/Rowley Associates Limited/CrossWorks for ARM 2.0/lib/libc_v4t_a_le.a(strcmp.o)
 .text.libc     0x00018c00       0x70 C:/Program Files/Rowley Associates Limited/CrossWorks for ARM 2.0/lib/libc_v4t_a_le.a(strcmp.o)
                0x00018c00                strcmp
 .text          0x00018c70        0x0 C:/Program Files/Rowley Associates Limited/CrossWorks for ARM 2.0/lib/libc_v4t_a_le.a(memcmp.o)
 .text.libc     0x00018c70       0x54 C:/Program Files/Rowley Associates Limited/CrossWorks for ARM 2.0/lib/libc_v4t_a_le.a(memcmp.o)
                0x00018c70                memcmp
 .text          0x00018cc4        0x0 C:/Program Files/Rowley Associates Limited/CrossWorks for ARM 2.0/lib/libc_v4t_a_le.a(strcat.o)
 .text.libc     0x00018cc4       0x3c C:/Program Files/Rowley Associates Limited/CrossWorks for ARM 2.0/lib/libc_v4t_a_le.a(strcat.o)
                0x00018cc4                strcat
 .text          0x00018d00        0x0 C:/Program Files/Rowley Associates Limited/CrossWorks for ARM 2.0/lib/libc_v4t_a_le.a(strncmp.o)
 .text.libc     0x00018d00       0x64 C:/Program Files/Rowley Associates Limited/CrossWorks for ARM 2.0/lib/libc_v4t_a_le.a(strncmp.o)
                0x00018d00                strncmp
 .text          0x00018d64        0x0 C:/Program Files/Rowley Associates Limited/CrossWorks for ARM 2.0/lib/libc_v4t_a_le.a(strncpy.o)
 .text.libc     0x00018d64       0x74 C:/Program Files/Rowley Associates Limited/CrossWorks for ARM 2.0/lib/libc_v4t_a_le.a(strncpy.o)
                0x00018d64                strncpy
 .text          0x00018dd8        0x0 C:/Program Files/Rowley Associates Limited/CrossWorks for ARM 2.0/lib/libc_v4t_a_le.a(ctype.o)
 .text.libc     0x00018dd8      0x17c C:/Program Files/Rowley Associates Limited/CrossWorks for ARM 2.0/lib/libc_v4t_a_le.a(ctype.o)
                0x00018dd8                isalpha
                0x00018df4                isupper
                0x00018e08                islower
                0x00018e1c                isdigit
                0x00018e30                isxdigit
                0x00018e5c                isspace
                0x00018e74                ispunct
                0x00018eb0                isalnum
                0x00018edc                isprint
                0x00018ef0                isgraph
                0x00018f04                iscntrl
                0x00018f18                tolower
                0x00018f2c                toupper
                0x00018f40                isblank
 .text          0x00018f54        0x0 C:/Program Files/Rowley Associates Limited/CrossWorks for ARM 2.0/lib/libc_v4t_a_le.a(malloc.o)
 .text.libc     0x00018f54      0x250 C:/Program Files/Rowley Associates Limited/CrossWorks for ARM 2.0/lib/libc_v4t_a_le.a(malloc.o)
                0x00018f54                free
                0x00019048                malloc
                0x0001912c                realloc
                0x00019174                calloc
 .text          0x000191a4        0x0 C:/Program Files/Rowley Associates Limited/CrossWorks for ARM 2.0/lib/libc_v4t_a_le.a(atoi.o)
 .text.libc     0x000191a4       0x38 C:/Program Files/Rowley Associates Limited/CrossWorks for ARM 2.0/lib/libc_v4t_a_le.a(atoi.o)
                0x000191a4                atoi
 .text          0x000191dc        0x0 C:/Program Files/Rowley Associates Limited/CrossWorks for ARM 2.0/lib/libc_v4t_a_le.a(time.o)
 .text.libc     0x000191dc      0x75c C:/Program Files/Rowley Associates Limited/CrossWorks for ARM 2.0/lib/libc_v4t_a_le.a(time.o)
                0x000191dc                difftime
                0x000191f0                checktm
                0x00019438                mktime
                0x00019680                localtime_r
                0x0001988c                localtime
                0x000198ac                gmtime_r
                0x000198c4                gmtime
                0x000198e4                ctime_r
                0x00019914                ctime
 .text          0x00019938        0x0 C:/Program Files/Rowley Associates Limited/CrossWorks for ARM 2.0/lib/libc_v4t_a_le.a(asctime.o)
 .text.libc     0x00019938      0x18c C:/Program Files/Rowley Associates Limited/CrossWorks for ARM 2.0/lib/libc_v4t_a_le.a(asctime.o)
                0x00019964                asctime_r
                0x00019aac                asctime
 .text          0x00019ac4        0x0 C:/Program Files/Rowley Associates Limited/CrossWorks for ARM 2.0/lib/libc_v4t_a_le.a(strftime.o)
 .text.libc     0x00019ac4      0x82c C:/Program Files/Rowley Associates Limited/CrossWorks for ARM 2.0/lib/libc_v4t_a_le.a(strftime.o)
                0x0001a29c                strftime
 .text          0x0001a2f0        0x0 C:/Program Files/Rowley Associates Limited/CrossWorks for ARM 2.0/lib/libc_v4t_a_le.a(div.o)
 .text.libc     0x0001a2f0       0x54 C:/Program Files/Rowley Associates Limited/CrossWorks for ARM 2.0/lib/libc_v4t_a_le.a(div.o)
                0x0001a2f0                div
 .text          0x0001a344        0x0 C:/Program Files/Rowley Associates Limited/CrossWorks for ARM 2.0/lib/libc_v4t_a_le.a(strtol.o)
 .text.libc     0x0001a344       0xd4 C:/Program Files/Rowley Associates Limited/CrossWorks for ARM 2.0/lib/libc_v4t_a_le.a(strtol.o)
                0x0001a344                strtol
 .text          0x0001a418        0x0 C:/Program Files/Rowley Associates Limited/CrossWorks for ARM 2.0/lib/libc_v4t_a_le.a(ldiv.o)
 .text.libc     0x0001a418       0x54 C:/Program Files/Rowley Associates Limited/CrossWorks for ARM 2.0/lib/libc_v4t_a_le.a(ldiv.o)
                0x0001a418                ldiv
 .text          0x0001a46c        0x0 C:/Program Files/Rowley Associates Limited/CrossWorks for ARM 2.0/lib/libc_v4t_a_le.a(__int32_mod.o)
 *fill*         0x0001a46c        0x4 00
 .text.libc     0x0001a470       0x50 C:/Program Files/Rowley Associates Limited/CrossWorks for ARM 2.0/lib/libc_v4t_a_le.a(__int32_mod.o)
                0x0001a470                __modsi3
                0x0001a470                __int32_mod
 .text          0x0001a4c0        0x0 C:/Program Files/Rowley Associates Limited/CrossWorks for ARM 2.0/lib/libc_v4t_a_le.a(__strtoul.o)
 .text.libc     0x0001a4c0      0x128 C:/Program Files/Rowley Associates Limited/CrossWorks for ARM 2.0/lib/libc_v4t_a_le.a(__strtoul.o)
                0x0001a4c0                __strtoul
 .text          0x0001a5e8        0x0 C:/Program Files/Rowley Associates Limited/CrossWorks for ARM 2.0/lib/libc_v4t_a_le.a(__digit.o)
 .text.libc     0x0001a5e8       0x54 C:/Program Files/Rowley Associates Limited/CrossWorks for ARM 2.0/lib/libc_v4t_a_le.a(__digit.o)
                0x0001a5e8                __digit
 .text          0x0001a63c        0x0 C:/Program Files/Rowley Associates Limited/CrossWorks for ARM 2.0/lib/libdebugio_v4t_a_le.a(debug_printf.o)
 .text.libc     0x0001a63c       0x20 C:/Program Files/Rowley Associates Limited/CrossWorks for ARM 2.0/lib/libdebugio_v4t_a_le.a(debug_printf.o)
                0x0001a63c                debug_printf
 .text          0x0001a65c        0x0 C:/Program Files/Rowley Associates Limited/CrossWorks for ARM 2.0/lib/libc_targetio_impl_v4t_a_le.a(putchar.o)
 .text.libc     0x0001a65c       0x2c C:/Program Files/Rowley Associates Limited/CrossWorks for ARM 2.0/lib/libc_targetio_impl_v4t_a_le.a(putchar.o)
                0x0001a65c                putchar
 .text          0x0001a688        0x0 C:/Program Files/Rowley Associates Limited/CrossWorks for ARM 2.0/lib/libc_user_libc_v4t_a_le.a(user_libc.o)
 .text.libc     0x0001a688       0x2c C:/Program Files/Rowley Associates Limited/CrossWorks for ARM 2.0/lib/libc_user_libc_v4t_a_le.a(user_libc.o)
                0x0001a688                __errno
                0x0001a694                __heap_lock
                0x0001a698                __heap_unlock
                0x0001a69c                __printf_lock
                0x0001a6a0                __printf_unlock
                0x0001a6a4                __scanf_lock
                0x0001a6a8                __scanf_unlock
                0x0001a6ac                __debug_io_lock
                0x0001a6b0                __debug_io_unlock
 .text          0x0001a6b4        0x0 C:/Program Files/Rowley Associates Limited/CrossWorks for ARM 2.0/lib/libdebugio_dcc_v4t_a_le.a(dcc_debug_operations.o)
 .text.libdebugio_dcc
                0x0001a6b4       0x4c C:/Program Files/Rowley Associates Limited/CrossWorks for ARM 2.0/lib/libdebugio_dcc_v4t_a_le.a(dcc_debug_operations.o)
                0x0001a6b4                __do_debug_operation
 .text          0x0001a700        0x0 C:/Program Files/Rowley Associates Limited/CrossWorks for ARM 2.0/lib/libdebugio_dcc_v4t_a_le.a(libarmdi_dcc_write.o)
 .text.libdebugio_dcc
                0x0001a700       0x20 C:/Program Files/Rowley Associates Limited/CrossWorks for ARM 2.0/lib/libdebugio_dcc_v4t_a_le.a(libarmdi_dcc_write.o)
                0x0001a700                libarm_dcc_write
 .text          0x0001a720        0x0 C:/Program Files/Rowley Associates Limited/CrossWorks for ARM 2.0/lib/libdebugio_dcc_v4t_a_le.a(libarm_run_dcc_port_server.o)
 .text.libdebugio_dcc
                0x0001a720      0x234 C:/Program Files/Rowley Associates Limited/CrossWorks for ARM 2.0/lib/libdebugio_dcc_v4t_a_le.a(libarm_run_dcc_port_server.o)
                0x0001a720                libarm_run_dcc_port_server
 .text          0x0001a954        0x0 C:/Program Files/Rowley Associates Limited/CrossWorks for ARM 2.0/lib/libdebugio_dcc_v4t_a_le.a(libarmdi_dcc_read.o)
 *fill*         0x0001a954        0xc 00
 .text.libdebugio_dcc
                0x0001a960       0x20 C:/Program Files/Rowley Associates Limited/CrossWorks for ARM 2.0/lib/libdebugio_dcc_v4t_a_le.a(libarmdi_dcc_read.o)
                0x0001a960                libarm_dcc_read
                0x0001a980                __text_end__ = (__text_start__ + SIZEOF (.text))
                0x0001a980                __text_load_end__ = __text_end__

.vfp11_veneer   0x00000000        0x0
 .vfp11_veneer  0x00000000        0x0 linker stubs

.v4_bx          0x00000000        0x0
 .v4_bx         0x00000000        0x0 linker stubs
                0x00000001                . = ASSERT (((__text_end__ >= __FLASH_segment_start__) && (__text_end__ <= (__FLASH_segment_start__ + 0x80000))), error: .text is too large to fit in FLASH memory segment)
                0x0001a980                __dtors_load_start__ = ALIGN (__text_end__, 0x4)

.dtors          0x0001a980        0x0
                0x0001a980                __dtors_start__ = .
 *(SORT(.dtors.*))
 *(.dtors)
                0x0001a980                __dtors_end__ = (__dtors_start__ + SIZEOF (.dtors))
                0x0001a980                __dtors_load_end__ = __dtors_end__
                0x00000001                . = ASSERT (((__dtors_end__ >= __FLASH_segment_start__) && (__dtors_end__ <= (__FLASH_segment_start__ + 0x80000))), error: .dtors is too large to fit in FLASH memory segment)
                0x0001a980                __ctors_load_start__ = ALIGN (__dtors_end__, 0x4)

.ctors          0x0001a980        0x0
                0x0001a980                __ctors_start__ = .
 *(SORT(.ctors.*))
 *(.ctors)
                0x0001a980                __ctors_end__ = (__ctors_start__ + SIZEOF (.ctors))
                0x0001a980                __ctors_load_end__ = __ctors_end__
                0x00000001                . = ASSERT (((__ctors_end__ >= __FLASH_segment_start__) && (__ctors_end__ <= (__FLASH_segment_start__ + 0x80000))), error: .ctors is too large to fit in FLASH memory segment)
                0x0001a980                __rodata_load_start__ = ALIGN (__ctors_end__, 0x4)

.rodata         0x0001a980     0x21f4
                0x0001a980                __rodata_start__ = .
 *(.rodata .rodata.* .gnu.linkonce.r.*)
 .rodata        0x0001a980        0x8 ARM Flash Debug/main.o
 .rodata        0x0001a988      0x1a0 ARM Flash Debug/i2c.o
 .rodata        0x0001ab28        0xc ARM Flash Debug/i2cInt.o
 .rodata        0x0001ab34       0x90 ARM Flash Debug/usbser.o
 .rodata        0x0001abc4      0x2b4 ARM Flash Debug/beep.o
 .rodata        0x0001ae78       0x10 ARM Flash Debug/args.o
 .rodata        0x0001ae88       0x84 ARM Flash Debug/argsdispatch.o
 .rodata        0x0001af0c     0x1270 ARM Flash Debug/monitor.o
 .rodata        0x0001c17c        0x8 ARM Flash Debug/printf-stdarg.o
 .rodata        0x0001c184        0x4 ARM Flash Debug/leds.o
 .rodata        0x0001c188        0x8 ARM Flash Debug/tcs3414.o
 .rodata        0x0001c190      0x224 ARM Flash Debug/mmc.o
 .rodata        0x0001c3b4       0xb0 ARM Flash Debug/logging.o
 .rodata        0x0001c464      0x1e4 ARM Flash Debug/meas_sm.o
 .rodata        0x0001c648       0x30 ARM Flash Debug/meas_task.o
 .rodata        0x0001c678        0x2 ARM Flash Debug/heap_2.o
 *fill*         0x0001c67a        0x2 00
 .rodata        0x0001c67c       0x34 ARM Flash Debug/tasks.o
 .rodata        0x0001c6b0       0x7c ARM Flash Debug/disk.o
 .rodata        0x0001c72c      0x168 ARM Flash Debug/ff.o
 .rodata.libc   0x0001c894       0x28 C:/Program Files/Rowley Associates Limited/CrossWorks for ARM 2.0/lib/libm_v4t_a_le.a(log.o)
 .rodata.libc   0x0001c8bc        0x8 C:/Program Files/Rowley Associates Limited/CrossWorks for ARM 2.0/lib/libm_v4t_a_le.a(__float64_infinity.o)
                0x0001c8bc                __float64_infinity
 .rodata.libc   0x0001c8c4        0x8 C:/Program Files/Rowley Associates Limited/CrossWorks for ARM 2.0/lib/libm_v4t_a_le.a(__float64_nan.o)
                0x0001c8c4                __float64_nan
 .rodata.libc   0x0001c8cc       0x84 C:/Program Files/Rowley Associates Limited/CrossWorks for ARM 2.0/lib/libc_v4t_a_le.a(ctype.o)
                0x0001c8cc                __ctype
 .rodata.libc   0x0001c950       0x68 C:/Program Files/Rowley Associates Limited/CrossWorks for ARM 2.0/lib/libc_v4t_a_le.a(time.o)
 .rodata.libc   0x0001c9b8       0x4c C:/Program Files/Rowley Associates Limited/CrossWorks for ARM 2.0/lib/libc_v4t_a_le.a(asctime.o)
 .rodata.libc   0x0001ca04       0x4c C:/Program Files/Rowley Associates Limited/CrossWorks for ARM 2.0/lib/libc_v4t_a_le.a(strftime.o)
 .rodata.libc.str1.4
                0x0001ca50      0x124 C:/Program Files/Rowley Associates Limited/CrossWorks for ARM 2.0/lib/libc_v4t_a_le.a(strftime.o)
                                0x130 (size before relaxing)
                0x0001cb74                __rodata_end__ = (__rodata_start__ + SIZEOF (.rodata))
                0x0001cb74                __rodata_load_end__ = __rodata_end__
                0x00000001                . = ASSERT (((__rodata_end__ >= __FLASH_segment_start__) && (__rodata_end__ <= (__FLASH_segment_start__ + 0x80000))), error: .rodata is too large to fit in FLASH memory segment)
                0x0001cb74                __fast_load_start__ = ALIGN (__rodata_end__, 0x4)

.fast           0x4000003c        0x0 load address 0x0001cb74
                0x4000003c                __fast_start__ = .
 *(.fast .fast.*)
                0x4000003c                __fast_end__ = (__fast_start__ + SIZEOF (.fast))
                0x0001cb74                __fast_load_end__ = (__fast_load_start__ + SIZEOF (.fast))
                0x00000001                . = ASSERT ((((__fast_load_start__ + SIZEOF (.fast)) >= __FLASH_segment_start__) && ((__fast_load_start__ + SIZEOF (.fast)) <= (__FLASH_segment_start__ + 0x80000))), error: .fast is too large to fit in FLASH memory segment)

.fast_run       0x4000003c        0x0
                0x4000003c                __fast_run_start__ = .
                0x4000003c                . = MAX ((__fast_run_start__ + SIZEOF (.fast)), .)
                0x4000003c                __fast_run_end__ = (__fast_run_start__ + SIZEOF (.fast_run))
                0x4000003c                __fast_run_load_end__ = __fast_run_end__
                0x00000001                . = ASSERT (((__fast_run_end__ >= __SRAM_segment_start__) && (__fast_run_end__ <= (__SRAM_segment_start__ + 0x8000))), error: .fast_run is too large to fit in SRAM memory segment)
                0x0001cb74                __data_load_start__ = ALIGN ((__fast_load_start__ + SIZEOF (.fast)), 0x4)

.data           0x4000003c      0x144 load address 0x0001cb74
                0x4000003c                __data_start__ = .
 *(.data .data.* .gnu.linkonce.d.*)
 .data          0x4000003c       0x14 ARM Flash Debug/main.o
 .data          0x40000050        0x0 ARM Flash Debug/adc.o
 .data          0x40000050        0x0 ARM Flash Debug/cpu.o
 .data          0x40000050       0xb0 ARM Flash Debug/i2c.o
 .data          0x40000100        0x4 ARM Flash Debug/i2cInt.o
 .data          0x40000104        0x8 ARM Flash Debug/pwm.o
 .data          0x4000010c        0x0 ARM Flash Debug/spi.o
 .data          0x4000010c        0x8 ARM Flash Debug/uart0.o
 .data          0x40000114        0x0 ARM Flash Debug/uart0ISR.o
 .data          0x40000114        0x8 ARM Flash Debug/uart1.o
 .data          0x4000011c        0x0 ARM Flash Debug/uart1ISR.o
 .data          0x4000011c        0x0 ARM Flash Debug/usbcontrol.o
 .data          0x4000011c        0x0 ARM Flash Debug/usbinit.o
 .data          0x4000011c        0x0 ARM Flash Debug/usbISR.o
 .data          0x4000011c        0x0 ARM Flash Debug/usbstdreq.o
 .data          0x4000011c        0x8 ARM Flash Debug/usbser.o
 .data          0x40000124        0x0 ARM Flash Debug/rtc.o
 .data          0x40000124        0x0 ARM Flash Debug/rtcISR.o
 .data          0x40000124        0x0 ARM Flash Debug/reset.o
 .data          0x40000124        0x0 ARM Flash Debug/eint0.o
 .data          0x40000124        0x0 ARM Flash Debug/eint0ISR.o
 .data          0x40000124        0x0 ARM Flash Debug/eint2.o
 .data          0x40000124        0x0 ARM Flash Debug/eint2ISR.o
 .data          0x40000124        0x0 ARM Flash Debug/eint3.o
 .data          0x40000124        0x8 ARM Flash Debug/eint3ISR.o
 .data          0x4000012c        0x0 ARM Flash Debug/eint1.o
 .data          0x4000012c        0x0 ARM Flash Debug/eint1ISR.o
 .data          0x4000012c        0x0 ARM Flash Debug/beep.o
 .data          0x4000012c       0x10 ARM Flash Debug/timer.o
 .data          0x4000013c        0x0 ARM Flash Debug/dac.o
 .data          0x4000013c        0x0 ARM Flash Debug/args.o
 .data          0x4000013c        0x0 ARM Flash Debug/argsdispatch.o
 .data          0x4000013c        0x0 ARM Flash Debug/monitor.o
 .data          0x4000013c        0x0 ARM Flash Debug/printf-stdarg.o
 .data          0x4000013c        0x8 ARM Flash Debug/leds.o
 .data          0x40000144        0x1 ARM Flash Debug/tcs3414.o
 .data          0x40000145        0x0 ARM Flash Debug/mmc.o
 .data          0x40000145        0x0 ARM Flash Debug/ssp.o
 .data          0x40000145        0x0 ARM Flash Debug/Lcd204_4.o
 *fill*         0x40000145        0x3 00
 .data          0x40000148        0x8 ARM Flash Debug/logging.o
 .data          0x40000150       0x14 ARM Flash Debug/meas_sm.o
 .data          0x40000164        0xc ARM Flash Debug/meas_task.o
 .data          0x40000170        0x0 ARM Flash Debug/crt0.o
 .data          0x40000170        0x0 ARM Flash Debug/Philips_LPC210X_Startup.o
 .data          0x40000170        0x0 ARM Flash Debug/LPC210x.o
 .data          0x40000170        0x0 ARM Flash Debug/VIC.o
 .data          0x40000170        0x0 ARM Flash Debug/VIC_irq_handler.o
 .data          0x40000170        0x4 ARM Flash Debug/portISR.o
                0x40000170                ulCriticalNesting
 .data          0x40000174        0x0 ARM Flash Debug/port.o
 .data          0x40000174        0x0 ARM Flash Debug/heap_2.o
 .data          0x40000174        0x4 ARM Flash Debug/tasks.o
                0x40000174                uxPreviousTask
 .data          0x40000178        0x0 ARM Flash Debug/queue.o
 .data          0x40000178        0x0 ARM Flash Debug/list.o
 .data          0x40000178        0x1 ARM Flash Debug/disk.o
 .data          0x40000179        0x0 ARM Flash Debug/ff.o
 .data          0x40000179        0x0 C:/Users/lukas/AppData/Local/Rowley Associates Limited/CrossWorks for ARM/packages/lib/liblpc2000_v4t_a_le.a(liblpc2000_lpc21xx_get_cclk.o)
 .data          0x40000179        0x0 C:/Users/lukas/AppData/Local/Rowley Associates Limited/CrossWorks for ARM/packages/lib/liblpc2000_v4t_a_le.a(liblpc2000_lpc21xx_get_pclk.o)
 .data          0x40000179        0x0 C:/Program Files/Rowley Associates Limited/CrossWorks for ARM 2.0/lib/libm_v4t_a_le.a(__int32_to_float32.o)
 .data          0x40000179        0x0 C:/Program Files/Rowley Associates Limited/CrossWorks for ARM 2.0/lib/libm_v4t_a_le.a(__int32_to_float64.o)
 .data          0x40000179        0x0 C:/Program Files/Rowley Associates Limited/CrossWorks for ARM 2.0/lib/libm_v4t_a_le.a(__uint32_to_float32.o)
 .data          0x40000179        0x0 C:/Program Files/Rowley Associates Limited/CrossWorks for ARM 2.0/lib/libm_v4t_a_le.a(__float32_to_uint32.o)
 .data          0x40000179        0x0 C:/Program Files/Rowley Associates Limited/CrossWorks for ARM 2.0/lib/libm_v4t_a_le.a(__float64_to_int32.o)
 .data          0x40000179        0x0 C:/Program Files/Rowley Associates Limited/CrossWorks for ARM 2.0/lib/libm_v4t_a_le.a(__float32_to_float64.o)
 .data          0x40000179        0x0 C:/Program Files/Rowley Associates Limited/CrossWorks for ARM 2.0/lib/libm_v4t_a_le.a(__float64_to_float32.o)
 .data          0x40000179        0x0 C:/Program Files/Rowley Associates Limited/CrossWorks for ARM 2.0/lib/libm_v4t_a_le.a(__float32_mul.o)
 .data          0x40000179        0x0 C:/Program Files/Rowley Associates Limited/CrossWorks for ARM 2.0/lib/libm_v4t_a_le.a(__float64_div.o)
 .data          0x40000179        0x0 C:/Program Files/Rowley Associates Limited/CrossWorks for ARM 2.0/lib/libm_v4t_a_le.a(log.o)
 .data          0x40000179        0x0 C:/Program Files/Rowley Associates Limited/CrossWorks for ARM 2.0/lib/libm_v4t_a_le.a(__float64_add.o)
 .data          0x40000179        0x0 C:/Program Files/Rowley Associates Limited/CrossWorks for ARM 2.0/lib/libm_v4t_a_le.a(__float64_mul.o)
 .data          0x40000179        0x0 C:/Program Files/Rowley Associates Limited/CrossWorks for ARM 2.0/lib/libm_v4t_a_le.a(__float64_cmp.o)
 .data          0x40000179        0x0 C:/Program Files/Rowley Associates Limited/CrossWorks for ARM 2.0/lib/libm_v4t_a_le.a(__float64_isnan.o)
 .data          0x40000179        0x0 C:/Program Files/Rowley Associates Limited/CrossWorks for ARM 2.0/lib/libm_v4t_a_le.a(__float64_infinity.o)
 .data          0x40000179        0x0 C:/Program Files/Rowley Associates Limited/CrossWorks for ARM 2.0/lib/libm_v4t_a_le.a(__float64_nan.o)
 .data          0x40000179        0x0 C:/Program Files/Rowley Associates Limited/CrossWorks for ARM 2.0/lib/libm_v4t_a_le.a(__poly1_eval.o)
 .data          0x40000179        0x0 C:/Program Files/Rowley Associates Limited/CrossWorks for ARM 2.0/lib/libm_v4t_a_le.a(__poly_eval.o)
 .data          0x40000179        0x0 C:/Program Files/Rowley Associates Limited/CrossWorks for ARM 2.0/lib/libm_v4t_a_le.a(frexp.o)
 .data          0x40000179        0x0 C:/Program Files/Rowley Associates Limited/CrossWorks for ARM 2.0/lib/libm_v4t_a_le.a(ldexp.o)
 .data          0x40000179        0x0 C:/Program Files/Rowley Associates Limited/CrossWorks for ARM 2.0/lib/libc_v4t_a_le.a(__int32_umod.o)
 .data          0x40000179        0x0 C:/Program Files/Rowley Associates Limited/CrossWorks for ARM 2.0/lib/libc_v4t_a_le.a(__int32_div.o)
 .data          0x40000179        0x0 C:/Program Files/Rowley Associates Limited/CrossWorks for ARM 2.0/lib/libc_v4t_a_le.a(__int32_udivmod.o)
 .data          0x40000179        0x0 C:/Program Files/Rowley Associates Limited/CrossWorks for ARM 2.0/lib/libc_v4t_a_le.a(strlen.o)
 .data          0x40000179        0x0 C:/Program Files/Rowley Associates Limited/CrossWorks for ARM 2.0/lib/libc_v4t_a_le.a(memcpy.o)
 .data          0x40000179        0x0 C:/Program Files/Rowley Associates Limited/CrossWorks for ARM 2.0/lib/libc_v4t_a_le.a(memset.o)
 .data          0x40000179        0x0 C:/Program Files/Rowley Associates Limited/CrossWorks for ARM 2.0/lib/libc_v4t_a_le.a(strcpy.o)
 .data          0x40000179        0x0 C:/Program Files/Rowley Associates Limited/CrossWorks for ARM 2.0/lib/libc_v4t_a_le.a(strcmp.o)
 .data          0x40000179        0x0 C:/Program Files/Rowley Associates Limited/CrossWorks for ARM 2.0/lib/libc_v4t_a_le.a(memcmp.o)
 .data          0x40000179        0x0 C:/Program Files/Rowley Associates Limited/CrossWorks for ARM 2.0/lib/libc_v4t_a_le.a(strcat.o)
 .data          0x40000179        0x0 C:/Program Files/Rowley Associates Limited/CrossWorks for ARM 2.0/lib/libc_v4t_a_le.a(strncmp.o)
 .data          0x40000179        0x0 C:/Program Files/Rowley Associates Limited/CrossWorks for ARM 2.0/lib/libc_v4t_a_le.a(strncpy.o)
 .data          0x40000179        0x0 C:/Program Files/Rowley Associates Limited/CrossWorks for ARM 2.0/lib/libc_v4t_a_le.a(ctype.o)
 .data          0x40000179        0x0 C:/Program Files/Rowley Associates Limited/CrossWorks for ARM 2.0/lib/libc_v4t_a_le.a(malloc.o)
 *fill*         0x40000179        0x3 00
 .data.libc     0x4000017c        0x4 C:/Program Files/Rowley Associates Limited/CrossWorks for ARM 2.0/lib/libc_v4t_a_le.a(malloc.o)
 .data          0x40000180        0x0 C:/Program Files/Rowley Associates Limited/CrossWorks for ARM 2.0/lib/libc_v4t_a_le.a(atoi.o)
 .data          0x40000180        0x0 C:/Program Files/Rowley Associates Limited/CrossWorks for ARM 2.0/lib/libc_v4t_a_le.a(time.o)
 .data          0x40000180        0x0 C:/Program Files/Rowley Associates Limited/CrossWorks for ARM 2.0/lib/libc_v4t_a_le.a(asctime.o)
 .data          0x40000180        0x0 C:/Program Files/Rowley Associates Limited/CrossWorks for ARM 2.0/lib/libc_v4t_a_le.a(strftime.o)
 .data          0x40000180        0x0 C:/Program Files/Rowley Associates Limited/CrossWorks for ARM 2.0/lib/libc_v4t_a_le.a(div.o)
 .data          0x40000180        0x0 C:/Program Files/Rowley Associates Limited/CrossWorks for ARM 2.0/lib/libc_v4t_a_le.a(strtol.o)
 .data          0x40000180        0x0 C:/Program Files/Rowley Associates Limited/CrossWorks for ARM 2.0/lib/libc_v4t_a_le.a(ldiv.o)
 .data          0x40000180        0x0 C:/Program Files/Rowley Associates Limited/CrossWorks for ARM 2.0/lib/libc_v4t_a_le.a(__int32_mod.o)
 .data          0x40000180        0x0 C:/Program Files/Rowley Associates Limited/CrossWorks for ARM 2.0/lib/libc_v4t_a_le.a(__strtoul.o)
 .data          0x40000180        0x0 C:/Program Files/Rowley Associates Limited/CrossWorks for ARM 2.0/lib/libc_v4t_a_le.a(__digit.o)
 .data          0x40000180        0x0 C:/Program Files/Rowley Associates Limited/CrossWorks for ARM 2.0/lib/libdebugio_v4t_a_le.a(debug_printf.o)
 .data          0x40000180        0x0 C:/Program Files/Rowley Associates Limited/CrossWorks for ARM 2.0/lib/libc_targetio_impl_v4t_a_le.a(putchar.o)
 .data          0x40000180        0x0 C:/Program Files/Rowley Associates Limited/CrossWorks for ARM 2.0/lib/libc_user_libc_v4t_a_le.a(user_libc.o)
 .data          0x40000180        0x0 C:/Program Files/Rowley Associates Limited/CrossWorks for ARM 2.0/lib/libdebugio_dcc_v4t_a_le.a(dcc_debug_operations.o)
 .data          0x40000180        0x0 C:/Program Files/Rowley Associates Limited/CrossWorks for ARM 2.0/lib/libdebugio_dcc_v4t_a_le.a(libarmdi_dcc_write.o)
 .data          0x40000180        0x0 C:/Program Files/Rowley Associates Limited/CrossWorks for ARM 2.0/lib/libdebugio_dcc_v4t_a_le.a(libarm_run_dcc_port_server.o)
 .data          0x40000180        0x0 C:/Program Files/Rowley Associates Limited/CrossWorks for ARM 2.0/lib/libdebugio_dcc_v4t_a_le.a(libarmdi_dcc_read.o)
                0x40000180                __data_end__ = (__data_start__ + SIZEOF (.data))
                0x0001ccb8                __data_load_end__ = (__data_load_start__ + SIZEOF (.data))
                0x00000001                . = ASSERT ((((__data_load_start__ + SIZEOF (.data)) >= __FLASH_segment_start__) && ((__data_load_start__ + SIZEOF (.data)) <= (__FLASH_segment_start__ + 0x80000))), error: .data is too large to fit in FLASH memory segment)

.data_run       0x4000003c      0x144 load address 0x0001cb74
                0x4000003c                __data_run_start__ = .
                0x40000180                . = MAX ((__data_run_start__ + SIZEOF (.data)), .)
 *fill*         0x4000003c      0x144 00
                0x40000180                __data_run_end__ = (__data_run_start__ + SIZEOF (.data_run))
                0x40000180                __data_run_load_end__ = __data_run_end__
                0x00000001                . = ASSERT (((__data_run_end__ >= __SRAM_segment_start__) && (__data_run_end__ <= (__SRAM_segment_start__ + 0x8000))), error: .data_run is too large to fit in SRAM memory segment)
                0x40000180                __bss_load_start__ = ALIGN (__data_run_end__, 0x4)

.bss            0x40000180     0x54bc
                0x40000180                __bss_start__ = .
 *(.bss .bss.* .gnu.linkonce.b.*)
 .bss           0x40000180       0x38 ARM Flash Debug/main.o
 .bss           0x400001b8        0x0 ARM Flash Debug/adc.o
 .bss           0x400001b8        0x0 ARM Flash Debug/cpu.o
 .bss           0x400001b8        0x4 ARM Flash Debug/i2c.o
                0x400001b8                i2cErrno
 .bss           0x400001bc       0x60 ARM Flash Debug/i2cInt.o
 .bss           0x4000021c        0x0 ARM Flash Debug/pwm.o
 .bss           0x4000021c        0x0 ARM Flash Debug/spi.o
 .bss           0x4000021c        0xc ARM Flash Debug/uart0.o
 .bss           0x40000228        0xc ARM Flash Debug/uart0ISR.o
 .bss           0x40000234        0xc ARM Flash Debug/uart1.o
 .bss           0x40000240        0xc ARM Flash Debug/uart1ISR.o
 .bss           0x4000024c       0x34 ARM Flash Debug/usbcontrol.o
 .bss           0x40000280        0x8 ARM Flash Debug/usbinit.o
 .bss           0x40000288       0x48 ARM Flash Debug/usbISR.o
 .bss           0x400002d0        0xc ARM Flash Debug/usbstdreq.o
 .bss           0x400002dc       0x58 ARM Flash Debug/usbser.o
 .bss           0x40000334        0x0 ARM Flash Debug/rtc.o
 .bss           0x40000334        0x4 ARM Flash Debug/rtcISR.o
 .bss           0x40000338        0x0 ARM Flash Debug/reset.o
 .bss           0x40000338        0x0 ARM Flash Debug/eint0.o
 .bss           0x40000338        0x0 ARM Flash Debug/eint0ISR.o
 .bss           0x40000338        0x0 ARM Flash Debug/eint2.o
 .bss           0x40000338        0x0 ARM Flash Debug/eint2ISR.o
 .bss           0x40000338        0x0 ARM Flash Debug/eint3.o
 .bss           0x40000338       0x34 ARM Flash Debug/eint3ISR.o
                0x40000368                count
 .bss           0x4000036c        0x0 ARM Flash Debug/eint1.o
 .bss           0x4000036c        0x0 ARM Flash Debug/eint1ISR.o
 .bss           0x4000036c        0x0 ARM Flash Debug/beep.o
 .bss           0x4000036c       0x34 ARM Flash Debug/timer.o
 .bss           0x400003a0        0x0 ARM Flash Debug/dac.o
 .bss           0x400003a0        0x0 ARM Flash Debug/args.o
 .bss           0x400003a0        0x0 ARM Flash Debug/argsdispatch.o
 .bss           0x400003a0      0x3d8 ARM Flash Debug/monitor.o
                0x400005e8                activeCommandList
 .bss           0x40000778        0x0 ARM Flash Debug/printf-stdarg.o
 .bss           0x40000778        0x0 ARM Flash Debug/leds.o
 .bss           0x40000778        0x1 ARM Flash Debug/tcs3414.o
 *fill*         0x40000779        0x3 00
 .bss           0x4000077c       0x2c ARM Flash Debug/mmc.o
 .bss           0x400007a8        0x0 ARM Flash Debug/ssp.o
 .bss           0x400007a8        0x0 ARM Flash Debug/Lcd204_4.o
 .bss           0x400007a8      0x260 ARM Flash Debug/logging.o
 .bss           0x40000a08       0x38 ARM Flash Debug/meas_sm.o
 .bss           0x40000a40       0x24 ARM Flash Debug/meas_task.o
 .bss           0x40000a64        0x0 ARM Flash Debug/crt0.o
 .bss           0x40000a64        0x0 ARM Flash Debug/Philips_LPC210X_Startup.o
 .bss           0x40000a64        0x4 ARM Flash Debug/LPC210x.o
 .bss           0x40000a68       0x80 ARM Flash Debug/VIC.o
 .bss           0x40000ae8        0x0 ARM Flash Debug/VIC_irq_handler.o
 .bss           0x40000ae8        0x0 ARM Flash Debug/portISR.o
 .bss           0x40000ae8        0x0 ARM Flash Debug/port.o
 .bss           0x40000ae8     0x4018 ARM Flash Debug/heap_2.o
 .bss           0x40004b00       0x34 ARM Flash Debug/tasks.o
                0x40004b00                pxCurrentTCB
                0x40004b04                uxTasksDeleted
                0x40004b08                uxCurrentNumberOfTasks
                0x40004b0c                xTickCount
                0x40004b10                uxTopUsedPriority
                0x40004b14                uxTopReadyPriority
                0x40004b18                xSchedulerRunning
                0x40004b1c                uxSchedulerSuspended
                0x40004b20                uxMissedTicks
                0x40004b24                xMissedYield
                0x40004b28                xNumOfOverflows
                0x40004b2c                uxTaskNumber
                0x40004b30                xTracing
 .bss           0x40004b34        0x0 ARM Flash Debug/queue.o
 .bss           0x40004b34        0x0 ARM Flash Debug/list.o
 .bss           0x40004b34        0xc ARM Flash Debug/disk.o
 .bss           0x40004b40        0x8 ARM Flash Debug/ff.o
 .bss           0x40004b48        0x0 C:/Users/lukas/AppData/Local/Rowley Associates Limited/CrossWorks for ARM/packages/lib/liblpc2000_v4t_a_le.a(liblpc2000_lpc21xx_get_cclk.o)
 .bss           0x40004b48        0x0 C:/Users/lukas/AppData/Local/Rowley Associates Limited/CrossWorks for ARM/packages/lib/liblpc2000_v4t_a_le.a(liblpc2000_lpc21xx_get_pclk.o)
 .bss           0x40004b48        0x0 C:/Program Files/Rowley Associates Limited/CrossWorks for ARM 2.0/lib/libm_v4t_a_le.a(__int32_to_float32.o)
 .bss           0x40004b48        0x0 C:/Program Files/Rowley Associates Limited/CrossWorks for ARM 2.0/lib/libm_v4t_a_le.a(__int32_to_float64.o)
 .bss           0x40004b48        0x0 C:/Program Files/Rowley Associates Limited/CrossWorks for ARM 2.0/lib/libm_v4t_a_le.a(__uint32_to_float32.o)
 .bss           0x40004b48        0x0 C:/Program Files/Rowley Associates Limited/CrossWorks for ARM 2.0/lib/libm_v4t_a_le.a(__float32_to_uint32.o)
 .bss           0x40004b48        0x0 C:/Program Files/Rowley Associates Limited/CrossWorks for ARM 2.0/lib/libm_v4t_a_le.a(__float64_to_int32.o)
 .bss           0x40004b48        0x0 C:/Program Files/Rowley Associates Limited/CrossWorks for ARM 2.0/lib/libm_v4t_a_le.a(__float32_to_float64.o)
 .bss           0x40004b48        0x0 C:/Program Files/Rowley Associates Limited/CrossWorks for ARM 2.0/lib/libm_v4t_a_le.a(__float64_to_float32.o)
 .bss           0x40004b48        0x0 C:/Program Files/Rowley Associates Limited/CrossWorks for ARM 2.0/lib/libm_v4t_a_le.a(__float32_mul.o)
 .bss           0x40004b48        0x0 C:/Program Files/Rowley Associates Limited/CrossWorks for ARM 2.0/lib/libm_v4t_a_le.a(__float64_div.o)
 .bss           0x40004b48        0x0 C:/Program Files/Rowley Associates Limited/CrossWorks for ARM 2.0/lib/libm_v4t_a_le.a(log.o)
 .bss           0x40004b48        0x0 C:/Program Files/Rowley Associates Limited/CrossWorks for ARM 2.0/lib/libm_v4t_a_le.a(__float64_add.o)
 .bss           0x40004b48        0x0 C:/Program Files/Rowley Associates Limited/CrossWorks for ARM 2.0/lib/libm_v4t_a_le.a(__float64_mul.o)
 .bss           0x40004b48        0x0 C:/Program Files/Rowley Associates Limited/CrossWorks for ARM 2.0/lib/libm_v4t_a_le.a(__float64_cmp.o)
 .bss           0x40004b48        0x0 C:/Program Files/Rowley Associates Limited/CrossWorks for ARM 2.0/lib/libm_v4t_a_le.a(__float64_isnan.o)
 .bss           0x40004b48        0x0 C:/Program Files/Rowley Associates Limited/CrossWorks for ARM 2.0/lib/libm_v4t_a_le.a(__float64_infinity.o)
 .bss           0x40004b48        0x0 C:/Program Files/Rowley Associates Limited/CrossWorks for ARM 2.0/lib/libm_v4t_a_le.a(__float64_nan.o)
 .bss           0x40004b48        0x0 C:/Program Files/Rowley Associates Limited/CrossWorks for ARM 2.0/lib/libm_v4t_a_le.a(__poly1_eval.o)
 .bss           0x40004b48        0x0 C:/Program Files/Rowley Associates Limited/CrossWorks for ARM 2.0/lib/libm_v4t_a_le.a(__poly_eval.o)
 .bss           0x40004b48        0x0 C:/Program Files/Rowley Associates Limited/CrossWorks for ARM 2.0/lib/libm_v4t_a_le.a(frexp.o)
 .bss           0x40004b48        0x0 C:/Program Files/Rowley Associates Limited/CrossWorks for ARM 2.0/lib/libm_v4t_a_le.a(ldexp.o)
 .bss           0x40004b48        0x0 C:/Program Files/Rowley Associates Limited/CrossWorks for ARM 2.0/lib/libc_v4t_a_le.a(__int32_umod.o)
 .bss           0x40004b48        0x0 C:/Program Files/Rowley Associates Limited/CrossWorks for ARM 2.0/lib/libc_v4t_a_le.a(__int32_div.o)
 .bss           0x40004b48        0x0 C:/Program Files/Rowley Associates Limited/CrossWorks for ARM 2.0/lib/libc_v4t_a_le.a(__int32_udivmod.o)
 .bss           0x40004b48        0x0 C:/Program Files/Rowley Associates Limited/CrossWorks for ARM 2.0/lib/libc_v4t_a_le.a(strlen.o)
 .bss           0x40004b48        0x0 C:/Program Files/Rowley Associates Limited/CrossWorks for ARM 2.0/lib/libc_v4t_a_le.a(memcpy.o)
 .bss           0x40004b48        0x0 C:/Program Files/Rowley Associates Limited/CrossWorks for ARM 2.0/lib/libc_v4t_a_le.a(memset.o)
 .bss           0x40004b48        0x0 C:/Program Files/Rowley Associates Limited/CrossWorks for ARM 2.0/lib/libc_v4t_a_le.a(strcpy.o)
 .bss           0x40004b48        0x0 C:/Program Files/Rowley Associates Limited/CrossWorks for ARM 2.0/lib/libc_v4t_a_le.a(strcmp.o)
 .bss           0x40004b48        0x0 C:/Program Files/Rowley Associates Limited/CrossWorks for ARM 2.0/lib/libc_v4t_a_le.a(memcmp.o)
 .bss           0x40004b48        0x0 C:/Program Files/Rowley Associates Limited/CrossWorks for ARM 2.0/lib/libc_v4t_a_le.a(strcat.o)
 .bss           0x40004b48        0x0 C:/Program Files/Rowley Associates Limited/CrossWorks for ARM 2.0/lib/libc_v4t_a_le.a(strncmp.o)
 .bss           0x40004b48        0x0 C:/Program Files/Rowley Associates Limited/CrossWorks for ARM 2.0/lib/libc_v4t_a_le.a(strncpy.o)
 .bss           0x40004b48        0x0 C:/Program Files/Rowley Associates Limited/CrossWorks for ARM 2.0/lib/libc_v4t_a_le.a(ctype.o)
 .bss           0x40004b48        0x0 C:/Program Files/Rowley Associates Limited/CrossWorks for ARM 2.0/lib/libc_v4t_a_le.a(malloc.o)
 .bss           0x40004b48        0x0 C:/Program Files/Rowley Associates Limited/CrossWorks for ARM 2.0/lib/libc_v4t_a_le.a(atoi.o)
 .bss           0x40004b48        0x0 C:/Program Files/Rowley Associates Limited/CrossWorks for ARM 2.0/lib/libc_v4t_a_le.a(time.o)
 .bss.libc      0x40004b48       0x24 C:/Program Files/Rowley Associates Limited/CrossWorks for ARM 2.0/lib/libc_v4t_a_le.a(time.o)
 .bss           0x40004b6c        0x0 C:/Program Files/Rowley Associates Limited/CrossWorks for ARM 2.0/lib/libc_v4t_a_le.a(asctime.o)
 .bss.libc      0x40004b6c       0x1c C:/Program Files/Rowley Associates Limited/CrossWorks for ARM 2.0/lib/libc_v4t_a_le.a(asctime.o)
 .bss           0x40004b88        0x0 C:/Program Files/Rowley Associates Limited/CrossWorks for ARM 2.0/lib/libc_v4t_a_le.a(strftime.o)
 .bss           0x40004b88        0x0 C:/Program Files/Rowley Associates Limited/CrossWorks for ARM 2.0/lib/libc_v4t_a_le.a(div.o)
 .bss           0x40004b88        0x0 C:/Program Files/Rowley Associates Limited/CrossWorks for ARM 2.0/lib/libc_v4t_a_le.a(strtol.o)
 .bss           0x40004b88        0x0 C:/Program Files/Rowley Associates Limited/CrossWorks for ARM 2.0/lib/libc_v4t_a_le.a(ldiv.o)
 .bss           0x40004b88        0x0 C:/Program Files/Rowley Associates Limited/CrossWorks for ARM 2.0/lib/libc_v4t_a_le.a(__int32_mod.o)
 .bss           0x40004b88        0x0 C:/Program Files/Rowley Associates Limited/CrossWorks for ARM 2.0/lib/libc_v4t_a_le.a(__strtoul.o)
 .bss           0x40004b88        0x0 C:/Program Files/Rowley Associates Limited/CrossWorks for ARM 2.0/lib/libc_v4t_a_le.a(__digit.o)
 .bss           0x40004b88        0x0 C:/Program Files/Rowley Associates Limited/CrossWorks for ARM 2.0/lib/libdebugio_v4t_a_le.a(debug_printf.o)
 .bss           0x40004b88        0x0 C:/Program Files/Rowley Associates Limited/CrossWorks for ARM 2.0/lib/libc_targetio_impl_v4t_a_le.a(putchar.o)
 .bss           0x40004b88        0x0 C:/Program Files/Rowley Associates Limited/CrossWorks for ARM 2.0/lib/libc_user_libc_v4t_a_le.a(user_libc.o)
 .bss.libc      0x40004b88        0x4 C:/Program Files/Rowley Associates Limited/CrossWorks for ARM 2.0/lib/libc_user_libc_v4t_a_le.a(user_libc.o)
 .bss           0x40004b8c        0x0 C:/Program Files/Rowley Associates Limited/CrossWorks for ARM 2.0/lib/libdebugio_dcc_v4t_a_le.a(dcc_debug_operations.o)
 .bss           0x40004b8c        0x0 C:/Program Files/Rowley Associates Limited/CrossWorks for ARM 2.0/lib/libdebugio_dcc_v4t_a_le.a(libarmdi_dcc_write.o)
 .bss           0x40004b8c        0x0 C:/Program Files/Rowley Associates Limited/CrossWorks for ARM 2.0/lib/libdebugio_dcc_v4t_a_le.a(libarm_run_dcc_port_server.o)
 .bss           0x40004b8c        0x0 C:/Program Files/Rowley Associates Limited/CrossWorks for ARM 2.0/lib/libdebugio_dcc_v4t_a_le.a(libarmdi_dcc_read.o)
 *(COMMON)
 COMMON         0x40004b8c      0x930 ARM Flash Debug/main.o
                0x40004b8c                Fatfs
                0x40004dbc                ts
                0x40004dc0                LOG_ITEM_STATE
                0x40004dc4                FileAllTimeLog
                0x40004fe8                FileContLog
                0x4000520c                FileDayLog
                0x40005430                xSemaphoreSDCard
                0x40005434                slog_entry_item
                0x4000543c                buf
                0x40005454                measure_timestamp
                0x40005460                meas_op_item
                0x4000549c                taskHandles
                0x400054b8                log_file
 COMMON         0x400054bc       0x1e ARM Flash Debug/logging.o
                0x400054bc                time_buf
 *fill*         0x400054da        0x2 00
 COMMON         0x400054dc      0x110 ARM Flash Debug/tasks.o
                0x400054dc                pxReadyTasksLists
                0x40005540                xPendingReadyList
                0x40005554                pcTraceBuffer
                0x40005558                xSuspendedTaskList
                0x4000556c                pxDelayedTaskList
                0x40005570                pxOverflowDelayedTaskList
                0x40005574                pcTraceBufferEnd
                0x40005578                pcTraceBufferStart
                0x4000557c                xDelayedTaskList1
                0x40005590                xTasksWaitingTermination
                0x400055a4                pcStatusString
                0x400055d8                xDelayedTaskList2
 COMMON         0x400055ec       0x50 ARM Flash Debug/queue.o
                0x400055ec                xQueueRegistry
                0x4000563c                __bss_end__ = (__bss_start__ + SIZEOF (.bss))
                0x4000563c                __bss_load_end__ = __bss_end__
                0x00000001                . = ASSERT (((__bss_end__ >= __SRAM_segment_start__) && (__bss_end__ <= (__SRAM_segment_start__ + 0x8000))), error: .bss is too large to fit in SRAM memory segment)
                0x4000563c                __non_init_load_start__ = ALIGN (__bss_end__, 0x4)

.non_init       0x4000563c        0x0
                0x4000563c                __non_init_start__ = .
 *(.non_init .non_init.*)
                0x4000563c                __non_init_end__ = (__non_init_start__ + SIZEOF (.non_init))
                0x4000563c                __non_init_load_end__ = __non_init_end__
                0x00000001                . = ASSERT (((__non_init_end__ >= __SRAM_segment_start__) && (__non_init_end__ <= (__SRAM_segment_start__ + 0x8000))), error: .non_init is too large to fit in SRAM memory segment)
                0x4000563c                __heap_load_start__ = ALIGN (__non_init_end__, 0x4)

.heap           0x4000563c      0x400
                0x4000563c                __heap_start__ = .
 *(.heap .heap.*)
 .heap          0x4000563c        0x0 ARM Flash Debug/crt0.o
                0x40005a3c                . = ALIGN (MAX ((__heap_start__ + __HEAPSIZE__), .), 0x4)
 *fill*         0x4000563c      0x400 00
                0x40005a3c                __heap_end__ = (__heap_start__ + SIZEOF (.heap))
                0x40005a3c                __heap_load_end__ = __heap_end__
                0x00000001                . = ASSERT (((__heap_end__ >= __SRAM_segment_start__) && (__heap_end__ <= (__SRAM_segment_start__ + 0x8000))), error: .heap is too large to fit in SRAM memory segment)
                0x40005a3c                __stack_load_start__ = ALIGN (__heap_end__, 0x4)

.stack          0x40005a3c      0x400
                0x40005a3c                __stack_start__ = .
 *(.stack .stack.*)
 .stack         0x40005a3c        0x0 ARM Flash Debug/crt0.o
                0x40005e3c                . = ALIGN (MAX ((__stack_start__ + __STACKSIZE__), .), 0x4)
 *fill*         0x40005a3c      0x400 00
                0x40005e3c                __stack_end__ = (__stack_start__ + SIZEOF (.stack))
                0x40005e3c                __stack_load_end__ = __stack_end__
                0x00000001                . = ASSERT (((__stack_end__ >= __SRAM_segment_start__) && (__stack_end__ <= (__SRAM_segment_start__ + 0x8000))), error: .stack is too large to fit in SRAM memory segment)
                0x40005e3c                __stack_irq_load_start__ = ALIGN (__stack_end__, 0x4)

.stack_irq      0x40005e3c      0x400
                0x40005e3c                __stack_irq_start__ = .
 *(.stack_irq .stack_irq.*)
 .stack_irq     0x40005e3c        0x0 ARM Flash Debug/crt0.o
                0x4000623c                . = ALIGN (MAX ((__stack_irq_start__ + __STACKSIZE_IRQ__), .), 0x4)
 *fill*         0x40005e3c      0x400 00
                0x4000623c                __stack_irq_end__ = (__stack_irq_start__ + SIZEOF (.stack_irq))
                0x4000623c                __stack_irq_load_end__ = __stack_irq_end__
                0x00000001                . = ASSERT (((__stack_irq_end__ >= __SRAM_segment_start__) && (__stack_irq_end__ <= (__SRAM_segment_start__ + 0x8000))), error: .stack_irq is too large to fit in SRAM memory segment)
                0x4000623c                __stack_fiq_load_start__ = ALIGN (__stack_irq_end__, 0x4)

.stack_fiq      0x4000623c       0x20
                0x4000623c                __stack_fiq_start__ = .
 *(.stack_fiq .stack_fiq.*)
 .stack_fiq     0x4000623c        0x0 ARM Flash Debug/crt0.o
                0x4000625c                . = ALIGN (MAX ((__stack_fiq_start__ + __STACKSIZE_FIQ__), .), 0x4)
 *fill*         0x4000623c       0x20 00
                0x4000625c                __stack_fiq_end__ = (__stack_fiq_start__ + SIZEOF (.stack_fiq))
                0x4000625c                __stack_fiq_load_end__ = __stack_fiq_end__
                0x00000001                . = ASSERT (((__stack_fiq_end__ >= __SRAM_segment_start__) && (__stack_fiq_end__ <= (__SRAM_segment_start__ + 0x8000))), error: .stack_fiq is too large to fit in SRAM memory segment)
                0x4000625c                __stack_svc_load_start__ = ALIGN (__stack_fiq_end__, 0x4)

.stack_svc      0x4000625c      0x100
                0x4000625c                __stack_svc_start__ = .
 *(.stack_svc .stack_svc.*)
 .stack_svc     0x4000625c        0x0 ARM Flash Debug/crt0.o
                0x4000635c                . = ALIGN (MAX ((__stack_svc_start__ + __STACKSIZE_SVC__), .), 0x4)
 *fill*         0x4000625c      0x100 00
                0x4000635c                __stack_svc_end__ = (__stack_svc_start__ + SIZEOF (.stack_svc))
                0x4000635c                __stack_svc_load_end__ = __stack_svc_end__
                0x00000001                . = ASSERT (((__stack_svc_end__ >= __SRAM_segment_start__) && (__stack_svc_end__ <= (__SRAM_segment_start__ + 0x8000))), error: .stack_svc is too large to fit in SRAM memory segment)
                0x4000635c                __stack_abt_load_start__ = ALIGN (__stack_svc_end__, 0x4)

.stack_abt      0x4000635c        0x8
                0x4000635c                __stack_abt_start__ = .
 *(.stack_abt .stack_abt.*)
 .stack_abt     0x4000635c        0x0 ARM Flash Debug/crt0.o
                0x40006364                . = ALIGN (MAX ((__stack_abt_start__ + __STACKSIZE_ABT__), .), 0x4)
 *fill*         0x4000635c        0x8 00
                0x40006364                __stack_abt_end__ = (__stack_abt_start__ + SIZEOF (.stack_abt))
                0x40006364                __stack_abt_load_end__ = __stack_abt_end__
                0x00000001                . = ASSERT (((__stack_abt_end__ >= __SRAM_segment_start__) && (__stack_abt_end__ <= (__SRAM_segment_start__ + 0x8000))), error: .stack_abt is too large to fit in SRAM memory segment)
                0x40006364                __stack_und_load_start__ = ALIGN (__stack_abt_end__, 0x4)

.stack_und      0x40006364        0x8
                0x40006364                __stack_und_start__ = .
 *(.stack_und .stack_und.*)
 .stack_und     0x40006364        0x0 ARM Flash Debug/crt0.o
                0x4000636c                . = ALIGN (MAX ((__stack_und_start__ + __STACKSIZE_UND__), .), 0x4)
 *fill*         0x40006364        0x8 00
                0x4000636c                __stack_und_end__ = (__stack_und_start__ + SIZEOF (.stack_und))
                0x4000636c                __stack_und_load_end__ = __stack_und_end__
                0x00000001                . = ASSERT (((__stack_und_end__ >= __SRAM_segment_start__) && (__stack_und_end__ <= (__SRAM_segment_start__ + 0x8000))), error: .stack_und is too large to fit in SRAM memory segment)
                0x4000636c                __tbss_load_start__ = ALIGN (__stack_und_end__, 0x4)

.tbss           0x4000636c        0x0
                0x4000636c                __tbss_start__ = .
 *(.tbss .tbss.*)
                0x4000636c                __tbss_end__ = (__tbss_start__ + SIZEOF (.tbss))
                0x4000636c                __tbss_load_end__ = __tbss_end__
                0x00000001                . = ASSERT (((__tbss_end__ >= __SRAM_segment_start__) && (__tbss_end__ <= (__SRAM_segment_start__ + 0x8000))), error: .tbss is too large to fit in SRAM memory segment)
                0x0001ccb8                __tdata_load_start__ = ALIGN ((__data_load_start__ + SIZEOF (.data)), 0x4)

.tdata          0x4000636c        0x0 load address 0x0001ccb8
                0x4000636c                __tdata_start__ = .
 *(.tdata .tdata.*)
                0x4000636c                __tdata_end__ = (__tdata_start__ + SIZEOF (.tdata))
                0x0001ccb8                __tdata_load_end__ = (__tdata_load_start__ + SIZEOF (.tdata))
                0x0001ccb8                __FLASH_segment_used_end__ = (ALIGN ((__data_load_start__ + SIZEOF (.data)), 0x4) + SIZEOF (.tdata))
                0x00000001                . = ASSERT ((((__tdata_load_start__ + SIZEOF (.tdata)) >= __FLASH_segment_start__) && ((__tdata_load_start__ + SIZEOF (.tdata)) <= (__FLASH_segment_start__ + 0x80000))), error: .tdata is too large to fit in FLASH memory segment)

.tdata_run      0x4000636c        0x0
                0x4000636c                __tdata_run_start__ = .
                0x4000636c                . = MAX ((__tdata_run_start__ + SIZEOF (.tdata)), .)
                0x4000636c                __tdata_run_end__ = (__tdata_run_start__ + SIZEOF (.tdata_run))
                0x4000636c                __tdata_run_load_end__ = __tdata_run_end__
                0x4000636c                __SRAM_segment_used_end__ = (ALIGN (__tbss_end__, 0x4) + SIZEOF (.tdata_run))
                0x00000001                . = ASSERT (((__tdata_run_end__ >= __SRAM_segment_start__) && (__tdata_run_end__ <= (__SRAM_segment_start__ + 0x8000))), error: .tdata_run is too large to fit in SRAM memory segment)
START GROUP
LOAD ARM Flash Debug/main.o
LOAD ARM Flash Debug/adc.o
LOAD ARM Flash Debug/cpu.o
LOAD ARM Flash Debug/i2c.o
LOAD ARM Flash Debug/i2cInt.o
LOAD ARM Flash Debug/pwm.o
LOAD ARM Flash Debug/spi.o
LOAD ARM Flash Debug/uart0.o
LOAD ARM Flash Debug/uart0ISR.o
LOAD ARM Flash Debug/uart1.o
LOAD ARM Flash Debug/uart1ISR.o
LOAD ARM Flash Debug/usbcontrol.o
LOAD ARM Flash Debug/usbinit.o
LOAD ARM Flash Debug/usbISR.o
LOAD ARM Flash Debug/usbstdreq.o
LOAD ARM Flash Debug/usbser.o
LOAD ARM Flash Debug/rtc.o
LOAD ARM Flash Debug/rtcISR.o
LOAD ARM Flash Debug/reset.o
LOAD ARM Flash Debug/eint0.o
LOAD ARM Flash Debug/eint0ISR.o
LOAD ARM Flash Debug/eint2.o
LOAD ARM Flash Debug/eint2ISR.o
LOAD ARM Flash Debug/eint3.o
LOAD ARM Flash Debug/eint3ISR.o
LOAD ARM Flash Debug/eint1.o
LOAD ARM Flash Debug/eint1ISR.o
LOAD ARM Flash Debug/beep.o
LOAD ARM Flash Debug/timer.o
LOAD ARM Flash Debug/dac.o
LOAD ARM Flash Debug/args.o
LOAD ARM Flash Debug/argsdispatch.o
LOAD ARM Flash Debug/monitor.o
LOAD ARM Flash Debug/printf-stdarg.o
LOAD ARM Flash Debug/leds.o
LOAD ARM Flash Debug/tcs3414.o
LOAD ARM Flash Debug/mmc.o
LOAD ARM Flash Debug/ssp.o
LOAD ARM Flash Debug/Lcd204_4.o
LOAD ARM Flash Debug/logging.o
LOAD ARM Flash Debug/meas_sm.o
LOAD ARM Flash Debug/meas_task.o
LOAD ARM Flash Debug/crt0.o
LOAD ARM Flash Debug/Philips_LPC210X_Startup.o
LOAD ARM Flash Debug/LPC210x.o
LOAD ARM Flash Debug/VIC.o
LOAD ARM Flash Debug/VIC_irq_handler.o
LOAD ARM Flash Debug/portISR.o
LOAD ARM Flash Debug/port.o
LOAD ARM Flash Debug/heap_2.o
LOAD ARM Flash Debug/tasks.o
LOAD ARM Flash Debug/queue.o
LOAD ARM Flash Debug/list.o
LOAD ARM Flash Debug/disk.o
LOAD ARM Flash Debug/ff.o
LOAD C:/Users/lukas/AppData/Local/Rowley Associates Limited/CrossWorks for ARM/packages/lib/liblpc2000_v4t_a_le.a
LOAD C:/Program Files/Rowley Associates Limited/CrossWorks for ARM 2.0/lib/libarm_v4t_a_le.a
LOAD C:/Program Files/Rowley Associates Limited/CrossWorks for ARM 2.0/lib/libdebugio_dcc_v4t_a_le.a
LOAD C:/Program Files/Rowley Associates Limited/CrossWorks for ARM 2.0/lib/libm_v4t_a_le.a
LOAD C:/Program Files/Rowley Associates Limited/CrossWorks for ARM 2.0/lib/libc_v4t_a_le.a
LOAD C:/Program Files/Rowley Associates Limited/CrossWorks for ARM 2.0/lib/libcpp_v4t_a_le.a
LOAD C:/Program Files/Rowley Associates Limited/CrossWorks for ARM 2.0/lib/libdebugio_v4t_a_le.a
LOAD C:/Program Files/Rowley Associates Limited/CrossWorks for ARM 2.0/lib/libc_targetio_impl_v4t_a_le.a
LOAD C:/Program Files/Rowley Associates Limited/CrossWorks for ARM 2.0/lib/lib_vfprintf_long_v4t_a_le.a
LOAD C:/Program Files/Rowley Associates Limited/CrossWorks for ARM 2.0/lib/lib_vfscanf_long_v4t_a_le.a
LOAD C:/Program Files/Rowley Associates Limited/CrossWorks for ARM 2.0/lib/libc_user_libc_v4t_a_le.a
END GROUP
OUTPUT(ARM Flash Debug/FreeRTOS_2148.elf elf32-littlearm)

.debug_abbrev   0x00000000     0x4846
 .debug_abbrev  0x00000000      0x1e0 ARM Flash Debug/main.o
 .debug_abbrev  0x000001e0       0xc8 ARM Flash Debug/adc.o
 .debug_abbrev  0x000002a8       0xaf ARM Flash Debug/cpu.o
 .debug_abbrev  0x00000357      0x13f ARM Flash Debug/i2c.o
 .debug_abbrev  0x00000496      0x1c3 ARM Flash Debug/i2cInt.o
 .debug_abbrev  0x00000659       0xf5 ARM Flash Debug/pwm.o
 .debug_abbrev  0x0000074e       0xf5 ARM Flash Debug/spi.o