Archive member included because of file (symbol)

C:/Users/lukas/AppData/Local/Rowley Associates Limited/CrossWorks for ARM/packages/lib/liblpc2000_v4t_a_le.a(liblpc2000_lpc21xx_get_cclk.o)
                              ARM Flash Release/LPC210x.o (liblpc2000_lpc21xx_get_cclk)
C:/Users/lukas/AppData/Local/Rowley Associates Limited/CrossWorks for ARM/packages/lib/liblpc2000_v4t_a_le.a(liblpc2000_lpc21xx_get_pclk.o)
                              ARM Flash Release/LPC210x.o (liblpc2000_lpc21xx_get_pclk)
C:/Program Files/Rowley Associates Limited/CrossWorks for ARM 2.0/lib/libm_v4t_a_le.a(__int32_to_float32.o)
                              ARM Flash Release/logging.o (__floatsisf)
C:/Program Files/Rowley Associates Limited/CrossWorks for ARM 2.0/lib/libm_v4t_a_le.a(__int32_to_float64.o)
                              ARM Flash Release/meas_sm.o (__floatsidf)
C:/Program Files/Rowley Associates Limited/CrossWorks for ARM 2.0/lib/libm_v4t_a_le.a(__uint32_to_float32.o)
                              ARM Flash Release/logging.o (__floatunsisf)
C:/Program Files/Rowley Associates Limited/CrossWorks for ARM 2.0/lib/libm_v4t_a_le.a(__uint32_to_float64.o)
                              ARM Flash Release/timer.o (__floatunsidf)
C:/Program Files/Rowley Associates Limited/CrossWorks for ARM 2.0/lib/libm_v4t_a_le.a(__float32_to_int32.o)
                              ARM Flash Release/logging.o (__fixsfsi)
C:/Program Files/Rowley Associates Limited/CrossWorks for ARM 2.0/lib/libm_v4t_a_le.a(__float32_to_uint32.o)
                              ARM Flash Release/logging.o (__fixunssfsi)
C:/Program Files/Rowley Associates Limited/CrossWorks for ARM 2.0/lib/libm_v4t_a_le.a(__float64_to_int32.o)
                              ARM Flash Release/meas_sm.o (__fixdfsi)
C:/Program Files/Rowley Associates Limited/CrossWorks for ARM 2.0/lib/libm_v4t_a_le.a(__float64_to_uint32.o)
                              ARM Flash Release/logging.o (__fixunsdfsi)
C:/Program Files/Rowley Associates Limited/CrossWorks for ARM 2.0/lib/libm_v4t_a_le.a(__float32_to_float64.o)
                              ARM Flash Release/logging.o (__extendsfdf2)
C:/Program Files/Rowley Associates Limited/CrossWorks for ARM 2.0/lib/libm_v4t_a_le.a(__float64_to_float32.o)
                              ARM Flash Release/meas_sm.o (__truncdfsf2)
C:/Program Files/Rowley Associates Limited/CrossWorks for ARM 2.0/lib/libm_v4t_a_le.a(__float32_add.o)
                              ARM Flash Release/logging.o (__subsf3)
C:/Program Files/Rowley Associates Limited/CrossWorks for ARM 2.0/lib/libm_v4t_a_le.a(__float32_mul.o)
                              ARM Flash Release/logging.o (__mulsf3)
C:/Program Files/Rowley Associates Limited/CrossWorks for ARM 2.0/lib/libm_v4t_a_le.a(__float32_div.o)
                              ARM Flash Release/logging.o (__divsf3)
C:/Program Files/Rowley Associates Limited/CrossWorks for ARM 2.0/lib/libm_v4t_a_le.a(__float32_cmp.o)
                              ARM Flash Release/logging.o (__nesf2)
C:/Program Files/Rowley Associates Limited/CrossWorks for ARM 2.0/lib/libm_v4t_a_le.a(__float64_add.o)
                              ARM Flash Release/meas_task.o (__subdf3)
C:/Program Files/Rowley Associates Limited/CrossWorks for ARM 2.0/lib/libm_v4t_a_le.a(__float64_mul.o)
                              ARM Flash Release/logging.o (__muldf3)
C:/Program Files/Rowley Associates Limited/CrossWorks for ARM 2.0/lib/libm_v4t_a_le.a(__float64_div.o)
                              ARM Flash Release/meas_task.o (__divdf3)
C:/Program Files/Rowley Associates Limited/CrossWorks for ARM 2.0/lib/libm_v4t_a_le.a(log.o)
                              ARM Flash Release/meas_task.o (log)
C:/Program Files/Rowley Associates Limited/CrossWorks for ARM 2.0/lib/libm_v4t_a_le.a(__float64_cmp.o)
                              C:/Program Files/Rowley Associates Limited/CrossWorks for ARM 2.0/lib/libm_v4t_a_le.a(log.o) (__eqdf2)
C:/Program Files/Rowley Associates Limited/CrossWorks for ARM 2.0/lib/libm_v4t_a_le.a(__float64_isnan.o)
                              C:/Program Files/Rowley Associates Limited/CrossWorks for ARM 2.0/lib/libm_v4t_a_le.a(log.o) (__float64_isnan)
C:/Program Files/Rowley Associates Limited/CrossWorks for ARM 2.0/lib/libm_v4t_a_le.a(__float64_infinity.o)
                              C:/Program Files/Rowley Associates Limited/CrossWorks for ARM 2.0/lib/libm_v4t_a_le.a(log.o) (__float64_infinity)
C:/Program Files/Rowley Associates Limited/CrossWorks for ARM 2.0/lib/libm_v4t_a_le.a(__float64_nan.o)
                              C:/Program Files/Rowley Associates Limited/CrossWorks for ARM 2.0/lib/libm_v4t_a_le.a(log.o) (__float64_nan)
C:/Program Files/Rowley Associates Limited/CrossWorks for ARM 2.0/lib/libm_v4t_a_le.a(__poly1_eval.o)
                              C:/Program Files/Rowley Associates Limited/CrossWorks for ARM 2.0/lib/libm_v4t_a_le.a(log.o) (__poly1_eval)
[...]
Memory Configuration

Name             Origin             Length             Attributes
UNPLACED_SECTIONS 0xffffffff         0x00000000         xw
AHB_Peripherals  0xffe00000         0x00200000         xw
APB_Peripherals  0xe0000000         0x00200000         xw
USB_DMA_RAM      0x7fd00000         0x00002000         xw
SRAM             0x40000000         0x00008000         xw
FLASH            0x00000000         0x00080000         xr
*default*        0x00000000         0xffffffff

Linker script and memory map

                0xffe00000                __AHB_Peripherals_segment_start__ = 0xffe00000
                0x00000000                __AHB_Peripherals_segment_end__ = 0x0
                0xe0000000                __APB_Peripherals_segment_start__ = 0xe0000000
                0xe0200000                __APB_Peripherals_segment_end__ = 0xe0200000
                0x7fd00000                __USB_DMA_RAM_segment_start__ = 0x7fd00000
                0x7fd02000                __USB_DMA_RAM_segment_end__ = 0x7fd02000
                0x40000000                __SRAM_segment_start__ = 0x40000000
                0x40008000                __SRAM_segment_end__ = 0x40008000
                0x00000000                __FLASH_segment_start__ = 0x0
                0x00080000                __FLASH_segment_end__ = 0x80000
                0x00000400                __STACKSIZE__ = 0x400
                0x00000400                __STACKSIZE_IRQ__ = 0x400
                0x00000020                __STACKSIZE_FIQ__ = 0x20
                0x00000100                __STACKSIZE_SVC__ = 0x100
                0x00000008                __STACKSIZE_ABT__ = 0x8
                0x00000008                __STACKSIZE_UND__ = 0x8
                0x00000400                __HEAPSIZE__ = 0x400
                0x40000000                __vectors_ram_load_start__ = __SRAM_segment_start__

.vectors_ram    0x40000000       0x3c
                0x40000000                __vectors_ram_start__ = .
 *(.vectors_ram)
                0x4000003c                . = MAX ((__vectors_ram_start__ + 0x3c), .)
 *fill*         0x40000000       0x3c 00
                0x4000003c                __vectors_ram_end__ = (__vectors_ram_start__ + SIZEOF (.vectors_ram))
                0x00000001                . = ASSERT (((__vectors_ram_end__ >= __SRAM_segment_start__) && (__vectors_ram_end__ <= (__SRAM_segment_start__ + 0x8000))), error: .vectors_ram is too large to fit in SRAM memory segment)
                0x00000000                __vectors_load_start__ = __FLASH_segment_start__

.vectors        0x00000000       0x38
                0x00000000                __vectors_start__ = .
 *(.vectors .vectors.*)
 .vectors       0x00000000       0x38 ARM Flash Release/Philips_LPC210X_Startup.o
                0x00000000                _vectors
                0x00000038                __vectors_end__ = (__vectors_start__ + SIZEOF (.vectors))
                0x00000001                . = ASSERT (((__vectors_end__ >= __FLASH_segment_start__) && (__vectors_end__ <= (__FLASH_segment_start__ + 0x80000))), error: .vectors is too large to fit in FLASH memory segment)
                0x00000038                __init_load_start__ = ALIGN (__vectors_end__, 0x4)

.init           0x00000038      0x260
                0x00000038                __init_start__ = .
 *(.init .init.*)
 *fill*         0x00000038        0x8 00
 .init          0x00000040      0x1d0 ARM Flash Release/crt0.o
                0x00000040                _start
                0x00000040                __start
 .init          0x00000210       0x88 ARM Flash Release/Philips_LPC210X_Startup.o
                0x00000210                reset_handler
                0x0000027c                undef_handler
                0x00000284                pabort_handler
                0x00000288                dabort_handler
                0x0000028c                fiq_handler
                0x00000298                __init_end__ = (__init_start__ + SIZEOF (.init))
                0x00000001                . = ASSERT (((__init_end__ >= __FLASH_segment_start__) && (__init_end__ <= (__FLASH_segment_start__ + 0x80000))), error: .init is too large to fit in FLASH memory segment)
                0x00000298                __text_load_start__ = ALIGN (__init_end__, 0x4)

.text           0x00000298    0x26ffc
                0x00000298                __text_start__ = .
 *(.text .text.* .glue_7t .glue_7 .gnu.linkonce.t.* .gcc_except_table)
 .glue_7        0x00000000        0x0 linker stubs
 .glue_7t       0x00000000        0x0 linker stubs
 .text          0x00000298      0x18c ARM Flash Release/main.o
                0x00000374                main
                0x000003e0                vApplicationStackOverflowHook
                0x000003f0                __putchar
 .text          0x00000424      0x5f4 ARM Flash Release/adc.o
                0x00000424                adcRead0_1
                0x000004bc                adcRead0_2
                0x00000554                adcRead0_3
                0x000005ec                adcRead1_1
                0x00000684                adcRead1_6
                0x0000071c                adcRead1_7
                0x000007b4                adcInit0_1
                0x0000081c                adcInit0_2
                0x00000884                adcInit0_3
                0x000008ec                adcInit1_1
                0x00000950                adcInit1_6
                0x000009b4                adcInit1_7
 .text          0x00000a18      0x1b0 ARM Flash Release/cpu.o
                0x00000a18                cpuSetupHardware
                0x00000b74                cpuPLLDisable
 .text          0x00000bc8       0x84 ARM Flash Release/i2c.o
                0x00000bc8                i2cGetErrno
                0x00000bdc                i2cStrerror
 .text          0x00000c4c     0x1078 ARM Flash Release/i2cInt.o
                0x000012c0                i2cInit
                0x000019e8                i2cSetTimeout
                0x00001a1c                i2cDump
                0x00001a8c                i2cWriteBuffer
                0x00001ad8                i2cReadBuffer
                0x00001b24                i2cWriteReadBuffer
                0x00001b7c                i2cWriteBufferPoll
                0x00001c1c                i2cWriteReadBufferPoll
 .text          0x00001cc4      0x314 ARM Flash Release/pwm.o
                0x00001cc4                pwmDutyCycle
                0x00001d74                pwmPulseWidthInMicroseconds
                0x00001df0                pwmFrequency
                0x00001ed8                pwmInit
 .text          0x00001fd8      0x114 ARM Flash Release/spi.o
                0x00001fd8                spiInit
                0x0000209c                spiPut
 .text          0x000020ec      0x470 ARM Flash Release/uart0.o
                0x000020ec                uart0Init
                0x00002300                uart0Deinit
                0x00002354                uart0GetChar
                0x000023a4                uart0PutChar
                0x000024bc                uart0PutString
                0x00002538                uart0GetRxQueue
 .text          0x0000255c      0x290 ARM Flash Release/uart0ISR.o
                0x0000255c                uart0ISRCreateQueues
                0x0000273c                uart0ISR
 .text          0x000027ec      0x470 ARM Flash Release/uart1.o
                0x000027ec                uart1Init
                0x00002a00                uart1Deinit
                0x00002a54                uart1GetChar
                0x00002aa4                uart1PutChar
                0x00002bbc                uart1PutString
                0x00002c38                uart1GetRxQueue
 .text          0x00002c5c      0x290 ARM Flash Release/uart1ISR.o
                0x00002c5c                uart1ISRCreateQueues
                0x00002e3c                uart1ISR
 .text          0x00002eec      0x3cc ARM Flash Release/usbcontrol.o
                0x0000300c                usbHandleControlTransfer
                0x00003278                usbRegisterRequestHandler
 .text          0x000032b8       0x84 ARM Flash Release/usbinit.o
                0x000032cc                usbRegisterHandlers
 .text          0x0000333c      0xd34 ARM Flash Release/usbISR.o
                0x0000355c                usbHardwareEndpointConfig
                0x000035bc                usbHardwareRegisterEPIntHandler
                0x00003664                usbHardwareRegisterDevIntHandler
                0x000036a0                usbHardwareRegisterFrameHandler
                0x000036dc                usbHardwareSetAddress
                0x00003714                usbHardwareConnect
                0x00003748                usbHardwareNakIntEnable
                0x00003774                usbHardwareEndpointIsStalled
                0x000037cc                usbHardwareEndpointStall
                0x00003840                usbHardwareEndpointWrite
                0x0000396c                usbHardwareEndpointRead
                0x00003ae4                usbHardwareConfigDevice
                0x00003b18                usbSetupInterruptHandler
                0x00003e10                usbISR
                0x00003eb8                usbHardwareInit
 .text          0x00004070      0x720 ARM Flash Release/usbstdreq.o
                0x00004070                usbRegisterDescriptors
                0x00004090                usbGetDescriptor
                0x00004698                usbHandleStandardRequest
                0x00004770                usbRegisterCustomReqHandler
 .text          0x00004790      0x518 ARM Flash Release/usbser.o
                0x000049d8                usbserPutChar
                0x00004a60                usbserPutString
                0x00004b18                usbserGetChar
                0x00004b84                usbserGetRxQueue
                0x00004bcc                usbserInit
 .text          0x00004ca8      0xf3c ARM Flash Release/rtc.o
                0x00005248                rtcGetEpochSeconds
                0x00005284                rtcGetEpochSecondsLuk
                0x000052c0                rtcSetEpochSeconds
                0x00005538                rtcInit
                0x0000562c                rtcSetAlarm
                0x00005740                rtcSetAlarmCIIR
                0x000057a8                rtcGetAlarmTm
                0x000058e4                rtcGetAlarmEpochSeconds
                0x00005918                rtcPeriodicAlarm
                0x000059b4                time
                0x000059dc                rtcIs5minInt
                0x000059f8                getRtcRead
                0x00005a1c                getMonthLength
 .text          0x00005be4      0x3a0 ARM Flash Release/rtcISR.o
                0x00005be4                rtcISRInit
                0x00005ed4                rtcISR
 .text          0x00005f84       0x34 ARM Flash Release/reset.o
                0x00005f84                reset
 .text          0x00005fb8      0x140 ARM Flash Release/eint0.o
                0x00005fb8                eint0Init
                0x000060c8                eint0Deinit
 .text          0x000060f8      0x10c ARM Flash Release/eint0ISR.o
                0x00006154                eint0ISR
 .text          0x00006204      0x120 ARM Flash Release/eint2.o
                0x00006204                eint2Init
                0x000062f4                eint2Deinit
 .text          0x00006324       0xd8 ARM Flash Release/eint2ISR.o
                0x0000634c                eint2ISR
 .text          0x000063fc      0x124 ARM Flash Release/eint3.o
                0x000063fc                eint3Init
                0x000064ec                eint3Deinit
 .text          0x00006520      0x134 ARM Flash Release/eint3ISR.o
                0x00006598                eint3ISR
 .text          0x00006654      0x11c ARM Flash Release/eint1.o
                0x00006654                eint1Init
                0x00006740                eint1Deinit
 .text          0x00006770      0x15c ARM Flash Release/eint1ISR.o
                0x0000681c                eint1ISR
 .text          0x000068cc      0x248 ARM Flash Release/beep.o
                0x000068cc                beepOn
                0x000069f0                beepOff
                0x00006ac0                beepMHALL
                0x00006adc                beepSMOTW
                0x00006af8                beepA_TEAM_THEME
 .text          0x00006b14      0x38c ARM Flash Release/timer.o
                0x00006b14                timer0Init
                0x00006b3c                timer1Init
                0x00006b64                capture00Init
                0x00006b68                timer1FlowRateInit
                0x00006c84                timer1FlowRateStart
                0x00006cc8                timer1FlowRateContinue
                0x00006cfc                timer1FlowRateStop
                0x00006da4                timer1ISR
 .text          0x00006ea0       0xa8 ARM Flash Release/dac.o
                0x00006ea0                dacInit
                0x00006ed4                dacSet
 .text          0x00006f48      0x4cc ARM Flash Release/args.o
                0x00007028                argsGetLine
                0x00007238                argsParse
 .text          0x00007414      0x1dc ARM Flash Release/argsdispatch.o
                0x00007414                argsDispatch
 .text          0x000075f0     0x2280 ARM Flash Release/monitor.o
                0x000077c8                get_fattime
                0x00009810                monitorTaskStart
 .text          0x00009870      0x774 ARM Flash Release/printf-stdarg.o
                0x00009ef0                printf
                0x00009f30                sprintf
                0x00009f78                snprintf
                0x00009fc4                write
 .text          0x00009fe4      0x214 ARM Flash Release/leds.o
                0x0000a020                ledsSetDelay
                0x0000a100                ledsTaskStart
                0x0000a160                ledsTaskStop
                0x0000a1e4                ledsGetDelay
 .text          0x0000a1f8      0x404 ARM Flash Release/tcs3414.o
                0x0000a360                tcs3414Init
                0x0000a394                tcs3414GetColour
                0x0000a550                tcs3414GetICRevision
                0x0000a59c                tcs3414TaskStart
 .text          0x0000a5fc      0xe4c ARM Flash Release/mmc.o
                0x0000ab84                mmcWriteProtect
                0x0000ab98                mmcWaitReady
                0x0000abbc                mmcCardPresent
                0x0000abd4                mmcReadCardInfo
                0x0000ad28                mmcRead
                0x0000ae6c                mmcWrite
                0x0000afcc                mmcVerify
                0x0000b164                mmcInitMedia
                0x0000b418                mmcDumpCSD
                0x0000b430                mmcDecodeCSD
 .text          0x0000b448      0x5c4 ARM Flash Release/ssp.o
                0x0000b448                sspHardwareCardPresent
                0x0000b46c                sspHardwareWriteProtected
                0x0000b4b4                sspChipSelect
                0x0000b574                sspSetClockFreq
                0x0000b614                sspInit
                0x0000b760                sspTransferByte
                0x0000b7c8                sspWaitReady
                0x0000b820                sspSendBlock
                0x0000b8c0                sspReceiveBlock
                0x0000b9bc                sspDelay1ms
 .text          0x0000ba0c      0xedc ARM Flash Release/Lcd204_4.o
                0x0000ba0c                delay_us
                0x0000ba48                delay
                0x0000bab0                write_lcd
                0x0000c08c                write_byte_lcd
                0x0000c16c                printf_lcd
                0x0000c2f8                blink_lcd
                0x0000c3fc                clear_lcd
                0x0000c41c                init_lcd
                0x0000c5cc                init_system
                0x0000c748                init_screenpool
                0x0000c83c                lcdTaskStart
                0x0000c89c                lcdTaskStop
 .text          0x0000c8e8     0x1474 ARM Flash Release/logging.o
                0x0000c8e8                fillSlogEntryItem
                0x0000ca80                getWhPriceRappen
                0x0000ca94                setWhPrice
                0x0000cab4                getLogFilename
                0x0000cb78                trackLog
                0x0000cbd8                trackLogTaskStart
                0x0000cc38                trackLogTaskStop
                0x0000cc84                initLog
                0x0000cd38                fs_init
                0x0000cdb0                getDateTime
                0x0000ce34                updateCDayLogEntryItem
                0x0000cf24                updateCLogEntryItem
                0x0000d23c                incr_SumFlowvolume
                0x0000d2c4                init_daysLogging
                0x0000d2d8                incr_daysLogging
                0x0000d318                feedLCD
                0x0000dba4                incrementScreen
                0x0000dbf0                nrOfDigits
                0x0000dc4c                luk_strcpy
                0x0000dcac                fill_buf_with_values
 .text          0x0000dd5c      0xe78 ARM Flash Release/meas_sm.o
                0x0000dd5c                meas_sm
                0x0000e7b8                measSMTaskStart
                0x0000e818                MeasSMTaskStop
                0x0000e864                set_measure
                0x0000e888                clr_measure
                0x0000e89c                get_measure
                0x0000e8b4                set_updateLCD
                0x0000e8c8                clr_updateLCD
                0x0000e8dc                get_updateLCD
                0x0000e8f4                set_trackLog
                0x0000e908                clr_trackLog
                0x0000e91c                get_trackLog
                0x0000e934                get_pumpLastControlSignalOn
                0x0000e964                set_pumpLastControlSignalOn
                0x0000e994                clr_pumpLastControlSignalOn
                0x0000e9a8                updateMeasure_timestamp
                0x0000ea64                getMeasure_timestamp_diff
                0x0000ea8c                clr_valuesReceived
                0x0000eaa0                set_valuesReceived
                0x0000eab4                valuesReceived
                0x0000eacc                stopMeasure
                0x0000eae0                startMeasure
                0x0000eaf4                get_FlowCount
                0x0000eb08                incr_FlowCount
                0x0000eb4c                clr_FlowCount
                0x0000eb80                initFlowrateSensor
 .text          0x0000ebd4      0x780 ARM Flash Release/meas_task.o
                0x0000ebd4                meas_Temp
                0x0000ee60                getTemperatureOfADCValue
                0x0000f094                meas_task_init
                0x0000f1b0                doMeasure
                0x0000f2a8                measTaskStart
                0x0000f308                measTaskStop
 .text          0x0000f354        0x0 ARM Flash Release/crt0.o
 .text          0x0000f354        0x0 ARM Flash Release/Philips_LPC210X_Startup.o
 .text          0x0000f354      0x110 ARM Flash Release/LPC210x.o
                0x0000f384                ctl_start_timer
                0x0000f458                ctl_get_ticks_per_second
 .text          0x0000f464      0x318 ARM Flash Release/VIC.o
                0x0000f464                ctl_set_isr
                0x0000f71c                ctl_unmask_isr
                0x0000f74c                ctl_mask_isr
 .text          0x0000f77c       0x44 ARM Flash Release/VIC_irq_handler.o
                0x0000f77c                irq_handler
 .text          0x0000f7c0      0x24c ARM Flash Release/portISR.o
                0x0000f7c0                vPortISRStartFirstTask
                0x0000f80c                swi_handler
                0x0000f8b8                vTickISR
                0x0000f984                vPortEnterCritical
                0x0000f9b4                vPortExitCritical
 .text          0x0000fa0c      0x354 ARM Flash Release/port.o
                0x0000fa0c                pxPortInitialiseStack
                0x0000fc6c                xPortStartScheduler
                0x0000fc88                vPortEndScheduler
 .text          0x0000fd60      0x35c ARM Flash Release/heap_2.o
                0x0000fd60                pvPortMalloc
                0x0000ffd0                vPortFree
                0x000100a4                xPortGetFreeHeapSize
                0x000100b8                vPortInitialiseBlocks
 .text          0x000100bc     0x1f5c ARM Flash Release/tasks.o
                0x000100bc                xTaskGenericCreate
                0x00010310                vTaskDelete
                0x0001040c                vTaskDelayUntil
                0x00010584                vTaskDelay
                0x00010670                uxTaskPriorityGet
                0x000106c8                vTaskPrioritySet
                0x00010898                vTaskSuspend
                0x00010950                xTaskIsTaskSuspended
                0x000109c0                vTaskResume
                0x00010ab8                xTaskResumeFromISR
                0x00010bcc                vTaskStartScheduler
                0x00010c6c                vTaskEndScheduler
                0x00010ca0                vTaskSuspendAll
                0x00010cbc                xTaskResumeAll
                0x00010e78                xTaskGetTickCount
                0x00010eac                uxTaskGetNumberOfTasks
                0x00010ec0                vTaskList
                0x00011034                vTaskStartTrace
                0x000110a4                ulTaskEndTrace
                0x000110fc                vTaskIncrementTick
                0x0001127c                vTaskSwitchContext
                0x00011518                vTaskPlaceOnEventList
                0x00011618                xTaskRemoveFromEventList
                0x0001174c                vTaskSetTimeOutState
                0x00011784                xTaskCheckForTimeOut
                0x00011878                vTaskMissedYield
                0x0001188c                prvIdleTask
                0x000118a4                prvInitialiseTCBVariables
                0x00011970                prvInitialiseTaskLists
                0x00011a30                prvCheckTasksWaitingTermination
                0x00011b00                prvAllocateTCBAndStack
                0x00011ba8                prvListTaskWithinSingleList
                0x00011cf8                usTaskCheckFreeStackSpace
                0x00011d54                uxTaskGetStackHighWaterMark
                0x00011db4                prvDeleteTCB
                0x00011de4                xTaskGetCurrentTaskHandle
                0x00011e08                vTaskPriorityInherit
                0x00011f38                vTaskPriorityDisinherit
 .text          0x00012018     0x1168 ARM Flash Release/queue.o
                0x00012018                xQueueCreate
                0x00012160                xQueueCreateMutex
                0x00012238                xQueueGiveMutexRecursive
                0x000122bc                xQueueTakeMutexRecursive
                0x00012354                xQueueGenericSend
                0x00012500                xQueueAltGenericSend
                0x00012640                xQueueAltGenericReceive
                0x0001282c                xQueueGenericSendFromISR
                0x000128fc                xQueueGenericReceive
                0x00012b54                xQueueReceiveFromISR
                0x00012c28                uxQueueMessagesWaiting
                0x00012c5c                uxQueueMessagesWaitingFromISR
                0x00012c80                vQueueDelete
                0x00012fe8                xQueueIsQueueEmptyFromISR
                0x00013060                xQueueIsQueueFullFromISR
                0x00013098                vQueueAddToRegistry
 .text          0x00013180      0x258 ARM Flash Release/list.o
                0x00013180                vListInitialise
                0x000131e4                vListInitialiseItem
                0x00013200                vListInsertEnd
                0x00013288                vListInsert
                0x00013350                vListRemove
 .text          0x000133d8      0xd20 ARM Flash Release/dhcpc.o
                0x00013fb4                dhcpc_init
                0x00014084                dhcpc_appcall
                0x00014094                dhcpc_request
 .text          0x000140f8      0x4b8 ARM Flash Release/sntp.o
                0x000140f8                sntpSync
                0x0001458c                sntp_appcall
 .text          0x000145b0      0x9f0 ARM Flash Release/telnetd.o
                0x00014cb4                telnetdPutChar
                0x00014d90                telnetdDisconnect
                0x00014db8                telnetd_init
                0x00014e40                telnetd_appcall
 .text          0x00014fa0     0x10ac ARM Flash Release/httpd.o
                0x00015ecc                httpd_appcall
                0x00016038                httpd_init
 .text          0x0001604c      0x730 ARM Flash Release/httpd-cgi.o
                0x00016084                httpd_cgi
 .text          0x0001677c      0x270 ARM Flash Release/httpd-fs.o
                0x0001682c                httpd_fs_open
                0x00016908                httpd_fs_init
                0x00016954                httpd_fs_count
 .text          0x000169ec        0x0 ARM Flash Release/http-strings.o
 .text          0x000169ec      0xcd4 ARM Flash Release/enc28j60.o
                0x000169ec                enc28j60Init
                0x00016da4                enc28j60Deinit
                0x00016dc4                enc28j60Send
                0x00016ef0                enc28j60Receive
                0x00017084                enc28j60WaitForData
 .text          0x000176c0      0x1e4 ARM Flash Release/memb.o
                0x000176c0                memb_init
                0x0001772c                memb_alloc
                0x000177d4                memb_free
 .text          0x000178a4      0xa20 ARM Flash Release/psock.o
                0x00017d3c                psock_send
                0x00017e24                psock_generator_send
                0x00017f40                psock_datalen
                0x00017f78                psock_newdata
                0x00017fec                psock_readto
                0x00018120                psock_readbuf
                0x00018254                psock_init
 .text          0x000182c4     0x31e0 ARM Flash Release/uip.o
                0x000182c4                uip_setipid
                0x000182e8                uip_printstats
                0x00018588                uip_init
                0x000186e4                uip_connect
                0x0001896c                uip_udp_new
                0x00018bc0                uip_unlisten
                0x00018c58                uip_listen
                0x00018d7c                uip_process
                0x0001b2d0                htons
                0x0001b31c                htonl
                0x0001b3c8                uip_iszeroaddr
                0x0001b42c                uip_send
 .text          0x0001b4a4      0x76c ARM Flash Release/uip_arch.o
                0x0001b4a4                uip_add32
                0x0001b620                uip_chksum
                0x0001b744                uip_ipchksum
                0x0001b76c                uip_tcpchksum
                0x0001bb4c                uip_udpchksum
 .text          0x0001bc10      0xc4c ARM Flash Release/uip_arp.o
                0x0001bc10                uip_arp_init
                0x0001bc94                uip_arp_timer
                0x0001c0f0                uip_arp_ipin
                0x0001c1f0                uip_arp_arpin
                0x0001c4ac                uip_arp_out
 .text          0x0001c85c       0xd0 ARM Flash Release/uip_timer.o
                0x0001c85c                timer_set
                0x0001c894                timer_reset
                0x0001c8c0                timer_restart
                0x0001c8e8                timer_expired
 .text          0x0001c92c      0x7b8 ARM Flash Release/uip-fw.o
                0x0001c92c                uip_fw_init
                0x0001cda8                uip_fw_output
                0x0001ce14                uip_fw_forward
                0x0001d02c                uip_fw_register
                0x0001d05c                uip_fw_default
                0x0001d07c                uip_fw_periodic
 .text          0x0001d0e4      0x12c ARM Flash Release/uiplib.o
                0x0001d0e4                uiplib_ipaddrconv
 .text          0x0001d210      0x438 ARM Flash Release/uip-neighbor.o
                0x0001d210                uip_neighbor_init
                0x0001d264                uip_neighbor_periodic
                0x0001d300                uip_neighbor_add
                0x0001d5c0                uip_neighbor_update
                0x0001d600                uip_neighbor_lookup
 .text          0x0001d648       0x18 ARM Flash Release/clock.o
                0x0001d648                clock_time
 .text          0x0001d660      0x588 ARM Flash Release/uiptask.o
                0x0001da18                uipFastPoll
                0x0001da64                uipIsRunning
                0x0001da84                uipStart
                0x0001db80                uipStop
                0x0001dbd0                dispatch_tcp_appcall
                0x0001dbd4                dispatch_udp_appcall
                0x0001dbd8                dhcpc_configured
 .text          0x0001dbe8      0x62c ARM Flash Release/disk.o
                0x0001dbe8                diskInitialize
                0x0001dd18                diskShutdown
                0x0001dd4c                diskStatus
                0x0001dd74                diskRead
                0x0001de10                diskWrite
                0x0001decc                diskIoctl
                0x0001e150                diskPresent
                0x0001e168                diskErrorText
                0x0001e1dc                diskErrorTextPrint
 .text          0x0001e214     0x5b8c ARM Flash Release/ff.o
                0x00020734                f_ferrorlookup
                0x000207a8                f_printerror
                0x000207e0                f_mount
                0x00020878                f_open
                0x00020e34                f_read
                0x00021260                f_write
                0x00021734                f_sync
                0x00021a04                f_close
                0x00021a4c                f_lseek
                0x00021dec                f_opendir
                0x00021f68                f_readdir
                0x000220b8                f_stat
                0x00022168                f_getfree
                0x00022414                f_unlink
                0x000226b0                f_mkdir
                0x00022b4c                f_chmod
                0x00022c54                f_rename
                0x00022e28                f_mkfs
 .text          0x00023da0        0x0 C:/Users/lukas/AppData/Local/Rowley Associates Limited/CrossWorks for ARM/packages/lib/liblpc2000_v4t_a_le.a(liblpc2000_lpc21xx_get_cclk.o)
 .text.liblpc2000
                0x00023da0       0x30 C:/Users/lukas/AppData/Local/Rowley Associates Limited/CrossWorks for ARM/packages/lib/liblpc2000_v4t_a_le.a(liblpc2000_lpc21xx_get_cclk.o)
                0x00023da0                liblpc2000_lpc21xx_get_cclk
                0x00023da0                liblpc2000_get_cclk
 .text          0x00023dd0        0x0 C:/Users/lukas/AppData/Local/Rowley Associates Limited/CrossWorks for ARM/packages/lib/liblpc2000_v4t_a_le.a(liblpc2000_lpc21xx_get_pclk.o)
 .text.liblpc2000
                0x00023dd0       0x2c C:/Users/lukas/AppData/Local/Rowley Associates Limited/CrossWorks for ARM/packages/lib/liblpc2000_v4t_a_le.a(liblpc2000_lpc21xx_get_pclk.o)
                0x00023dd0                liblpc2000_lpc21xx_get_pclk
                0x00023dd0                liblpc2000_get_pclk
 .text          0x00023dfc        0x0 C:/Program Files/Rowley Associates Limited/CrossWorks for ARM 2.0/lib/libm_v4t_a_le.a(__int32_to_float32.o)
 *fill*         0x00023dfc        0x4 00
 .text.libc     0x00023e00       0x70 C:/Program Files/Rowley Associates Limited/CrossWorks for ARM 2.0/lib/libm_v4t_a_le.a(__int32_to_float32.o)
                0x00023e00                __int32_to_float32
                0x00023e00                __floatsisf
                0x00023e00                __aeabi_i2f
                0x00023e14                __int32_to_float32_common
 .text          0x00023e70        0x0 C:/Program Files/Rowley Associates Limited/CrossWorks for ARM 2.0/lib/libm_v4t_a_le.a(__int32_to_float64.o)
 .text.libc     0x00023e70       0x70 C:/Program Files/Rowley Associates Limited/CrossWorks for ARM 2.0/lib/libm_v4t_a_le.a(__int32_to_float64.o)
                0x00023e70                __aeabi_i2d
                0x00023e70                __int32_to_float64
                0x00023e70                __floatsidf
 .text          0x00023ee0        0x0 C:/Program Files/Rowley Associates Limited/CrossWorks for ARM 2.0/lib/libm_v4t_a_le.a(__uint32_to_float32.o)
 .text.libc     0x00023ee0       0x10 C:/Program Files/Rowley Associates Limited/CrossWorks for ARM 2.0/lib/libm_v4t_a_le.a(__uint32_to_float32.o)
                0x00023ee0                __aeabi_ui2f
                0x00023ee0                __floatunsisf
                0x00023ee0                __uint32_to_float32
 .text          0x00023ef0        0x0 C:/Program Files/Rowley Associates Limited/CrossWorks for ARM 2.0/lib/libm_v4t_a_le.a(__uint32_to_float64.o)
 .text.libc     0x00023ef0       0x60 C:/Program Files/Rowley Associates Limited/CrossWorks for ARM 2.0/lib/libm_v4t_a_le.a(__uint32_to_float64.o)
                0x00023ef0                __aeabi_ui2d
                0x00023ef0                __floatunsidf
                0x00023ef0                __uint32_to_float64
 .text          0x00023f50        0x0 C:/Program Files/Rowley Associates Limited/CrossWorks for ARM 2.0/lib/libm_v4t_a_le.a(__float32_to_int32.o)
 .text.libc     0x00023f50       0x50 C:/Program Files/Rowley Associates Limited/CrossWorks for ARM 2.0/lib/libm_v4t_a_le.a(__float32_to_int32.o)
                0x00023f50                __float32_to_int32
                0x00023f50                __aeabi_f2iz
                0x00023f50                __fixsfsi
 .text          0x00023fa0        0x0 C:/Program Files/Rowley Associates Limited/CrossWorks for ARM 2.0/lib/libm_v4t_a_le.a(__float32_to_uint32.o)
 .text.libc     0x00023fa0       0x40 C:/Program Files/Rowley Associates Limited/CrossWorks for ARM 2.0/lib/libm_v4t_a_le.a(__float32_to_uint32.o)
                0x00023fa0                __aeabi_f2uiz
                0x00023fa0                __fixunssfsi
                0x00023fa0                __float32_to_uint32
 .text          0x00023fe0        0x0 C:/Program Files/Rowley Associates Limited/CrossWorks for ARM 2.0/lib/libm_v4t_a_le.a(__float64_to_int32.o)
 .text.libc     0x00023fe0       0x60 C:/Program Files/Rowley Associates Limited/CrossWorks for ARM 2.0/lib/libm_v4t_a_le.a(__float64_to_int32.o)
                0x00023fe0                __aeabi_d2iz
                0x00023fe0                __float64_to_int32
                0x00023fe0                __fixdfsi
 .text          0x00024040        0x0 C:/Program Files/Rowley Associates Limited/CrossWorks for ARM 2.0/lib/libm_v4t_a_le.a(__float64_to_uint32.o)
 .text.libc     0x00024040       0x50 C:/Program Files/Rowley Associates Limited/CrossWorks for ARM 2.0/lib/libm_v4t_a_le.a(__float64_to_uint32.o)
                0x00024040                __aeabi_d2uiz
                0x00024040                __float64_to_uint32
                0x00024040                __fixunsdfsi
 .text          0x00024090        0x0 C:/Program Files/Rowley Associates Limited/CrossWorks for ARM 2.0/lib/libm_v4t_a_le.a(__float32_to_float64.o)
 .text.libc     0x00024090       0x40 C:/Program Files/Rowley Associates Limited/CrossWorks for ARM 2.0/lib/libm_v4t_a_le.a(__float32_to_float64.o)
                0x00024090                __float32_to_float64
                0x00024090                __aeabi_f2d
                0x00024090                __extendsfdf2
 .text          0x000240d0        0x0 C:/Program Files/Rowley Associates Limited/CrossWorks for ARM 2.0/lib/libm_v4t_a_le.a(__float64_to_float32.o)
 .text.libc     0x000240d0       0x80 C:/Program Files/Rowley Associates Limited/CrossWorks for ARM 2.0/lib/libm_v4t_a_le.a(__float64_to_float32.o)
                0x000240d0                __truncdfsf2
                0x000240d0                __float64_to_float32
                0x000240d0                __aeabi_d2f
 .text          0x00024150        0x0 C:/Program Files/Rowley Associates Limited/CrossWorks for ARM 2.0/lib/libm_v4t_a_le.a(__float32_add.o)
 .text.libc     0x00024150      0x1a0 C:/Program Files/Rowley Associates Limited/CrossWorks for ARM 2.0/lib/libm_v4t_a_le.a(__float32_add.o)
                0x00024150                __aeabi_frsub
                0x00024158                __subsf3
                0x00024158                __aeabi_fsub
                0x00024158                __float32_sub
                0x0002415c                __addsf3
                0x0002415c                __float32_add
                0x0002415c                __aeabi_fadd
 .text          0x000242f0        0x0 C:/Program Files/Rowley Associates Limited/CrossWorks for ARM 2.0/lib/libm_v4t_a_le.a(__float32_mul.o)
 .text.libc     0x000242f0      0x100 C:/Program Files/Rowley Associates Limited/CrossWorks for ARM 2.0/lib/libm_v4t_a_le.a(__float32_mul.o)
                0x000242f0                __mulsf3
                0x000242f0                __float32_mul
 .text          0x000243f0        0x0 C:/Program Files/Rowley Associates Limited/CrossWorks for ARM 2.0/lib/libm_v4t_a_le.a(__float32_div.o)
 .text.libc     0x000243f0      0x210 C:/Program Files/Rowley Associates Limited/CrossWorks for ARM 2.0/lib/libm_v4t_a_le.a(__float32_div.o)
                0x000243f0                __float32_div
                0x000243f0                __divsf3
 .text          0x00024600        0x0 C:/Program Files/Rowley Associates Limited/CrossWorks for ARM 2.0/lib/libm_v4t_a_le.a(__float32_cmp.o)
 .text.libc     0x00024600       0x50 C:/Program Files/Rowley Associates Limited/CrossWorks for ARM 2.0/lib/libm_v4t_a_le.a(__float32_cmp.o)
                0x00024600                __nesf2
                0x00024600                __gtsf2
                0x00024600                __eqsf2
                0x00024600                __cmpsf2
                0x00024600                __ltsf2
                0x00024600                __gesf2
                0x00024600                __lesf2
 .text          0x00024650        0x0 C:/Program Files/Rowley Associates Limited/CrossWorks for ARM 2.0/lib/libm_v4t_a_le.a(__float64_add.o)
 .text.libc     0x00024650      0x350 C:/Program Files/Rowley Associates Limited/CrossWorks for ARM 2.0/lib/libm_v4t_a_le.a(__float64_add.o)
                0x00024650                __aeabi_drsub
                0x00024658                __aeabi_dsub
                0x00024658                __float64_sub
                0x00024658                __subdf3
                0x0002465c                __aeabi_dadd
                0x0002465c                __float64_add
                0x0002465c                __adddf3
 .text          0x000249a0        0x0 C:/Program Files/Rowley Associates Limited/CrossWorks for ARM 2.0/lib/libm_v4t_a_le.a(__float64_mul.o)
 .text.libc     0x000249a0      0x1b0 C:/Program Files/Rowley Associates Limited/CrossWorks for ARM 2.0/lib/libm_v4t_a_le.a(__float64_mul.o)
                0x000249a0                __muldf3
                0x000249a0                __float64_mul
 .text          0x00024b50        0x0 C:/Program Files/Rowley Associates Limited/CrossWorks for ARM 2.0/lib/libm_v4t_a_le.a(__float64_div.o)
 .text.libc     0x00024b50      0x330 C:/Program Files/Rowley Associates Limited/CrossWorks for ARM 2.0/lib/libm_v4t_a_le.a(__float64_div.o)
                0x00024b50                __divdf3
                0x00024b50                __float64_div
                0x00024b50                __aeabi_ddiv
 .text          0x00024e80        0x0 C:/Program Files/Rowley Associates Limited/CrossWorks for ARM 2.0/lib/libm_v4t_a_le.a(log.o)
 .text.libc     0x00024e80      0x2c0 C:/Program Files/Rowley Associates Limited/CrossWorks for ARM 2.0/lib/libm_v4t_a_le.a(log.o)
                0x00024e80                log
 .text          0x00025140        0x0 C:/Program Files/Rowley Associates Limited/CrossWorks for ARM 2.0/lib/libm_v4t_a_le.a(__float64_cmp.o)
 .text.libc     0x00025140       0x70 C:/Program Files/Rowley Associates Limited/CrossWorks for ARM 2.0/lib/libm_v4t_a_le.a(__float64_cmp.o)
                0x00025140                __eqdf2
                0x00025140                __gtdf2
                0x00025140                __ltdf2
                0x00025140                __ledf2
                0x00025140                __nedf2
                0x00025140                __gedf2
                0x00025140                __cmpdf2
 .text          0x000251b0        0x0 C:/Program Files/Rowley Associates Limited/CrossWorks for ARM 2.0/lib/libm_v4t_a_le.a(__float64_isnan.o)
 .text.libc     0x000251b0       0x20 C:/Program Files/Rowley Associates Limited/CrossWorks for ARM 2.0/lib/libm_v4t_a_le.a(__float64_isnan.o)
                0x000251b0                __float64_isnan
 .text          0x000251d0        0x0 C:/Program Files/Rowley Associates Limited/CrossWorks for ARM 2.0/lib/libm_v4t_a_le.a(__float64_infinity.o)
 .text.libc     0x000251d0        0x0 C:/Program Files/Rowley Associates Limited/CrossWorks for ARM 2.0/lib/libm_v4t_a_le.a(__float64_infinity.o)
 .text          0x000251d0        0x0 C:/Program Files/Rowley Associates Limited/CrossWorks for ARM 2.0/lib/libm_v4t_a_le.a(__float64_nan.o)
 .text.libc     0x000251d0        0x0 C:/Program Files/Rowley Associates Limited/CrossWorks for ARM 2.0/lib/libm_v4t_a_le.a(__float64_nan.o)
 .text          0x000251d0        0x0 C:/Program Files/Rowley Associates Limited/CrossWorks for ARM 2.0/lib/libm_v4t_a_le.a(__poly1_eval.o)
 .text.libc     0x000251d0       0x70 C:/Program Files/Rowley Associates Limited/CrossWorks for ARM 2.0/lib/libm_v4t_a_le.a(__poly1_eval.o)
                0x000251d0                __poly1_eval
 .text          0x00025240        0x0 C:/Program Files/Rowley Associates Limited/CrossWorks for ARM 2.0/lib/libm_v4t_a_le.a(__poly_eval.o)
 .text.libc     0x00025240       0x5c C:/Program Files/Rowley Associates Limited/CrossWorks for ARM 2.0/lib/libm_v4t_a_le.a(__poly_eval.o)
                0x00025240                __poly_eval
 .text          0x0002529c        0x0 C:/Program Files/Rowley Associates Limited/CrossWorks for ARM 2.0/lib/libm_v4t_a_le.a(frexp.o)
 .text.libc     0x0002529c       0x60 C:/Program Files/Rowley Associates Limited/CrossWorks for ARM 2.0/lib/libm_v4t_a_le.a(frexp.o)
                0x0002529c                frexp
 .text          0x000252fc        0x0 C:/Program Files/Rowley Associates Limited/CrossWorks for ARM 2.0/lib/libm_v4t_a_le.a(ldexp.o)
 .text.libc     0x000252fc       0x84 C:/Program Files/Rowley Associates Limited/CrossWorks for ARM 2.0/lib/libm_v4t_a_le.a(ldexp.o)
                0x000252fc                ldexp
 .text          0x00025380        0x0 C:/Program Files/Rowley Associates Limited/CrossWorks for ARM 2.0/lib/libc_v4t_a_le.a(__int32_umod.o)
 .text.libc     0x00025380       0x20 C:/Program Files/Rowley Associates Limited/CrossWorks for ARM 2.0/lib/libc_v4t_a_le.a(__int32_umod.o)
                0x00025380                __int32_umod
                0x00025380                __umodsi3
 .text          0x000253a0        0x0 C:/Program Files/Rowley Associates Limited/CrossWorks for ARM 2.0/lib/libc_v4t_a_le.a(__int32_div.o)
 .text.libc     0x000253a0       0x50 C:/Program Files/Rowley Associates Limited/CrossWorks for ARM 2.0/lib/libc_v4t_a_le.a(__int32_div.o)
                0x000253a0                __divsi3
                0x000253a0                __int32_div
 .text          0x000253f0        0x0 C:/Program Files/Rowley Associates Limited/CrossWorks for ARM 2.0/lib/libc_v4t_a_le.a(__int32_udivmod.o)
 .text.libc     0x000253f0       0x30 C:/Program Files/Rowley Associates Limited/CrossWorks for ARM 2.0/lib/libc_v4t_a_le.a(__int32_udivmod.o)
                0x000253f0                __int32_udivmod
                0x000253f0                __udivsi3
                0x000253f0                __int32_udiv
 .text          0x00025420        0x0 C:/Program Files/Rowley Associates Limited/CrossWorks for ARM 2.0/lib/libc_v4t_a_le.a(strlen.o)
 .text.libc     0x00025420       0x90 C:/Program Files/Rowley Associates Limited/CrossWorks for ARM 2.0/lib/libc_v4t_a_le.a(strlen.o)
                0x00025420                strlen
 .text          0x000254b0        0x0 C:/Program Files/Rowley Associates Limited/CrossWorks for ARM 2.0/lib/libc_v4t_a_le.a(memcpy.o)
 .text.libc     0x000254b0       0x60 C:/Program Files/Rowley Associates Limited/CrossWorks for ARM 2.0/lib/libc_v4t_a_le.a(memcpy.o)
                0x000254b0                memcpy
 .text          0x00025510        0x0 C:/Program Files/Rowley Associates Limited/CrossWorks for ARM 2.0/lib/libc_v4t_a_le.a(memset.o)
 .text.libc     0x00025510       0xa0 C:/Program Files/Rowley Associates Limited/CrossWorks for ARM 2.0/lib/libc_v4t_a_le.a(memset.o)
                0x00025510                memset
 .text          0x000255b0        0x0 C:/Program Files/Rowley Associates Limited/CrossWorks for ARM 2.0/lib/libc_v4t_a_le.a(strcpy.o)
 .text.libc     0x000255b0       0x60 C:/Program Files/Rowley Associates Limited/CrossWorks for ARM 2.0/lib/libc_v4t_a_le.a(strcpy.o)
                0x000255b0                strcpy
 .text          0x00025610        0x0 C:/Program Files/Rowley Associates Limited/CrossWorks for ARM 2.0/lib/libc_v4t_a_le.a(strcmp.o)
 .text.libc     0x00025610       0x70 C:/Program Files/Rowley Associates Limited/CrossWorks for ARM 2.0/lib/libc_v4t_a_le.a(strcmp.o)
                0x00025610                strcmp
 .text          0x00025680        0x0 C:/Program Files/Rowley Associates Limited/CrossWorks for ARM 2.0/lib/libc_v4t_a_le.a(memcmp.o)
 .text.libc     0x00025680       0x54 C:/Program Files/Rowley Associates Limited/CrossWorks for ARM 2.0/lib/libc_v4t_a_le.a(memcmp.o)
                0x00025680                memcmp
 .text          0x000256d4        0x0 C:/Program Files/Rowley Associates Limited/CrossWorks for ARM 2.0/lib/libc_v4t_a_le.a(strcat.o)
 .text.libc     0x000256d4       0x3c C:/Program Files/Rowley Associates Limited/CrossWorks for ARM 2.0/lib/libc_v4t_a_le.a(strcat.o)
                0x000256d4                strcat
 .text          0x00025710        0x0 C:/Program Files/Rowley Associates Limited/CrossWorks for ARM 2.0/lib/libc_v4t_a_le.a(strchr.o)
 .text.libc     0x00025710       0x40 C:/Program Files/Rowley Associates Limited/CrossWorks for ARM 2.0/lib/libc_v4t_a_le.a(strchr.o)
                0x00025710                strchr
 .text          0x00025750        0x0 C:/Program Files/Rowley Associates Limited/CrossWorks for ARM 2.0/lib/libc_v4t_a_le.a(strncmp.o)
 .text.libc     0x00025750       0x64 C:/Program Files/Rowley Associates Limited/CrossWorks for ARM 2.0/lib/libc_v4t_a_le.a(strncmp.o)
                0x00025750                strncmp
 .text          0x000257b4        0x0 C:/Program Files/Rowley Associates Limited/CrossWorks for ARM 2.0/lib/libc_v4t_a_le.a(strncpy.o)
 .text.libc     0x000257b4       0x74 C:/Program Files/Rowley Associates Limited/CrossWorks for ARM 2.0/lib/libc_v4t_a_le.a(strncpy.o)
                0x000257b4                strncpy
 .text          0x00025828        0x0 C:/Program Files/Rowley Associates Limited/CrossWorks for ARM 2.0/lib/libc_v4t_a_le.a(strrchr.o)
 .text.libc     0x00025828       0x44 C:/Program Files/Rowley Associates Limited/CrossWorks for ARM 2.0/lib/libc_v4t_a_le.a(strrchr.o)
                0x00025828                strrchr
 .text          0x0002586c        0x0 C:/Program Files/Rowley Associates Limited/CrossWorks for ARM 2.0/lib/libc_v4t_a_le.a(strstr.o)
 .text.libc     0x0002586c       0x98 C:/Program Files/Rowley Associates Limited/CrossWorks for ARM 2.0/lib/libc_v4t_a_le.a(strstr.o)
                0x0002586c                strstr
 .text          0x00025904        0x0 C:/Program Files/Rowley Associates Limited/CrossWorks for ARM 2.0/lib/libc_v4t_a_le.a(ctype.o)
 .text.libc     0x00025904      0x17c C:/Program Files/Rowley Associates Limited/CrossWorks for ARM 2.0/lib/libc_v4t_a_le.a(ctype.o)
                0x00025904                isalpha
                0x00025920                isupper
                0x00025934                islower
                0x00025948                isdigit
                0x0002595c                isxdigit
                0x00025988                isspace
                0x000259a0                ispunct
                0x000259dc                isalnum
                0x00025a08                isprint
                0x00025a1c                isgraph
                0x00025a30                iscntrl
                0x00025a44                tolower
                0x00025a58                toupper
                0x00025a6c                isblank
 .text          0x00025a80        0x0 C:/Program Files/Rowley Associates Limited/CrossWorks for ARM 2.0/lib/libc_v4t_a_le.a(itoa.o)
 .text.libc     0x00025a80       0x38 C:/Program Files/Rowley Associates Limited/CrossWorks for ARM 2.0/lib/libc_v4t_a_le.a(itoa.o)
                0x00025a80                itoa
 .text          0x00025ab8        0x0 C:/Program Files/Rowley Associates Limited/CrossWorks for ARM 2.0/lib/libc_v4t_a_le.a(malloc.o)
 .text.libc     0x00025ab8      0x250 C:/Program Files/Rowley Associates Limited/CrossWorks for ARM 2.0/lib/libc_v4t_a_le.a(malloc.o)
                0x00025ab8                free
                0x00025bac                malloc
                0x00025c90                realloc
                0x00025cd8                calloc
 .text          0x00025d08        0x0 C:/Program Files/Rowley Associates Limited/CrossWorks for ARM 2.0/lib/libc_v4t_a_le.a(atoi.o)
 .text.libc     0x00025d08       0x38 C:/Program Files/Rowley Associates Limited/CrossWorks for ARM 2.0/lib/libc_v4t_a_le.a(atoi.o)
                0x00025d08                atoi
 .text          0x00025d40        0x0 C:/Program Files/Rowley Associates Limited/CrossWorks for ARM 2.0/lib/libc_v4t_a_le.a(time.o)
 .text.libc     0x00025d40      0x75c C:/Program Files/Rowley Associates Limited/CrossWorks for ARM 2.0/lib/libc_v4t_a_le.a(time.o)
                0x00025d40                difftime
                0x00025d54                checktm
                0x00025f9c                mktime
                0x000261e4                localtime_r
                0x000263f0                localtime
                0x00026410                gmtime_r
                0x00026428                gmtime
                0x00026448                ctime_r
                0x00026478                ctime
 .text          0x0002649c        0x0 C:/Program Files/Rowley Associates Limited/CrossWorks for ARM 2.0/lib/libc_v4t_a_le.a(asctime.o)
 .text.libc     0x0002649c      0x18c C:/Program Files/Rowley Associates Limited/CrossWorks for ARM 2.0/lib/libc_v4t_a_le.a(asctime.o)
                0x000264c8                asctime_r
                0x00026610                asctime
 .text          0x00026628        0x0 C:/Program Files/Rowley Associates Limited/CrossWorks for ARM 2.0/lib/libc_v4t_a_le.a(strftime.o)
 .text.libc     0x00026628      0x82c C:/Program Files/Rowley Associates Limited/CrossWorks for ARM 2.0/lib/libc_v4t_a_le.a(strftime.o)
                0x00026e00                strftime
 .text          0x00026e54        0x0 C:/Program Files/Rowley Associates Limited/CrossWorks for ARM 2.0/lib/libc_v4t_a_le.a(div.o)
 .text.libc     0x00026e54       0x54 C:/Program Files/Rowley Associates Limited/CrossWorks for ARM 2.0/lib/libc_v4t_a_le.a(div.o)
                0x00026e54                div
 .text          0x00026ea8        0x0 C:/Program Files/Rowley Associates Limited/CrossWorks for ARM 2.0/lib/libc_v4t_a_le.a(__xtoa.o)
 .text.libc     0x00026ea8       0xa0 C:/Program Files/Rowley Associates Limited/CrossWorks for ARM 2.0/lib/libc_v4t_a_le.a(__xtoa.o)
                0x00026ea8                __xtoa
 .text          0x00026f48        0x0 C:/Program Files/Rowley Associates Limited/CrossWorks for ARM 2.0/lib/libc_v4t_a_le.a(strtol.o)
 .text.libc     0x00026f48       0xd4 C:/Program Files/Rowley Associates Limited/CrossWorks for ARM 2.0/lib/libc_v4t_a_le.a(strtol.o)
                0x00026f48                strtol
 .text          0x0002701c        0x0 C:/Program Files/Rowley Associates Limited/CrossWorks for ARM 2.0/lib/libc_v4t_a_le.a(ldiv.o)
 .text.libc     0x0002701c       0x54 C:/Program Files/Rowley Associates Limited/CrossWorks for ARM 2.0/lib/libc_v4t_a_le.a(ldiv.o)
                0x0002701c                ldiv
 .text          0x00027070        0x0 C:/Program Files/Rowley Associates Limited/CrossWorks for ARM 2.0/lib/libc_v4t_a_le.a(__int32_mod.o)
 .text.libc     0x00027070       0x50 C:/Program Files/Rowley Associates Limited/CrossWorks for ARM 2.0/lib/libc_v4t_a_le.a(__int32_mod.o)
                0x00027070                __modsi3
                0x00027070                __int32_mod
 .text          0x000270c0        0x0 C:/Program Files/Rowley Associates Limited/CrossWorks for ARM 2.0/lib/libc_v4t_a_le.a(__strtoul.o)
 .text.libc     0x000270c0      0x128 C:/Program Files/Rowley Associates Limited/CrossWorks for ARM 2.0/lib/libc_v4t_a_le.a(__strtoul.o)
                0x000270c0                __strtoul
 .text          0x000271e8        0x0 C:/Program Files/Rowley Associates Limited/CrossWorks for ARM 2.0/lib/libc_v4t_a_le.a(__digit.o)
 .text.libc     0x000271e8       0x54 C:/Program Files/Rowley Associates Limited/CrossWorks for ARM 2.0/lib/libc_v4t_a_le.a(__digit.o)
                0x000271e8                __digit
 .text          0x0002723c        0x0 C:/Program Files/Rowley Associates Limited/CrossWorks for ARM 2.0/lib/libc_targetio_impl_v4t_a_le.a(putchar.o)
 .text.libc     0x0002723c       0x2c C:/Program Files/Rowley Associates Limited/CrossWorks for ARM 2.0/lib/libc_targetio_impl_v4t_a_le.a(putchar.o)
                0x0002723c                putchar
 .text          0x00027268        0x0 C:/Program Files/Rowley Associates Limited/CrossWorks for ARM 2.0/lib/libc_user_libc_v4t_a_le.a(user_libc.o)
 .text.libc     0x00027268       0x2c C:/Program Files/Rowley Associates Limited/CrossWorks for ARM 2.0/lib/libc_user_libc_v4t_a_le.a(user_libc.o)
                0x00027268                __errno
                0x00027274                __heap_lock
                0x00027278                __heap_unlock
                0x0002727c                __printf_lock
                0x00027280                __printf_unlock
                0x00027284                __scanf_lock
                0x00027288                __scanf_unlock
                0x0002728c                __debug_io_lock
                0x00027290                __debug_io_unlock
                0x00027294                __text_end__ = (__text_start__ + SIZEOF (.text))

.vfp11_veneer   0x00000000        0x0
 .vfp11_veneer  0x00000000        0x0 linker stubs

.v4_bx          0x00000000        0x0
 .v4_bx         0x00000000        0x0 linker stubs
                0x00000001                . = ASSERT (((__text_end__ >= __FLASH_segment_start__) && (__text_end__ <= (__FLASH_segment_start__ + 0x80000))), error: .text is too large to fit in FLASH memory segment)
                0x00027294                __dtors_load_start__ = ALIGN (__text_end__, 0x4)

.dtors          0x00027294        0x0
                0x00027294                __dtors_start__ = .
 *(SORT(.dtors.*))
 *(.dtors)
                0x00027294                __dtors_end__ = (__dtors_start__ + SIZEOF (.dtors))
                0x00000001                . = ASSERT (((__dtors_end__ >= __FLASH_segment_start__) && (__dtors_end__ <= (__FLASH_segment_start__ + 0x80000))), error: .dtors is too large to fit in FLASH memory segment)
                0x00027294                __ctors_load_start__ = ALIGN (__dtors_end__, 0x4)

.ctors          0x00027294        0x0
                0x00027294                __ctors_start__ = .
 *(SORT(.ctors.*))
 *(.ctors)
                0x00027294                __ctors_end__ = (__ctors_start__ + SIZEOF (.ctors))
                0x00000001                . = ASSERT (((__ctors_end__ >= __FLASH_segment_start__) && (__ctors_end__ <= (__FLASH_segment_start__ + 0x80000))), error: .ctors is too large to fit in FLASH memory segment)
                0x00027294                __rodata_load_start__ = ALIGN (__ctors_end__, 0x4)

.rodata         0x00027294     0xa260
                0x00027294                __rodata_start__ = .
 *(.rodata .rodata.* .gnu.linkonce.r.*)
 .rodata        0x00027294      0x578 ARM Flash Release/main.o
 .rodata        0x0002780c      0x1a0 ARM Flash Release/i2c.o
 .rodata        0x000279ac        0xc ARM Flash Release/i2cInt.o
 .rodata        0x000279b8       0x90 ARM Flash Release/usbser.o
 .rodata        0x00027a48      0x570 ARM Flash Release/eint0ISR.o
 .rodata        0x00027fb8      0x570 ARM Flash Release/eint2ISR.o
 .rodata        0x00028528      0x570 ARM Flash Release/eint3ISR.o
 .rodata        0x00028a98      0x2b8 ARM Flash Release/beep.o
 .rodata        0x00028d50       0x10 ARM Flash Release/args.o
 .rodata        0x00028d60       0x84 ARM Flash Release/argsdispatch.o
 .rodata        0x00028de4     0x126c ARM Flash Release/monitor.o
 .rodata        0x0002a050        0x8 ARM Flash Release/printf-stdarg.o
 .rodata        0x0002a058        0x4 ARM Flash Release/leds.o
 .rodata        0x0002a05c        0x8 ARM Flash Release/tcs3414.o
 .rodata        0x0002a064      0x224 ARM Flash Release/mmc.o
 .rodata        0x0002a288       0x6c ARM Flash Release/Lcd204_4.o
 .rodata        0x0002a2f4      0x5f4 ARM Flash Release/logging.o
 .rodata        0x0002a8e8      0x814 ARM Flash Release/meas_sm.o
 .rodata        0x0002b0fc      0x580 ARM Flash Release/meas_task.o
 .rodata        0x0002b67c        0x2 ARM Flash Release/heap_2.o
 *fill*         0x0002b67e        0x2 00
 .rodata        0x0002b680       0x34 ARM Flash Release/tasks.o
 .rodata        0x0002b6b4        0x8 ARM Flash Release/dhcpc.o
 .rodata        0x0002b6bc        0xc ARM Flash Release/telnetd.o
 .rodata        0x0002b6c8       0x18 ARM Flash Release/httpd.o
 .rodata        0x0002b6e0      0x164 ARM Flash Release/httpd-cgi.o
 .rodata        0x0002b844     0x51d8 ARM Flash Release/httpd-fs.o
                0x00030940                file_404_html
                0x00030954                file_fade_png
                0x00030968                file_files_shtml
                0x0003097c                file_footer_html
                0x00030990                file_header_html
                0x000309a4                file_index_html
                0x000309b8                file_led_shtml
                0x000309cc                file_lpc2148_jpg
                0x000309e0                file_stats_shtml
                0x000309f4                file_style_css
                0x00030a08                file_tcp_shtml
 .rodata        0x00030a1c      0x288 ARM Flash Release/http-strings.o
                0x00030a1c                http_http
                0x00030a24                http_200
                0x00030a2c                http_301
                0x00030a34                http_302
                0x00030a3c                http_get
                0x00030a44                http_10
                0x00030a50                http_11
                0x00030a5c                http_content_type
                0x00030a6c                http_texthtml
                0x00030a78                http_location
                0x00030a84                http_host
                0x00030a8c                http_crnl
                0x00030a90                http_index_html
                0x00030a9c                http_404_html
                0x00030aa8                http_referer
                0x00030ab4                http_header_200
                0x00030b08                http_header_404
                0x00030b64                http_content_type_plain
                0x00030b84                http_content_type_html
                0x00030ba0                http_content_type_css
                0x00030bbc                http_content_type_text
                0x00030bd8                http_content_type_png
                0x00030bf4                http_content_type_gif
                0x00030c10                http_content_type_jpg
                0x00030c30                http_content_type_binary
                0x00030c5c                http_html
                0x00030c64                http_shtml
                0x00030c6c                http_htm
                0x00030c74                http_css
                0x00030c7c                http_png
                0x00030c84                http_gif
                0x00030c8c                http_jpg
                0x00030c94                http_text
                0x00030c9c                http_txt
 .rodata        0x00030ca4        0x8 ARM Flash Release/enc28j60.o
 .rodata        0x00030cac      0x314 ARM Flash Release/uip.o
 .rodata        0x00030fc0        0xc ARM Flash Release/uip_arp.o
 .rodata        0x00030fcc       0x44 ARM Flash Release/uip-neighbor.o
 .rodata        0x00031010       0x20 ARM Flash Release/uiptask.o
 .rodata        0x00031030       0x7c ARM Flash Release/disk.o
 .rodata        0x000310ac      0x168 ARM Flash Release/ff.o
 .rodata.libc   0x00031214       0x28 C:/Program Files/Rowley Associates Limited/CrossWorks for ARM 2.0/lib/libm_v4t_a_le.a(log.o)
 .rodata.libc   0x0003123c        0x8 C:/Program Files/Rowley Associates Limited/CrossWorks for ARM 2.0/lib/libm_v4t_a_le.a(__float64_infinity.o)
                0x0003123c                __float64_infinity
 .rodata.libc   0x00031244        0x8 C:/Program Files/Rowley Associates Limited/CrossWorks for ARM 2.0/lib/libm_v4t_a_le.a(__float64_nan.o)
                0x00031244                __float64_nan
 .rodata.libc   0x0003124c       0x84 C:/Program Files/Rowley Associates Limited/CrossWorks for ARM 2.0/lib/libc_v4t_a_le.a(ctype.o)
                0x0003124c                __ctype
 .rodata.libc   0x000312d0       0x68 C:/Program Files/Rowley Associates Limited/CrossWorks for ARM 2.0/lib/libc_v4t_a_le.a(time.o)
 .rodata.libc   0x00031338       0x4c C:/Program Files/Rowley Associates Limited/CrossWorks for ARM 2.0/lib/libc_v4t_a_le.a(asctime.o)
 .rodata.libc   0x00031384       0x4c C:/Program Files/Rowley Associates Limited/CrossWorks for ARM 2.0/lib/libc_v4t_a_le.a(strftime.o)
 .rodata.libc.str1.4
                0x000313d0      0x124 C:/Program Files/Rowley Associates Limited/CrossWorks for ARM 2.0/lib/libc_v4t_a_le.a(strftime.o)
                                0x130 (size before relaxing)
                0x000314f4                __rodata_end__ = (__rodata_start__ + SIZEOF (.rodata))
                0x00000001                . = ASSERT (((__rodata_end__ >= __FLASH_segment_start__) && (__rodata_end__ <= (__FLASH_segment_start__ + 0x80000))), error: .rodata is too large to fit in FLASH memory segment)
                0x000314f4                __fast_load_start__ = ALIGN (__rodata_end__, 0x4)

.fast           0x4000003c        0x0 load address 0x000314f4
                0x4000003c                __fast_start__ = .
 *(.fast .fast.*)
                0x4000003c                __fast_end__ = (__fast_start__ + SIZEOF (.fast))
                0x000314f4                __fast_load_end__ = (__fast_load_start__ + SIZEOF (.fast))
                0x00000001                . = ASSERT ((((__fast_load_start__ + SIZEOF (.fast)) >= __FLASH_segment_start__) && ((__fast_load_start__ + SIZEOF (.fast)) <= (__FLASH_segment_start__ + 0x80000))), error: .fast is too large to fit in FLASH memory segment)

.fast_run       0x4000003c        0x0
                0x4000003c                __fast_run_start__ = .
                0x4000003c                . = MAX ((__fast_run_start__ + SIZEOF (.fast)), .)
                0x4000003c                __fast_run_end__ = (__fast_run_start__ + SIZEOF (.fast_run))
                0x00000001                . = ASSERT (((__fast_run_end__ >= __SRAM_segment_start__) && (__fast_run_end__ <= (__SRAM_segment_start__ + 0x8000))), error: .fast_run is too large to fit in SRAM memory segment)
                0x000314f4                __data_load_start__ = ALIGN ((__fast_load_start__ + SIZEOF (.fast)), 0x4)

.data           0x4000003c      0x1b8 load address 0x000314f4
                0x4000003c                __data_start__ = .
 *(.data .data.* .gnu.linkonce.d.*)
 .data          0x4000003c       0x14 ARM Flash Release/main.o
 .data          0x40000050        0x0 ARM Flash Release/adc.o
 .data          0x40000050        0x0 ARM Flash Release/cpu.o
 .data          0x40000050       0xb0 ARM Flash Release/i2c.o
 .data          0x40000100        0x4 ARM Flash Release/i2cInt.o
 .data          0x40000104        0x8 ARM Flash Release/pwm.o
 .data          0x4000010c        0x0 ARM Flash Release/spi.o
 .data          0x4000010c        0x8 ARM Flash Release/uart0.o
 .data          0x40000114        0x0 ARM Flash Release/uart0ISR.o
 .data          0x40000114        0x8 ARM Flash Release/uart1.o
 .data          0x4000011c        0x0 ARM Flash Release/uart1ISR.o
 .data          0x4000011c        0x0 ARM Flash Release/usbcontrol.o
 .data          0x4000011c        0x0 ARM Flash Release/usbinit.o
 .data          0x4000011c        0x0 ARM Flash Release/usbISR.o
 .data          0x4000011c        0x0 ARM Flash Release/usbstdreq.o
 .data          0x4000011c        0x8 ARM Flash Release/usbser.o
 .data          0x40000124        0x0 ARM Flash Release/rtc.o
 .data          0x40000124        0x0 ARM Flash Release/rtcISR.o
 .data          0x40000124        0x0 ARM Flash Release/reset.o
 .data          0x40000124        0x0 ARM Flash Release/eint0.o
 .data          0x40000124       0x14 ARM Flash Release/eint0ISR.o
 .data          0x40000138        0x0 ARM Flash Release/eint2.o
 .data          0x40000138       0x14 ARM Flash Release/eint2ISR.o
 .data          0x4000014c        0x0 ARM Flash Release/eint3.o
 .data          0x4000014c       0x14 ARM Flash Release/eint3ISR.o
 .data          0x40000160        0x0 ARM Flash Release/eint1.o
 .data          0x40000160        0x0 ARM Flash Release/eint1ISR.o
 .data          0x40000160        0x0 ARM Flash Release/beep.o
 .data          0x40000160        0x0 ARM Flash Release/timer.o
 .data          0x40000160        0x0 ARM Flash Release/dac.o
 .data          0x40000160        0x0 ARM Flash Release/args.o
 .data          0x40000160        0x0 ARM Flash Release/argsdispatch.o
 .data          0x40000160        0x0 ARM Flash Release/monitor.o
 .data          0x40000160        0x0 ARM Flash Release/printf-stdarg.o
 .data          0x40000160        0x8 ARM Flash Release/leds.o
 .data          0x40000168        0x1 ARM Flash Release/tcs3414.o
 .data          0x40000169        0x0 ARM Flash Release/mmc.o
 .data          0x40000169        0x0 ARM Flash Release/ssp.o
 .data          0x40000169        0x0 ARM Flash Release/Lcd204_4.o
 *fill*         0x40000169        0x3 00
 .data          0x4000016c       0x14 ARM Flash Release/logging.o
 .data          0x40000180       0x14 ARM Flash Release/meas_sm.o
 .data          0x40000194       0x14 ARM Flash Release/meas_task.o
 .data          0x400001a8        0x0 ARM Flash Release/crt0.o
 .data          0x400001a8        0x0 ARM Flash Release/Philips_LPC210X_Startup.o
 .data          0x400001a8        0x0 ARM Flash Release/LPC210x.o
 .data          0x400001a8        0x0 ARM Flash Release/VIC.o
 .data          0x400001a8        0x0 ARM Flash Release/VIC_irq_handler.o
 .data          0x400001a8        0x4 ARM Flash Release/portISR.o
                0x400001a8                ulCriticalNesting
 .data          0x400001ac        0x0 ARM Flash Release/port.o
 .data          0x400001ac        0x0 ARM Flash Release/heap_2.o
 .data          0x400001ac        0x4 ARM Flash Release/tasks.o
                0x400001ac                uxPreviousTask
 .data          0x400001b0        0x0 ARM Flash Release/queue.o
 .data          0x400001b0        0x0 ARM Flash Release/list.o
 .data          0x400001b0        0x0 ARM Flash Release/dhcpc.o
 .data          0x400001b0        0x0 ARM Flash Release/sntp.o
 .data          0x400001b0        0x0 ARM Flash Release/telnetd.o
 .data          0x400001b0        0x0 ARM Flash Release/httpd.o
 .data          0x400001b0       0x38 ARM Flash Release/httpd-cgi.o
 .data          0x400001e8        0x0 ARM Flash Release/httpd-fs.o
 .data          0x400001e8        0x0 ARM Flash Release/http-strings.o
 .data          0x400001e8        0x0 ARM Flash Release/enc28j60.o
 .data          0x400001e8        0x0 ARM Flash Release/memb.o
 .data          0x400001e8        0x0 ARM Flash Release/psock.o
 .data          0x400001e8        0x0 ARM Flash Release/uip.o
 .data          0x400001e8        0x0 ARM Flash Release/uip_arch.o
 .data          0x400001e8        0x0 ARM Flash Release/uip_arp.o
 .data          0x400001e8        0x0 ARM Flash Release/uip_timer.o
 .data          0x400001e8        0x0 ARM Flash Release/uip-fw.o
 .data          0x400001e8        0x0 ARM Flash Release/uiplib.o
 .data          0x400001e8        0x0 ARM Flash Release/uip-neighbor.o
 .data          0x400001e8        0x0 ARM Flash Release/clock.o
 .data          0x400001e8        0x4 ARM Flash Release/uiptask.o
 .data          0x400001ec        0x1 ARM Flash Release/disk.o
 .data          0x400001ed        0x0 ARM Flash Release/ff.o
 .data          0x400001ed        0x0 C:/Users/lukas/AppData/Local/Rowley Associates Limited/CrossWorks for ARM/packages/lib/liblpc2000_v4t_a_le.a(liblpc2000_lpc21xx_get_cclk.o)
 .data          0x400001ed        0x0 C:/Users/lukas/AppData/Local/Rowley Associates Limited/CrossWorks for ARM/packages/lib/liblpc2000_v4t_a_le.a(liblpc2000_lpc21xx_get_pclk.o)
 .data          0x400001ed        0x0 C:/Program Files/Rowley Associates Limited/CrossWorks for ARM 2.0/lib/libm_v4t_a_le.a(__int32_to_float32.o)
 .data          0x400001ed        0x0 C:/Program Files/Rowley Associates Limited/CrossWorks for ARM 2.0/lib/libm_v4t_a_le.a(__int32_to_float64.o)
 .data          0x400001ed        0x0 C:/Program Files/Rowley Associates Limited/CrossWorks for ARM 2.0/lib/libm_v4t_a_le.a(__uint32_to_float32.o)
 .data          0x400001ed        0x0 C:/Program Files/Rowley Associates Limited/CrossWorks for ARM 2.0/lib/libm_v4t_a_le.a(__uint32_to_float64.o)
 .data          0x400001ed        0x0 C:/Program Files/Rowley Associates Limited/CrossWorks for ARM 2.0/lib/libm_v4t_a_le.a(__float32_to_int32.o)
 .data          0x400001ed        0x0 C:/Program Files/Rowley Associates Limited/CrossWorks for ARM 2.0/lib/libm_v4t_a_le.a(__float32_to_uint32.o)
 .data          0x400001ed        0x0 C:/Program Files/Rowley Associates Limited/CrossWorks for ARM 2.0/lib/libm_v4t_a_le.a(__float64_to_int32.o)
 .data          0x400001ed        0x0 C:/Program Files/Rowley Associates Limited/CrossWorks for ARM 2.0/lib/libm_v4t_a_le.a(__float64_to_uint32.o)
 .data          0x400001ed        0x0 C:/Program Files/Rowley Associates Limited/CrossWorks for ARM 2.0/lib/libm_v4t_a_le.a(__float32_to_float64.o)
 .data          0x400001ed        0x0 C:/Program Files/Rowley Associates Limited/CrossWorks for ARM 2.0/lib/libm_v4t_a_le.a(__float64_to_float32.o)
 .data          0x400001ed        0x0 C:/Program Files/Rowley Associates Limited/CrossWorks for ARM 2.0/lib/libm_v4t_a_le.a(__float32_add.o)
 .data          0x400001ed        0x0 C:/Program Files/Rowley Associates Limited/CrossWorks for ARM 2.0/lib/libm_v4t_a_le.a(__float32_mul.o)
 .data          0x400001ed        0x0 C:/Program Files/Rowley Associates Limited/CrossWorks for ARM 2.0/lib/libm_v4t_a_le.a(__float32_div.o)
 .data          0x400001ed        0x0 C:/Program Files/Rowley Associates Limited/CrossWorks for ARM 2.0/lib/libm_v4t_a_le.a(__float32_cmp.o)
 .data          0x400001ed        0x0 C:/Program Files/Rowley Associates Limited/CrossWorks for ARM 2.0/lib/libm_v4t_a_le.a(__float64_add.o)
 .data          0x400001ed        0x0 C:/Program Files/Rowley Associates Limited/CrossWorks for ARM 2.0/lib/libm_v4t_a_le.a(__float64_mul.o)
 .data          0x400001ed        0x0 C:/Program Files/Rowley Associates Limited/CrossWorks for ARM 2.0/lib/libm_v4t_a_le.a(__float64_div.o)
 .data          0x400001ed        0x0 C:/Program Files/Rowley Associates Limited/CrossWorks for ARM 2.0/lib/libm_v4t_a_le.a(log.o)
 .data          0x400001ed        0x0 C:/Program Files/Rowley Associates Limited/CrossWorks for ARM 2.0/lib/libm_v4t_a_le.a(__float64_cmp.o)
 .data          0x400001ed        0x0 C:/Program Files/Rowley Associates Limited/CrossWorks for ARM 2.0/lib/libm_v4t_a_le.a(__float64_isnan.o)
 .data          0x400001ed        0x0 C:/Program Files/Rowley Associates Limited/CrossWorks for ARM 2.0/lib/libm_v4t_a_le.a(__float64_infinity.o)
 .data          0x400001ed        0x0 C:/Program Files/Rowley Associates Limited/CrossWorks for ARM 2.0/lib/libm_v4t_a_le.a(__float64_nan.o)
 .data          0x400001ed        0x0 C:/Program Files/Rowley Associates Limited/CrossWorks for ARM 2.0/lib/libm_v4t_a_le.a(__poly1_eval.o)
 .data          0x400001ed        0x0 C:/Program Files/Rowley Associates Limited/CrossWorks for ARM 2.0/lib/libm_v4t_a_le.a(__poly_eval.o)
 .data          0x400001ed        0x0 C:/Program Files/Rowley Associates Limited/CrossWorks for ARM 2.0/lib/libm_v4t_a_le.a(frexp.o)
 .data          0x400001ed        0x0 C:/Program Files/Rowley Associates Limited/CrossWorks for ARM 2.0/lib/libm_v4t_a_le.a(ldexp.o)
 .data          0x400001ed        0x0 C:/Program Files/Rowley Associates Limited/CrossWorks for ARM 2.0/lib/libc_v4t_a_le.a(__int32_umod.o)
 .data          0x400001ed        0x0 C:/Program Files/Rowley Associates Limited/CrossWorks for ARM 2.0/lib/libc_v4t_a_le.a(__int32_div.o)
 .data          0x400001ed        0x0 C:/Program Files/Rowley Associates Limited/CrossWorks for ARM 2.0/lib/libc_v4t_a_le.a(__int32_udivmod.o)
 .data          0x400001ed        0x0 C:/Program Files/Rowley Associates Limited/CrossWorks for ARM 2.0/lib/libc_v4t_a_le.a(strlen.o)
 .data          0x400001ed        0x0 C:/Program Files/Rowley Associates Limited/CrossWorks for ARM 2.0/lib/libc_v4t_a_le.a(memcpy.o)
 .data          0x400001ed        0x0 C:/Program Files/Rowley Associates Limited/CrossWorks for ARM 2.0/lib/libc_v4t_a_le.a(memset.o)
 .data          0x400001ed        0x0 C:/Program Files/Rowley Associates Limited/CrossWorks for ARM 2.0/lib/libc_v4t_a_le.a(strcpy.o)
 .data          0x400001ed        0x0 C:/Program Files/Rowley Associates Limited/CrossWorks for ARM 2.0/lib/libc_v4t_a_le.a(strcmp.o)
 .data          0x400001ed        0x0 C:/Program Files/Rowley Associates Limited/CrossWorks for ARM 2.0/lib/libc_v4t_a_le.a(memcmp.o)
 .data          0x400001ed        0x0 C:/Program Files/Rowley Associates Limited/CrossWorks for ARM 2.0/lib/libc_v4t_a_le.a(strcat.o)
 .data          0x400001ed        0x0 C:/Program Files/Rowley Associates Limited/CrossWorks for ARM 2.0/lib/libc_v4t_a_le.a(strchr.o)
 .data          0x400001ed        0x0 C:/Program Files/Rowley Associates Limited/CrossWorks for ARM 2.0/lib/libc_v4t_a_le.a(strncmp.o)
 .data          0x400001ed        0x0 C:/Program Files/Rowley Associates Limited/CrossWorks for ARM 2.0/lib/libc_v4t_a_le.a(strncpy.o)
 .data          0x400001ed        0x0 C:/Program Files/Rowley Associates Limited/CrossWorks for ARM 2.0/lib/libc_v4t_a_le.a(strrchr.o)
 .data          0x400001ed        0x0 C:/Program Files/Rowley Associates Limited/CrossWorks for ARM 2.0/lib/libc_v4t_a_le.a(strstr.o)
 .data          0x400001ed        0x0 C:/Program Files/Rowley Associates Limited/CrossWorks for ARM 2.0/lib/libc_v4t_a_le.a(ctype.o)
 .data          0x400001ed        0x0 C:/Program Files/Rowley Associates Limited/CrossWorks for ARM 2.0/lib/libc_v4t_a_le.a(itoa.o)
 .data          0x400001ed        0x0 C:/Program Files/Rowley Associates Limited/CrossWorks for ARM 2.0/lib/libc_v4t_a_le.a(malloc.o)
 *fill*         0x400001ed        0x3 00
 .data.libc     0x400001f0        0x4 C:/Program Files/Rowley Associates Limited/CrossWorks for ARM 2.0/lib/libc_v4t_a_le.a(malloc.o)
 .data          0x400001f4        0x0 C:/Program Files/Rowley Associates Limited/CrossWorks for ARM 2.0/lib/libc_v4t_a_le.a(atoi.o)
 .data          0x400001f4        0x0 C:/Program Files/Rowley Associates Limited/CrossWorks for ARM 2.0/lib/libc_v4t_a_le.a(time.o)
 .data          0x400001f4        0x0 C:/Program Files/Rowley Associates Limited/CrossWorks for ARM 2.0/lib/libc_v4t_a_le.a(asctime.o)
 .data          0x400001f4        0x0 C:/Program Files/Rowley Associates Limited/CrossWorks for ARM 2.0/lib/libc_v4t_a_le.a(strftime.o)
 .data          0x400001f4        0x0 C:/Program Files/Rowley Associates Limited/CrossWorks for ARM 2.0/lib/libc_v4t_a_le.a(div.o)
 .data          0x400001f4        0x0 C:/Program Files/Rowley Associates Limited/CrossWorks for ARM 2.0/lib/libc_v4t_a_le.a(__xtoa.o)
 .data          0x400001f4        0x0 C:/Program Files/Rowley Associates Limited/CrossWorks for ARM 2.0/lib/libc_v4t_a_le.a(strtol.o)
 .data          0x400001f4        0x0 C:/Program Files/Rowley Associates Limited/CrossWorks for ARM 2.0/lib/libc_v4t_a_le.a(ldiv.o)
 .data          0x400001f4        0x0 C:/Program Files/Rowley Associates Limited/CrossWorks for ARM 2.0/lib/libc_v4t_a_le.a(__int32_mod.o)
 .data          0x400001f4        0x0 C:/Program Files/Rowley Associates Limited/CrossWorks for ARM 2.0/lib/libc_v4t_a_le.a(__strtoul.o)
 .data          0x400001f4        0x0 C:/Program Files/Rowley Associates Limited/CrossWorks for ARM 2.0/lib/libc_v4t_a_le.a(__digit.o)
 .data          0x400001f4        0x0 C:/Program Files/Rowley Associates Limited/CrossWorks for ARM 2.0/lib/libc_targetio_impl_v4t_a_le.a(putchar.o)
 .data          0x400001f4        0x0 C:/Program Files/Rowley Associates Limited/CrossWorks for ARM 2.0/lib/libc_user_libc_v4t_a_le.a(user_libc.o)
                0x400001f4                __data_end__ = (__data_start__ + SIZEOF (.data))
                0x000316ac                __data_load_end__ = (__data_load_start__ + SIZEOF (.data))
                0x000316ac                __FLASH_segment_used_end__ = (ALIGN ((__fast_load_start__ + SIZEOF (.fast)), 0x4) + SIZEOF (.data))
                0x00000001                . = ASSERT ((((__data_load_start__ + SIZEOF (.data)) >= __FLASH_segment_start__) && ((__data_load_start__ + SIZEOF (.data)) <= (__FLASH_segment_start__ + 0x80000))), error: .data is too large to fit in FLASH memory segment)

.data_run       0x4000003c      0x1b8 load address 0x000314f4
                0x4000003c                __data_run_start__ = .
                0x400001f4                . = MAX ((__data_run_start__ + SIZEOF (.data)), .)
 *fill*         0x4000003c      0x1b8 00
                0x400001f4                __data_run_end__ = (__data_run_start__ + SIZEOF (.data_run))
                0x00000001                . = ASSERT (((__data_run_end__ >= __SRAM_segment_start__) && (__data_run_end__ <= (__SRAM_segment_start__ + 0x8000))), error: .data_run is too large to fit in SRAM memory segment)
                0x400001f4                __bss_load_start__ = ALIGN (__data_run_end__, 0x4)

.bss            0x400001f4     0x64f0
                0x400001f4                __bss_start__ = .
 *(.bss .bss.* .gnu.linkonce.b.*)
 .bss           0x400001f4       0x30 ARM Flash Release/main.o
 .bss           0x40000224        0x0 ARM Flash Release/adc.o
 .bss           0x40000224        0x0 ARM Flash Release/cpu.o
 .bss           0x40000224        0x4 ARM Flash Release/i2c.o
                0x40000224                i2cErrno
 .bss           0x40000228       0x60 ARM Flash Release/i2cInt.o
 .bss           0x40000288        0x0 ARM Flash Release/pwm.o
 .bss           0x40000288        0x0 ARM Flash Release/spi.o
 .bss           0x40000288        0xc ARM Flash Release/uart0.o
 .bss           0x40000294        0xc ARM Flash Release/uart0ISR.o
 .bss           0x400002a0        0xc ARM Flash Release/uart1.o
 .bss           0x400002ac        0xc ARM Flash Release/uart1ISR.o
 .bss           0x400002b8       0x34 ARM Flash Release/usbcontrol.o
 .bss           0x400002ec        0x8 ARM Flash Release/usbinit.o
 .bss           0x400002f4       0x48 ARM Flash Release/usbISR.o
 .bss           0x4000033c        0xc ARM Flash Release/usbstdreq.o
 .bss           0x40000348       0x58 ARM Flash Release/usbser.o
 .bss           0x400003a0        0x0 ARM Flash Release/rtc.o
 .bss           0x400003a0        0x4 ARM Flash Release/rtcISR.o
 .bss           0x400003a4        0x0 ARM Flash Release/reset.o
 .bss           0x400003a4        0x0 ARM Flash Release/eint0.o
 .bss           0x400003a4       0x30 ARM Flash Release/eint0ISR.o
 .bss           0x400003d4        0x0 ARM Flash Release/eint2.o
 .bss           0x400003d4       0x30 ARM Flash Release/eint2ISR.o
 .bss           0x40000404        0x0 ARM Flash Release/eint3.o
 .bss           0x40000404       0x30 ARM Flash Release/eint3ISR.o
 .bss           0x40000434        0x0 ARM Flash Release/eint1.o
 .bss           0x40000434        0x0 ARM Flash Release/eint1ISR.o
 .bss           0x40000434        0x0 ARM Flash Release/beep.o
 .bss           0x40000434        0x2 ARM Flash Release/timer.o
 .bss           0x40000436        0x0 ARM Flash Release/dac.o
 .bss           0x40000436        0x0 ARM Flash Release/args.o
 .bss           0x40000436        0x0 ARM Flash Release/argsdispatch.o
 *fill*         0x40000436        0x2 00
 .bss           0x40000438      0x3d8 ARM Flash Release/monitor.o
                0x40000680                activeCommandList
 .bss           0x40000810        0x0 ARM Flash Release/printf-stdarg.o
 .bss           0x40000810        0x0 ARM Flash Release/leds.o
 .bss           0x40000810        0x1 ARM Flash Release/tcs3414.o
 *fill*         0x40000811        0x3 00
 .bss           0x40000814       0x2c ARM Flash Release/mmc.o
 .bss           0x40000840        0x0 ARM Flash Release/ssp.o
 .bss           0x40000840        0x0 ARM Flash Release/Lcd204_4.o
 .bss           0x40000840      0x260 ARM Flash Release/logging.o
 .bss           0x40000aa0       0x34 ARM Flash Release/meas_sm.o
 .bss           0x40000ad4       0x30 ARM Flash Release/meas_task.o
 .bss           0x40000b04        0x0 ARM Flash Release/crt0.o
 .bss           0x40000b04        0x0 ARM Flash Release/Philips_LPC210X_Startup.o
 .bss           0x40000b04        0x4 ARM Flash Release/LPC210x.o
 .bss           0x40000b08       0x80 ARM Flash Release/VIC.o
 .bss           0x40000b88        0x0 ARM Flash Release/VIC_irq_handler.o
 .bss           0x40000b88        0x0 ARM Flash Release/portISR.o
 .bss           0x40000b88        0x0 ARM Flash Release/port.o
 .bss           0x40000b88     0x4018 ARM Flash Release/heap_2.o
 .bss           0x40004ba0       0x34 ARM Flash Release/tasks.o
                0x40004ba0                pxCurrentTCB
                0x40004ba4                uxTasksDeleted
                0x40004ba8                uxCurrentNumberOfTasks
                0x40004bac                xTickCount
                0x40004bb0                uxTopUsedPriority
                0x40004bb4                uxTopReadyPriority
                0x40004bb8                xSchedulerRunning
                0x40004bbc                uxSchedulerSuspended
                0x40004bc0                uxMissedTicks
                0x40004bc4                xMissedYield
                0x40004bc8                xNumOfOverflows
                0x40004bcc                uxTaskNumber
                0x40004bd0                xTracing
 .bss           0x40004bd4        0x0 ARM Flash Release/queue.o
 .bss           0x40004bd4        0x0 ARM Flash Release/list.o
 .bss           0x40004bd4        0x4 ARM Flash Release/dhcpc.o
 .bss           0x40004bd8        0x4 ARM Flash Release/sntp.o
 .bss           0x40004bdc      0x294 ARM Flash Release/telnetd.o
 .bss           0x40004e70        0x0 ARM Flash Release/httpd.o
 .bss           0x40004e70        0x0 ARM Flash Release/httpd-cgi.o
 .bss           0x40004e70       0x18 ARM Flash Release/httpd-fs.o
 .bss           0x40004e88        0x0 ARM Flash Release/http-strings.o
 .bss           0x40004e88        0x8 ARM Flash Release/enc28j60.o
                0x40004e88                ethRxPointer
                0x40004e8c                xENC28J60Semaphore
 .bss           0x40004e90        0x0 ARM Flash Release/memb.o
 .bss           0x40004e90        0x0 ARM Flash Release/psock.o
 .bss           0x40004e90       0x18 ARM Flash Release/uip.o
                0x40004e90                uip_timeoffset
                0x40004e94                uip_ethaddr
 .bss           0x40004ea8        0x0 ARM Flash Release/uip_arch.o
 .bss           0x40004ea8       0x60 ARM Flash Release/uip_arp.o
 .bss           0x40004f08        0x0 ARM Flash Release/uip_timer.o
 .bss           0x40004f08       0x28 ARM Flash Release/uip-fw.o
 .bss           0x40004f30        0x0 ARM Flash Release/uiplib.o
 .bss           0x40004f30       0x80 ARM Flash Release/uip-neighbor.o
 .bss           0x40004fb0        0x0 ARM Flash Release/clock.o
 .bss           0x40004fb0        0xc ARM Flash Release/uiptask.o
 .bss           0x40004fbc        0xc ARM Flash Release/disk.o
 .bss           0x40004fc8        0x8 ARM Flash Release/ff.o
 .bss           0x40004fd0        0x0 C:/Users/lukas/AppData/Local/Rowley Associates Limited/CrossWorks for ARM/packages/lib/liblpc2000_v4t_a_le.a(liblpc2000_lpc21xx_get_cclk.o)
 .bss           0x40004fd0        0x0 C:/Users/lukas/AppData/Local/Rowley Associates Limited/CrossWorks for ARM/packages/lib/liblpc2000_v4t_a_le.a(liblpc2000_lpc21xx_get_pclk.o)
 .bss           0x40004fd0        0x0 C:/Program Files/Rowley Associates Limited/CrossWorks for ARM 2.0/lib/libm_v4t_a_le.a(__int32_to_float32.o)
 .bss           0x40004fd0        0x0 C:/Program Files/Rowley Associates Limited/CrossWorks for ARM 2.0/lib/libm_v4t_a_le.a(__int32_to_float64.o)
 .bss           0x40004fd0        0x0 C:/Program Files/Rowley Associates Limited/CrossWorks for ARM 2.0/lib/libm_v4t_a_le.a(__uint32_to_float32.o)
 .bss           0x40004fd0        0x0 C:/Program Files/Rowley Associates Limited/CrossWorks for ARM 2.0/lib/libm_v4t_a_le.a(__uint32_to_float64.o)
 .bss           0x40004fd0        0x0 C:/Program Files/Rowley Associates Limited/CrossWorks for ARM 2.0/lib/libm_v4t_a_le.a(__float32_to_int32.o)
 .bss           0x40004fd0        0x0 C:/Program Files/Rowley Associates Limited/CrossWorks for ARM 2.0/lib/libm_v4t_a_le.a(__float32_to_uint32.o)
 .bss           0x40004fd0        0x0 C:/Program Files/Rowley Associates Limited/CrossWorks for ARM 2.0/lib/libm_v4t_a_le.a(__float64_to_int32.o)
 .bss           0x40004fd0        0x0 C:/Program Files/Rowley Associates Limited/CrossWorks for ARM 2.0/lib/libm_v4t_a_le.a(__float64_to_uint32.o)
 .bss           0x40004fd0        0x0 C:/Program Files/Rowley Associates Limited/CrossWorks for ARM 2.0/lib/libm_v4t_a_le.a(__float32_to_float64.o)
 .bss           0x40004fd0        0x0 C:/Program Files/Rowley Associates Limited/CrossWorks for ARM 2.0/lib/libm_v4t_a_le.a(__float64_to_float32.o)
 .bss           0x40004fd0        0x0 C:/Program Files/Rowley Associates Limited/CrossWorks for ARM 2.0/lib/libm_v4t_a_le.a(__float32_add.o)
 .bss           0x40004fd0        0x0 C:/Program Files/Rowley Associates Limited/CrossWorks for ARM 2.0/lib/libm_v4t_a_le.a(__float32_mul.o)
 .bss           0x40004fd0        0x0 C:/Program Files/Rowley Associates Limited/CrossWorks for ARM 2.0/lib/libm_v4t_a_le.a(__float32_div.o)
 .bss           0x40004fd0        0x0 C:/Program Files/Rowley Associates Limited/CrossWorks for ARM 2.0/lib/libm_v4t_a_le.a(__float32_cmp.o)
 .bss           0x40004fd0        0x0 C:/Program Files/Rowley Associates Limited/CrossWorks for ARM 2.0/lib/libm_v4t_a_le.a(__float64_add.o)
 .bss           0x40004fd0        0x0 C:/Program Files/Rowley Associates Limited/CrossWorks for ARM 2.0/lib/libm_v4t_a_le.a(__float64_mul.o)
 .bss           0x40004fd0        0x0 C:/Program Files/Rowley Associates Limited/CrossWorks for ARM 2.0/lib/libm_v4t_a_le.a(__float64_div.o)
 .bss           0x40004fd0        0x0 C:/Program Files/Rowley Associates Limited/CrossWorks for ARM 2.0/lib/libm_v4t_a_le.a(log.o)
 .bss           0x40004fd0        0x0 C:/Program Files/Rowley Associates Limited/CrossWorks for ARM 2.0/lib/libm_v4t_a_le.a(__float64_cmp.o)
 .bss           0x40004fd0        0x0 C:/Program Files/Rowley Associates Limited/CrossWorks for ARM 2.0/lib/libm_v4t_a_le.a(__float64_isnan.o)
 .bss           0x40004fd0        0x0 C:/Program Files/Rowley Associates Limited/CrossWorks for ARM 2.0/lib/libm_v4t_a_le.a(__float64_infinity.o)
 .bss           0x40004fd0        0x0 C:/Program Files/Rowley Associates Limited/CrossWorks for ARM 2.0/lib/libm_v4t_a_le.a(__float64_nan.o)
 .bss           0x40004fd0        0x0 C:/Program Files/Rowley Associates Limited/CrossWorks for ARM 2.0/lib/libm_v4t_a_le.a(__poly1_eval.o)
 .bss           0x40004fd0        0x0 C:/Program Files/Rowley Associates Limited/CrossWorks for ARM 2.0/lib/libm_v4t_a_le.a(__poly_eval.o)
 .bss           0x40004fd0        0x0 C:/Program Files/Rowley Associates Limited/CrossWorks for ARM 2.0/lib/libm_v4t_a_le.a(frexp.o)
 .bss           0x40004fd0        0x0 C:/Program Files/Rowley Associates Limited/CrossWorks for ARM 2.0/lib/libm_v4t_a_le.a(ldexp.o)
 .bss           0x40004fd0        0x0 C:/Program Files/Rowley Associates Limited/CrossWorks for ARM 2.0/lib/libc_v4t_a_le.a(__int32_umod.o)
 .bss           0x40004fd0        0x0 C:/Program Files/Rowley Associates Limited/CrossWorks for ARM 2.0/lib/libc_v4t_a_le.a(__int32_div.o)
 .bss           0x40004fd0        0x0 C:/Program Files/Rowley Associates Limited/CrossWorks for ARM 2.0/lib/libc_v4t_a_le.a(__int32_udivmod.o)
 .bss           0x40004fd0        0x0 C:/Program Files/Rowley Associates Limited/CrossWorks for ARM 2.0/lib/libc_v4t_a_le.a(strlen.o)
 .bss           0x40004fd0        0x0 C:/Program Files/Rowley Associates Limited/CrossWorks for ARM 2.0/lib/libc_v4t_a_le.a(memcpy.o)
 .bss           0x40004fd0        0x0 C:/Program Files/Rowley Associates Limited/CrossWorks for ARM 2.0/lib/libc_v4t_a_le.a(memset.o)
 .bss           0x40004fd0        0x0 C:/Program Files/Rowley Associates Limited/CrossWorks for ARM 2.0/lib/libc_v4t_a_le.a(strcpy.o)
 .bss           0x40004fd0        0x0 C:/Program Files/Rowley Associates Limited/CrossWorks for ARM 2.0/lib/libc_v4t_a_le.a(strcmp.o)
 .bss           0x40004fd0        0x0 C:/Program Files/Rowley Associates Limited/CrossWorks for ARM 2.0/lib/libc_v4t_a_le.a(memcmp.o)
 .bss           0x40004fd0        0x0 C:/Program Files/Rowley Associates Limited/CrossWorks for ARM 2.0/lib/libc_v4t_a_le.a(strcat.o)
 .bss           0x40004fd0        0x0 C:/Program Files/Rowley Associates Limited/CrossWorks for ARM 2.0/lib/libc_v4t_a_le.a(strchr.o)
 .bss           0x40004fd0        0x0 C:/Program Files/Rowley Associates Limited/CrossWorks for ARM 2.0/lib/libc_v4t_a_le.a(strncmp.o)
 .bss           0x40004fd0        0x0 C:/Program Files/Rowley Associates Limited/CrossWorks for ARM 2.0/lib/libc_v4t_a_le.a(strncpy.o)
 .bss           0x40004fd0        0x0 C:/Program Files/Rowley Associates Limited/CrossWorks for ARM 2.0/lib/libc_v4t_a_le.a(strrchr.o)
 .bss           0x40004fd0        0x0 C:/Program Files/Rowley Associates Limited/CrossWorks for ARM 2.0/lib/libc_v4t_a_le.a(strstr.o)
 .bss           0x40004fd0        0x0 C:/Program Files/Rowley Associates Limited/CrossWorks for ARM 2.0/lib/libc_v4t_a_le.a(ctype.o)
 .bss           0x40004fd0        0x0 C:/Program Files/Rowley Associates Limited/CrossWorks for ARM 2.0/lib/libc_v4t_a_le.a(itoa.o)
 .bss           0x40004fd0        0x0 C:/Program Files/Rowley Associates Limited/CrossWorks for ARM 2.0/lib/libc_v4t_a_le.a(malloc.o)