Archive member included because of file (symbol)

C:/Users/lukas/AppData/Local/Rowley Associates Limited/CrossWorks for ARM/packages/lib/liblpc2000_v4t_a_le.a(liblpc2000_lpc21xx_get_cclk.o)
                              ARM Flash Release/LPC210x.o (liblpc2000_lpc21xx_get_cclk)
C:/Users/lukas/AppData/Local/Rowley Associates Limited/CrossWorks for ARM/packages/lib/liblpc2000_v4t_a_le.a(liblpc2000_lpc21xx_get_pclk.o)
                              ARM Flash Release/LPC210x.o (liblpc2000_lpc21xx_get_pclk)
C:/Program Files/Rowley Associates Limited/CrossWorks for ARM 2.0/lib/libm_v4t_a_le.a(__int32_to_float32.o)
                              ARM Flash Release/logging.o (__floatsisf)
C:/Program Files/Rowley Associates Limited/CrossWorks for ARM 2.0/lib/libm_v4t_a_le.a(__int32_to_float64.o)
                              ARM Flash Release/meas_sm.o (__floatsidf)
C:/Program Files/Rowley Associates Limited/CrossWorks for ARM 2.0/lib/libm_v4t_a_le.a(__uint32_to_float32.o)
                              ARM Flash Release/dac.o (__floatunsisf)
C:/Program Files/Rowley Associates Limited/CrossWorks for ARM 2.0/lib/libm_v4t_a_le.a(__uint32_to_float64.o)
                              ARM Flash Release/timer.o (__floatunsidf)
C:/Program Files/Rowley Associates Limited/CrossWorks for ARM 2.0/lib/libm_v4t_a_le.a(__float32_to_int32.o)
                              ARM Flash Release/logging.o (__fixsfsi)
C:/Program Files/Rowley Associates Limited/CrossWorks for ARM 2.0/lib/libm_v4t_a_le.a(__float32_to_uint32.o)
                              ARM Flash Release/dac.o (__fixunssfsi)
C:/Program Files/Rowley Associates Limited/CrossWorks for ARM 2.0/lib/libm_v4t_a_le.a(__float64_to_int32.o)
                              ARM Flash Release/meas_sm.o (__fixdfsi)
C:/Program Files/Rowley Associates Limited/CrossWorks for ARM 2.0/lib/libm_v4t_a_le.a(__float32_to_float64.o)
                              ARM Flash Release/logging.o (__extendsfdf2)
C:/Program Files/Rowley Associates Limited/CrossWorks for ARM 2.0/lib/libm_v4t_a_le.a(__float32_add.o)
                              ARM Flash Release/logging.o (__subsf3)
C:/Program Files/Rowley Associates Limited/CrossWorks for ARM 2.0/lib/libm_v4t_a_le.a(__float32_mul.o)
                              ARM Flash Release/dac.o (__mulsf3)
C:/Program Files/Rowley Associates Limited/CrossWorks for ARM 2.0/lib/libm_v4t_a_le.a(__float32_div.o)
                              ARM Flash Release/logging.o (__divsf3)
C:/Program Files/Rowley Associates Limited/CrossWorks for ARM 2.0/lib/libm_v4t_a_le.a(__float32_cmp.o)
                              ARM Flash Release/logging.o (__nesf2)
C:/Program Files/Rowley Associates Limited/CrossWorks for ARM 2.0/lib/libm_v4t_a_le.a(log.o)
                              ARM Flash Release/logging.o (log)
C:/Program Files/Rowley Associates Limited/CrossWorks for ARM 2.0/lib/libm_v4t_a_le.a(__float64_add.o)
                              C:/Program Files/Rowley Associates Limited/CrossWorks for ARM 2.0/lib/libm_v4t_a_le.a(log.o) (__subdf3)
C:/Program Files/Rowley Associates Limited/CrossWorks for ARM 2.0/lib/libm_v4t_a_le.a(__float64_mul.o)
                              C:/Program Files/Rowley Associates Limited/CrossWorks for ARM 2.0/lib/libm_v4t_a_le.a(log.o) (__muldf3)
C:/Program Files/Rowley Associates Limited/CrossWorks for ARM 2.0/lib/libm_v4t_a_le.a(__float64_div.o)
                              C:/Program Files/Rowley Associates Limited/CrossWorks for ARM 2.0/lib/libm_v4t_a_le.a(log.o) (__divdf3)
C:/Program Files/Rowley Associates Limited/CrossWorks for ARM 2.0/lib/libm_v4t_a_le.a(__float64_cmp.o)
                              C:/Program Files/Rowley Associates Limited/CrossWorks for ARM 2.0/lib/libm_v4t_a_le.a(log.o) (__eqdf2)
C:/Program Files/Rowley Associates Limited/CrossWorks for ARM 2.0/lib/libm_v4t_a_le.a(__float64_isnan.o)
                              C:/Program Files/Rowley Associates Limited/CrossWorks for ARM 2.0/lib/libm_v4t_a_le.a(log.o) (__float64_isnan)
C:/Program Files/Rowley Associates Limited/CrossWorks for ARM 2.0/lib/libm_v4t_a_le.a(__float64_infinity.o)
                              C:/Program Files/Rowley Associates Limited/CrossWorks for ARM 2.0/lib/libm_v4t_a_le.a(log.o) (__float64_infinity)
C:/Program Files/Rowley Associates Limited/CrossWorks for ARM 2.0/lib/libm_v4t_a_le.a(__float64_nan.o)
                              C:/Program Files/Rowley Associates Limited/CrossWorks for ARM 2.0/lib/libm_v4t_a_le.a(log.o) (__float64_nan)
C:/Program Files/Rowley Associates Limited/CrossWorks for ARM 2.0/lib/libm_v4t_a_le.a(__poly1_eval.o)
                              C:/Program Files/Rowley Associates Limited/CrossWorks for ARM 2.0/lib/libm_v4t_a_le.a(log.o) (__poly1_eval)
C:/Program Files/Rowley Associates Limited/CrossWorks for ARM 2.0/lib/libm_v4t_a_le.a(__poly_eval.o)
                              C:/Program Files/Rowley Associates Limited/CrossWorks for ARM 2.0/lib/libm_v4t_a_le.a(log.o) (__poly_eval)
[...]
Memory Configuration

Name             Origin             Length             Attributes
UNPLACED_SECTIONS 0xffffffff         0x00000000         xw
AHB_Peripherals  0xffe00000         0x00200000         xw
APB_Peripherals  0xe0000000         0x00200000         xw
USB_DMA_RAM      0x7fd00000         0x00002000         xw
SRAM             0x40000000         0x00008000         xw
FLASH            0x00000000         0x00080000         xr
*default*        0x00000000         0xffffffff

Linker script and memory map

                0xffe00000                __AHB_Peripherals_segment_start__ = 0xffe00000
                0x00000000                __AHB_Peripherals_segment_end__ = 0x0
                0xe0000000                __APB_Peripherals_segment_start__ = 0xe0000000
                0xe0200000                __APB_Peripherals_segment_end__ = 0xe0200000
                0x7fd00000                __USB_DMA_RAM_segment_start__ = 0x7fd00000
                0x7fd02000                __USB_DMA_RAM_segment_end__ = 0x7fd02000
                0x40000000                __SRAM_segment_start__ = 0x40000000
                0x40008000                __SRAM_segment_end__ = 0x40008000
                0x00000000                __FLASH_segment_start__ = 0x0
                0x00080000                __FLASH_segment_end__ = 0x80000
                0x00000400                __STACKSIZE__ = 0x400
                0x00000400                __STACKSIZE_IRQ__ = 0x400
                0x00000020                __STACKSIZE_FIQ__ = 0x20
                0x00000100                __STACKSIZE_SVC__ = 0x100
                0x00000008                __STACKSIZE_ABT__ = 0x8
                0x00000008                __STACKSIZE_UND__ = 0x8
                0x00000400                __HEAPSIZE__ = 0x400
                0x40000000                __vectors_ram_load_start__ = __SRAM_segment_start__

.vectors_ram    0x40000000       0x3c
                0x40000000                __vectors_ram_start__ = .
 *(.vectors_ram .vectors_ram.*)
                0x4000003c                . = MAX ((__vectors_ram_start__ + 0x3c), .)
 *fill*         0x40000000       0x3c 00
                0x4000003c                __vectors_ram_end__ = (__vectors_ram_start__ + SIZEOF (.vectors_ram))
                0x4000003c                __vectors_ram_load_end__ = __vectors_ram_end__
                0x00000001                . = ASSERT (((__vectors_ram_end__ >= __SRAM_segment_start__) && (__vectors_ram_end__ <= (__SRAM_segment_start__ + 0x8000))), error: .vectors_ram is too large to fit in SRAM memory segment)
                0x00000000                __vectors_load_start__ = __FLASH_segment_start__

.vectors        0x00000000       0x38
                0x00000000                __vectors_start__ = .
 *(.vectors .vectors.*)
 .vectors       0x00000000       0x38 ARM Flash Release/Philips_LPC210X_Startup.o
                0x00000000                _vectors
                0x00000038                __vectors_end__ = (__vectors_start__ + SIZEOF (.vectors))
                0x00000038                __vectors_load_end__ = __vectors_end__
                0x00000001                . = ASSERT (((__vectors_end__ >= __FLASH_segment_start__) && (__vectors_end__ <= (__FLASH_segment_start__ + 0x80000))), error: .vectors is too large to fit in FLASH memory segment)
                0x00000038                __init_load_start__ = ALIGN (__vectors_end__, 0x4)

.init           0x00000038      0x260
                0x00000038                __init_start__ = .
 *(.init .init.*)
 *fill*         0x00000038        0x8 00
 .init          0x00000040      0x1d0 ARM Flash Release/crt0.o
                0x00000040                _start
                0x00000040                __start
 .init          0x00000210       0x88 ARM Flash Release/Philips_LPC210X_Startup.o
                0x00000210                reset_handler
                0x0000027c                undef_handler
                0x00000284                pabort_handler
                0x00000288                dabort_handler
                0x0000028c                fiq_handler
                0x00000298                __init_end__ = (__init_start__ + SIZEOF (.init))
                0x00000298                __init_load_end__ = __init_end__
                0x00000001                . = ASSERT (((__init_end__ >= __FLASH_segment_start__) && (__init_end__ <= (__FLASH_segment_start__ + 0x80000))), error: .init is too large to fit in FLASH memory segment)
                0x00000298                __text_load_start__ = ALIGN (__init_end__, 0x4)

.text           0x00000298    0x184a8
                0x00000298                __text_start__ = .
 *(.text .text.* .glue_7t .glue_7 .gnu.linkonce.t.* .gcc_except_table)
 .glue_7        0x00000000        0x0 linker stubs
 .glue_7t       0x00000000        0x0 linker stubs
 .text          0x00000298       0xcc ARM Flash Release/main.o
                0x00000298                vApplicationStackOverflowHook
                0x0000029c                __putchar
                0x000002b8                main
 .text          0x00000364      0x3cc ARM Flash Release/adc.o
                0x00000364                adcRead0_1
                0x000003c4                adcRead0_2
                0x00000424                adcRead0_3
                0x00000484                adcRead1_1
                0x000004e4                adcRead1_6
                0x00000544                adcRead1_7
                0x000005a4                adcInit0_1
                0x000005e8                adcInit0_2
                0x0000062c                adcInit0_3
                0x00000670                adcInit1_1
                0x000006b0                adcInit1_6
                0x000006f0                adcInit1_7
 .text          0x00000730       0xd8 ARM Flash Release/cpu.o
                0x00000730                cpuSetupHardware
                0x000007e0                cpuPLLDisable
 .text          0x00000808       0x60 ARM Flash Release/i2c.o
                0x00000808                i2cGetErrno
                0x00000818                i2cStrerror
 .text          0x00000868      0x9b0 ARM Flash Release/i2cInt.o
                0x00000ca8                i2cInit
                0x00000dd4                i2cSetTimeout
                0x00000f48                i2cWriteReadBuffer
                0x00000f90                i2cReadBuffer
                0x00000fdc                i2cWriteBuffer
                0x0000111c                i2cWriteReadBufferPoll
                0x00001168                i2cWriteBufferPoll
                0x000011b4                i2cDump
 .text          0x00001218      0x1a4 ARM Flash Release/pwm.o
                0x00001218                pwmDutyCycle
                0x00001280                pwmPulseWidthInMicroseconds
                0x000012b8                pwmFrequency
                0x00001330                pwmInit
 .text          0x000013bc       0x9c ARM Flash Release/spi.o
                0x000013bc                spiInit
                0x00001424                spiPut
 .text          0x00001458      0x2ac ARM Flash Release/uart0.o
                0x00001458                uart0Deinit
                0x0000148c                uart0GetRxQueue
                0x000014a0                uart0GetChar
                0x000014d4                uart0PutChar
                0x00001598                uart0PutString
                0x000015e0                uart0Init
 .text          0x00001704      0x290 ARM Flash Release/uart0ISR.o
                0x00001704                uart0ISRCreateQueues
                0x000018e4                uart0ISR
 .text          0x00001994      0x2ac ARM Flash Release/uart1.o
                0x00001994                uart1Deinit
                0x000019c8                uart1GetRxQueue
                0x000019dc                uart1GetChar
                0x00001a10                uart1PutChar
                0x00001ad4                uart1PutString
                0x00001b1c                uart1Init
 .text          0x00001c40      0x290 ARM Flash Release/uart1ISR.o
                0x00001c40                uart1ISRCreateQueues
                0x00001e20                uart1ISR
 .text          0x00001ed0      0x21c ARM Flash Release/usbcontrol.o
                0x00001f04                usbRegisterRequestHandler
                0x00001f7c                usbHandleControlTransfer
 .text          0x000020ec       0x74 ARM Flash Release/usbinit.o
                0x000020f0                usbRegisterHandlers
 .text          0x00002160      0x6c0 ARM Flash Release/usbISR.o
                0x00002230                usbHardwareEndpointConfig
                0x00002288                usbHardwareRegisterEPIntHandler
                0x000022cc                usbHardwareRegisterDevIntHandler
                0x000022f0                usbHardwareRegisterFrameHandler
                0x00002314                usbHardwareSetAddress
                0x00002334                usbHardwareConnect
                0x00002350                usbHardwareNakIntEnable
                0x00002368                usbHardwareEndpointIsStalled
                0x0000238c                usbHardwareEndpointStall
                0x000023b8                usbHardwareEndpointWrite
                0x00002458                usbHardwareEndpointRead
                0x0000250c                usbHardwareConfigDevice
                0x00002528                usbSetupInterruptHandler
                0x00002558                usbHardwareInit
                0x0000262c                usbISR
 .text          0x00002820      0x354 ARM Flash Release/usbstdreq.o
                0x00002820                usbRegisterDescriptors
                0x00002830                usbGetDescriptor
                0x000028bc                usbRegisterCustomReqHandler
                0x000028cc                usbHandleStandardRequest
 .text          0x00002b74      0x388 ARM Flash Release/usbser.o
                0x00002b74                usbserGetRxQueue
                0x00002bb0                usbserInit
                0x00002de8                usbserGetChar
                0x00002e30                usbserPutChar
                0x00002e8c                usbserPutString
 .text          0x00002efc      0x8e0 ARM Flash Release/rtc.o
                0x00002efc                rtcSetAlarm
                0x00002fa0                rtcSetAlarmCIIR
                0x00002ff4                rtcPeriodicAlarm
                0x0000307c                rtcIs5minInt
                0x00003090                getMonthLength
                0x00003288                getRtcRead
                0x0000329c                rtcGetEpochSecondsLuk
                0x000032c8                rtcGetEpochSeconds
                0x00003424                time
                0x00003438                rtcGetAlarmTm
                0x00003520                rtcGetAlarmEpochSeconds
                0x00003540                rtcSetEpochSeconds
                0x00003620                rtcInit
 .text          0x000037dc      0x39c ARM Flash Release/rtcISR.o
                0x000037dc                rtcISRInit
                0x00003ac8                rtcISR
 .text          0x00003b78       0x28 ARM Flash Release/reset.o
                0x00003b78                reset
 .text          0x00003ba0       0xa4 ARM Flash Release/eint0.o
                0x00003ba0                eint0Deinit
                0x00003bc4                eint0Init
 .text          0x00003c44       0xc4 ARM Flash Release/eint0ISR.o
                0x00003c44                eint0ISR
 .text          0x00003d08       0xa4 ARM Flash Release/eint2.o
                0x00003d08                eint2Deinit
                0x00003d2c                eint2Init
 .text          0x00003dac       0xd8 ARM Flash Release/eint2ISR.o
                0x00003dd4                eint2ISR
 .text          0x00003e84       0xa8 ARM Flash Release/eint3.o
                0x00003e84                eint3Deinit
                0x00003eac                eint3Init
 .text          0x00003f2c      0x168 ARM Flash Release/eint3ISR.o
                0x00003f2c                eint3ISR
 .text          0x00004094       0xa0 ARM Flash Release/eint1.o
                0x00004094                eint1Deinit
                0x000040b8                eint1Init
 .text          0x00004134      0x108 ARM Flash Release/eint1ISR.o
                0x00004134                eint1ISR
 .text          0x0000423c      0x174 ARM Flash Release/beep.o
                0x0000423c                beepOn
                0x000042c4                beepOff
                0x0000435c                beepA_TEAM_THEME
                0x00004378                beepSMOTW
                0x00004394                beepMHALL
 .text          0x000043b0      0x29c ARM Flash Release/timer.o
                0x000043b0                timer1Init
                0x000043c8                timer1FlowRateStart
                0x000043e4                timer1FlowRateContinue
                0x000043f8                timer1FlowRateStop
                0x00004428                timer1ISR
                0x00004550                clrT1capIntCount
                0x00004570                getT1capIntCount
                0x00004588                getT1capTime
                0x00004598                capture13Init
 .text          0x0000464c        0x0 ARM Flash Release/freqCounter.o
 .text          0x0000464c       0xb8 ARM Flash Release/dac.o
                0x0000464c                dacInit
                0x00004674                dacSet
                0x000046b0                dacSetMV
 .text          0x00004704      0x2d4 ARM Flash Release/args.o
                0x00004704                argsParse
                0x00004870                argsGetLine
 .text          0x000049d8      0x11c ARM Flash Release/argsdispatch.o
                0x000049d8                argsDispatch
 .text          0x00004af4     0x16c4 ARM Flash Release/monitor.o
                0x00004b0c                monitorTaskStart
                0x00006150                get_fattime
 .text          0x000061b8      0x524 ARM Flash Release/printf-stdarg.o
                0x000061b8                write
                0x00006644                snprintf
                0x00006678                sprintf
                0x000066ac                printf
 .text          0x000066dc      0x124 ARM Flash Release/leds.o
                0x000066dc                ledsSetDelay
                0x000066f4                ledsGetDelay
                0x00006704                ledsTaskStop
                0x00006758                ledsTaskStart
 .text          0x00006800      0x22c ARM Flash Release/tcs3414.o
                0x00006804                tcs3414TaskStart
                0x000068a8                tcs3414GetICRevision
                0x000068cc                tcs3414GetColour
                0x000069e0                tcs3414Init
 .text          0x00006a2c      0x984 ARM Flash Release/mmc.o
                0x00006a2c                mmcWriteProtect
                0x00006a3c                mmcDecodeCSD
                0x00006a54                mmcDumpCSD
                0x00006a6c                mmcCardPresent
                0x00006c48                mmcVerify
                0x00006d88                mmcReadCardInfo
                0x00006e64                mmcInitMedia
                0x000071b0                mmcWrite
                0x000072b8                mmcRead
                0x00007394                mmcWaitReady
 .text          0x000073b0      0x3b0 ARM Flash Release/ssp.o
                0x000073b0                sspHardwareCardPresent
                0x000073cc                sspHardwareWriteProtected
                0x000073f8                sspChipSelect
                0x00007488                sspSetClockFreq
                0x000074dc                sspInit
                0x00007594                sspTransferByte
                0x000075dc                sspWaitReady
                0x00007610                sspSendBlock
                0x00007664                sspReceiveBlock
                0x00007718                sspDelay1ms
 .text          0x00007760      0x790 ARM Flash Release/Lcd204_4.o
                0x00007760                delay_us
                0x0000777c                delay
                0x000077c8                write_lcd
                0x00007ac8                write_byte_lcd
                0x00007b18                blink_lcd
                0x00007b90                init_screenpool
                0x00007b94                lcdTaskStop
                0x00007bc8                lcdTaskStart
                0x00007c14                init_system
                0x00007cc4                clear_lcd
                0x00007ce4                init_lcd
                0x00007e2c                printf_lcd
 .text          0x00007ef0      0xc3c ARM Flash Release/logging.o
                0x00007ef0                setWsPrice
                0x00007f00                incr_SumFlowvolume
                0x00007f44                init_daysLogging
                0x00007f58                incr_daysLogging
                0x00007f7c                b_itoab
                0x0000804c                luk_strcpy
                0x0000806c                nrOfDigits
                0x000080a0                updateCDayLogEntryItem
                0x0000814c                fillSlogEntryItem
                0x000081a4                feedLCD
                0x000086c0                getDateTime
                0x00008714                fs_init
                0x00008764                appendToLog
                0x00008844                initLog
                0x000088c0                trackLogTaskStop
                0x000088f4                trackLogTaskStart
                0x00008940                getLogFilename
                0x000089e0                trackLog
 .text          0x00008b2c      0x5cc ARM Flash Release/meas_sm.o
                0x00008b2c                set_measure
                0x00008b40                clr_measure
                0x00008b54                get_measure
                0x00008b64                set_trackLog
                0x00008b78                clr_trackLog
                0x00008b8c                get_trackLog
                0x00008b9c                get_pumpLastControlSignalOn
                0x00008bb8                clr_pumpLastControlSignalOn
                0x00008bcc                getMeasure_timestamp_diff
                0x00008be8                clr_valuesReceived
                0x00008bfc                set_valuesReceived
                0x00008c10                valuesReceived
                0x00008c20                stopMeasure
                0x00008c34                startMeasure
                0x00008c48                get_FlowCount
                0x00008c6c                incr_FlowCount
                0x00008cbc                clr_FlowCount
                0x00008ce8                initFlowrateSensor
                0x00008d20                updateMeasure_timestamp
                0x00008d5c                set_pumpLastControlSignalOn
                0x00008d84                MeasSMTaskStop
                0x00008db8                measSMTaskStart
                0x00008e04                meas_sm
 .text          0x000090f8      0x22c ARM Flash Release/meas_task.o
                0x000090f8                meas_task_init
                0x00009138                measTaskStop
                0x0000916c                measTaskStart
                0x000091b8                doMeasure
                0x00009264                meas_winddirection
 .text          0x00009324        0x0 ARM Flash Release/crt0.o
 .text          0x00009324        0x0 ARM Flash Release/Philips_LPC210X_Startup.o
 .text          0x00009324       0xc8 ARM Flash Release/LPC210x.o
                0x00009354                ctl_get_ticks_per_second
                0x0000935c                ctl_start_timer
 .text          0x000093ec      0x1b0 ARM Flash Release/VIC.o
                0x000093ec                ctl_set_isr
                0x0000956c                ctl_unmask_isr
                0x00009584                ctl_mask_isr
 .text          0x0000959c       0x44 ARM Flash Release/VIC_irq_handler.o
                0x0000959c                irq_handler
 .text          0x000095e0      0x22c ARM Flash Release/portISR.o
                0x000095e0                vPortISRStartFirstTask
                0x0000962c                vTickISR
                0x000096ec                vPortEnterCritical
                0x00009718                vPortExitCritical
                0x00009760                swi_handler
 .text          0x0000980c      0x18c ARM Flash Release/port.o
                0x0000980c                pxPortInitialiseStack
                0x00009918                vPortEndScheduler
                0x0000991c                xPortStartScheduler
 .text          0x00009998      0x1b4 ARM Flash Release/heap_2.o
                0x00009998                xPortGetFreeHeapSize
                0x000099a8                vPortInitialiseBlocks
                0x000099ac                vPortFree
                0x00009a10                pvPortMalloc
 .text          0x00009b4c     0x1410 ARM Flash Release/tasks.o
                0x00009b4c                xTaskIsTaskSuspended
                0x00009b88                vTaskSuspendAll
                0x00009ba0                uxTaskGetNumberOfTasks
                0x00009bb0                vTaskSetTimeOutState
                0x00009bcc                vTaskMissedYield
                0x00009be0                usTaskCheckFreeStackSpace
                0x00009c14                uxTaskGetStackHighWaterMark
                0x00009c38                xTaskGetCurrentTaskHandle
                0x00009c48                vTaskPriorityDisinherit
                0x00009cbc                vTaskPriorityInherit
                0x00009d70                xTaskRemoveFromEventList
                0x00009e20                vTaskIncrementTick
                0x00009f2c                xTaskResumeFromISR
                0x00009fd4                prvDeleteTCB
                0x00009ff4                prvListTaskWithinSingleList
                0x0000a0b0                prvAllocateTCBAndStack
                0x0000a10c                xTaskCheckForTimeOut
                0x0000a1a8                ulTaskEndTrace
                0x0000a1e8                vTaskStartTrace
                0x0000a240                xTaskGetTickCount
                0x0000a264                xTaskResumeAll
                0x0000a3a8                vTaskList
                0x0000a4bc                prvCheckTasksWaitingTermination
                0x0000a548                prvIdleTask
                0x0000a558                vTaskResume
                0x0000a5f4                vTaskSuspend
                0x0000a670                vTaskPrioritySet
                0x0000a760                uxTaskPriorityGet
                0x0000a790                vTaskDelete
                0x0000a834                prvInitialiseTaskLists
                0x0000a8bc                prvInitialiseTCBVariables
                0x0000a914                vTaskPlaceOnEventList
                0x0000a9c0                vTaskDelay
                0x0000aa50                vTaskDelayUntil
                0x0000ab40                vTaskSwitchContext
                0x0000ad2c                vTaskEndScheduler
                0x0000ad60                xTaskGenericCreate
                0x0000aee4                vTaskStartScheduler
 .text          0x0000af5c      0xb54 ARM Flash Release/queue.o
                0x0000af5c                uxQueueMessagesWaitingFromISR
                0x0000af64                xQueueIsQueueEmptyFromISR
                0x0000af74                xQueueIsQueueFullFromISR
                0x0000af8c                vQueueAddToRegistry
                0x0000afd8                vQueueDelete
                0x0000b044                uxQueueMessagesWaiting
                0x0000b104                xQueueReceiveFromISR
                0x0000b17c                xQueueAltGenericReceive
                0x0000b3bc                xQueueGenericReceive
                0x0000b574                xQueueTakeMutexRecursive
                0x0000b684                xQueueGenericSendFromISR
                0x0000b6f8                xQueueAltGenericSend
                0x0000b800                xQueueGenericSend
                0x0000b94c                xQueueGiveMutexRecursive
                0x0000b9a0                xQueueCreateMutex
                0x0000ba14                xQueueCreate
 .text          0x0000bab0      0x108 ARM Flash Release/list.o
                0x0000bab0                vListInitialise
                0x0000bad4                vListInitialiseItem
                0x0000bae0                vListInsertEnd
                0x0000bb18                vListInsert
                0x0000bb78                vListRemove
 .text          0x0000bbb8      0x71c ARM Flash Release/dhcpc.o
                0x0000bbdc                dhcpc_request
                0x0000befc                dhcpc_appcall
                0x0000c25c                dhcpc_init
 .text          0x0000c2d4      0x2b4 ARM Flash Release/sntp.o
                0x0000c2d4                sntp_appcall
                0x0000c518                sntpSync
 .text          0x0000c588      0x604 ARM Flash Release/telnetd.o
                0x0000c5a4                telnetdDisconnect
                0x0000c760                telnetd_appcall
                0x0000ca8c                telnetd_init
                0x0000caf0                telnetdPutChar
 .text          0x0000cb8c      0x9c4 ARM Flash Release/httpd.o
                0x0000cb8c                httpd_init
                0x0000d434                httpd_appcall
 .text          0x0000d550      0x448 ARM Flash Release/httpd-cgi.o
                0x0000d560                httpd_cgi
 .text          0x0000d998      0x174 ARM Flash Release/httpd-fs.o
                0x0000da0c                httpd_fs_open
                0x0000da8c                httpd_fs_init
                0x0000dab0                httpd_fs_count
 .text          0x0000db0c        0x0 ARM Flash Release/http-strings.o
 .text          0x0000db0c      0x88c ARM Flash Release/enc28j60.o
                0x0000dbb0                enc28j60WaitForData
                0x0000dd34                enc28j60Send
                0x0000deb0                enc28j60Deinit
                0x0000ded0                enc28j60Init
                0x0000e230                enc28j60Receive
 .text          0x0000e398      0x124 ARM Flash Release/memb.o
                0x0000e398                memb_alloc
                0x0000e408                memb_free
                0x0000e484                memb_init
 .text          0x0000e4bc      0x608 ARM Flash Release/psock.o
                0x0000e554                psock_datalen
                0x0000e56c                psock_newdata
                0x0000e5a8                psock_readto
                0x0000e714                psock_init
                0x0000e750                psock_readbuf
                0x0000e95c                psock_generator_send
                0x0000ea2c                psock_send
 .text          0x0000eac4     0x1e30 ARM Flash Release/uip.o
                0x0000eac4                uip_setipid
                0x0000ead4                uip_init
                0x0000eb40                uip_unlisten
                0x0000ebec                uip_listen
                0x0000ec94                htons
                0x0000ecac                uip_connect
                0x0000ee74                htonl
                0x0000ee9c                uip_iszeroaddr
                0x0000eebc                uip_send
                0x0000ef60                uip_process
                0x000105b4                uip_udp_new
                0x00010720                uip_printstats
 .text          0x000108f4      0x444 ARM Flash Release/uip_arch.o
                0x000108f4                uip_add32
                0x00010a60                uip_udpchksum
                0x00010abc                uip_chksum
                0x00010ba8                uip_ipchksum
                0x00010bc4                uip_tcpchksum
 .text          0x00010d38      0x768 ARM Flash Release/uip_arp.o
                0x00010ed4                uip_arp_ipin
                0x00010f6c                uip_arp_arpin
                0x0001112c                uip_arp_out
                0x000113a8                uip_arp_timer
                0x00011444                uip_arp_init
 .text          0x000114a0       0x70 ARM Flash Release/uip_timer.o
                0x000114a0                timer_reset
                0x000114b0                timer_expired
                0x000114dc                timer_restart
                0x000114f4                timer_set
 .text          0x00011510      0x41c ARM Flash Release/uip-fw.o
                0x00011510                uip_fw_init
                0x0001154c                uip_fw_output
                0x0001168c                uip_fw_register
                0x000116a4                uip_fw_default
                0x000116b4                uip_fw_periodic
                0x000116fc                uip_fw_forward
 .text          0x0001192c       0x98 ARM Flash Release/uiplib.o
                0x0001192c                uiplib_ipaddrconv
 .text          0x000119c4      0x1e4 ARM Flash Release/uip-neighbor.o
                0x000119c4                uip_neighbor_init
                0x000119e8                uip_neighbor_periodic
                0x00011a68                uip_neighbor_update
                0x00011a84                uip_neighbor_lookup
                0x00011aa0                uip_neighbor_add
 .text          0x00011ba8       0x10 ARM Flash Release/clock.o
                0x00011ba8                clock_time
 .text          0x00011bb8      0x3d0 ARM Flash Release/uiptask.o
                0x00011bb8                uipIsRunning
                0x00011bd0                dispatch_tcp_appcall
                0x00011bd4                dispatch_udp_appcall
                0x00011bd8                dhcpc_configured
                0x00011bdc                uipStop
                0x00011c18                uipStart
                0x00011f50                uipFastPoll
 .text          0x00011f88      0x3ac ARM Flash Release/disk.o
                0x00011f88                diskShutdown
                0x00011fa4                diskStatus
                0x00011fb4                diskErrorText
                0x00012004                diskErrorTextPrint
                0x0001202c                diskPresent
                0x0001203c                diskIoctl
                0x000121b4                diskWrite
                0x00012214                diskRead
                0x00012260                diskInitialize
 .text          0x00012334     0x2dc8 ARM Flash Release/ff.o
                0x000124a8                f_ferrorlookup
                0x000124f8                f_mount
                0x00012554                f_mkfs
                0x00013554                f_readdir
                0x00013610                f_lseek
                0x00013808                f_write
                0x00013ab8                f_read
                0x00014194                f_getfree
                0x000145fc                f_rename
                0x00014724                f_chmod
                0x000147b4                f_unlink
                0x00014930                f_stat
                0x000149a4                f_opendir
                0x00014a60                f_mkdir
                0x00014cc8                f_sync
                0x00014dd4                f_close
                0x00014df4                f_open
                0x000150d4                f_printerror
 .text          0x000150fc        0x0 C:/Users/lukas/AppData/Local/Rowley Associates Limited/CrossWorks for ARM/packages/lib/liblpc2000_v4t_a_le.a(liblpc2000_lpc21xx_get_cclk.o)
 .text.liblpc2000
                0x000150fc       0x30 C:/Users/lukas/AppData/Local/Rowley Associates Limited/CrossWorks for ARM/packages/lib/liblpc2000_v4t_a_le.a(liblpc2000_lpc21xx_get_cclk.o)
                0x000150fc                liblpc2000_lpc21xx_get_cclk
                0x000150fc                liblpc2000_get_cclk
 .text          0x0001512c        0x0 C:/Users/lukas/AppData/Local/Rowley Associates Limited/CrossWorks for ARM/packages/lib/liblpc2000_v4t_a_le.a(liblpc2000_lpc21xx_get_pclk.o)
 .text.liblpc2000
                0x0001512c       0x2c C:/Users/lukas/AppData/Local/Rowley Associates Limited/CrossWorks for ARM/packages/lib/liblpc2000_v4t_a_le.a(liblpc2000_lpc21xx_get_pclk.o)
                0x0001512c                liblpc2000_lpc21xx_get_pclk
                0x0001512c                liblpc2000_get_pclk
 .text          0x00015158        0x0 C:/Program Files/Rowley Associates Limited/CrossWorks for ARM 2.0/lib/libm_v4t_a_le.a(__int32_to_float32.o)
 *fill*         0x00015158        0x8 00
 .text.libc     0x00015160       0x70 C:/Program Files/Rowley Associates Limited/CrossWorks for ARM 2.0/lib/libm_v4t_a_le.a(__int32_to_float32.o)
                0x00015160                __int32_to_float32
                0x00015160                __floatsisf
                0x00015160                __aeabi_i2f
                0x00015174                __int32_to_float32_common
 .text          0x000151d0        0x0 C:/Program Files/Rowley Associates Limited/CrossWorks for ARM 2.0/lib/libm_v4t_a_le.a(__int32_to_float64.o)
 .text.libc     0x000151d0       0x70 C:/Program Files/Rowley Associates Limited/CrossWorks for ARM 2.0/lib/libm_v4t_a_le.a(__int32_to_float64.o)
                0x000151d0                __aeabi_i2d
                0x000151d0                __int32_to_float64
                0x000151d0                __floatsidf
 .text          0x00015240        0x0 C:/Program Files/Rowley Associates Limited/CrossWorks for ARM 2.0/lib/libm_v4t_a_le.a(__uint32_to_float32.o)
 .text.libc     0x00015240       0x10 C:/Program Files/Rowley Associates Limited/CrossWorks for ARM 2.0/lib/libm_v4t_a_le.a(__uint32_to_float32.o)
                0x00015240                __aeabi_ui2f
                0x00015240                __floatunsisf
                0x00015240                __uint32_to_float32
 .text          0x00015250        0x0 C:/Program Files/Rowley Associates Limited/CrossWorks for ARM 2.0/lib/libm_v4t_a_le.a(__uint32_to_float64.o)
 .text.libc     0x00015250       0x60 C:/Program Files/Rowley Associates Limited/CrossWorks for ARM 2.0/lib/libm_v4t_a_le.a(__uint32_to_float64.o)
                0x00015250                __aeabi_ui2d
                0x00015250                __floatunsidf
                0x00015250                __uint32_to_float64
 .text          0x000152b0        0x0 C:/Program Files/Rowley Associates Limited/CrossWorks for ARM 2.0/lib/libm_v4t_a_le.a(__float32_to_int32.o)
 .text.libc     0x000152b0       0x50 C:/Program Files/Rowley Associates Limited/CrossWorks for ARM 2.0/lib/libm_v4t_a_le.a(__float32_to_int32.o)
                0x000152b0                __float32_to_int32
                0x000152b0                __aeabi_f2iz
                0x000152b0                __fixsfsi
 .text          0x00015300        0x0 C:/Program Files/Rowley Associates Limited/CrossWorks for ARM 2.0/lib/libm_v4t_a_le.a(__float32_to_uint32.o)
 .text.libc     0x00015300       0x40 C:/Program Files/Rowley Associates Limited/CrossWorks for ARM 2.0/lib/libm_v4t_a_le.a(__float32_to_uint32.o)
                0x00015300                __aeabi_f2uiz
                0x00015300                __fixunssfsi
                0x00015300                __float32_to_uint32
 .text          0x00015340        0x0 C:/Program Files/Rowley Associates Limited/CrossWorks for ARM 2.0/lib/libm_v4t_a_le.a(__float64_to_int32.o)
 .text.libc     0x00015340       0x60 C:/Program Files/Rowley Associates Limited/CrossWorks for ARM 2.0/lib/libm_v4t_a_le.a(__float64_to_int32.o)
                0x00015340                __aeabi_d2iz
                0x00015340                __float64_to_int32
                0x00015340                __fixdfsi
 .text          0x000153a0        0x0 C:/Program Files/Rowley Associates Limited/CrossWorks for ARM 2.0/lib/libm_v4t_a_le.a(__float32_to_float64.o)
 .text.libc     0x000153a0       0x40 C:/Program Files/Rowley Associates Limited/CrossWorks for ARM 2.0/lib/libm_v4t_a_le.a(__float32_to_float64.o)
                0x000153a0                __float32_to_float64
                0x000153a0                __aeabi_f2d
                0x000153a0                __extendsfdf2
 .text          0x000153e0        0x0 C:/Program Files/Rowley Associates Limited/CrossWorks for ARM 2.0/lib/libm_v4t_a_le.a(__float32_add.o)
 .text.libc     0x000153e0      0x1a0 C:/Program Files/Rowley Associates Limited/CrossWorks for ARM 2.0/lib/libm_v4t_a_le.a(__float32_add.o)
                0x000153e0                __aeabi_frsub
                0x000153e8                __subsf3
                0x000153e8                __aeabi_fsub
                0x000153e8                __float32_sub
                0x000153ec                __addsf3
                0x000153ec                __float32_add
                0x000153ec                __aeabi_fadd
 .text          0x00015580        0x0 C:/Program Files/Rowley Associates Limited/CrossWorks for ARM 2.0/lib/libm_v4t_a_le.a(__float32_mul.o)
 .text.libc     0x00015580      0x100 C:/Program Files/Rowley Associates Limited/CrossWorks for ARM 2.0/lib/libm_v4t_a_le.a(__float32_mul.o)
                0x00015580                __mulsf3
                0x00015580                __float32_mul
 .text          0x00015680        0x0 C:/Program Files/Rowley Associates Limited/CrossWorks for ARM 2.0/lib/libm_v4t_a_le.a(__float32_div.o)
 .text.libc     0x00015680      0x210 C:/Program Files/Rowley Associates Limited/CrossWorks for ARM 2.0/lib/libm_v4t_a_le.a(__float32_div.o)
                0x00015680                __float32_div
                0x00015680                __divsf3
 .text          0x00015890        0x0 C:/Program Files/Rowley Associates Limited/CrossWorks for ARM 2.0/lib/libm_v4t_a_le.a(__float32_cmp.o)
 .text.libc     0x00015890       0x50 C:/Program Files/Rowley Associates Limited/CrossWorks for ARM 2.0/lib/libm_v4t_a_le.a(__float32_cmp.o)
                0x00015890                __nesf2
                0x00015890                __gtsf2
                0x00015890                __eqsf2
                0x00015890                __cmpsf2
                0x00015890                __ltsf2
                0x00015890                __gesf2
                0x00015890                __lesf2
 .text          0x000158e0        0x0 C:/Program Files/Rowley Associates Limited/CrossWorks for ARM 2.0/lib/libm_v4t_a_le.a(log.o)
 .text.libc     0x000158e0      0x2c0 C:/Program Files/Rowley Associates Limited/CrossWorks for ARM 2.0/lib/libm_v4t_a_le.a(log.o)
                0x000158e0                log
 .text          0x00015ba0        0x0 C:/Program Files/Rowley Associates Limited/CrossWorks for ARM 2.0/lib/libm_v4t_a_le.a(__float64_add.o)
 .text.libc     0x00015ba0      0x350 C:/Program Files/Rowley Associates Limited/CrossWorks for ARM 2.0/lib/libm_v4t_a_le.a(__float64_add.o)
                0x00015ba0                __aeabi_drsub
                0x00015ba8                __aeabi_dsub
                0x00015ba8                __float64_sub
                0x00015ba8                __subdf3
                0x00015bac                __aeabi_dadd
                0x00015bac                __float64_add
                0x00015bac                __adddf3
 .text          0x00015ef0        0x0 C:/Program Files/Rowley Associates Limited/CrossWorks for ARM 2.0/lib/libm_v4t_a_le.a(__float64_mul.o)
 .text.libc     0x00015ef0      0x1b0 C:/Program Files/Rowley Associates Limited/CrossWorks for ARM 2.0/lib/libm_v4t_a_le.a(__float64_mul.o)
                0x00015ef0                __muldf3
                0x00015ef0                __float64_mul
 .text          0x000160a0        0x0 C:/Program Files/Rowley Associates Limited/CrossWorks for ARM 2.0/lib/libm_v4t_a_le.a(__float64_div.o)
 .text.libc     0x000160a0      0x330 C:/Program Files/Rowley Associates Limited/CrossWorks for ARM 2.0/lib/libm_v4t_a_le.a(__float64_div.o)
                0x000160a0                __divdf3
                0x000160a0                __float64_div
                0x000160a0                __aeabi_ddiv
 .text          0x000163d0        0x0 C:/Program Files/Rowley Associates Limited/CrossWorks for ARM 2.0/lib/libm_v4t_a_le.a(__float64_cmp.o)
 .text.libc     0x000163d0       0x70 C:/Program Files/Rowley Associates Limited/CrossWorks for ARM 2.0/lib/libm_v4t_a_le.a(__float64_cmp.o)
                0x000163d0                __eqdf2
                0x000163d0                __gtdf2
                0x000163d0                __ltdf2
                0x000163d0                __ledf2
                0x000163d0                __nedf2
                0x000163d0                __gedf2
                0x000163d0                __cmpdf2
 .text          0x00016440        0x0 C:/Program Files/Rowley Associates Limited/CrossWorks for ARM 2.0/lib/libm_v4t_a_le.a(__float64_isnan.o)
 .text.libc     0x00016440       0x20 C:/Program Files/Rowley Associates Limited/CrossWorks for ARM 2.0/lib/libm_v4t_a_le.a(__float64_isnan.o)
                0x00016440                __float64_isnan
 .text          0x00016460        0x0 C:/Program Files/Rowley Associates Limited/CrossWorks for ARM 2.0/lib/libm_v4t_a_le.a(__float64_infinity.o)
 .text.libc     0x00016460        0x0 C:/Program Files/Rowley Associates Limited/CrossWorks for ARM 2.0/lib/libm_v4t_a_le.a(__float64_infinity.o)
 .text          0x00016460        0x0 C:/Program Files/Rowley Associates Limited/CrossWorks for ARM 2.0/lib/libm_v4t_a_le.a(__float64_nan.o)
 .text.libc     0x00016460        0x0 C:/Program Files/Rowley Associates Limited/CrossWorks for ARM 2.0/lib/libm_v4t_a_le.a(__float64_nan.o)
 .text          0x00016460        0x0 C:/Program Files/Rowley Associates Limited/CrossWorks for ARM 2.0/lib/libm_v4t_a_le.a(__poly1_eval.o)
 .text.libc     0x00016460       0x70 C:/Program Files/Rowley Associates Limited/CrossWorks for ARM 2.0/lib/libm_v4t_a_le.a(__poly1_eval.o)
                0x00016460                __poly1_eval
 .text          0x000164d0        0x0 C:/Program Files/Rowley Associates Limited/CrossWorks for ARM 2.0/lib/libm_v4t_a_le.a(__poly_eval.o)
 .text.libc     0x000164d0       0x5c C:/Program Files/Rowley Associates Limited/CrossWorks for ARM 2.0/lib/libm_v4t_a_le.a(__poly_eval.o)
                0x000164d0                __poly_eval
 .text          0x0001652c        0x0 C:/Program Files/Rowley Associates Limited/CrossWorks for ARM 2.0/lib/libm_v4t_a_le.a(frexp.o)
 .text.libc     0x0001652c       0x60 C:/Program Files/Rowley Associates Limited/CrossWorks for ARM 2.0/lib/libm_v4t_a_le.a(frexp.o)
                0x0001652c                frexp
 .text          0x0001658c        0x0 C:/Program Files/Rowley Associates Limited/CrossWorks for ARM 2.0/lib/libm_v4t_a_le.a(ldexp.o)
 .text.libc     0x0001658c       0x84 C:/Program Files/Rowley Associates Limited/CrossWorks for ARM 2.0/lib/libm_v4t_a_le.a(ldexp.o)
                0x0001658c                ldexp
 .text          0x00016610        0x0 C:/Program Files/Rowley Associates Limited/CrossWorks for ARM 2.0/lib/libc_v4t_a_le.a(__int32_umod.o)
 .text.libc     0x00016610       0x20 C:/Program Files/Rowley Associates Limited/CrossWorks for ARM 2.0/lib/libc_v4t_a_le.a(__int32_umod.o)
                0x00016610                __int32_umod
                0x00016610                __umodsi3
 .text          0x00016630        0x0 C:/Program Files/Rowley Associates Limited/CrossWorks for ARM 2.0/lib/libc_v4t_a_le.a(__int32_div.o)
 .text.libc     0x00016630       0x50 C:/Program Files/Rowley Associates Limited/CrossWorks for ARM 2.0/lib/libc_v4t_a_le.a(__int32_div.o)
                0x00016630                __divsi3
                0x00016630                __int32_div
 .text          0x00016680        0x0 C:/Program Files/Rowley Associates Limited/CrossWorks for ARM 2.0/lib/libc_v4t_a_le.a(__int32_udivmod.o)
 .text.libc     0x00016680       0x30 C:/Program Files/Rowley Associates Limited/CrossWorks for ARM 2.0/lib/libc_v4t_a_le.a(__int32_udivmod.o)
                0x00016680                __int32_udivmod
                0x00016680                __udivsi3
                0x00016680                __int32_udiv
 .text          0x000166b0        0x0 C:/Program Files/Rowley Associates Limited/CrossWorks for ARM 2.0/lib/libc_v4t_a_le.a(strlen.o)
 .text.libc     0x000166b0       0x90 C:/Program Files/Rowley Associates Limited/CrossWorks for ARM 2.0/lib/libc_v4t_a_le.a(strlen.o)
                0x000166b0                strlen
 .text          0x00016740        0x0 C:/Program Files/Rowley Associates Limited/CrossWorks for ARM 2.0/lib/libc_v4t_a_le.a(memcpy.o)
 .text.libc     0x00016740       0x60 C:/Program Files/Rowley Associates Limited/CrossWorks for ARM 2.0/lib/libc_v4t_a_le.a(memcpy.o)
                0x00016740                memcpy
 .text          0x000167a0        0x0 C:/Program Files/Rowley Associates Limited/CrossWorks for ARM 2.0/lib/libc_v4t_a_le.a(memset.o)
 .text.libc     0x000167a0       0xa0 C:/Program Files/Rowley Associates Limited/CrossWorks for ARM 2.0/lib/libc_v4t_a_le.a(memset.o)
                0x000167a0                memset
 .text          0x00016840        0x0 C:/Program Files/Rowley Associates Limited/CrossWorks for ARM 2.0/lib/libc_v4t_a_le.a(strcpy.o)
 .text.libc     0x00016840       0x60 C:/Program Files/Rowley Associates Limited/CrossWorks for ARM 2.0/lib/libc_v4t_a_le.a(strcpy.o)
                0x00016840                strcpy
 .text          0x000168a0        0x0 C:/Program Files/Rowley Associates Limited/CrossWorks for ARM 2.0/lib/libc_v4t_a_le.a(strcmp.o)
 .text.libc     0x000168a0       0x70 C:/Program Files/Rowley Associates Limited/CrossWorks for ARM 2.0/lib/libc_v4t_a_le.a(strcmp.o)
                0x000168a0                strcmp
 .text          0x00016910        0x0 C:/Program Files/Rowley Associates Limited/CrossWorks for ARM 2.0/lib/libc_v4t_a_le.a(memcmp.o)
 .text.libc     0x00016910       0x54 C:/Program Files/Rowley Associates Limited/CrossWorks for ARM 2.0/lib/libc_v4t_a_le.a(memcmp.o)
                0x00016910                memcmp
 .text          0x00016964        0x0 C:/Program Files/Rowley Associates Limited/CrossWorks for ARM 2.0/lib/libc_v4t_a_le.a(strcat.o)
 .text.libc     0x00016964       0x3c C:/Program Files/Rowley Associates Limited/CrossWorks for ARM 2.0/lib/libc_v4t_a_le.a(strcat.o)
                0x00016964                strcat
 .text          0x000169a0        0x0 C:/Program Files/Rowley Associates Limited/CrossWorks for ARM 2.0/lib/libc_v4t_a_le.a(strchr.o)
 .text.libc     0x000169a0       0x40 C:/Program Files/Rowley Associates Limited/CrossWorks for ARM 2.0/lib/libc_v4t_a_le.a(strchr.o)
                0x000169a0                strchr
 .text          0x000169e0        0x0 C:/Program Files/Rowley Associates Limited/CrossWorks for ARM 2.0/lib/libc_v4t_a_le.a(strncmp.o)
 .text.libc     0x000169e0       0x64 C:/Program Files/Rowley Associates Limited/CrossWorks for ARM 2.0/lib/libc_v4t_a_le.a(strncmp.o)
                0x000169e0                strncmp
 .text          0x00016a44        0x0 C:/Program Files/Rowley Associates Limited/CrossWorks for ARM 2.0/lib/libc_v4t_a_le.a(strncpy.o)
 .text.libc     0x00016a44       0x74 C:/Program Files/Rowley Associates Limited/CrossWorks for ARM 2.0/lib/libc_v4t_a_le.a(strncpy.o)
                0x00016a44                strncpy
 .text          0x00016ab8        0x0 C:/Program Files/Rowley Associates Limited/CrossWorks for ARM 2.0/lib/libc_v4t_a_le.a(strrchr.o)
 .text.libc     0x00016ab8       0x44 C:/Program Files/Rowley Associates Limited/CrossWorks for ARM 2.0/lib/libc_v4t_a_le.a(strrchr.o)
                0x00016ab8                strrchr
 .text          0x00016afc        0x0 C:/Program Files/Rowley Associates Limited/CrossWorks for ARM 2.0/lib/libc_v4t_a_le.a(strstr.o)
 .text.libc     0x00016afc       0x98 C:/Program Files/Rowley Associates Limited/CrossWorks for ARM 2.0/lib/libc_v4t_a_le.a(strstr.o)
                0x00016afc                strstr
 .text          0x00016b94        0x0 C:/Program Files/Rowley Associates Limited/CrossWorks for ARM 2.0/lib/libc_v4t_a_le.a(ctype.o)
 .text.libc     0x00016b94      0x17c C:/Program Files/Rowley Associates Limited/CrossWorks for ARM 2.0/lib/libc_v4t_a_le.a(ctype.o)
                0x00016b94                isalpha
                0x00016bb0                isupper
                0x00016bc4                islower
                0x00016bd8                isdigit
                0x00016bec                isxdigit
                0x00016c18                isspace
                0x00016c30                ispunct
                0x00016c6c                isalnum
                0x00016c98                isprint
                0x00016cac                isgraph
                0x00016cc0                iscntrl
                0x00016cd4                tolower
                0x00016ce8                toupper
                0x00016cfc                isblank
 .text          0x00016d10        0x0 C:/Program Files/Rowley Associates Limited/CrossWorks for ARM 2.0/lib/libc_v4t_a_le.a(malloc.o)
 .text.libc     0x00016d10      0x250 C:/Program Files/Rowley Associates Limited/CrossWorks for ARM 2.0/lib/libc_v4t_a_le.a(malloc.o)
                0x00016d10                free
                0x00016e04                malloc
                0x00016ee8                realloc
                0x00016f30                calloc
 .text          0x00016f60        0x0 C:/Program Files/Rowley Associates Limited/CrossWorks for ARM 2.0/lib/libc_v4t_a_le.a(atoi.o)
 .text.libc     0x00016f60       0x38 C:/Program Files/Rowley Associates Limited/CrossWorks for ARM 2.0/lib/libc_v4t_a_le.a(atoi.o)
                0x00016f60                atoi
 .text          0x00016f98        0x0 C:/Program Files/Rowley Associates Limited/CrossWorks for ARM 2.0/lib/libc_v4t_a_le.a(time.o)
 .text.libc     0x00016f98      0x75c C:/Program Files/Rowley Associates Limited/CrossWorks for ARM 2.0/lib/libc_v4t_a_le.a(time.o)
                0x00016f98                difftime
                0x00016fac                checktm
                0x000171f4                mktime
                0x0001743c                localtime_r
                0x00017648                localtime
                0x00017668                gmtime_r
                0x00017680                gmtime
                0x000176a0                ctime_r
                0x000176d0                ctime
 .text          0x000176f4        0x0 C:/Program Files/Rowley Associates Limited/CrossWorks for ARM 2.0/lib/libc_v4t_a_le.a(asctime.o)
 .text.libc     0x000176f4      0x18c C:/Program Files/Rowley Associates Limited/CrossWorks for ARM 2.0/lib/libc_v4t_a_le.a(asctime.o)
                0x00017720                asctime_r
                0x00017868                asctime
 .text          0x00017880        0x0 C:/Program Files/Rowley Associates Limited/CrossWorks for ARM 2.0/lib/libc_v4t_a_le.a(strftime.o)
 .text.libc     0x00017880      0x82c C:/Program Files/Rowley Associates Limited/CrossWorks for ARM 2.0/lib/libc_v4t_a_le.a(strftime.o)
                0x00018058                strftime
 .text          0x000180ac        0x0 C:/Program Files/Rowley Associates Limited/CrossWorks for ARM 2.0/lib/libc_v4t_a_le.a(div.o)
 .text.libc     0x000180ac       0x54 C:/Program Files/Rowley Associates Limited/CrossWorks for ARM 2.0/lib/libc_v4t_a_le.a(div.o)
                0x000180ac                div
 .text          0x00018100        0x0 C:/Program Files/Rowley Associates Limited/CrossWorks for ARM 2.0/lib/libc_v4t_a_le.a(strtol.o)
 .text.libc     0x00018100       0xd4 C:/Program Files/Rowley Associates Limited/CrossWorks for ARM 2.0/lib/libc_v4t_a_le.a(strtol.o)
                0x00018100                strtol
 .text          0x000181d4        0x0 C:/Program Files/Rowley Associates Limited/CrossWorks for ARM 2.0/lib/libc_v4t_a_le.a(ldiv.o)
 .text.libc     0x000181d4       0x54 C:/Program Files/Rowley Associates Limited/CrossWorks for ARM 2.0/lib/libc_v4t_a_le.a(ldiv.o)
                0x000181d4                ldiv
 .text          0x00018228        0x0 C:/Program Files/Rowley Associates Limited/CrossWorks for ARM 2.0/lib/libc_v4t_a_le.a(__int32_mod.o)
 *fill*         0x00018228        0x8 00
 .text.libc     0x00018230       0x50 C:/Program Files/Rowley Associates Limited/CrossWorks for ARM 2.0/lib/libc_v4t_a_le.a(__int32_mod.o)
                0x00018230                __modsi3
                0x00018230                __int32_mod
 .text          0x00018280        0x0 C:/Program Files/Rowley Associates Limited/CrossWorks for ARM 2.0/lib/libc_v4t_a_le.a(__strtoul.o)
 .text.libc     0x00018280      0x128 C:/Program Files/Rowley Associates Limited/CrossWorks for ARM 2.0/lib/libc_v4t_a_le.a(__strtoul.o)
                0x00018280                __strtoul
 .text          0x000183a8        0x0 C:/Program Files/Rowley Associates Limited/CrossWorks for ARM 2.0/lib/libc_v4t_a_le.a(__digit.o)
 .text.libc     0x000183a8       0x54 C:/Program Files/Rowley Associates Limited/CrossWorks for ARM 2.0/lib/libc_v4t_a_le.a(__digit.o)
                0x000183a8                __digit
 .text          0x000183fc        0x0 C:/Program Files/Rowley Associates Limited/CrossWorks for ARM 2.0/lib/libdebugio_v4t_a_le.a(debug_printf.o)
 .text.libc     0x000183fc       0x20 C:/Program Files/Rowley Associates Limited/CrossWorks for ARM 2.0/lib/libdebugio_v4t_a_le.a(debug_printf.o)
                0x000183fc                debug_printf
 .text          0x0001841c        0x0 C:/Program Files/Rowley Associates Limited/CrossWorks for ARM 2.0/lib/libc_targetio_impl_v4t_a_le.a(putchar.o)
 .text.libc     0x0001841c       0x2c C:/Program Files/Rowley Associates Limited/CrossWorks for ARM 2.0/lib/libc_targetio_impl_v4t_a_le.a(putchar.o)
                0x0001841c                putchar
 .text          0x00018448        0x0 C:/Program Files/Rowley Associates Limited/CrossWorks for ARM 2.0/lib/libc_user_libc_v4t_a_le.a(user_libc.o)
 .text.libc     0x00018448       0x2c C:/Program Files/Rowley Associates Limited/CrossWorks for ARM 2.0/lib/libc_user_libc_v4t_a_le.a(user_libc.o)
                0x00018448                __errno
                0x00018454                __heap_lock
                0x00018458                __heap_unlock
                0x0001845c                __printf_lock
                0x00018460                __printf_unlock
                0x00018464                __scanf_lock
                0x00018468                __scanf_unlock
                0x0001846c                __debug_io_lock
                0x00018470                __debug_io_unlock
 .text          0x00018474        0x0 C:/Program Files/Rowley Associates Limited/CrossWorks for ARM 2.0/lib/libdebugio_dcc_v4t_a_le.a(dcc_debug_operations.o)
 .text.libdebugio_dcc
                0x00018474       0x4c C:/Program Files/Rowley Associates Limited/CrossWorks for ARM 2.0/lib/libdebugio_dcc_v4t_a_le.a(dcc_debug_operations.o)
                0x00018474                __do_debug_operation
 .text          0x000184c0        0x0 C:/Program Files/Rowley Associates Limited/CrossWorks for ARM 2.0/lib/libdebugio_dcc_v4t_a_le.a(libarmdi_dcc_write.o)
 .text.libdebugio_dcc
                0x000184c0       0x20 C:/Program Files/Rowley Associates Limited/CrossWorks for ARM 2.0/lib/libdebugio_dcc_v4t_a_le.a(libarmdi_dcc_write.o)
                0x000184c0                libarm_dcc_write
 .text          0x000184e0        0x0 C:/Program Files/Rowley Associates Limited/CrossWorks for ARM 2.0/lib/libdebugio_dcc_v4t_a_le.a(libarm_run_dcc_port_server.o)
 .text.libdebugio_dcc
                0x000184e0      0x234 C:/Program Files/Rowley Associates Limited/CrossWorks for ARM 2.0/lib/libdebugio_dcc_v4t_a_le.a(libarm_run_dcc_port_server.o)
                0x000184e0                libarm_run_dcc_port_server
 .text          0x00018714        0x0 C:/Program Files/Rowley Associates Limited/CrossWorks for ARM 2.0/lib/libdebugio_dcc_v4t_a_le.a(libarmdi_dcc_read.o)
 *fill*         0x00018714        0xc 00
 .text.libdebugio_dcc
                0x00018720       0x20 C:/Program Files/Rowley Associates Limited/CrossWorks for ARM 2.0/lib/libdebugio_dcc_v4t_a_le.a(libarmdi_dcc_read.o)
                0x00018720                libarm_dcc_read
                0x00018740                __text_end__ = (__text_start__ + SIZEOF (.text))
                0x00018740                __text_load_end__ = __text_end__

.vfp11_veneer   0x00000000        0x0
 .vfp11_veneer  0x00000000        0x0 linker stubs

.v4_bx          0x00000000        0x0
 .v4_bx         0x00000000        0x0 linker stubs
                0x00000001                . = ASSERT (((__text_end__ >= __FLASH_segment_start__) && (__text_end__ <= (__FLASH_segment_start__ + 0x80000))), error: .text is too large to fit in FLASH memory segment)
                0x00018740                __dtors_load_start__ = ALIGN (__text_end__, 0x4)

.dtors          0x00018740        0x0
                0x00018740                __dtors_start__ = .
 *(SORT(.dtors.*))
 *(.dtors)
                0x00018740                __dtors_end__ = (__dtors_start__ + SIZEOF (.dtors))
                0x00018740                __dtors_load_end__ = __dtors_end__
                0x00000001                . = ASSERT (((__dtors_end__ >= __FLASH_segment_start__) && (__dtors_end__ <= (__FLASH_segment_start__ + 0x80000))), error: .dtors is too large to fit in FLASH memory segment)
                0x00018740                __ctors_load_start__ = ALIGN (__dtors_end__, 0x4)

.ctors          0x00018740        0x0
                0x00018740                __ctors_start__ = .
 *(SORT(.ctors.*))
 *(.ctors)
                0x00018740                __ctors_end__ = (__ctors_start__ + SIZEOF (.ctors))
                0x00018740                __ctors_load_end__ = __ctors_end__
                0x00000001                . = ASSERT (((__ctors_end__ >= __FLASH_segment_start__) && (__ctors_end__ <= (__FLASH_segment_start__ + 0x80000))), error: .ctors is too large to fit in FLASH memory segment)
                0x00018740                __rodata_load_start__ = ALIGN (__ctors_end__, 0x4)

.rodata         0x00018740     0x7e04
                0x00018740                __rodata_start__ = .
 *(.rodata .rodata.* .gnu.linkonce.r.*)
 .rodata.str1.4
                0x00018740        0x8 ARM Flash Release/main.o
 .rodata        0x00018748       0xb0 ARM Flash Release/i2c.o
 .rodata.str1.4
                0x000187f8      0x19e ARM Flash Release/i2c.o
                                0x1a0 (size before relaxing)
 *fill*         0x00018996        0x2 00
 .rodata.str1.4
                0x00018998        0x8 ARM Flash Release/i2cInt.o
                                  0xc (size before relaxing)
 .rodata        0x000189a0       0x90 ARM Flash Release/usbser.o
 .rodata        0x00018a30        0xc ARM Flash Release/rtc.o
 .rodata.str1.4
                0x00018a3c        0x7 ARM Flash Release/eint3ISR.o
                                  0x8 (size before relaxing)
 *fill*         0x00018a43        0x1 00
 .rodata        0x00018a44      0x2b4 ARM Flash Release/beep.o
 .rodata.str1.4
                0x00018cf8        0x7 ARM Flash Release/args.o
                                 0x10 (size before relaxing)
 *fill*         0x00018cff        0x1 00
 .rodata.str1.4
                0x00018d00       0x7b ARM Flash Release/argsdispatch.o
                                 0x84 (size before relaxing)
 *fill*         0x00018d7b        0x1 00
 .rodata        0x00018d7c      0x3c0 ARM Flash Release/monitor.o
 .rodata.str1.4
                0x0001913c      0xe93 ARM Flash Release/monitor.o
                                0xeb0 (size before relaxing)
 *fill*         0x00019fcf        0x1 00
 .rodata.str1.4
                0x00019fd0        0x7 ARM Flash Release/printf-stdarg.o
                                  0x8 (size before relaxing)
 .rodata.str1.4
                0x00000000        0x7 ARM Flash Release/leds.o
                                  0x4 (size before relaxing)
 *fill*         0x00019fd7        0x1 00
 .rodata.str1.4
                0x00019fd8        0x8 ARM Flash Release/tcs3414.o
 .rodata        0x00019fe0      0x210 ARM Flash Release/mmc.o
 .rodata.str1.4
                0x0001a1f0       0x11 ARM Flash Release/mmc.o
                                 0x14 (size before relaxing)
 *fill*         0x0001a201        0x3 00
 .rodata        0x0001a204        0xc ARM Flash Release/Lcd204_4.o
 .rodata.str1.4
                0x0001a210        0x9 ARM Flash Release/Lcd204_4.o
                                  0xc (size before relaxing)
 *fill*         0x0001a219        0x3 00
 .rodata        0x0001a21c      0x3d4 ARM Flash Release/logging.o
 .rodata.str1.4
                0x0001a5f0       0xc3 ARM Flash Release/logging.o
                                 0xc8 (size before relaxing)
 *fill*         0x0001a6b3        0x1 00
 .rodata.str1.4
                0x0001a6b4       0x34 ARM Flash Release/meas_sm.o
 .rodata.str1.4
                0x0001a6e8        0xd ARM Flash Release/meas_task.o
                                 0x10 (size before relaxing)
 *fill*         0x0001a6f5        0x3 00
 .rodata        0x0001a6f8       0x14 ARM Flash Release/tasks.o
 .rodata.str1.4
                0x0001a70c       0x19 ARM Flash Release/tasks.o
                                 0x20 (size before relaxing)
 *fill*         0x0001a725        0x3 00
 .rodata        0x0001a728        0x8 ARM Flash Release/dhcpc.o
 .rodata.str1.4
                0x00000000        0xc ARM Flash Release/telnetd.o
 .rodata.str1.4
                0x0001a730       0x13 ARM Flash Release/httpd.o
                                 0x18 (size before relaxing)
 *fill*         0x0001a743        0x1 00
 .rodata        0x0001a744       0xa8 ARM Flash Release/httpd-cgi.o
 .rodata.str1.4
                0x0001a7ec       0xdb ARM Flash Release/httpd-cgi.o
                                 0xe0 (size before relaxing)
 *fill*         0x0001a8c7        0x1 00
 .rodata        0x0001a8c8     0x51d8 ARM Flash Release/httpd-fs.o
                0x0001a8c8                file_tcp_shtml
                0x0001a8dc                file_404_html
                0x0001a8f0                file_fade_png
                0x0001a904                file_files_shtml
                0x0001a918                file_footer_html
                0x0001a92c                file_header_html
                0x0001a940                file_index_html
                0x0001a954                file_led_shtml
                0x0001a968                file_lpc2148_jpg
                0x0001a97c                file_stats_shtml
                0x0001a990                file_style_css
 .rodata        0x0001faa0      0x288 ARM Flash Release/http-strings.o
                0x0001faa0                http_http
                0x0001faa8                http_200
                0x0001fab0                http_301
                0x0001fab8                http_302
                0x0001fac0                http_get
                0x0001fac8                http_10
                0x0001fad4                http_11
                0x0001fae0                http_content_type
                0x0001faf0                http_texthtml
                0x0001fafc                http_location
                0x0001fb08                http_host
                0x0001fb10                http_crnl
                0x0001fb14                http_index_html
                0x0001fb20                http_404_html
                0x0001fb2c                http_referer
                0x0001fb38                http_header_200
                0x0001fb8c                http_header_404
                0x0001fbe8                http_content_type_plain
                0x0001fc08                http_content_type_html
                0x0001fc24                http_content_type_css
                0x0001fc40                http_content_type_text
                0x0001fc5c                http_content_type_png
                0x0001fc78                http_content_type_gif
                0x0001fc94                http_content_type_jpg
                0x0001fcb4                http_content_type_binary
                0x0001fce0                http_html
                0x0001fce8                http_shtml
                0x0001fcf0                http_htm
                0x0001fcf8                http_css
                0x0001fd00                http_png
                0x0001fd08                http_gif
                0x0001fd10                http_jpg
                0x0001fd18                http_text
                0x0001fd20                http_txt
 .rodata.str1.4
                0x0001fd28      0x30c ARM Flash Release/uip.o
 .rodata        0x00020034        0x8 ARM Flash Release/uip_arp.o
 .rodata.str1.4
                0x0002003c       0x41 ARM Flash Release/uip-neighbor.o
                                 0x44 (size before relaxing)
 *fill*         0x0002007d        0x3 00
 .rodata.str1.4
                0x00020080       0x1f ARM Flash Release/uiptask.o
                                 0x20 (size before relaxing)
 *fill*         0x0002009f        0x1 00
 .rodata        0x000200a0       0x28 ARM Flash Release/disk.o
 .rodata.str1.4
                0x000200c8       0x51 ARM Flash Release/disk.o
                                 0x54 (size before relaxing)
 *fill*         0x00020119        0x3 00
 .rodata        0x0002011c       0x70 ARM Flash Release/ff.o
 .rodata.str1.4
                0x0002018c       0xd5 ARM Flash Release/ff.o
                                 0xf8 (size before relaxing)
 *fill*         0x00020261        0x3 00
 .rodata.libc   0x00020264       0x28 C:/Program Files/Rowley Associates Limited/CrossWorks for ARM 2.0/lib/libm_v4t_a_le.a(log.o)
 .rodata.libc   0x0002028c        0x8 C:/Program Files/Rowley Associates Limited/CrossWorks for ARM 2.0/lib/libm_v4t_a_le.a(__float64_infinity.o)
                0x0002028c                __float64_infinity
 .rodata.libc   0x00020294        0x8 C:/Program Files/Rowley Associates Limited/CrossWorks for ARM 2.0/lib/libm_v4t_a_le.a(__float64_nan.o)
                0x00020294                __float64_nan
 .rodata.libc   0x0002029c       0x84 C:/Program Files/Rowley Associates Limited/CrossWorks for ARM 2.0/lib/libc_v4t_a_le.a(ctype.o)
                0x0002029c                __ctype
 .rodata.libc   0x00020320       0x68 C:/Program Files/Rowley Associates Limited/CrossWorks for ARM 2.0/lib/libc_v4t_a_le.a(time.o)
 .rodata.libc   0x00020388       0x4c C:/Program Files/Rowley Associates Limited/CrossWorks for ARM 2.0/lib/libc_v4t_a_le.a(asctime.o)
 .rodata.libc   0x000203d4       0x4c C:/Program Files/Rowley Associates Limited/CrossWorks for ARM 2.0/lib/libc_v4t_a_le.a(strftime.o)
 .rodata.libc.str1.4
                0x00020420      0x124 C:/Program Files/Rowley Associates Limited/CrossWorks for ARM 2.0/lib/libc_v4t_a_le.a(strftime.o)
                                0x130 (size before relaxing)
                0x00020544                __rodata_end__ = (__rodata_start__ + SIZEOF (.rodata))
                0x00020544                __rodata_load_end__ = __rodata_end__
                0x00000001                . = ASSERT (((__rodata_end__ >= __FLASH_segment_start__) && (__rodata_end__ <= (__FLASH_segment_start__ + 0x80000))), error: .rodata is too large to fit in FLASH memory segment)
                0x00020544                __fast_load_start__ = ALIGN (__rodata_end__, 0x4)

.fast           0x4000003c        0x0 load address 0x00020544
                0x4000003c                __fast_start__ = .
 *(.fast .fast.*)
                0x4000003c                __fast_end__ = (__fast_start__ + SIZEOF (.fast))
                0x00020544                __fast_load_end__ = (__fast_load_start__ + SIZEOF (.fast))
                0x00000001                . = ASSERT ((((__fast_load_start__ + SIZEOF (.fast)) >= __FLASH_segment_start__) && ((__fast_load_start__ + SIZEOF (.fast)) <= (__FLASH_segment_start__ + 0x80000))), error: .fast is too large to fit in FLASH memory segment)

.fast_run       0x4000003c        0x0
                0x4000003c                __fast_run_start__ = .
                0x4000003c                . = MAX ((__fast_run_start__ + SIZEOF (.fast)), .)
                0x4000003c                __fast_run_end__ = (__fast_run_start__ + SIZEOF (.fast_run))
                0x4000003c                __fast_run_load_end__ = __fast_run_end__
                0x00000001                . = ASSERT (((__fast_run_end__ >= __SRAM_segment_start__) && (__fast_run_end__ <= (__SRAM_segment_start__ + 0x8000))), error: .fast_run is too large to fit in SRAM memory segment)
                0x00020544                __data_load_start__ = ALIGN ((__fast_load_start__ + SIZEOF (.fast)), 0x4)

.data           0x4000003c       0x5c load address 0x00020544
                0x4000003c                __data_start__ = .
 *(.data .data.* .gnu.linkonce.d.*)
 .data          0x4000003c        0x0 ARM Flash Release/main.o
 .data          0x4000003c        0x0 ARM Flash Release/adc.o
 .data          0x4000003c        0x0 ARM Flash Release/cpu.o
 .data          0x4000003c        0x0 ARM Flash Release/i2c.o
 .data          0x4000003c        0x4 ARM Flash Release/i2cInt.o
 .data          0x40000040        0x8 ARM Flash Release/pwm.o
 .data          0x40000048        0x0 ARM Flash Release/spi.o
 .data          0x40000048        0x8 ARM Flash Release/uart0.o
 .data          0x40000050        0x0 ARM Flash Release/uart0ISR.o
 .data          0x40000050        0x8 ARM Flash Release/uart1.o
 .data          0x40000058        0x0 ARM Flash Release/uart1ISR.o
 .data          0x40000058        0x0 ARM Flash Release/usbcontrol.o
 .data          0x40000058        0x0 ARM Flash Release/usbinit.o
 .data          0x40000058        0x0 ARM Flash Release/usbISR.o
 .data          0x40000058        0x0 ARM Flash Release/usbstdreq.o
 .data          0x40000058        0x8 ARM Flash Release/usbser.o
 .data          0x40000060        0x0 ARM Flash Release/rtc.o
 .data          0x40000060        0x0 ARM Flash Release/rtcISR.o
 .data          0x40000060        0x0 ARM Flash Release/reset.o
 .data          0x40000060        0x0 ARM Flash Release/eint0.o
 .data          0x40000060        0x0 ARM Flash Release/eint0ISR.o
 .data          0x40000060        0x0 ARM Flash Release/eint2.o
 .data          0x40000060        0x0 ARM Flash Release/eint2ISR.o
 .data          0x40000060        0x0 ARM Flash Release/eint3.o
 .data          0x40000060        0x0 ARM Flash Release/eint3ISR.o
 .data          0x40000060        0x0 ARM Flash Release/eint1.o
 .data          0x40000060        0x0 ARM Flash Release/eint1ISR.o
 .data          0x40000060        0x0 ARM Flash Release/beep.o
 .data          0x40000060        0x2 ARM Flash Release/timer.o
 .data          0x40000062        0x0 ARM Flash Release/freqCounter.o
 .data          0x40000062        0x0 ARM Flash Release/dac.o
 .data          0x40000062        0x0 ARM Flash Release/args.o
 .data          0x40000062        0x0 ARM Flash Release/argsdispatch.o
 .data          0x40000062        0x0 ARM Flash Release/monitor.o
 .data          0x40000062        0x0 ARM Flash Release/printf-stdarg.o
 *fill*         0x40000062        0x2 00
 .data          0x40000064        0x4 ARM Flash Release/leds.o
 .data          0x40000068        0x0 ARM Flash Release/tcs3414.o
 .data          0x40000068        0x0 ARM Flash Release/mmc.o
 .data          0x40000068        0x0 ARM Flash Release/ssp.o
 .data          0x40000068        0x0 ARM Flash Release/Lcd204_4.o
 .data          0x40000068        0x0 ARM Flash Release/logging.o
 .data          0x40000068        0x8 ARM Flash Release/meas_sm.o
 .data          0x40000070        0x0 ARM Flash Release/meas_task.o
 .data          0x40000070        0x0 ARM Flash Release/crt0.o
 .data          0x40000070        0x0 ARM Flash Release/Philips_LPC210X_Startup.o
 .data          0x40000070        0x0 ARM Flash Release/LPC210x.o
 .data          0x40000070        0x0 ARM Flash Release/VIC.o
 .data          0x40000070        0x0 ARM Flash Release/VIC_irq_handler.o
 .data          0x40000070        0x4 ARM Flash Release/portISR.o
                0x40000070                ulCriticalNesting
 .data          0x40000074        0x0 ARM Flash Release/port.o
 .data          0x40000074        0x0 ARM Flash Release/heap_2.o
 .data          0x40000074        0x4 ARM Flash Release/tasks.o
                0x40000074                uxPreviousTask
 .data          0x40000078        0x0 ARM Flash Release/queue.o
 .data          0x40000078        0x0 ARM Flash Release/list.o
 .data          0x40000078        0x0 ARM Flash Release/dhcpc.o
 .data          0x40000078        0x0 ARM Flash Release/sntp.o
 .data          0x40000078        0x0 ARM Flash Release/telnetd.o
 .data          0x40000078        0x0 ARM Flash Release/httpd.o
 .data          0x40000078       0x14 ARM Flash Release/httpd-cgi.o
 .data          0x4000008c        0x0 ARM Flash Release/httpd-fs.o
 .data          0x4000008c        0x0 ARM Flash Release/http-strings.o
 .data          0x4000008c        0x0 ARM Flash Release/enc28j60.o
 .data          0x4000008c        0x0 ARM Flash Release/memb.o
 .data          0x4000008c        0x0 ARM Flash Release/psock.o
 .data          0x4000008c        0x0 ARM Flash Release/uip.o
 .data          0x4000008c        0x0 ARM Flash Release/uip_arch.o
 .data          0x4000008c        0x0 ARM Flash Release/uip_arp.o
 .data          0x4000008c        0x0 ARM Flash Release/uip_timer.o
 .data          0x4000008c        0x0 ARM Flash Release/uip-fw.o
 .data          0x4000008c        0x0 ARM Flash Release/uiplib.o
 .data          0x4000008c        0x0 ARM Flash Release/uip-neighbor.o
 .data          0x4000008c        0x0 ARM Flash Release/clock.o
 .data          0x4000008c        0x4 ARM Flash Release/uiptask.o
 .data          0x40000090        0x1 ARM Flash Release/disk.o
 .data          0x40000091        0x0 ARM Flash Release/ff.o
 .data          0x40000091        0x0 C:/Users/lukas/AppData/Local/Rowley Associates Limited/CrossWorks for ARM/packages/lib/liblpc2000_v4t_a_le.a(liblpc2000_lpc21xx_get_cclk.o)
 .data          0x40000091        0x0 C:/Users/lukas/AppData/Local/Rowley Associates Limited/CrossWorks for ARM/packages/lib/liblpc2000_v4t_a_le.a(liblpc2000_lpc21xx_get_pclk.o)
 .data          0x40000091        0x0 C:/Program Files/Rowley Associates Limited/CrossWorks for ARM 2.0/lib/libm_v4t_a_le.a(__int32_to_float32.o)
 .data          0x40000091        0x0 C:/Program Files/Rowley Associates Limited/CrossWorks for ARM 2.0/lib/libm_v4t_a_le.a(__int32_to_float64.o)
 .data          0x40000091        0x0 C:/Program Files/Rowley Associates Limited/CrossWorks for ARM 2.0/lib/libm_v4t_a_le.a(__uint32_to_float32.o)
 .data          0x40000091        0x0 C:/Program Files/Rowley Associates Limited/CrossWorks for ARM 2.0/lib/libm_v4t_a_le.a(__uint32_to_float64.o)
 .data          0x40000091        0x0 C:/Program Files/Rowley Associates Limited/CrossWorks for ARM 2.0/lib/libm_v4t_a_le.a(__float32_to_int32.o)
 .data          0x40000091        0x0 C:/Program Files/Rowley Associates Limited/CrossWorks for ARM 2.0/lib/libm_v4t_a_le.a(__float32_to_uint32.o)
 .data          0x40000091        0x0 C:/Program Files/Rowley Associates Limited/CrossWorks for ARM 2.0/lib/libm_v4t_a_le.a(__float64_to_int32.o)
 .data          0x40000091        0x0 C:/Program Files/Rowley Associates Limited/CrossWorks for ARM 2.0/lib/libm_v4t_a_le.a(__float32_to_float64.o)
 .data          0x40000091        0x0 C:/Program Files/Rowley Associates Limited/CrossWorks for ARM 2.0/lib/libm_v4t_a_le.a(__float32_add.o)
 .data          0x40000091        0x0 C:/Program Files/Rowley Associates Limited/CrossWorks for ARM 2.0/lib/libm_v4t_a_le.a(__float32_mul.o)
 .data          0x40000091        0x0 C:/Program Files/Rowley Associates Limited/CrossWorks for ARM 2.0/lib/libm_v4t_a_le.a(__float32_div.o)
 .data          0x40000091        0x0 C:/Program Files/Rowley Associates Limited/CrossWorks for ARM 2.0/lib/libm_v4t_a_le.a(__float32_cmp.o)
 .data          0x40000091        0x0 C:/Program Files/Rowley Associates Limited/CrossWorks for ARM 2.0/lib/libm_v4t_a_le.a(log.o)
 .data          0x40000091        0x0 C:/Program Files/Rowley Associates Limited/CrossWorks for ARM 2.0/lib/libm_v4t_a_le.a(__float64_add.o)
 .data          0x40000091        0x0 C:/Program Files/Rowley Associates Limited/CrossWorks for ARM 2.0/lib/libm_v4t_a_le.a(__float64_mul.o)
 .data          0x40000091        0x0 C:/Program Files/Rowley Associates Limited/CrossWorks for ARM 2.0/lib/libm_v4t_a_le.a(__float64_div.o)
 .data          0x40000091        0x0 C:/Program Files/Rowley Associates Limited/CrossWorks for ARM 2.0/lib/libm_v4t_a_le.a(__float64_cmp.o)
 .data          0x40000091        0x0 C:/Program Files/Rowley Associates Limited/CrossWorks for ARM 2.0/lib/libm_v4t_a_le.a(__float64_isnan.o)
 .data          0x40000091        0x0 C:/Program Files/Rowley Associates Limited/CrossWorks for ARM 2.0/lib/libm_v4t_a_le.a(__float64_infinity.o)
 .data          0x40000091        0x0 C:/Program Files/Rowley Associates Limited/CrossWorks for ARM 2.0/lib/libm_v4t_a_le.a(__float64_nan.o)
 .data          0x40000091        0x0 C:/Program Files/Rowley Associates Limited/CrossWorks for ARM 2.0/lib/libm_v4t_a_le.a(__poly1_eval.o)
 .data          0x40000091        0x0 C:/Program Files/Rowley Associates Limited/CrossWorks for ARM 2.0/lib/libm_v4t_a_le.a(__poly_eval.o)
 .data          0x40000091        0x0 C:/Program Files/Rowley Associates Limited/CrossWorks for ARM 2.0/lib/libm_v4t_a_le.a(frexp.o)
 .data          0x40000091        0x0 C:/Program Files/Rowley Associates Limited/CrossWorks for ARM 2.0/lib/libm_v4t_a_le.a(ldexp.o)
 .data          0x40000091        0x0 C:/Program Files/Rowley Associates Limited/CrossWorks for ARM 2.0/lib/libc_v4t_a_le.a(__int32_umod.o)
 .data          0x40000091        0x0 C:/Program Files/Rowley Associates Limited/CrossWorks for ARM 2.0/lib/libc_v4t_a_le.a(__int32_div.o)
 .data          0x40000091        0x0 C:/Program Files/Rowley Associates Limited/CrossWorks for ARM 2.0/lib/libc_v4t_a_le.a(__int32_udivmod.o)
 .data          0x40000091        0x0 C:/Program Files/Rowley Associates Limited/CrossWorks for ARM 2.0/lib/libc_v4t_a_le.a(strlen.o)
 .data          0x40000091        0x0 C:/Program Files/Rowley Associates Limited/CrossWorks for ARM 2.0/lib/libc_v4t_a_le.a(memcpy.o)
 .data          0x40000091        0x0 C:/Program Files/Rowley Associates Limited/CrossWorks for ARM 2.0/lib/libc_v4t_a_le.a(memset.o)
 .data          0x40000091        0x0 C:/Program Files/Rowley Associates Limited/CrossWorks for ARM 2.0/lib/libc_v4t_a_le.a(strcpy.o)
 .data          0x40000091        0x0 C:/Program Files/Rowley Associates Limited/CrossWorks for ARM 2.0/lib/libc_v4t_a_le.a(strcmp.o)
 .data          0x40000091        0x0 C:/Program Files/Rowley Associates Limited/CrossWorks for ARM 2.0/lib/libc_v4t_a_le.a(memcmp.o)
 .data          0x40000091        0x0 C:/Program Files/Rowley Associates Limited/CrossWorks for ARM 2.0/lib/libc_v4t_a_le.a(strcat.o)
 .data          0x40000091        0x0 C:/Program Files/Rowley Associates Limited/CrossWorks for ARM 2.0/lib/libc_v4t_a_le.a(strchr.o)
 .data          0x40000091        0x0 C:/Program Files/Rowley Associates Limited/CrossWorks for ARM 2.0/lib/libc_v4t_a_le.a(strncmp.o)
 .data          0x40000091        0x0 C:/Program Files/Rowley Associates Limited/CrossWorks for ARM 2.0/lib/libc_v4t_a_le.a(strncpy.o)
 .data          0x40000091        0x0 C:/Program Files/Rowley Associates Limited/CrossWorks for ARM 2.0/lib/libc_v4t_a_le.a(strrchr.o)
 .data          0x40000091        0x0 C:/Program Files/Rowley Associates Limited/CrossWorks for ARM 2.0/lib/libc_v4t_a_le.a(strstr.o)
 .data          0x40000091        0x0 C:/Program Files/Rowley Associates Limited/CrossWorks for ARM 2.0/lib/libc_v4t_a_le.a(ctype.o)
 .data          0x40000091        0x0 C:/Program Files/Rowley Associates Limited/CrossWorks for ARM 2.0/lib/libc_v4t_a_le.a(malloc.o)
 *fill*         0x40000091        0x3 00
 .data.libc     0x40000094        0x4 C:/Program Files/Rowley Associates Limited/CrossWorks for ARM 2.0/lib/libc_v4t_a_le.a(malloc.o)
 .data          0x40000098        0x0 C:/Program Files/Rowley Associates Limited/CrossWorks for ARM 2.0/lib/libc_v4t_a_le.a(atoi.o)
 .data          0x40000098        0x0 C:/Program Files/Rowley Associates Limited/CrossWorks for ARM 2.0/lib/libc_v4t_a_le.a(time.o)
 .data          0x40000098        0x0 C:/Program Files/Rowley Associates Limited/CrossWorks for ARM 2.0/lib/libc_v4t_a_le.a(asctime.o)
 .data          0x40000098        0x0 C:/Program Files/Rowley Associates Limited/CrossWorks for ARM 2.0/lib/libc_v4t_a_le.a(strftime.o)
 .data          0x40000098        0x0 C:/Program Files/Rowley Associates Limited/CrossWorks for ARM 2.0/lib/libc_v4t_a_le.a(div.o)
 .data          0x40000098        0x0 C:/Program Files/Rowley Associates Limited/CrossWorks for ARM 2.0/lib/libc_v4t_a_le.a(strtol.o)
 .data          0x40000098        0x0 C:/Program Files/Rowley Associates Limited/CrossWorks for ARM 2.0/lib/libc_v4t_a_le.a(ldiv.o)
 .data          0x40000098        0x0 C:/Program Files/Rowley Associates Limited/CrossWorks for ARM 2.0/lib/libc_v4t_a_le.a(__int32_mod.o)
 .data          0x40000098        0x0 C:/Program Files/Rowley Associates Limited/CrossWorks for ARM 2.0/lib/libc_v4t_a_le.a(__strtoul.o)
 .data          0x40000098        0x0 C:/Program Files/Rowley Associates Limited/CrossWorks for ARM 2.0/lib/libc_v4t_a_le.a(__digit.o)
 .data          0x40000098        0x0 C:/Program Files/Rowley Associates Limited/CrossWorks for ARM 2.0/lib/libdebugio_v4t_a_le.a(debug_printf.o)
 .data          0x40000098        0x0 C:/Program Files/Rowley Associates Limited/CrossWorks for ARM 2.0/lib/libc_targetio_impl_v4t_a_le.a(putchar.o)
 .data          0x40000098        0x0 C:/Program Files/Rowley Associates Limited/CrossWorks for ARM 2.0/lib/libc_user_libc_v4t_a_le.a(user_libc.o)
 .data          0x40000098        0x0 C:/Program Files/Rowley Associates Limited/CrossWorks for ARM 2.0/lib/libdebugio_dcc_v4t_a_le.a(dcc_debug_operations.o)
 .data          0x40000098        0x0 C:/Program Files/Rowley Associates Limited/CrossWorks for ARM 2.0/lib/libdebugio_dcc_v4t_a_le.a(libarmdi_dcc_write.o)
 .data          0x40000098        0x0 C:/Program Files/Rowley Associates Limited/CrossWorks for ARM 2.0/lib/libdebugio_dcc_v4t_a_le.a(libarm_run_dcc_port_server.o)
 .data          0x40000098        0x0 C:/Program Files/Rowley Associates Limited/CrossWorks for ARM 2.0/lib/libdebugio_dcc_v4t_a_le.a(libarmdi_dcc_read.o)
                0x40000098                __data_end__ = (__data_start__ + SIZEOF (.data))
                0x000205a0                __data_load_end__ = (__data_load_start__ + SIZEOF (.data))
                0x00000001                . = ASSERT ((((__data_load_start__ + SIZEOF (.data)) >= __FLASH_segment_start__) && ((__data_load_start__ + SIZEOF (.data)) <= (__FLASH_segment_start__ + 0x80000))), error: .data is too large to fit in FLASH memory segment)

.data_run       0x4000003c       0x5c load address 0x00020544
                0x4000003c                __data_run_start__ = .
                0x40000098                . = MAX ((__data_run_start__ + SIZEOF (.data)), .)
 *fill*         0x4000003c       0x5c 00
                0x40000098                __data_run_end__ = (__data_run_start__ + SIZEOF (.data_run))
                0x40000098                __data_run_load_end__ = __data_run_end__
                0x00000001                . = ASSERT (((__data_run_end__ >= __SRAM_segment_start__) && (__data_run_end__ <= (__SRAM_segment_start__ + 0x8000))), error: .data_run is too large to fit in SRAM memory segment)
                0x40000098                __bss_load_start__ = ALIGN (__data_run_end__, 0x4)

.bss            0x40000098     0x6418
                0x40000098                __bss_start__ = .
 *(.bss .bss.* .gnu.linkonce.b.*)
 .bss           0x40000098        0x0 ARM Flash Release/main.o
 .bss           0x40000098        0x0 ARM Flash Release/adc.o
 .bss           0x40000098        0x0 ARM Flash Release/cpu.o
 .bss           0x40000098        0x4 ARM Flash Release/i2c.o
                0x40000098                i2cErrno
 .bss           0x4000009c       0x60 ARM Flash Release/i2cInt.o
 .bss           0x400000fc        0x0 ARM Flash Release/pwm.o
 .bss           0x400000fc        0x0 ARM Flash Release/spi.o
 .bss           0x400000fc        0xc ARM Flash Release/uart0.o
 .bss           0x40000108        0xc ARM Flash Release/uart0ISR.o
 .bss           0x40000114        0xc ARM Flash Release/uart1.o
 .bss           0x40000120        0xc ARM Flash Release/uart1ISR.o
 .bss           0x4000012c       0x34 ARM Flash Release/usbcontrol.o
 .bss           0x40000160        0x8 ARM Flash Release/usbinit.o
 .bss           0x40000168       0x48 ARM Flash Release/usbISR.o
 .bss           0x400001b0        0xc ARM Flash Release/usbstdreq.o
 .bss           0x400001bc       0x58 ARM Flash Release/usbser.o
 .bss           0x40000214        0x0 ARM Flash Release/rtc.o
 .bss           0x40000214        0x4 ARM Flash Release/rtcISR.o
 .bss           0x40000218        0x0 ARM Flash Release/reset.o
 .bss           0x40000218        0x0 ARM Flash Release/eint0.o
 .bss           0x40000218        0x0 ARM Flash Release/eint0ISR.o
 .bss           0x40000218        0x0 ARM Flash Release/eint2.o
 .bss           0x40000218        0x0 ARM Flash Release/eint2ISR.o
 .bss           0x40000218        0x0 ARM Flash Release/eint3.o
 .bss           0x40000218        0x4 ARM Flash Release/eint3ISR.o
                0x40000218                count
 .bss           0x4000021c        0x0 ARM Flash Release/eint1.o
 .bss           0x4000021c        0x0 ARM Flash Release/eint1ISR.o
 .bss           0x4000021c        0x0 ARM Flash Release/beep.o
 .bss           0x4000021c       0x34 ARM Flash Release/timer.o
                0x4000024c                counter
 .bss           0x40000250        0x0 ARM Flash Release/freqCounter.o
 .bss           0x40000250        0x0 ARM Flash Release/dac.o
 .bss           0x40000250        0x0 ARM Flash Release/args.o
 .bss           0x40000250        0x0 ARM Flash Release/argsdispatch.o
 .bss           0x40000250      0x3d8 ARM Flash Release/monitor.o
                0x40000624                activeCommandList
 .bss           0x40000628        0x0 ARM Flash Release/printf-stdarg.o
 .bss           0x40000628        0x0 ARM Flash Release/leds.o
 .bss           0x40000628        0x1 ARM Flash Release/tcs3414.o
 *fill*         0x40000629        0x3 00
 .bss           0x4000062c       0x2c ARM Flash Release/mmc.o
 .bss           0x40000658        0x0 ARM Flash Release/ssp.o
 .bss           0x40000658        0x0 ARM Flash Release/Lcd204_4.o
 .bss           0x40000658      0x24c ARM Flash Release/logging.o
 .bss           0x400008a4       0x20 ARM Flash Release/meas_sm.o
 .bss           0x400008c4        0x0 ARM Flash Release/meas_task.o
 .bss           0x400008c4        0x0 ARM Flash Release/crt0.o
 .bss           0x400008c4        0x0 ARM Flash Release/Philips_LPC210X_Startup.o
 .bss           0x400008c4        0x4 ARM Flash Release/LPC210x.o
 .bss           0x400008c8       0x80 ARM Flash Release/VIC.o
 .bss           0x40000948        0x0 ARM Flash Release/VIC_irq_handler.o
 .bss           0x40000948        0x0 ARM Flash Release/portISR.o
 .bss           0x40000948        0x0 ARM Flash Release/port.o
 .bss           0x40000948     0x4018 ARM Flash Release/heap_2.o
 .bss           0x40004960       0x34 ARM Flash Release/tasks.o
                0x40004960                uxSchedulerSuspended
                0x40004964                uxCurrentNumberOfTasks
                0x40004968                xNumOfOverflows
                0x4000496c                xTickCount
                0x40004970                xMissedYield
                0x40004974                pxCurrentTCB
                0x40004978                uxTopReadyPriority
                0x4000497c                uxMissedTicks
                0x40004980                xTracing
                0x40004984                uxTopUsedPriority
                0x40004988                uxTasksDeleted
                0x4000498c                uxTaskNumber
                0x40004990                xSchedulerRunning
 .bss           0x40004994        0x0 ARM Flash Release/queue.o
 .bss           0x40004994        0x0 ARM Flash Release/list.o
 .bss           0x40004994        0x4 ARM Flash Release/dhcpc.o
 .bss           0x40004998        0x4 ARM Flash Release/sntp.o
 .bss           0x4000499c      0x294 ARM Flash Release/telnetd.o
 .bss           0x40004c30        0x0 ARM Flash Release/httpd.o
 .bss           0x40004c30        0x0 ARM Flash Release/httpd-cgi.o
 .bss           0x40004c30       0x18 ARM Flash Release/httpd-fs.o
 .bss           0x40004c48        0x0 ARM Flash Release/http-strings.o
 .bss           0x40004c48        0x8 ARM Flash Release/enc28j60.o
                0x40004c48                xENC28J60Semaphore
                0x40004c4c                ethRxPointer
 .bss           0x40004c50        0x0 ARM Flash Release/memb.o
 .bss           0x40004c50        0x0 ARM Flash Release/psock.o
 .bss           0x40004c50       0x1c ARM Flash Release/uip.o
                0x40004c60                uip_timeoffset
                0x40004c64                uip_ethaddr
 .bss           0x40004c6c        0x0 ARM Flash Release/uip_arch.o
 .bss           0x40004c6c       0x64 ARM Flash Release/uip_arp.o
 .bss           0x40004cd0        0x0 ARM Flash Release/uip_timer.o
 .bss           0x40004cd0       0x28 ARM Flash Release/uip-fw.o
 .bss           0x40004cf8        0x0 ARM Flash Release/uiplib.o
 .bss           0x40004cf8       0x80 ARM Flash Release/uip-neighbor.o
 .bss           0x40004d78        0x0 ARM Flash Release/clock.o
 .bss           0x40004d78        0xc ARM Flash Release/uiptask.o
 .bss           0x40004d84        0xc ARM Flash Release/disk.o
 .bss           0x40004d90        0x8 ARM Flash Release/ff.o
 .bss           0x40004d98        0x0 C:/Users/lukas/AppData/Local/Rowley Associates Limited/CrossWorks for ARM/packages/lib/liblpc2000_v4t_a_le.a(liblpc2000_lpc21xx_get_cclk.o)
 .bss           0x40004d98        0x0 C:/Users/lukas/AppData/Local/Rowley Associates Limited/CrossWorks for ARM/packages/lib/liblpc2000_v4t_a_le.a(liblpc2000_lpc21xx_get_pclk.o)
 .bss           0x40004d98        0x0 C:/Program Files/Rowley Associates Limited/CrossWorks for ARM 2.0/lib/libm_v4t_a_le.a(__int32_to_float32.o)
 .bss           0x40004d98        0x0 C:/Program Files/Rowley Associates Limited/CrossWorks for ARM 2.0/lib/libm_v4t_a_le.a(__int32_to_float64.o)
 .bss           0x40004d98        0x0 C:/Program Files/Rowley Associates Limited/CrossWorks for ARM 2.0/lib/libm_v4t_a_le.a(__uint32_to_float32.o)
 .bss           0x40004d98        0x0 C:/Program Files/Rowley Associates Limited/CrossWorks for ARM 2.0/lib/libm_v4t_a_le.a(__uint32_to_float64.o)
 .bss           0x40004d98        0x0 C:/Program Files/Rowley Associates Limited/CrossWorks for ARM 2.0/lib/libm_v4t_a_le.a(__float32_to_int32.o)
 .bss           0x40004d98        0x0 C:/Program Files/Rowley Associates Limited/CrossWorks for ARM 2.0/lib/libm_v4t_a_le.a(__float32_to_uint32.o)
 .bss           0x40004d98        0x0 C:/Program Files/Rowley Associates Limited/CrossWorks for ARM 2.0/lib/libm_v4t_a_le.a(__float64_to_int32.o)
 .bss           0x40004d98        0x0 C:/Program Files/Rowley Associates Limited/CrossWorks for ARM 2.0/lib/libm_v4t_a_le.a(__float32_to_float64.o)
 .bss           0x40004d98        0x0 C:/Program Files/Rowley Associates Limited/CrossWorks for ARM 2.0/lib/libm_v4t_a_le.a(__float32_add.o)
 .bss           0x40004d98        0x0 C:/Program Files/Rowley Associates Limited/CrossWorks for ARM 2.0/lib/libm_v4t_a_le.a(__float32_mul.o)
 .bss           0x40004d98        0x0 C:/Program Files/Rowley Associates Limited/CrossWorks for ARM 2.0/lib/libm_v4t_a_le.a(__float32_div.o)
 .bss           0x40004d98        0x0 C:/Program Files/Rowley Associates Limited/CrossWorks for ARM 2.0/lib/libm_v4t_a_le.a(__float32_cmp.o)
 .bss           0x40004d98        0x0 C:/Program Files/Rowley Associates Limited/CrossWorks for ARM 2.0/lib/libm_v4t_a_le.a(log.o)
 .bss           0x40004d98        0x0 C:/Program Files/Rowley Associates Limited/CrossWorks for ARM 2.0/lib/libm_v4t_a_le.a(__float64_add.o)
 .bss           0x40004d98        0x0 C:/Program Files/Rowley Associates Limited/CrossWorks for ARM 2.0/lib/libm_v4t_a_le.a(__float64_mul.o)