Archive member included because of file (symbol)

C:/Users/lukas/AppData/Local/Rowley Associates Limited/CrossWorks for ARM/packages/lib/liblpc2000_v4t_a_le.a(liblpc2000_lpc21xx_get_cclk.o)
                              ARM Flash Release/LPC210x.o (liblpc2000_lpc21xx_get_cclk)
C:/Users/lukas/AppData/Local/Rowley Associates Limited/CrossWorks for ARM/packages/lib/liblpc2000_v4t_a_le.a(liblpc2000_lpc21xx_get_pclk.o)
                              ARM Flash Release/LPC210x.o (liblpc2000_lpc21xx_get_pclk)
C:/Program Files/Rowley Associates Limited/CrossWorks for ARM 2.0/lib/libm_v4t_a_le.a(__int32_to_float32.o)
                              ARM Flash Release/logging.o (__floatsisf)
C:/Program Files/Rowley Associates Limited/CrossWorks for ARM 2.0/lib/libm_v4t_a_le.a(__int32_to_float64.o)
                              ARM Flash Release/logging.o (__floatsidf)
C:/Program Files/Rowley Associates Limited/CrossWorks for ARM 2.0/lib/libm_v4t_a_le.a(__uint32_to_float64.o)
                              ARM Flash Release/timer.o (__floatunsidf)
C:/Program Files/Rowley Associates Limited/CrossWorks for ARM 2.0/lib/libm_v4t_a_le.a(__float32_to_int32.o)
                              ARM Flash Release/logging.o (__fixsfsi)
C:/Program Files/Rowley Associates Limited/CrossWorks for ARM 2.0/lib/libm_v4t_a_le.a(__float32_to_uint32.o)
                              ARM Flash Release/logging.o (__fixunssfsi)
C:/Program Files/Rowley Associates Limited/CrossWorks for ARM 2.0/lib/libm_v4t_a_le.a(__float64_to_int32.o)
                              ARM Flash Release/meas_sm.o (__fixdfsi)
C:/Program Files/Rowley Associates Limited/CrossWorks for ARM 2.0/lib/libm_v4t_a_le.a(__float64_to_uint32.o)
                              ARM Flash Release/logging.o (__fixunsdfsi)
C:/Program Files/Rowley Associates Limited/CrossWorks for ARM 2.0/lib/libm_v4t_a_le.a(__float32_to_float64.o)
                              ARM Flash Release/logging.o (__extendsfdf2)
C:/Program Files/Rowley Associates Limited/CrossWorks for ARM 2.0/lib/libm_v4t_a_le.a(__float32_add.o)
                              ARM Flash Release/logging.o (__subsf3)
C:/Program Files/Rowley Associates Limited/CrossWorks for ARM 2.0/lib/libm_v4t_a_le.a(__float32_mul.o)
                              ARM Flash Release/logging.o (__mulsf3)
C:/Program Files/Rowley Associates Limited/CrossWorks for ARM 2.0/lib/libm_v4t_a_le.a(__float32_div.o)
                              ARM Flash Release/logging.o (__divsf3)
C:/Program Files/Rowley Associates Limited/CrossWorks for ARM 2.0/lib/libm_v4t_a_le.a(__float32_cmp.o)
                              ARM Flash Release/logging.o (__nesf2)
C:/Program Files/Rowley Associates Limited/CrossWorks for ARM 2.0/lib/libm_v4t_a_le.a(__float64_add.o)
                              ARM Flash Release/meas_task.o (__subdf3)
C:/Program Files/Rowley Associates Limited/CrossWorks for ARM 2.0/lib/libm_v4t_a_le.a(__float64_mul.o)
                              ARM Flash Release/logging.o (__muldf3)
C:/Program Files/Rowley Associates Limited/CrossWorks for ARM 2.0/lib/libm_v4t_a_le.a(__float64_div.o)
                              ARM Flash Release/meas_task.o (__divdf3)
C:/Program Files/Rowley Associates Limited/CrossWorks for ARM 2.0/lib/libm_v4t_a_le.a(log.o)
                              ARM Flash Release/logging.o (log)
C:/Program Files/Rowley Associates Limited/CrossWorks for ARM 2.0/lib/libm_v4t_a_le.a(__float64_cmp.o)
                              C:/Program Files/Rowley Associates Limited/CrossWorks for ARM 2.0/lib/libm_v4t_a_le.a(log.o) (__eqdf2)
C:/Program Files/Rowley Associates Limited/CrossWorks for ARM 2.0/lib/libm_v4t_a_le.a(__float64_isnan.o)
                              C:/Program Files/Rowley Associates Limited/CrossWorks for ARM 2.0/lib/libm_v4t_a_le.a(log.o) (__float64_isnan)
C:/Program Files/Rowley Associates Limited/CrossWorks for ARM 2.0/lib/libm_v4t_a_le.a(__float64_infinity.o)
                              C:/Program Files/Rowley Associates Limited/CrossWorks for ARM 2.0/lib/libm_v4t_a_le.a(log.o) (__float64_infinity)
C:/Program Files/Rowley Associates Limited/CrossWorks for ARM 2.0/lib/libm_v4t_a_le.a(__float64_nan.o)
                              C:/Program Files/Rowley Associates Limited/CrossWorks for ARM 2.0/lib/libm_v4t_a_le.a(log.o) (__float64_nan)
C:/Program Files/Rowley Associates Limited/CrossWorks for ARM 2.0/lib/libm_v4t_a_le.a(__poly1_eval.o)
                              C:/Program Files/Rowley Associates Limited/CrossWorks for ARM 2.0/lib/libm_v4t_a_le.a(log.o) (__poly1_eval)
C:/Program Files/Rowley Associates Limited/CrossWorks for ARM 2.0/lib/libm_v4t_a_le.a(__poly_eval.o)
                              C:/Program Files/Rowley Associates Limited/CrossWorks for ARM 2.0/lib/libm_v4t_a_le.a(log.o) (__poly_eval)
C:/Program Files/Rowley Associates Limited/CrossWorks for ARM 2.0/lib/libm_v4t_a_le.a(frexp.o)
[...]
Memory Configuration

Name             Origin             Length             Attributes
UNPLACED_SECTIONS 0xffffffff         0x00000000         xw
AHB_Peripherals  0xffe00000         0x00200000         xw
APB_Peripherals  0xe0000000         0x00200000         xw
USB_DMA_RAM      0x7fd00000         0x00002000         xw
SRAM             0x40000000         0x00008000         xw
FLASH            0x00000000         0x00080000         xr
*default*        0x00000000         0xffffffff

Linker script and memory map

                0xffe00000                __AHB_Peripherals_segment_start__ = 0xffe00000
                0x00000000                __AHB_Peripherals_segment_end__ = 0x0
                0xe0000000                __APB_Peripherals_segment_start__ = 0xe0000000
                0xe0200000                __APB_Peripherals_segment_end__ = 0xe0200000
                0x7fd00000                __USB_DMA_RAM_segment_start__ = 0x7fd00000
                0x7fd02000                __USB_DMA_RAM_segment_end__ = 0x7fd02000
                0x40000000                __SRAM_segment_start__ = 0x40000000
                0x40008000                __SRAM_segment_end__ = 0x40008000
                0x00000000                __FLASH_segment_start__ = 0x0
                0x00080000                __FLASH_segment_end__ = 0x80000
                0x00000400                __STACKSIZE__ = 0x400
                0x00000400                __STACKSIZE_IRQ__ = 0x400
                0x00000020                __STACKSIZE_FIQ__ = 0x20
                0x00000100                __STACKSIZE_SVC__ = 0x100
                0x00000008                __STACKSIZE_ABT__ = 0x8
                0x00000008                __STACKSIZE_UND__ = 0x8
                0x00000400                __HEAPSIZE__ = 0x400
                0x40000000                __vectors_ram_load_start__ = __SRAM_segment_start__

.vectors_ram    0x40000000       0x3c
                0x40000000                __vectors_ram_start__ = .
 *(.vectors_ram .vectors_ram.*)
                0x4000003c                . = MAX ((__vectors_ram_start__ + 0x3c), .)
 *fill*         0x40000000       0x3c 00
                0x4000003c                __vectors_ram_end__ = (__vectors_ram_start__ + SIZEOF (.vectors_ram))
                0x4000003c                __vectors_ram_load_end__ = __vectors_ram_end__
                0x00000001                . = ASSERT (((__vectors_ram_end__ >= __SRAM_segment_start__) && (__vectors_ram_end__ <= (__SRAM_segment_start__ + 0x8000))), error: .vectors_ram is too large to fit in SRAM memory segment)
                0x00000000                __vectors_load_start__ = __FLASH_segment_start__

.vectors        0x00000000       0x38
                0x00000000                __vectors_start__ = .
 *(.vectors .vectors.*)
 .vectors       0x00000000       0x38 ARM Flash Release/Philips_LPC210X_Startup.o
                0x00000000                _vectors
                0x00000038                __vectors_end__ = (__vectors_start__ + SIZEOF (.vectors))
                0x00000038                __vectors_load_end__ = __vectors_end__
                0x00000001                . = ASSERT (((__vectors_end__ >= __FLASH_segment_start__) && (__vectors_end__ <= (__FLASH_segment_start__ + 0x80000))), error: .vectors is too large to fit in FLASH memory segment)
                0x00000038                __init_load_start__ = ALIGN (__vectors_end__, 0x4)

.init           0x00000038      0x260
                0x00000038                __init_start__ = .
 *(.init .init.*)
 *fill*         0x00000038        0x8 00
 .init          0x00000040      0x1d0 ARM Flash Release/crt0.o
                0x00000040                _start
                0x00000040                __start
 .init          0x00000210       0x88 ARM Flash Release/Philips_LPC210X_Startup.o
                0x00000210                reset_handler
                0x0000027c                undef_handler
                0x00000284                pabort_handler
                0x00000288                dabort_handler
                0x0000028c                fiq_handler
                0x00000298                __init_end__ = (__init_start__ + SIZEOF (.init))
                0x00000298                __init_load_end__ = __init_end__
                0x00000001                . = ASSERT (((__init_end__ >= __FLASH_segment_start__) && (__init_end__ <= (__FLASH_segment_start__ + 0x80000))), error: .init is too large to fit in FLASH memory segment)
                0x00000298                __text_load_start__ = ALIGN (__init_end__, 0x4)

.text           0x00000298    0x18778
                0x00000298                __text_start__ = .
 *(.text .text.* .glue_7t .glue_7 .gnu.linkonce.t.* .gcc_except_table)
 .glue_7        0x00000000        0x0 linker stubs
 .glue_7t       0x00000000        0x0 linker stubs
 .text          0x00000298      0x114 ARM Flash Release/main.o
                0x00000298                vApplicationStackOverflowHook
                0x0000029c                __putchar
                0x000002b8                main
 .text          0x000003ac      0x3cc ARM Flash Release/adc.o
                0x000003ac                adcRead0_1
                0x0000040c                adcRead0_2
                0x0000046c                adcRead0_3
                0x000004cc                adcRead1_1
                0x0000052c                adcRead1_6
                0x0000058c                adcRead1_7
                0x000005ec                adcInit0_1
                0x00000630                adcInit0_2
                0x00000674                adcInit0_3
                0x000006b8                adcInit1_1
                0x000006f8                adcInit1_6
                0x00000738                adcInit1_7
 .text          0x00000778       0xd8 ARM Flash Release/cpu.o
                0x00000778                cpuSetupHardware
                0x00000828                cpuPLLDisable
 .text          0x00000850       0x60 ARM Flash Release/i2c.o
                0x00000850                i2cGetErrno
                0x00000860                i2cStrerror
 .text          0x000008b0      0x9b0 ARM Flash Release/i2cInt.o
                0x00000cf0                i2cInit
                0x00000e1c                i2cSetTimeout
                0x00000f90                i2cWriteReadBuffer
                0x00000fd8                i2cReadBuffer
                0x00001024                i2cWriteBuffer
                0x00001164                i2cWriteReadBufferPoll
                0x000011b0                i2cWriteBufferPoll
                0x000011fc                i2cDump
 .text          0x00001260      0x1a4 ARM Flash Release/pwm.o
                0x00001260                pwmDutyCycle
                0x000012c8                pwmPulseWidthInMicroseconds
                0x00001300                pwmFrequency
                0x00001378                pwmInit
 .text          0x00001404       0x9c ARM Flash Release/spi.o
                0x00001404                spiInit
                0x0000146c                spiPut
 .text          0x000014a0      0x2ac ARM Flash Release/uart0.o
                0x000014a0                uart0Deinit
                0x000014d4                uart0GetRxQueue
                0x000014e8                uart0GetChar
                0x0000151c                uart0PutChar
                0x000015e0                uart0PutString
                0x00001628                uart0Init
 .text          0x0000174c      0x290 ARM Flash Release/uart0ISR.o
                0x0000174c                uart0ISRCreateQueues
                0x0000192c                uart0ISR
 .text          0x000019dc      0x2ac ARM Flash Release/uart1.o
                0x000019dc                uart1Deinit
                0x00001a10                uart1GetRxQueue
                0x00001a24                uart1GetChar
                0x00001a58                uart1PutChar
                0x00001b1c                uart1PutString
                0x00001b64                uart1Init
 .text          0x00001c88      0x290 ARM Flash Release/uart1ISR.o
                0x00001c88                uart1ISRCreateQueues
                0x00001e68                uart1ISR
 .text          0x00001f18      0x21c ARM Flash Release/usbcontrol.o
                0x00001f4c                usbRegisterRequestHandler
                0x00001fc4                usbHandleControlTransfer
 .text          0x00002134       0x74 ARM Flash Release/usbinit.o
                0x00002138                usbRegisterHandlers
 .text          0x000021a8      0x6c0 ARM Flash Release/usbISR.o
                0x00002278                usbHardwareEndpointConfig
                0x000022d0                usbHardwareRegisterEPIntHandler
                0x00002314                usbHardwareRegisterDevIntHandler
                0x00002338                usbHardwareRegisterFrameHandler
                0x0000235c                usbHardwareSetAddress
                0x0000237c                usbHardwareConnect
                0x00002398                usbHardwareNakIntEnable
                0x000023b0                usbHardwareEndpointIsStalled
                0x000023d4                usbHardwareEndpointStall
                0x00002400                usbHardwareEndpointWrite
                0x000024a0                usbHardwareEndpointRead
                0x00002554                usbHardwareConfigDevice
                0x00002570                usbSetupInterruptHandler
                0x000025a0                usbHardwareInit
                0x00002674                usbISR
 .text          0x00002868      0x354 ARM Flash Release/usbstdreq.o
                0x00002868                usbRegisterDescriptors
                0x00002878                usbGetDescriptor
                0x00002904                usbRegisterCustomReqHandler
                0x00002914                usbHandleStandardRequest
 .text          0x00002bbc      0x388 ARM Flash Release/usbser.o
                0x00002bbc                usbserGetRxQueue
                0x00002bf8                usbserInit
                0x00002e30                usbserGetChar
                0x00002e78                usbserPutChar
                0x00002ed4                usbserPutString
 .text          0x00002f44      0x8e0 ARM Flash Release/rtc.o
                0x00002f44                rtcSetAlarm
                0x00002fe8                rtcSetAlarmCIIR
                0x0000303c                rtcPeriodicAlarm
                0x000030c4                rtcIs5minInt
                0x000030d8                getMonthLength
                0x000032d0                getRtcRead
                0x000032e4                rtcGetEpochSecondsLuk
                0x00003310                rtcGetEpochSeconds
                0x0000346c                time
                0x00003480                rtcGetAlarmTm
                0x00003568                rtcGetAlarmEpochSeconds
                0x00003588                rtcSetEpochSeconds
                0x00003668                rtcInit
 .text          0x00003824      0x3b0 ARM Flash Release/rtcISR.o
                0x00003824                rtcISRInit
                0x00003b24                rtcISR
 .text          0x00003bd4       0x28 ARM Flash Release/reset.o
                0x00003bd4                reset
 .text          0x00003bfc       0xa4 ARM Flash Release/eint0.o
                0x00003bfc                eint0Deinit
                0x00003c20                eint0Init
 .text          0x00003ca0       0xc4 ARM Flash Release/eint0ISR.o
                0x00003ca0                eint0ISR
 .text          0x00003d64       0xa4 ARM Flash Release/eint2.o
                0x00003d64                eint2Deinit
                0x00003d88                eint2Init
 .text          0x00003e08       0xd8 ARM Flash Release/eint2ISR.o
                0x00003e30                eint2ISR
 .text          0x00003ee0       0xa8 ARM Flash Release/eint3.o
                0x00003ee0                eint3Deinit
                0x00003f08                eint3Init
 .text          0x00003f88      0x168 ARM Flash Release/eint3ISR.o
                0x00003f88                eint3ISR
 .text          0x000040f0       0xa0 ARM Flash Release/eint1.o
                0x000040f0                eint1Deinit
                0x00004114                eint1Init
 .text          0x00004190      0x108 ARM Flash Release/eint1ISR.o
                0x00004190                eint1ISR
 .text          0x00004298      0x174 ARM Flash Release/beep.o
                0x00004298                beepOn
                0x00004320                beepOff
                0x000043b8                beepA_TEAM_THEME
                0x000043d4                beepSMOTW
                0x000043f0                beepMHALL
 .text          0x0000440c      0x1f0 ARM Flash Release/timer.o
                0x0000440c                timer0Init
                0x00004424                timer1Init
                0x0000443c                capture00Init
                0x00004440                timer1FlowRateStart
                0x0000445c                timer1FlowRateContinue
                0x00004470                timer1FlowRateStop
                0x000044a0                timer1ISR
                0x00004568                timer1FlowRateInit
 .text          0x000045fc       0x64 ARM Flash Release/dac.o
                0x000045fc                dacInit
                0x00004624                dacSet
 .text          0x00004660      0x2d4 ARM Flash Release/args.o
                0x00004660                argsParse
                0x000047cc                argsGetLine
 .text          0x00004934      0x11c ARM Flash Release/argsdispatch.o
                0x00004934                argsDispatch
 .text          0x00004a50     0x16c4 ARM Flash Release/monitor.o
                0x00004a68                monitorTaskStart
                0x000060ac                get_fattime
 .text          0x00006114      0x524 ARM Flash Release/printf-stdarg.o
                0x00006114                write
                0x000065a0                snprintf
                0x000065d4                sprintf
                0x00006608                printf
 .text          0x00006638      0x124 ARM Flash Release/leds.o
                0x00006638                ledsSetDelay
                0x00006650                ledsGetDelay
                0x00006660                ledsTaskStop
                0x000066b4                ledsTaskStart
 .text          0x0000675c      0x22c ARM Flash Release/tcs3414.o
                0x00006760                tcs3414TaskStart
                0x00006804                tcs3414GetICRevision
                0x00006828                tcs3414GetColour
                0x0000693c                tcs3414Init
 .text          0x00006988      0x984 ARM Flash Release/mmc.o
                0x00006988                mmcWriteProtect
                0x00006998                mmcDecodeCSD
                0x000069b0                mmcDumpCSD
                0x000069c8                mmcCardPresent
                0x00006ba4                mmcVerify
                0x00006ce4                mmcReadCardInfo
                0x00006dc0                mmcInitMedia
                0x0000710c                mmcWrite
                0x00007214                mmcRead
                0x000072f0                mmcWaitReady
 .text          0x0000730c      0x3b0 ARM Flash Release/ssp.o
                0x0000730c                sspHardwareCardPresent
                0x00007328                sspHardwareWriteProtected
                0x00007354                sspChipSelect
                0x000073e4                sspSetClockFreq
                0x00007438                sspInit
                0x000074f0                sspTransferByte
                0x00007538                sspWaitReady
                0x0000756c                sspSendBlock
                0x000075c0                sspReceiveBlock
                0x00007674                sspDelay1ms
 .text          0x000076bc      0x790 ARM Flash Release/Lcd204_4.o
                0x000076bc                delay_us
                0x000076d8                delay
                0x00007724                write_lcd
                0x00007a24                write_byte_lcd
                0x00007a74                blink_lcd
                0x00007aec                init_screenpool
                0x00007af0                lcdTaskStop
                0x00007b24                lcdTaskStart
                0x00007b70                init_system
                0x00007c20                clear_lcd
                0x00007c40                init_lcd
                0x00007d88                printf_lcd
 .text          0x00007e4c      0xd2c ARM Flash Release/logging.o
                0x00007e4c                setWsPrice
                0x00007e5c                incr_SumFlowvolume
                0x00007ea0                init_daysLogging
                0x00007eb4                incr_daysLogging
                0x00007ed8                b_itoab
                0x00007fa8                luk_strcpy
                0x00007fc8                nrOfDigits
                0x00007ffc                updateCDayLogEntryItem
                0x00008124                fillSlogEntryItem
                0x000081f0                feedLCD
                0x0000870c                getDateTime
                0x00008760                fs_init
                0x000087b0                appendToLog
                0x00008890                initLog
                0x0000890c                trackLogTaskStop
                0x00008940                trackLogTaskStart
                0x0000898c                getLogFilename
                0x00008a2c                trackLog
 .text          0x00008b78      0x620 ARM Flash Release/meas_sm.o
                0x00008b78                set_measure
                0x00008b8c                clr_measure
                0x00008ba0                get_measure
                0x00008bb0                set_updateLCD
                0x00008bc4                clr_updateLCD
                0x00008bd8                get_updateLCD
                0x00008be8                set_trackLog
                0x00008bfc                clr_trackLog
                0x00008c10                get_trackLog
                0x00008c20                get_pumpLastControlSignalOn
                0x00008c3c                clr_pumpLastControlSignalOn
                0x00008c50                getMeasure_timestamp_diff
                0x00008c6c                clr_valuesReceived
                0x00008c80                set_valuesReceived
                0x00008c94                valuesReceived
                0x00008ca4                stopMeasure
                0x00008cb8                startMeasure
                0x00008ccc                get_FlowCount
                0x00008cf0                incr_FlowCount
                0x00008d40                clr_FlowCount
                0x00008d6c                initFlowrateSensor
                0x00008da4                updateMeasure_timestamp
                0x00008de0                set_pumpLastControlSignalOn
                0x00008e08                MeasSMTaskStop
                0x00008e3c                measSMTaskStart
                0x00008e88                meas_sm
 .text          0x00009198      0x418 ARM Flash Release/meas_task.o
                0x00009198                meas_task_init
                0x00009244                measTaskStop
                0x00009278                measTaskStart
                0x000092c4                doMeasure
                0x00009370                getTemperatureOfADCValue
                0x000094d8                meas_Temp
 .text          0x000095b0        0x0 ARM Flash Release/crt0.o
 .text          0x000095b0        0x0 ARM Flash Release/Philips_LPC210X_Startup.o
 .text          0x000095b0       0xc8 ARM Flash Release/LPC210x.o
                0x000095e0                ctl_get_ticks_per_second
                0x000095e8                ctl_start_timer
 .text          0x00009678      0x1b0 ARM Flash Release/VIC.o
                0x00009678                ctl_set_isr
                0x000097f8                ctl_unmask_isr
                0x00009810                ctl_mask_isr
 .text          0x00009828       0x44 ARM Flash Release/VIC_irq_handler.o
                0x00009828                irq_handler
 .text          0x0000986c      0x22c ARM Flash Release/portISR.o
                0x0000986c                vPortISRStartFirstTask
                0x000098b8                vTickISR
                0x00009978                vPortEnterCritical
                0x000099a4                vPortExitCritical
                0x000099ec                swi_handler
 .text          0x00009a98      0x18c ARM Flash Release/port.o
                0x00009a98                pxPortInitialiseStack
                0x00009ba4                vPortEndScheduler
                0x00009ba8                xPortStartScheduler
 .text          0x00009c24      0x1b4 ARM Flash Release/heap_2.o
                0x00009c24                xPortGetFreeHeapSize
                0x00009c34                vPortInitialiseBlocks
                0x00009c38                vPortFree
                0x00009c9c                pvPortMalloc
 .text          0x00009dd8     0x1410 ARM Flash Release/tasks.o
                0x00009dd8                xTaskIsTaskSuspended
                0x00009e14                vTaskSuspendAll
                0x00009e2c                uxTaskGetNumberOfTasks
                0x00009e3c                vTaskSetTimeOutState
                0x00009e58                vTaskMissedYield
                0x00009e6c                usTaskCheckFreeStackSpace
                0x00009ea0                uxTaskGetStackHighWaterMark
                0x00009ec4                xTaskGetCurrentTaskHandle
                0x00009ed4                vTaskPriorityDisinherit
                0x00009f48                vTaskPriorityInherit
                0x00009ffc                xTaskRemoveFromEventList
                0x0000a0ac                vTaskIncrementTick
                0x0000a1b8                xTaskResumeFromISR
                0x0000a260                prvDeleteTCB
                0x0000a280                prvListTaskWithinSingleList
                0x0000a33c                prvAllocateTCBAndStack
                0x0000a398                xTaskCheckForTimeOut
                0x0000a434                ulTaskEndTrace
                0x0000a474                vTaskStartTrace
                0x0000a4cc                xTaskGetTickCount
                0x0000a4f0                xTaskResumeAll
                0x0000a634                vTaskList
                0x0000a748                prvCheckTasksWaitingTermination
                0x0000a7d4                prvIdleTask
                0x0000a7e4                vTaskResume
                0x0000a880                vTaskSuspend
                0x0000a8fc                vTaskPrioritySet
                0x0000a9ec                uxTaskPriorityGet
                0x0000aa1c                vTaskDelete
                0x0000aac0                prvInitialiseTaskLists
                0x0000ab48                prvInitialiseTCBVariables
                0x0000aba0                vTaskPlaceOnEventList
                0x0000ac4c                vTaskDelay
                0x0000acdc                vTaskDelayUntil
                0x0000adcc                vTaskSwitchContext
                0x0000afb8                vTaskEndScheduler
                0x0000afec                xTaskGenericCreate
                0x0000b170                vTaskStartScheduler
 .text          0x0000b1e8      0xb54 ARM Flash Release/queue.o
                0x0000b1e8                uxQueueMessagesWaitingFromISR
                0x0000b1f0                xQueueIsQueueEmptyFromISR
                0x0000b200                xQueueIsQueueFullFromISR
                0x0000b218                vQueueAddToRegistry
                0x0000b264                vQueueDelete
                0x0000b2d0                uxQueueMessagesWaiting
                0x0000b390                xQueueReceiveFromISR
                0x0000b408                xQueueAltGenericReceive
                0x0000b648                xQueueGenericReceive
                0x0000b800                xQueueTakeMutexRecursive
                0x0000b910                xQueueGenericSendFromISR
                0x0000b984                xQueueAltGenericSend
                0x0000ba8c                xQueueGenericSend
                0x0000bbd8                xQueueGiveMutexRecursive
                0x0000bc2c                xQueueCreateMutex
                0x0000bca0                xQueueCreate
 .text          0x0000bd3c      0x108 ARM Flash Release/list.o
                0x0000bd3c                vListInitialise
                0x0000bd60                vListInitialiseItem
                0x0000bd6c                vListInsertEnd
                0x0000bda4                vListInsert
                0x0000be04                vListRemove
 .text          0x0000be44      0x71c ARM Flash Release/dhcpc.o
                0x0000be68                dhcpc_request
                0x0000c188                dhcpc_appcall
                0x0000c4e8                dhcpc_init
 .text          0x0000c560      0x2b4 ARM Flash Release/sntp.o
                0x0000c560                sntp_appcall
                0x0000c7a4                sntpSync
 .text          0x0000c814      0x604 ARM Flash Release/telnetd.o
                0x0000c830                telnetdDisconnect
                0x0000c9ec                telnetd_appcall
                0x0000cd18                telnetd_init
                0x0000cd7c                telnetdPutChar
 .text          0x0000ce18      0x9c4 ARM Flash Release/httpd.o
                0x0000ce18                httpd_init
                0x0000d6c0                httpd_appcall
 .text          0x0000d7dc      0x448 ARM Flash Release/httpd-cgi.o
                0x0000d7ec                httpd_cgi
 .text          0x0000dc24      0x174 ARM Flash Release/httpd-fs.o
                0x0000dc98                httpd_fs_open
                0x0000dd18                httpd_fs_init
                0x0000dd3c                httpd_fs_count
 .text          0x0000dd98        0x0 ARM Flash Release/http-strings.o
 .text          0x0000dd98      0x88c ARM Flash Release/enc28j60.o
                0x0000de3c                enc28j60WaitForData
                0x0000dfc0                enc28j60Send
                0x0000e13c                enc28j60Deinit
                0x0000e15c                enc28j60Init
                0x0000e4bc                enc28j60Receive
 .text          0x0000e624      0x124 ARM Flash Release/memb.o
                0x0000e624                memb_alloc
                0x0000e694                memb_free
                0x0000e710                memb_init
 .text          0x0000e748      0x608 ARM Flash Release/psock.o
                0x0000e7e0                psock_datalen
                0x0000e7f8                psock_newdata
                0x0000e834                psock_readto
                0x0000e9a0                psock_init
                0x0000e9dc                psock_readbuf
                0x0000ebe8                psock_generator_send
                0x0000ecb8                psock_send
 .text          0x0000ed50     0x1e30 ARM Flash Release/uip.o
                0x0000ed50                uip_setipid
                0x0000ed60                uip_init
                0x0000edcc                uip_unlisten
                0x0000ee78                uip_listen
                0x0000ef20                htons
                0x0000ef38                uip_connect
                0x0000f100                htonl
                0x0000f128                uip_iszeroaddr
                0x0000f148                uip_send
                0x0000f1ec                uip_process
                0x00010840                uip_udp_new
                0x000109ac                uip_printstats
 .text          0x00010b80      0x444 ARM Flash Release/uip_arch.o
                0x00010b80                uip_add32
                0x00010cec                uip_udpchksum
                0x00010d48                uip_chksum
                0x00010e34                uip_ipchksum
                0x00010e50                uip_tcpchksum
 .text          0x00010fc4      0x768 ARM Flash Release/uip_arp.o
                0x00011160                uip_arp_ipin
                0x000111f8                uip_arp_arpin
                0x000113b8                uip_arp_out
                0x00011634                uip_arp_timer
                0x000116d0                uip_arp_init
 .text          0x0001172c       0x70 ARM Flash Release/uip_timer.o
                0x0001172c                timer_reset
                0x0001173c                timer_expired
                0x00011768                timer_restart
                0x00011780                timer_set
 .text          0x0001179c      0x41c ARM Flash Release/uip-fw.o
                0x0001179c                uip_fw_init
                0x000117d8                uip_fw_output
                0x00011918                uip_fw_register
                0x00011930                uip_fw_default
                0x00011940                uip_fw_periodic
                0x00011988                uip_fw_forward
 .text          0x00011bb8       0x98 ARM Flash Release/uiplib.o
                0x00011bb8                uiplib_ipaddrconv
 .text          0x00011c50      0x1e4 ARM Flash Release/uip-neighbor.o
                0x00011c50                uip_neighbor_init
                0x00011c74                uip_neighbor_periodic
                0x00011cf4                uip_neighbor_update
                0x00011d10                uip_neighbor_lookup
                0x00011d2c                uip_neighbor_add
 .text          0x00011e34       0x10 ARM Flash Release/clock.o
                0x00011e34                clock_time
 .text          0x00011e44      0x3d0 ARM Flash Release/uiptask.o
                0x00011e44                uipIsRunning
                0x00011e5c                dispatch_tcp_appcall
                0x00011e60                dispatch_udp_appcall
                0x00011e64                dhcpc_configured
                0x00011e68                uipStop
                0x00011ea4                uipStart
                0x000121dc                uipFastPoll
 .text          0x00012214      0x3ac ARM Flash Release/disk.o
                0x00012214                diskShutdown
                0x00012230                diskStatus
                0x00012240                diskErrorText
                0x00012290                diskErrorTextPrint
                0x000122b8                diskPresent
                0x000122c8                diskIoctl
                0x00012440                diskWrite
                0x000124a0                diskRead
                0x000124ec                diskInitialize
 .text          0x000125c0     0x2dc8 ARM Flash Release/ff.o
                0x00012734                f_ferrorlookup
                0x00012784                f_mount
                0x000127e0                f_mkfs
                0x000137e0                f_readdir
                0x0001389c                f_lseek
                0x00013a94                f_write
                0x00013d44                f_read
                0x00014420                f_getfree
                0x00014888                f_rename
                0x000149b0                f_chmod
                0x00014a40                f_unlink
                0x00014bbc                f_stat
                0x00014c30                f_opendir
                0x00014cec                f_mkdir
                0x00014f54                f_sync
                0x00015060                f_close
                0x00015080                f_open
                0x00015360                f_printerror
 .text          0x00015388        0x0 C:/Users/lukas/AppData/Local/Rowley Associates Limited/CrossWorks for ARM/packages/lib/liblpc2000_v4t_a_le.a(liblpc2000_lpc21xx_get_cclk.o)
 .text.liblpc2000
                0x00015388       0x30 C:/Users/lukas/AppData/Local/Rowley Associates Limited/CrossWorks for ARM/packages/lib/liblpc2000_v4t_a_le.a(liblpc2000_lpc21xx_get_cclk.o)
                0x00015388                liblpc2000_lpc21xx_get_cclk
                0x00015388                liblpc2000_get_cclk
 .text          0x000153b8        0x0 C:/Users/lukas/AppData/Local/Rowley Associates Limited/CrossWorks for ARM/packages/lib/liblpc2000_v4t_a_le.a(liblpc2000_lpc21xx_get_pclk.o)
 .text.liblpc2000
                0x000153b8       0x2c C:/Users/lukas/AppData/Local/Rowley Associates Limited/CrossWorks for ARM/packages/lib/liblpc2000_v4t_a_le.a(liblpc2000_lpc21xx_get_pclk.o)
                0x000153b8                liblpc2000_lpc21xx_get_pclk
                0x000153b8                liblpc2000_get_pclk
 .text          0x000153e4        0x0 C:/Program Files/Rowley Associates Limited/CrossWorks for ARM 2.0/lib/libm_v4t_a_le.a(__int32_to_float32.o)
 *fill*         0x000153e4        0xc 00
 .text.libc     0x000153f0       0x70 C:/Program Files/Rowley Associates Limited/CrossWorks for ARM 2.0/lib/libm_v4t_a_le.a(__int32_to_float32.o)
                0x000153f0                __int32_to_float32
                0x000153f0                __floatsisf
                0x000153f0                __aeabi_i2f
                0x00015404                __int32_to_float32_common
 .text          0x00015460        0x0 C:/Program Files/Rowley Associates Limited/CrossWorks for ARM 2.0/lib/libm_v4t_a_le.a(__int32_to_float64.o)
 .text.libc     0x00015460       0x70 C:/Program Files/Rowley Associates Limited/CrossWorks for ARM 2.0/lib/libm_v4t_a_le.a(__int32_to_float64.o)
                0x00015460                __aeabi_i2d
                0x00015460                __int32_to_float64
                0x00015460                __floatsidf
 .text          0x000154d0        0x0 C:/Program Files/Rowley Associates Limited/CrossWorks for ARM 2.0/lib/libm_v4t_a_le.a(__uint32_to_float64.o)
 .text.libc     0x000154d0       0x60 C:/Program Files/Rowley Associates Limited/CrossWorks for ARM 2.0/lib/libm_v4t_a_le.a(__uint32_to_float64.o)
                0x000154d0                __aeabi_ui2d
                0x000154d0                __floatunsidf
                0x000154d0                __uint32_to_float64
 .text          0x00015530        0x0 C:/Program Files/Rowley Associates Limited/CrossWorks for ARM 2.0/lib/libm_v4t_a_le.a(__float32_to_int32.o)
 .text.libc     0x00015530       0x50 C:/Program Files/Rowley Associates Limited/CrossWorks for ARM 2.0/lib/libm_v4t_a_le.a(__float32_to_int32.o)
                0x00015530                __float32_to_int32
                0x00015530                __aeabi_f2iz
                0x00015530                __fixsfsi
 .text          0x00015580        0x0 C:/Program Files/Rowley Associates Limited/CrossWorks for ARM 2.0/lib/libm_v4t_a_le.a(__float32_to_uint32.o)
 .text.libc     0x00015580       0x40 C:/Program Files/Rowley Associates Limited/CrossWorks for ARM 2.0/lib/libm_v4t_a_le.a(__float32_to_uint32.o)
                0x00015580                __aeabi_f2uiz
                0x00015580                __fixunssfsi
                0x00015580                __float32_to_uint32
 .text          0x000155c0        0x0 C:/Program Files/Rowley Associates Limited/CrossWorks for ARM 2.0/lib/libm_v4t_a_le.a(__float64_to_int32.o)
 .text.libc     0x000155c0       0x60 C:/Program Files/Rowley Associates Limited/CrossWorks for ARM 2.0/lib/libm_v4t_a_le.a(__float64_to_int32.o)
                0x000155c0                __aeabi_d2iz
                0x000155c0                __float64_to_int32
                0x000155c0                __fixdfsi
 .text          0x00015620        0x0 C:/Program Files/Rowley Associates Limited/CrossWorks for ARM 2.0/lib/libm_v4t_a_le.a(__float64_to_uint32.o)
 .text.libc     0x00015620       0x50 C:/Program Files/Rowley Associates Limited/CrossWorks for ARM 2.0/lib/libm_v4t_a_le.a(__float64_to_uint32.o)
                0x00015620                __aeabi_d2uiz
                0x00015620                __float64_to_uint32
                0x00015620                __fixunsdfsi
 .text          0x00015670        0x0 C:/Program Files/Rowley Associates Limited/CrossWorks for ARM 2.0/lib/libm_v4t_a_le.a(__float32_to_float64.o)
 .text.libc     0x00015670       0x40 C:/Program Files/Rowley Associates Limited/CrossWorks for ARM 2.0/lib/libm_v4t_a_le.a(__float32_to_float64.o)
                0x00015670                __float32_to_float64
                0x00015670                __aeabi_f2d
                0x00015670                __extendsfdf2
 .text          0x000156b0        0x0 C:/Program Files/Rowley Associates Limited/CrossWorks for ARM 2.0/lib/libm_v4t_a_le.a(__float32_add.o)
 .text.libc     0x000156b0      0x1a0 C:/Program Files/Rowley Associates Limited/CrossWorks for ARM 2.0/lib/libm_v4t_a_le.a(__float32_add.o)
                0x000156b0                __aeabi_frsub
                0x000156b8                __subsf3
                0x000156b8                __aeabi_fsub
                0x000156b8                __float32_sub
                0x000156bc                __addsf3
                0x000156bc                __float32_add
                0x000156bc                __aeabi_fadd
 .text          0x00015850        0x0 C:/Program Files/Rowley Associates Limited/CrossWorks for ARM 2.0/lib/libm_v4t_a_le.a(__float32_mul.o)
 .text.libc     0x00015850      0x100 C:/Program Files/Rowley Associates Limited/CrossWorks for ARM 2.0/lib/libm_v4t_a_le.a(__float32_mul.o)
                0x00015850                __mulsf3
                0x00015850                __float32_mul
 .text          0x00015950        0x0 C:/Program Files/Rowley Associates Limited/CrossWorks for ARM 2.0/lib/libm_v4t_a_le.a(__float32_div.o)
 .text.libc     0x00015950      0x210 C:/Program Files/Rowley Associates Limited/CrossWorks for ARM 2.0/lib/libm_v4t_a_le.a(__float32_div.o)
                0x00015950                __float32_div
                0x00015950                __divsf3
 .text          0x00015b60        0x0 C:/Program Files/Rowley Associates Limited/CrossWorks for ARM 2.0/lib/libm_v4t_a_le.a(__float32_cmp.o)
 .text.libc     0x00015b60       0x50 C:/Program Files/Rowley Associates Limited/CrossWorks for ARM 2.0/lib/libm_v4t_a_le.a(__float32_cmp.o)
                0x00015b60                __nesf2
                0x00015b60                __gtsf2
                0x00015b60                __eqsf2
                0x00015b60                __cmpsf2
                0x00015b60                __ltsf2
                0x00015b60                __gesf2
                0x00015b60                __lesf2
 .text          0x00015bb0        0x0 C:/Program Files/Rowley Associates Limited/CrossWorks for ARM 2.0/lib/libm_v4t_a_le.a(__float64_add.o)
 .text.libc     0x00015bb0      0x350 C:/Program Files/Rowley Associates Limited/CrossWorks for ARM 2.0/lib/libm_v4t_a_le.a(__float64_add.o)
                0x00015bb0                __aeabi_drsub
                0x00015bb8                __aeabi_dsub
                0x00015bb8                __float64_sub
                0x00015bb8                __subdf3
                0x00015bbc                __aeabi_dadd
                0x00015bbc                __float64_add
                0x00015bbc                __adddf3
 .text          0x00015f00        0x0 C:/Program Files/Rowley Associates Limited/CrossWorks for ARM 2.0/lib/libm_v4t_a_le.a(__float64_mul.o)
 .text.libc     0x00015f00      0x1b0 C:/Program Files/Rowley Associates Limited/CrossWorks for ARM 2.0/lib/libm_v4t_a_le.a(__float64_mul.o)
                0x00015f00                __muldf3
                0x00015f00                __float64_mul
 .text          0x000160b0        0x0 C:/Program Files/Rowley Associates Limited/CrossWorks for ARM 2.0/lib/libm_v4t_a_le.a(__float64_div.o)
 .text.libc     0x000160b0      0x330 C:/Program Files/Rowley Associates Limited/CrossWorks for ARM 2.0/lib/libm_v4t_a_le.a(__float64_div.o)
                0x000160b0                __divdf3
                0x000160b0                __float64_div
                0x000160b0                __aeabi_ddiv
 .text          0x000163e0        0x0 C:/Program Files/Rowley Associates Limited/CrossWorks for ARM 2.0/lib/libm_v4t_a_le.a(log.o)
 .text.libc     0x000163e0      0x2c0 C:/Program Files/Rowley Associates Limited/CrossWorks for ARM 2.0/lib/libm_v4t_a_le.a(log.o)
                0x000163e0                log
 .text          0x000166a0        0x0 C:/Program Files/Rowley Associates Limited/CrossWorks for ARM 2.0/lib/libm_v4t_a_le.a(__float64_cmp.o)
 .text.libc     0x000166a0       0x70 C:/Program Files/Rowley Associates Limited/CrossWorks for ARM 2.0/lib/libm_v4t_a_le.a(__float64_cmp.o)
                0x000166a0                __eqdf2
                0x000166a0                __gtdf2
                0x000166a0                __ltdf2
                0x000166a0                __ledf2
                0x000166a0                __nedf2
                0x000166a0                __gedf2
                0x000166a0                __cmpdf2
 .text          0x00016710        0x0 C:/Program Files/Rowley Associates Limited/CrossWorks for ARM 2.0/lib/libm_v4t_a_le.a(__float64_isnan.o)
 .text.libc     0x00016710       0x20 C:/Program Files/Rowley Associates Limited/CrossWorks for ARM 2.0/lib/libm_v4t_a_le.a(__float64_isnan.o)
                0x00016710                __float64_isnan
 .text          0x00016730        0x0 C:/Program Files/Rowley Associates Limited/CrossWorks for ARM 2.0/lib/libm_v4t_a_le.a(__float64_infinity.o)
 .text.libc     0x00016730        0x0 C:/Program Files/Rowley Associates Limited/CrossWorks for ARM 2.0/lib/libm_v4t_a_le.a(__float64_infinity.o)
 .text          0x00016730        0x0 C:/Program Files/Rowley Associates Limited/CrossWorks for ARM 2.0/lib/libm_v4t_a_le.a(__float64_nan.o)
 .text.libc     0x00016730        0x0 C:/Program Files/Rowley Associates Limited/CrossWorks for ARM 2.0/lib/libm_v4t_a_le.a(__float64_nan.o)
 .text          0x00016730        0x0 C:/Program Files/Rowley Associates Limited/CrossWorks for ARM 2.0/lib/libm_v4t_a_le.a(__poly1_eval.o)
 .text.libc     0x00016730       0x70 C:/Program Files/Rowley Associates Limited/CrossWorks for ARM 2.0/lib/libm_v4t_a_le.a(__poly1_eval.o)
                0x00016730                __poly1_eval
 .text          0x000167a0        0x0 C:/Program Files/Rowley Associates Limited/CrossWorks for ARM 2.0/lib/libm_v4t_a_le.a(__poly_eval.o)
 .text.libc     0x000167a0       0x5c C:/Program Files/Rowley Associates Limited/CrossWorks for ARM 2.0/lib/libm_v4t_a_le.a(__poly_eval.o)
                0x000167a0                __poly_eval
 .text          0x000167fc        0x0 C:/Program Files/Rowley Associates Limited/CrossWorks for ARM 2.0/lib/libm_v4t_a_le.a(frexp.o)
 .text.libc     0x000167fc       0x60 C:/Program Files/Rowley Associates Limited/CrossWorks for ARM 2.0/lib/libm_v4t_a_le.a(frexp.o)
                0x000167fc                frexp
 .text          0x0001685c        0x0 C:/Program Files/Rowley Associates Limited/CrossWorks for ARM 2.0/lib/libm_v4t_a_le.a(ldexp.o)
 .text.libc     0x0001685c       0x84 C:/Program Files/Rowley Associates Limited/CrossWorks for ARM 2.0/lib/libm_v4t_a_le.a(ldexp.o)
                0x0001685c                ldexp
 .text          0x000168e0        0x0 C:/Program Files/Rowley Associates Limited/CrossWorks for ARM 2.0/lib/libc_v4t_a_le.a(__int32_umod.o)
 .text.libc     0x000168e0       0x20 C:/Program Files/Rowley Associates Limited/CrossWorks for ARM 2.0/lib/libc_v4t_a_le.a(__int32_umod.o)
                0x000168e0                __int32_umod
                0x000168e0                __umodsi3
 .text          0x00016900        0x0 C:/Program Files/Rowley Associates Limited/CrossWorks for ARM 2.0/lib/libc_v4t_a_le.a(__int32_div.o)
 .text.libc     0x00016900       0x50 C:/Program Files/Rowley Associates Limited/CrossWorks for ARM 2.0/lib/libc_v4t_a_le.a(__int32_div.o)
                0x00016900                __divsi3
                0x00016900                __int32_div
 .text          0x00016950        0x0 C:/Program Files/Rowley Associates Limited/CrossWorks for ARM 2.0/lib/libc_v4t_a_le.a(__int32_udivmod.o)
 .text.libc     0x00016950       0x30 C:/Program Files/Rowley Associates Limited/CrossWorks for ARM 2.0/lib/libc_v4t_a_le.a(__int32_udivmod.o)
                0x00016950                __int32_udivmod
                0x00016950                __udivsi3
                0x00016950                __int32_udiv
 .text          0x00016980        0x0 C:/Program Files/Rowley Associates Limited/CrossWorks for ARM 2.0/lib/libc_v4t_a_le.a(strlen.o)
 .text.libc     0x00016980       0x90 C:/Program Files/Rowley Associates Limited/CrossWorks for ARM 2.0/lib/libc_v4t_a_le.a(strlen.o)
                0x00016980                strlen
 .text          0x00016a10        0x0 C:/Program Files/Rowley Associates Limited/CrossWorks for ARM 2.0/lib/libc_v4t_a_le.a(memcpy.o)
 .text.libc     0x00016a10       0x60 C:/Program Files/Rowley Associates Limited/CrossWorks for ARM 2.0/lib/libc_v4t_a_le.a(memcpy.o)
                0x00016a10                memcpy
 .text          0x00016a70        0x0 C:/Program Files/Rowley Associates Limited/CrossWorks for ARM 2.0/lib/libc_v4t_a_le.a(memset.o)
 .text.libc     0x00016a70       0xa0 C:/Program Files/Rowley Associates Limited/CrossWorks for ARM 2.0/lib/libc_v4t_a_le.a(memset.o)
                0x00016a70                memset
 .text          0x00016b10        0x0 C:/Program Files/Rowley Associates Limited/CrossWorks for ARM 2.0/lib/libc_v4t_a_le.a(strcpy.o)
 .text.libc     0x00016b10       0x60 C:/Program Files/Rowley Associates Limited/CrossWorks for ARM 2.0/lib/libc_v4t_a_le.a(strcpy.o)
                0x00016b10                strcpy
 .text          0x00016b70        0x0 C:/Program Files/Rowley Associates Limited/CrossWorks for ARM 2.0/lib/libc_v4t_a_le.a(strcmp.o)
 .text.libc     0x00016b70       0x70 C:/Program Files/Rowley Associates Limited/CrossWorks for ARM 2.0/lib/libc_v4t_a_le.a(strcmp.o)
                0x00016b70                strcmp
 .text          0x00016be0        0x0 C:/Program Files/Rowley Associates Limited/CrossWorks for ARM 2.0/lib/libc_v4t_a_le.a(memcmp.o)
 .text.libc     0x00016be0       0x54 C:/Program Files/Rowley Associates Limited/CrossWorks for ARM 2.0/lib/libc_v4t_a_le.a(memcmp.o)
                0x00016be0                memcmp
 .text          0x00016c34        0x0 C:/Program Files/Rowley Associates Limited/CrossWorks for ARM 2.0/lib/libc_v4t_a_le.a(strcat.o)
 .text.libc     0x00016c34       0x3c C:/Program Files/Rowley Associates Limited/CrossWorks for ARM 2.0/lib/libc_v4t_a_le.a(strcat.o)
                0x00016c34                strcat
 .text          0x00016c70        0x0 C:/Program Files/Rowley Associates Limited/CrossWorks for ARM 2.0/lib/libc_v4t_a_le.a(strchr.o)
 .text.libc     0x00016c70       0x40 C:/Program Files/Rowley Associates Limited/CrossWorks for ARM 2.0/lib/libc_v4t_a_le.a(strchr.o)
                0x00016c70                strchr
 .text          0x00016cb0        0x0 C:/Program Files/Rowley Associates Limited/CrossWorks for ARM 2.0/lib/libc_v4t_a_le.a(strncmp.o)
 .text.libc     0x00016cb0       0x64 C:/Program Files/Rowley Associates Limited/CrossWorks for ARM 2.0/lib/libc_v4t_a_le.a(strncmp.o)
                0x00016cb0                strncmp
 .text          0x00016d14        0x0 C:/Program Files/Rowley Associates Limited/CrossWorks for ARM 2.0/lib/libc_v4t_a_le.a(strncpy.o)
 .text.libc     0x00016d14       0x74 C:/Program Files/Rowley Associates Limited/CrossWorks for ARM 2.0/lib/libc_v4t_a_le.a(strncpy.o)
                0x00016d14                strncpy
 .text          0x00016d88        0x0 C:/Program Files/Rowley Associates Limited/CrossWorks for ARM 2.0/lib/libc_v4t_a_le.a(strrchr.o)
 .text.libc     0x00016d88       0x44 C:/Program Files/Rowley Associates Limited/CrossWorks for ARM 2.0/lib/libc_v4t_a_le.a(strrchr.o)
                0x00016d88                strrchr
 .text          0x00016dcc        0x0 C:/Program Files/Rowley Associates Limited/CrossWorks for ARM 2.0/lib/libc_v4t_a_le.a(strstr.o)
 .text.libc     0x00016dcc       0x98 C:/Program Files/Rowley Associates Limited/CrossWorks for ARM 2.0/lib/libc_v4t_a_le.a(strstr.o)
                0x00016dcc                strstr
 .text          0x00016e64        0x0 C:/Program Files/Rowley Associates Limited/CrossWorks for ARM 2.0/lib/libc_v4t_a_le.a(ctype.o)
 .text.libc     0x00016e64      0x17c C:/Program Files/Rowley Associates Limited/CrossWorks for ARM 2.0/lib/libc_v4t_a_le.a(ctype.o)
                0x00016e64                isalpha
                0x00016e80                isupper
                0x00016e94                islower
                0x00016ea8                isdigit
                0x00016ebc                isxdigit
                0x00016ee8                isspace
                0x00016f00                ispunct
                0x00016f3c                isalnum
                0x00016f68                isprint
                0x00016f7c                isgraph
                0x00016f90                iscntrl
                0x00016fa4                tolower
                0x00016fb8                toupper
                0x00016fcc                isblank
 .text          0x00016fe0        0x0 C:/Program Files/Rowley Associates Limited/CrossWorks for ARM 2.0/lib/libc_v4t_a_le.a(malloc.o)
 .text.libc     0x00016fe0      0x250 C:/Program Files/Rowley Associates Limited/CrossWorks for ARM 2.0/lib/libc_v4t_a_le.a(malloc.o)
                0x00016fe0                free
                0x000170d4                malloc
                0x000171b8                realloc
                0x00017200                calloc
 .text          0x00017230        0x0 C:/Program Files/Rowley Associates Limited/CrossWorks for ARM 2.0/lib/libc_v4t_a_le.a(atoi.o)
 .text.libc     0x00017230       0x38 C:/Program Files/Rowley Associates Limited/CrossWorks for ARM 2.0/lib/libc_v4t_a_le.a(atoi.o)
                0x00017230                atoi
 .text          0x00017268        0x0 C:/Program Files/Rowley Associates Limited/CrossWorks for ARM 2.0/lib/libc_v4t_a_le.a(time.o)
 .text.libc     0x00017268      0x75c C:/Program Files/Rowley Associates Limited/CrossWorks for ARM 2.0/lib/libc_v4t_a_le.a(time.o)
                0x00017268                difftime
                0x0001727c                checktm
                0x000174c4                mktime
                0x0001770c                localtime_r
                0x00017918                localtime
                0x00017938                gmtime_r
                0x00017950                gmtime
                0x00017970                ctime_r
                0x000179a0                ctime
 .text          0x000179c4        0x0 C:/Program Files/Rowley Associates Limited/CrossWorks for ARM 2.0/lib/libc_v4t_a_le.a(asctime.o)
 .text.libc     0x000179c4      0x18c C:/Program Files/Rowley Associates Limited/CrossWorks for ARM 2.0/lib/libc_v4t_a_le.a(asctime.o)
                0x000179f0                asctime_r
                0x00017b38                asctime
 .text          0x00017b50        0x0 C:/Program Files/Rowley Associates Limited/CrossWorks for ARM 2.0/lib/libc_v4t_a_le.a(strftime.o)
 .text.libc     0x00017b50      0x82c C:/Program Files/Rowley Associates Limited/CrossWorks for ARM 2.0/lib/libc_v4t_a_le.a(strftime.o)
                0x00018328                strftime
 .text          0x0001837c        0x0 C:/Program Files/Rowley Associates Limited/CrossWorks for ARM 2.0/lib/libc_v4t_a_le.a(div.o)
 .text.libc     0x0001837c       0x54 C:/Program Files/Rowley Associates Limited/CrossWorks for ARM 2.0/lib/libc_v4t_a_le.a(div.o)
                0x0001837c                div
 .text          0x000183d0        0x0 C:/Program Files/Rowley Associates Limited/CrossWorks for ARM 2.0/lib/libc_v4t_a_le.a(strtol.o)
 .text.libc     0x000183d0       0xd4 C:/Program Files/Rowley Associates Limited/CrossWorks for ARM 2.0/lib/libc_v4t_a_le.a(strtol.o)
                0x000183d0                strtol
 .text          0x000184a4        0x0 C:/Program Files/Rowley Associates Limited/CrossWorks for ARM 2.0/lib/libc_v4t_a_le.a(ldiv.o)
 .text.libc     0x000184a4       0x54 C:/Program Files/Rowley Associates Limited/CrossWorks for ARM 2.0/lib/libc_v4t_a_le.a(ldiv.o)
                0x000184a4                ldiv
 .text          0x000184f8        0x0 C:/Program Files/Rowley Associates Limited/CrossWorks for ARM 2.0/lib/libc_v4t_a_le.a(__int32_mod.o)
 *fill*         0x000184f8        0x8 00
 .text.libc     0x00018500       0x50 C:/Program Files/Rowley Associates Limited/CrossWorks for ARM 2.0/lib/libc_v4t_a_le.a(__int32_mod.o)
                0x00018500                __modsi3
                0x00018500                __int32_mod
 .text          0x00018550        0x0 C:/Program Files/Rowley Associates Limited/CrossWorks for ARM 2.0/lib/libc_v4t_a_le.a(__strtoul.o)
 .text.libc     0x00018550      0x128 C:/Program Files/Rowley Associates Limited/CrossWorks for ARM 2.0/lib/libc_v4t_a_le.a(__strtoul.o)
                0x00018550                __strtoul
 .text          0x00018678        0x0 C:/Program Files/Rowley Associates Limited/CrossWorks for ARM 2.0/lib/libc_v4t_a_le.a(__digit.o)
 .text.libc     0x00018678       0x54 C:/Program Files/Rowley Associates Limited/CrossWorks for ARM 2.0/lib/libc_v4t_a_le.a(__digit.o)
                0x00018678                __digit
 .text          0x000186cc        0x0 C:/Program Files/Rowley Associates Limited/CrossWorks for ARM 2.0/lib/libdebugio_v4t_a_le.a(debug_printf.o)
 .text.libc     0x000186cc       0x20 C:/Program Files/Rowley Associates Limited/CrossWorks for ARM 2.0/lib/libdebugio_v4t_a_le.a(debug_printf.o)
                0x000186cc                debug_printf
 .text          0x000186ec        0x0 C:/Program Files/Rowley Associates Limited/CrossWorks for ARM 2.0/lib/libc_targetio_impl_v4t_a_le.a(putchar.o)
 .text.libc     0x000186ec       0x2c C:/Program Files/Rowley Associates Limited/CrossWorks for ARM 2.0/lib/libc_targetio_impl_v4t_a_le.a(putchar.o)
                0x000186ec                putchar
 .text          0x00018718        0x0 C:/Program Files/Rowley Associates Limited/CrossWorks for ARM 2.0/lib/libc_user_libc_v4t_a_le.a(user_libc.o)
 .text.libc     0x00018718       0x2c C:/Program Files/Rowley Associates Limited/CrossWorks for ARM 2.0/lib/libc_user_libc_v4t_a_le.a(user_libc.o)
                0x00018718                __errno
                0x00018724                __heap_lock
                0x00018728                __heap_unlock
                0x0001872c                __printf_lock
                0x00018730                __printf_unlock
                0x00018734                __scanf_lock
                0x00018738                __scanf_unlock
                0x0001873c                __debug_io_lock
                0x00018740                __debug_io_unlock
 .text          0x00018744        0x0 C:/Program Files/Rowley Associates Limited/CrossWorks for ARM 2.0/lib/libdebugio_dcc_v4t_a_le.a(dcc_debug_operations.o)
 .text.libdebugio_dcc
                0x00018744       0x4c C:/Program Files/Rowley Associates Limited/CrossWorks for ARM 2.0/lib/libdebugio_dcc_v4t_a_le.a(dcc_debug_operations.o)
                0x00018744                __do_debug_operation
 .text          0x00018790        0x0 C:/Program Files/Rowley Associates Limited/CrossWorks for ARM 2.0/lib/libdebugio_dcc_v4t_a_le.a(libarmdi_dcc_write.o)
 .text.libdebugio_dcc
                0x00018790       0x20 C:/Program Files/Rowley Associates Limited/CrossWorks for ARM 2.0/lib/libdebugio_dcc_v4t_a_le.a(libarmdi_dcc_write.o)
                0x00018790                libarm_dcc_write
 .text          0x000187b0        0x0 C:/Program Files/Rowley Associates Limited/CrossWorks for ARM 2.0/lib/libdebugio_dcc_v4t_a_le.a(libarm_run_dcc_port_server.o)
 .text.libdebugio_dcc
                0x000187b0      0x234 C:/Program Files/Rowley Associates Limited/CrossWorks for ARM 2.0/lib/libdebugio_dcc_v4t_a_le.a(libarm_run_dcc_port_server.o)
                0x000187b0                libarm_run_dcc_port_server
 .text          0x000189e4        0x0 C:/Program Files/Rowley Associates Limited/CrossWorks for ARM 2.0/lib/libdebugio_dcc_v4t_a_le.a(libarmdi_dcc_read.o)
 *fill*         0x000189e4        0xc 00
 .text.libdebugio_dcc
                0x000189f0       0x20 C:/Program Files/Rowley Associates Limited/CrossWorks for ARM 2.0/lib/libdebugio_dcc_v4t_a_le.a(libarmdi_dcc_read.o)
                0x000189f0                libarm_dcc_read
                0x00018a10                __text_end__ = (__text_start__ + SIZEOF (.text))
                0x00018a10                __text_load_end__ = __text_end__

.vfp11_veneer   0x00000000        0x0
 .vfp11_veneer  0x00000000        0x0 linker stubs

.v4_bx          0x00000000        0x0
 .v4_bx         0x00000000        0x0 linker stubs
                0x00000001                . = ASSERT (((__text_end__ >= __FLASH_segment_start__) && (__text_end__ <= (__FLASH_segment_start__ + 0x80000))), error: .text is too large to fit in FLASH memory segment)
                0x00018a10                __dtors_load_start__ = ALIGN (__text_end__, 0x4)

.dtors          0x00018a10        0x0
                0x00018a10                __dtors_start__ = .
 *(SORT(.dtors.*))
 *(.dtors)
                0x00018a10                __dtors_end__ = (__dtors_start__ + SIZEOF (.dtors))
                0x00018a10                __dtors_load_end__ = __dtors_end__
                0x00000001                . = ASSERT (((__dtors_end__ >= __FLASH_segment_start__) && (__dtors_end__ <= (__FLASH_segment_start__ + 0x80000))), error: .dtors is too large to fit in FLASH memory segment)
                0x00018a10                __ctors_load_start__ = ALIGN (__dtors_end__, 0x4)

.ctors          0x00018a10        0x0
                0x00018a10                __ctors_start__ = .
 *(SORT(.ctors.*))
 *(.ctors)
                0x00018a10                __ctors_end__ = (__ctors_start__ + SIZEOF (.ctors))
                0x00018a10                __ctors_load_end__ = __ctors_end__
                0x00000001                . = ASSERT (((__ctors_end__ >= __FLASH_segment_start__) && (__ctors_end__ <= (__FLASH_segment_start__ + 0x80000))), error: .ctors is too large to fit in FLASH memory segment)
                0x00018a10                __rodata_load_start__ = ALIGN (__ctors_end__, 0x4)

.rodata         0x00018a10     0x7e00
                0x00018a10                __rodata_start__ = .
 *(.rodata .rodata.* .gnu.linkonce.r.*)
 .rodata.str1.4
                0x00018a10        0x8 ARM Flash Release/main.o
 .rodata        0x00018a18       0xb0 ARM Flash Release/i2c.o
 .rodata.str1.4
                0x00018ac8      0x19e ARM Flash Release/i2c.o
                                0x1a0 (size before relaxing)
 *fill*         0x00018c66        0x2 00
 .rodata.str1.4
                0x00018c68        0x8 ARM Flash Release/i2cInt.o
                                  0xc (size before relaxing)
 .rodata        0x00018c70       0x90 ARM Flash Release/usbser.o
 .rodata        0x00018d00        0xc ARM Flash Release/rtc.o
 .rodata.str1.4
                0x00018d0c        0x7 ARM Flash Release/eint3ISR.o
                                  0x8 (size before relaxing)
 *fill*         0x00018d13        0x1 00
 .rodata        0x00018d14      0x2b4 ARM Flash Release/beep.o
 .rodata.str1.4
                0x00018fc8        0x7 ARM Flash Release/args.o
                                 0x10 (size before relaxing)
 *fill*         0x00018fcf        0x1 00
 .rodata.str1.4
                0x00018fd0       0x7b ARM Flash Release/argsdispatch.o
                                 0x84 (size before relaxing)
 *fill*         0x0001904b        0x1 00
 .rodata        0x0001904c      0x3c0 ARM Flash Release/monitor.o
 .rodata.str1.4
                0x0001940c      0xe8f ARM Flash Release/monitor.o
                                0xeac (size before relaxing)
 *fill*         0x0001a29b        0x1 00
 .rodata.str1.4
                0x0001a29c        0x7 ARM Flash Release/printf-stdarg.o
                                  0x8 (size before relaxing)
 .rodata.str1.4
                0x00000000        0x7 ARM Flash Release/leds.o
                                  0x4 (size before relaxing)
 *fill*         0x0001a2a3        0x1 00
 .rodata.str1.4
                0x0001a2a4        0x8 ARM Flash Release/tcs3414.o
 .rodata        0x0001a2ac      0x210 ARM Flash Release/mmc.o
 .rodata.str1.4
                0x0001a4bc       0x11 ARM Flash Release/mmc.o
                                 0x14 (size before relaxing)
 *fill*         0x0001a4cd        0x3 00
 .rodata        0x0001a4d0        0xc ARM Flash Release/Lcd204_4.o
 .rodata.str1.4
                0x0001a4dc        0x9 ARM Flash Release/Lcd204_4.o
                                  0xc (size before relaxing)
 *fill*         0x0001a4e5        0x3 00
 .rodata        0x0001a4e8      0x3d4 ARM Flash Release/logging.o
 .rodata.str1.4
                0x0001a8bc       0xc3 ARM Flash Release/logging.o
                                 0xc8 (size before relaxing)
 *fill*         0x0001a97f        0x1 00
 .rodata.str1.4
                0x0001a980       0x34 ARM Flash Release/meas_sm.o
 .rodata.str1.4
                0x0001a9b4        0xd ARM Flash Release/meas_task.o
                                 0x10 (size before relaxing)
 *fill*         0x0001a9c1        0x3 00
 .rodata        0x0001a9c4       0x14 ARM Flash Release/tasks.o
 .rodata.str1.4
                0x0001a9d8       0x19 ARM Flash Release/tasks.o
                                 0x20 (size before relaxing)
 *fill*         0x0001a9f1        0x3 00
 .rodata        0x0001a9f4        0x8 ARM Flash Release/dhcpc.o
 .rodata.str1.4
                0x00000000        0xc ARM Flash Release/telnetd.o
 .rodata.str1.4
                0x0001a9fc       0x13 ARM Flash Release/httpd.o
                                 0x18 (size before relaxing)
 *fill*         0x0001aa0f        0x1 00
 .rodata        0x0001aa10       0xa8 ARM Flash Release/httpd-cgi.o
 .rodata.str1.4
                0x0001aab8       0xdb ARM Flash Release/httpd-cgi.o
                                 0xe0 (size before relaxing)
 *fill*         0x0001ab93        0x1 00
 .rodata        0x0001ab94     0x51d8 ARM Flash Release/httpd-fs.o
                0x0001ab94                file_tcp_shtml
                0x0001aba8                file_404_html
                0x0001abbc                file_fade_png
                0x0001abd0                file_files_shtml
                0x0001abe4                file_footer_html
                0x0001abf8                file_header_html
                0x0001ac0c                file_index_html
                0x0001ac20                file_led_shtml
                0x0001ac34                file_lpc2148_jpg
                0x0001ac48                file_stats_shtml
                0x0001ac5c                file_style_css
 .rodata        0x0001fd6c      0x288 ARM Flash Release/http-strings.o
                0x0001fd6c                http_http
                0x0001fd74                http_200
                0x0001fd7c                http_301
                0x0001fd84                http_302
                0x0001fd8c                http_get
                0x0001fd94                http_10
                0x0001fda0                http_11
                0x0001fdac                http_content_type
                0x0001fdbc                http_texthtml
                0x0001fdc8                http_location
                0x0001fdd4                http_host
                0x0001fddc                http_crnl
                0x0001fde0                http_index_html
                0x0001fdec                http_404_html
                0x0001fdf8                http_referer
                0x0001fe04                http_header_200
                0x0001fe58                http_header_404
                0x0001feb4                http_content_type_plain
                0x0001fed4                http_content_type_html
                0x0001fef0                http_content_type_css
                0x0001ff0c                http_content_type_text
                0x0001ff28                http_content_type_png
                0x0001ff44                http_content_type_gif
                0x0001ff60                http_content_type_jpg
                0x0001ff80                http_content_type_binary
                0x0001ffac                http_html
                0x0001ffb4                http_shtml
                0x0001ffbc                http_htm
                0x0001ffc4                http_css
                0x0001ffcc                http_png
                0x0001ffd4                http_gif
                0x0001ffdc                http_jpg
                0x0001ffe4                http_text
                0x0001ffec                http_txt
 .rodata.str1.4
                0x0001fff4      0x30c ARM Flash Release/uip.o
 .rodata        0x00020300        0x8 ARM Flash Release/uip_arp.o
 .rodata.str1.4
                0x00020308       0x41 ARM Flash Release/uip-neighbor.o
                                 0x44 (size before relaxing)
 *fill*         0x00020349        0x3 00
 .rodata.str1.4
                0x0002034c       0x1f ARM Flash Release/uiptask.o
                                 0x20 (size before relaxing)
 *fill*         0x0002036b        0x1 00
 .rodata        0x0002036c       0x28 ARM Flash Release/disk.o
 .rodata.str1.4
                0x00020394       0x51 ARM Flash Release/disk.o
                                 0x54 (size before relaxing)
 *fill*         0x000203e5        0x3 00
 .rodata        0x000203e8       0x70 ARM Flash Release/ff.o
 .rodata.str1.4
                0x00020458       0xd5 ARM Flash Release/ff.o
                                 0xf8 (size before relaxing)
 *fill*         0x0002052d        0x3 00
 .rodata.libc   0x00020530       0x28 C:/Program Files/Rowley Associates Limited/CrossWorks for ARM 2.0/lib/libm_v4t_a_le.a(log.o)
 .rodata.libc   0x00020558        0x8 C:/Program Files/Rowley Associates Limited/CrossWorks for ARM 2.0/lib/libm_v4t_a_le.a(__float64_infinity.o)
                0x00020558                __float64_infinity
 .rodata.libc   0x00020560        0x8 C:/Program Files/Rowley Associates Limited/CrossWorks for ARM 2.0/lib/libm_v4t_a_le.a(__float64_nan.o)
                0x00020560                __float64_nan
 .rodata.libc   0x00020568       0x84 C:/Program Files/Rowley Associates Limited/CrossWorks for ARM 2.0/lib/libc_v4t_a_le.a(ctype.o)
                0x00020568                __ctype
 .rodata.libc   0x000205ec       0x68 C:/Program Files/Rowley Associates Limited/CrossWorks for ARM 2.0/lib/libc_v4t_a_le.a(time.o)
 .rodata.libc   0x00020654       0x4c C:/Program Files/Rowley Associates Limited/CrossWorks for ARM 2.0/lib/libc_v4t_a_le.a(asctime.o)
 .rodata.libc   0x000206a0       0x4c C:/Program Files/Rowley Associates Limited/CrossWorks for ARM 2.0/lib/libc_v4t_a_le.a(strftime.o)
 .rodata.libc.str1.4
                0x000206ec      0x124 C:/Program Files/Rowley Associates Limited/CrossWorks for ARM 2.0/lib/libc_v4t_a_le.a(strftime.o)
                                0x130 (size before relaxing)
                0x00020810                __rodata_end__ = (__rodata_start__ + SIZEOF (.rodata))
                0x00020810                __rodata_load_end__ = __rodata_end__
                0x00000001                . = ASSERT (((__rodata_end__ >= __FLASH_segment_start__) && (__rodata_end__ <= (__FLASH_segment_start__ + 0x80000))), error: .rodata is too large to fit in FLASH memory segment)
                0x00020810                __fast_load_start__ = ALIGN (__rodata_end__, 0x4)

.fast           0x4000003c        0x0 load address 0x00020810
                0x4000003c                __fast_start__ = .
 *(.fast .fast.*)
                0x4000003c                __fast_end__ = (__fast_start__ + SIZEOF (.fast))
                0x00020810                __fast_load_end__ = (__fast_load_start__ + SIZEOF (.fast))
                0x00000001                . = ASSERT ((((__fast_load_start__ + SIZEOF (.fast)) >= __FLASH_segment_start__) && ((__fast_load_start__ + SIZEOF (.fast)) <= (__FLASH_segment_start__ + 0x80000))), error: .fast is too large to fit in FLASH memory segment)

.fast_run       0x4000003c        0x0
                0x4000003c                __fast_run_start__ = .
                0x4000003c                . = MAX ((__fast_run_start__ + SIZEOF (.fast)), .)
                0x4000003c                __fast_run_end__ = (__fast_run_start__ + SIZEOF (.fast_run))
                0x4000003c                __fast_run_load_end__ = __fast_run_end__
                0x00000001                . = ASSERT (((__fast_run_end__ >= __SRAM_segment_start__) && (__fast_run_end__ <= (__SRAM_segment_start__ + 0x8000))), error: .fast_run is too large to fit in SRAM memory segment)
                0x00020810                __data_load_start__ = ALIGN ((__fast_load_start__ + SIZEOF (.fast)), 0x4)

.data           0x4000003c       0x58 load address 0x00020810
                0x4000003c                __data_start__ = .
 *(.data .data.* .gnu.linkonce.d.*)
 .data          0x4000003c        0x0 ARM Flash Release/main.o
 .data          0x4000003c        0x0 ARM Flash Release/adc.o
 .data          0x4000003c        0x0 ARM Flash Release/cpu.o
 .data          0x4000003c        0x0 ARM Flash Release/i2c.o
 .data          0x4000003c        0x4 ARM Flash Release/i2cInt.o
 .data          0x40000040        0x8 ARM Flash Release/pwm.o
 .data          0x40000048        0x0 ARM Flash Release/spi.o
 .data          0x40000048        0x8 ARM Flash Release/uart0.o
 .data          0x40000050        0x0 ARM Flash Release/uart0ISR.o
 .data          0x40000050        0x8 ARM Flash Release/uart1.o
 .data          0x40000058        0x0 ARM Flash Release/uart1ISR.o
 .data          0x40000058        0x0 ARM Flash Release/usbcontrol.o
 .data          0x40000058        0x0 ARM Flash Release/usbinit.o
 .data          0x40000058        0x0 ARM Flash Release/usbISR.o
 .data          0x40000058        0x0 ARM Flash Release/usbstdreq.o
 .data          0x40000058        0x8 ARM Flash Release/usbser.o
 .data          0x40000060        0x0 ARM Flash Release/rtc.o
 .data          0x40000060        0x0 ARM Flash Release/rtcISR.o
 .data          0x40000060        0x0 ARM Flash Release/reset.o
 .data          0x40000060        0x0 ARM Flash Release/eint0.o
 .data          0x40000060        0x0 ARM Flash Release/eint0ISR.o
 .data          0x40000060        0x0 ARM Flash Release/eint2.o
 .data          0x40000060        0x0 ARM Flash Release/eint2ISR.o
 .data          0x40000060        0x0 ARM Flash Release/eint3.o
 .data          0x40000060        0x0 ARM Flash Release/eint3ISR.o
 .data          0x40000060        0x0 ARM Flash Release/eint1.o
 .data          0x40000060        0x0 ARM Flash Release/eint1ISR.o
 .data          0x40000060        0x0 ARM Flash Release/beep.o
 .data          0x40000060        0x0 ARM Flash Release/timer.o
 .data          0x40000060        0x0 ARM Flash Release/dac.o
 .data          0x40000060        0x0 ARM Flash Release/args.o
 .data          0x40000060        0x0 ARM Flash Release/argsdispatch.o
 .data          0x40000060        0x0 ARM Flash Release/monitor.o
 .data          0x40000060        0x0 ARM Flash Release/printf-stdarg.o
 .data          0x40000060        0x4 ARM Flash Release/leds.o
 .data          0x40000064        0x0 ARM Flash Release/tcs3414.o
 .data          0x40000064        0x0 ARM Flash Release/mmc.o
 .data          0x40000064        0x0 ARM Flash Release/ssp.o
 .data          0x40000064        0x0 ARM Flash Release/Lcd204_4.o
 .data          0x40000064        0x0 ARM Flash Release/logging.o
 .data          0x40000064        0x8 ARM Flash Release/meas_sm.o
 .data          0x4000006c        0x0 ARM Flash Release/meas_task.o
 .data          0x4000006c        0x0 ARM Flash Release/crt0.o
 .data          0x4000006c        0x0 ARM Flash Release/Philips_LPC210X_Startup.o
 .data          0x4000006c        0x0 ARM Flash Release/LPC210x.o
 .data          0x4000006c        0x0 ARM Flash Release/VIC.o
 .data          0x4000006c        0x0 ARM Flash Release/VIC_irq_handler.o
 .data          0x4000006c        0x4 ARM Flash Release/portISR.o
                0x4000006c                ulCriticalNesting
 .data          0x40000070        0x0 ARM Flash Release/port.o
 .data          0x40000070        0x0 ARM Flash Release/heap_2.o
 .data          0x40000070        0x4 ARM Flash Release/tasks.o
                0x40000070                uxPreviousTask
 .data          0x40000074        0x0 ARM Flash Release/queue.o
 .data          0x40000074        0x0 ARM Flash Release/list.o
 .data          0x40000074        0x0 ARM Flash Release/dhcpc.o
 .data          0x40000074        0x0 ARM Flash Release/sntp.o
 .data          0x40000074        0x0 ARM Flash Release/telnetd.o
 .data          0x40000074        0x0 ARM Flash Release/httpd.o
 .data          0x40000074       0x14 ARM Flash Release/httpd-cgi.o
 .data          0x40000088        0x0 ARM Flash Release/httpd-fs.o
 .data          0x40000088        0x0 ARM Flash Release/http-strings.o
 .data          0x40000088        0x0 ARM Flash Release/enc28j60.o
 .data          0x40000088        0x0 ARM Flash Release/memb.o
 .data          0x40000088        0x0 ARM Flash Release/psock.o
 .data          0x40000088        0x0 ARM Flash Release/uip.o
 .data          0x40000088        0x0 ARM Flash Release/uip_arch.o
 .data          0x40000088        0x0 ARM Flash Release/uip_arp.o
 .data          0x40000088        0x0 ARM Flash Release/uip_timer.o
 .data          0x40000088        0x0 ARM Flash Release/uip-fw.o
 .data          0x40000088        0x0 ARM Flash Release/uiplib.o
 .data          0x40000088        0x0 ARM Flash Release/uip-neighbor.o
 .data          0x40000088        0x0 ARM Flash Release/clock.o
 .data          0x40000088        0x4 ARM Flash Release/uiptask.o
 .data          0x4000008c        0x1 ARM Flash Release/disk.o
 .data          0x4000008d        0x0 ARM Flash Release/ff.o
 .data          0x4000008d        0x0 C:/Users/lukas/AppData/Local/Rowley Associates Limited/CrossWorks for ARM/packages/lib/liblpc2000_v4t_a_le.a(liblpc2000_lpc21xx_get_cclk.o)
 .data          0x4000008d        0x0 C:/Users/lukas/AppData/Local/Rowley Associates Limited/CrossWorks for ARM/packages/lib/liblpc2000_v4t_a_le.a(liblpc2000_lpc21xx_get_pclk.o)
 .data          0x4000008d        0x0 C:/Program Files/Rowley Associates Limited/CrossWorks for ARM 2.0/lib/libm_v4t_a_le.a(__int32_to_float32.o)
 .data          0x4000008d        0x0 C:/Program Files/Rowley Associates Limited/CrossWorks for ARM 2.0/lib/libm_v4t_a_le.a(__int32_to_float64.o)
 .data          0x4000008d        0x0 C:/Program Files/Rowley Associates Limited/CrossWorks for ARM 2.0/lib/libm_v4t_a_le.a(__uint32_to_float64.o)
 .data          0x4000008d        0x0 C:/Program Files/Rowley Associates Limited/CrossWorks for ARM 2.0/lib/libm_v4t_a_le.a(__float32_to_int32.o)
 .data          0x4000008d        0x0 C:/Program Files/Rowley Associates Limited/CrossWorks for ARM 2.0/lib/libm_v4t_a_le.a(__float32_to_uint32.o)
 .data          0x4000008d        0x0 C:/Program Files/Rowley Associates Limited/CrossWorks for ARM 2.0/lib/libm_v4t_a_le.a(__float64_to_int32.o)
 .data          0x4000008d        0x0 C:/Program Files/Rowley Associates Limited/CrossWorks for ARM 2.0/lib/libm_v4t_a_le.a(__float64_to_uint32.o)
 .data          0x4000008d        0x0 C:/Program Files/Rowley Associates Limited/CrossWorks for ARM 2.0/lib/libm_v4t_a_le.a(__float32_to_float64.o)
 .data          0x4000008d        0x0 C:/Program Files/Rowley Associates Limited/CrossWorks for ARM 2.0/lib/libm_v4t_a_le.a(__float32_add.o)
 .data          0x4000008d        0x0 C:/Program Files/Rowley Associates Limited/CrossWorks for ARM 2.0/lib/libm_v4t_a_le.a(__float32_mul.o)
 .data          0x4000008d        0x0 C:/Program Files/Rowley Associates Limited/CrossWorks for ARM 2.0/lib/libm_v4t_a_le.a(__float32_div.o)
 .data          0x4000008d        0x0 C:/Program Files/Rowley Associates Limited/CrossWorks for ARM 2.0/lib/libm_v4t_a_le.a(__float32_cmp.o)
 .data          0x4000008d        0x0 C:/Program Files/Rowley Associates Limited/CrossWorks for ARM 2.0/lib/libm_v4t_a_le.a(__float64_add.o)
 .data          0x4000008d        0x0 C:/Program Files/Rowley Associates Limited/CrossWorks for ARM 2.0/lib/libm_v4t_a_le.a(__float64_mul.o)
 .data          0x4000008d        0x0 C:/Program Files/Rowley Associates Limited/CrossWorks for ARM 2.0/lib/libm_v4t_a_le.a(__float64_div.o)
 .data          0x4000008d        0x0 C:/Program Files/Rowley Associates Limited/CrossWorks for ARM 2.0/lib/libm_v4t_a_le.a(log.o)
 .data          0x4000008d        0x0 C:/Program Files/Rowley Associates Limited/CrossWorks for ARM 2.0/lib/libm_v4t_a_le.a(__float64_cmp.o)
 .data          0x4000008d        0x0 C:/Program Files/Rowley Associates Limited/CrossWorks for ARM 2.0/lib/libm_v4t_a_le.a(__float64_isnan.o)
 .data          0x4000008d        0x0 C:/Program Files/Rowley Associates Limited/CrossWorks for ARM 2.0/lib/libm_v4t_a_le.a(__float64_infinity.o)
 .data          0x4000008d        0x0 C:/Program Files/Rowley Associates Limited/CrossWorks for ARM 2.0/lib/libm_v4t_a_le.a(__float64_nan.o)
 .data          0x4000008d        0x0 C:/Program Files/Rowley Associates Limited/CrossWorks for ARM 2.0/lib/libm_v4t_a_le.a(__poly1_eval.o)
 .data          0x4000008d        0x0 C:/Program Files/Rowley Associates Limited/CrossWorks for ARM 2.0/lib/libm_v4t_a_le.a(__poly_eval.o)
 .data          0x4000008d        0x0 C:/Program Files/Rowley Associates Limited/CrossWorks for ARM 2.0/lib/libm_v4t_a_le.a(frexp.o)
 .data          0x4000008d        0x0 C:/Program Files/Rowley Associates Limited/CrossWorks for ARM 2.0/lib/libm_v4t_a_le.a(ldexp.o)
 .data          0x4000008d        0x0 C:/Program Files/Rowley Associates Limited/CrossWorks for ARM 2.0/lib/libc_v4t_a_le.a(__int32_umod.o)
 .data          0x4000008d        0x0 C:/Program Files/Rowley Associates Limited/CrossWorks for ARM 2.0/lib/libc_v4t_a_le.a(__int32_div.o)
 .data          0x4000008d        0x0 C:/Program Files/Rowley Associates Limited/CrossWorks for ARM 2.0/lib/libc_v4t_a_le.a(__int32_udivmod.o)
 .data          0x4000008d        0x0 C:/Program Files/Rowley Associates Limited/CrossWorks for ARM 2.0/lib/libc_v4t_a_le.a(strlen.o)
 .data          0x4000008d        0x0 C:/Program Files/Rowley Associates Limited/CrossWorks for ARM 2.0/lib/libc_v4t_a_le.a(memcpy.o)
 .data          0x4000008d        0x0 C:/Program Files/Rowley Associates Limited/CrossWorks for ARM 2.0/lib/libc_v4t_a_le.a(memset.o)
 .data          0x4000008d        0x0 C:/Program Files/Rowley Associates Limited/CrossWorks for ARM 2.0/lib/libc_v4t_a_le.a(strcpy.o)
 .data          0x4000008d        0x0 C:/Program Files/Rowley Associates Limited/CrossWorks for ARM 2.0/lib/libc_v4t_a_le.a(strcmp.o)
 .data          0x4000008d        0x0 C:/Program Files/Rowley Associates Limited/CrossWorks for ARM 2.0/lib/libc_v4t_a_le.a(memcmp.o)
 .data          0x4000008d        0x0 C:/Program Files/Rowley Associates Limited/CrossWorks for ARM 2.0/lib/libc_v4t_a_le.a(strcat.o)
 .data          0x4000008d        0x0 C:/Program Files/Rowley Associates Limited/CrossWorks for ARM 2.0/lib/libc_v4t_a_le.a(strchr.o)
 .data          0x4000008d        0x0 C:/Program Files/Rowley Associates Limited/CrossWorks for ARM 2.0/lib/libc_v4t_a_le.a(strncmp.o)
 .data          0x4000008d        0x0 C:/Program Files/Rowley Associates Limited/CrossWorks for ARM 2.0/lib/libc_v4t_a_le.a(strncpy.o)
 .data          0x4000008d        0x0 C:/Program Files/Rowley Associates Limited/CrossWorks for ARM 2.0/lib/libc_v4t_a_le.a(strrchr.o)
 .data          0x4000008d        0x0 C:/Program Files/Rowley Associates Limited/CrossWorks for ARM 2.0/lib/libc_v4t_a_le.a(strstr.o)
 .data          0x4000008d        0x0 C:/Program Files/Rowley Associates Limited/CrossWorks for ARM 2.0/lib/libc_v4t_a_le.a(ctype.o)
 .data          0x4000008d        0x0 C:/Program Files/Rowley Associates Limited/CrossWorks for ARM 2.0/lib/libc_v4t_a_le.a(malloc.o)
 *fill*         0x4000008d        0x3 00
 .data.libc     0x40000090        0x4 C:/Program Files/Rowley Associates Limited/CrossWorks for ARM 2.0/lib/libc_v4t_a_le.a(malloc.o)
 .data          0x40000094        0x0 C:/Program Files/Rowley Associates Limited/CrossWorks for ARM 2.0/lib/libc_v4t_a_le.a(atoi.o)
 .data          0x40000094        0x0 C:/Program Files/Rowley Associates Limited/CrossWorks for ARM 2.0/lib/libc_v4t_a_le.a(time.o)
 .data          0x40000094        0x0 C:/Program Files/Rowley Associates Limited/CrossWorks for ARM 2.0/lib/libc_v4t_a_le.a(asctime.o)
 .data          0x40000094        0x0 C:/Program Files/Rowley Associates Limited/CrossWorks for ARM 2.0/lib/libc_v4t_a_le.a(strftime.o)
 .data          0x40000094        0x0 C:/Program Files/Rowley Associates Limited/CrossWorks for ARM 2.0/lib/libc_v4t_a_le.a(div.o)
 .data          0x40000094        0x0 C:/Program Files/Rowley Associates Limited/CrossWorks for ARM 2.0/lib/libc_v4t_a_le.a(strtol.o)
 .data          0x40000094        0x0 C:/Program Files/Rowley Associates Limited/CrossWorks for ARM 2.0/lib/libc_v4t_a_le.a(ldiv.o)
 .data          0x40000094        0x0 C:/Program Files/Rowley Associates Limited/CrossWorks for ARM 2.0/lib/libc_v4t_a_le.a(__int32_mod.o)
 .data          0x40000094        0x0 C:/Program Files/Rowley Associates Limited/CrossWorks for ARM 2.0/lib/libc_v4t_a_le.a(__strtoul.o)
 .data          0x40000094        0x0 C:/Program Files/Rowley Associates Limited/CrossWorks for ARM 2.0/lib/libc_v4t_a_le.a(__digit.o)
 .data          0x40000094        0x0 C:/Program Files/Rowley Associates Limited/CrossWorks for ARM 2.0/lib/libdebugio_v4t_a_le.a(debug_printf.o)
 .data          0x40000094        0x0 C:/Program Files/Rowley Associates Limited/CrossWorks for ARM 2.0/lib/libc_targetio_impl_v4t_a_le.a(putchar.o)
 .data          0x40000094        0x0 C:/Program Files/Rowley Associates Limited/CrossWorks for ARM 2.0/lib/libc_user_libc_v4t_a_le.a(user_libc.o)
 .data          0x40000094        0x0 C:/Program Files/Rowley Associates Limited/CrossWorks for ARM 2.0/lib/libdebugio_dcc_v4t_a_le.a(dcc_debug_operations.o)
 .data          0x40000094        0x0 C:/Program Files/Rowley Associates Limited/CrossWorks for ARM 2.0/lib/libdebugio_dcc_v4t_a_le.a(libarmdi_dcc_write.o)
 .data          0x40000094        0x0 C:/Program Files/Rowley Associates Limited/CrossWorks for ARM 2.0/lib/libdebugio_dcc_v4t_a_le.a(libarm_run_dcc_port_server.o)
 .data          0x40000094        0x0 C:/Program Files/Rowley Associates Limited/CrossWorks for ARM 2.0/lib/libdebugio_dcc_v4t_a_le.a(libarmdi_dcc_read.o)
                0x40000094                __data_end__ = (__data_start__ + SIZEOF (.data))
                0x00020868                __data_load_end__ = (__data_load_start__ + SIZEOF (.data))
                0x00000001                . = ASSERT ((((__data_load_start__ + SIZEOF (.data)) >= __FLASH_segment_start__) && ((__data_load_start__ + SIZEOF (.data)) <= (__FLASH_segment_start__ + 0x80000))), error: .data is too large to fit in FLASH memory segment)

.data_run       0x4000003c       0x58 load address 0x00020810
                0x4000003c                __data_run_start__ = .
                0x40000094                . = MAX ((__data_run_start__ + SIZEOF (.data)), .)
 *fill*         0x4000003c       0x58 00
                0x40000094                __data_run_end__ = (__data_run_start__ + SIZEOF (.data_run))
                0x40000094                __data_run_load_end__ = __data_run_end__
                0x00000001                . = ASSERT (((__data_run_end__ >= __SRAM_segment_start__) && (__data_run_end__ <= (__SRAM_segment_start__ + 0x8000))), error: .data_run is too large to fit in SRAM memory segment)
                0x40000094                __bss_load_start__ = ALIGN (__data_run_end__, 0x4)

.bss            0x40000094     0x63dc
                0x40000094                __bss_start__ = .
 *(.bss .bss.* .gnu.linkonce.b.*)
 .bss           0x40000094        0x0 ARM Flash Release/main.o
 .bss           0x40000094        0x0 ARM Flash Release/adc.o
 .bss           0x40000094        0x0 ARM Flash Release/cpu.o
 .bss           0x40000094        0x4 ARM Flash Release/i2c.o
                0x40000094                i2cErrno
 .bss           0x40000098       0x60 ARM Flash Release/i2cInt.o
 .bss           0x400000f8        0x0 ARM Flash Release/pwm.o
 .bss           0x400000f8        0x0 ARM Flash Release/spi.o
 .bss           0x400000f8        0xc ARM Flash Release/uart0.o
 .bss           0x40000104        0xc ARM Flash Release/uart0ISR.o
 .bss           0x40000110        0xc ARM Flash Release/uart1.o
 .bss           0x4000011c        0xc ARM Flash Release/uart1ISR.o
 .bss           0x40000128       0x34 ARM Flash Release/usbcontrol.o
 .bss           0x4000015c        0x8 ARM Flash Release/usbinit.o
 .bss           0x40000164       0x48 ARM Flash Release/usbISR.o
 .bss           0x400001ac        0xc ARM Flash Release/usbstdreq.o
 .bss           0x400001b8       0x58 ARM Flash Release/usbser.o
 .bss           0x40000210        0x0 ARM Flash Release/rtc.o
 .bss           0x40000210        0x4 ARM Flash Release/rtcISR.o
 .bss           0x40000214        0x0 ARM Flash Release/reset.o
 .bss           0x40000214        0x0 ARM Flash Release/eint0.o
 .bss           0x40000214        0x0 ARM Flash Release/eint0ISR.o
 .bss           0x40000214        0x0 ARM Flash Release/eint2.o
 .bss           0x40000214        0x0 ARM Flash Release/eint2ISR.o
 .bss           0x40000214        0x0 ARM Flash Release/eint3.o
 .bss           0x40000214        0x4 ARM Flash Release/eint3ISR.o
                0x40000214                count
 .bss           0x40000218        0x0 ARM Flash Release/eint1.o
 .bss           0x40000218        0x0 ARM Flash Release/eint1ISR.o
 .bss           0x40000218        0x0 ARM Flash Release/beep.o
 .bss           0x40000218        0x0 ARM Flash Release/timer.o
 .bss           0x40000218        0x0 ARM Flash Release/dac.o
 .bss           0x40000218        0x0 ARM Flash Release/args.o
 .bss           0x40000218        0x0 ARM Flash Release/argsdispatch.o
 .bss           0x40000218      0x3d8 ARM Flash Release/monitor.o
                0x400005ec                activeCommandList
 .bss           0x400005f0        0x0 ARM Flash Release/printf-stdarg.o
 .bss           0x400005f0        0x0 ARM Flash Release/leds.o
 .bss           0x400005f0        0x1 ARM Flash Release/tcs3414.o
 *fill*         0x400005f1        0x3 00
 .bss           0x400005f4       0x2c ARM Flash Release/mmc.o
 .bss           0x40000620        0x0 ARM Flash Release/ssp.o
 .bss           0x40000620        0x0 ARM Flash Release/Lcd204_4.o
 .bss           0x40000620      0x24c ARM Flash Release/logging.o
 .bss           0x4000086c       0x20 ARM Flash Release/meas_sm.o
 .bss           0x4000088c        0x0 ARM Flash Release/meas_task.o
 .bss           0x4000088c        0x0 ARM Flash Release/crt0.o
 .bss           0x4000088c        0x0 ARM Flash Release/Philips_LPC210X_Startup.o
 .bss           0x4000088c        0x4 ARM Flash Release/LPC210x.o
 .bss           0x40000890       0x80 ARM Flash Release/VIC.o
 .bss           0x40000910        0x0 ARM Flash Release/VIC_irq_handler.o
 .bss           0x40000910        0x0 ARM Flash Release/portISR.o
 .bss           0x40000910        0x0 ARM Flash Release/port.o
 .bss           0x40000910     0x4018 ARM Flash Release/heap_2.o
 .bss           0x40004928       0x34 ARM Flash Release/tasks.o
                0x40004928                uxSchedulerSuspended
                0x4000492c                uxCurrentNumberOfTasks
                0x40004930                xNumOfOverflows
                0x40004934                xTickCount
                0x40004938                xMissedYield
                0x4000493c                pxCurrentTCB
                0x40004940                uxTopReadyPriority
                0x40004944                uxMissedTicks
                0x40004948                xTracing
                0x4000494c                uxTopUsedPriority
                0x40004950                uxTasksDeleted
                0x40004954                uxTaskNumber
                0x40004958                xSchedulerRunning
 .bss           0x4000495c        0x0 ARM Flash Release/queue.o
 .bss           0x4000495c        0x0 ARM Flash Release/list.o
 .bss           0x4000495c        0x4 ARM Flash Release/dhcpc.o
 .bss           0x40004960        0x4 ARM Flash Release/sntp.o
 .bss           0x40004964      0x294 ARM Flash Release/telnetd.o
 .bss           0x40004bf8        0x0 ARM Flash Release/httpd.o
 .bss           0x40004bf8        0x0 ARM Flash Release/httpd-cgi.o
 .bss           0x40004bf8       0x18 ARM Flash Release/httpd-fs.o
 .bss           0x40004c10        0x0 ARM Flash Release/http-strings.o
 .bss           0x40004c10        0x8 ARM Flash Release/enc28j60.o
                0x40004c10                xENC28J60Semaphore
                0x40004c14                ethRxPointer
 .bss           0x40004c18        0x0 ARM Flash Release/memb.o
 .bss           0x40004c18        0x0 ARM Flash Release/psock.o
 .bss           0x40004c18       0x1c ARM Flash Release/uip.o
                0x40004c28                uip_timeoffset
                0x40004c2c                uip_ethaddr
 .bss           0x40004c34        0x0 ARM Flash Release/uip_arch.o
 .bss           0x40004c34       0x64 ARM Flash Release/uip_arp.o
 .bss           0x40004c98        0x0 ARM Flash Release/uip_timer.o
 .bss           0x40004c98       0x28 ARM Flash Release/uip-fw.o
 .bss           0x40004cc0        0x0 ARM Flash Release/uiplib.o
 .bss           0x40004cc0       0x80 ARM Flash Release/uip-neighbor.o
 .bss           0x40004d40        0x0 ARM Flash Release/clock.o
 .bss           0x40004d40        0xc ARM Flash Release/uiptask.o
 .bss           0x40004d4c        0xc ARM Flash Release/disk.o
 .bss           0x40004d58        0x8 ARM Flash Release/ff.o
 .bss           0x40004d60        0x0 C:/Users/lukas/AppData/Local/Rowley Associates Limited/CrossWorks for ARM/packages/lib/liblpc2000_v4t_a_le.a(liblpc2000_lpc21xx_get_cclk.o)
 .bss           0x40004d60        0x0 C:/Users/lukas/AppData/Local/Rowley Associates Limited/CrossWorks for ARM/packages/lib/liblpc2000_v4t_a_le.a(liblpc2000_lpc21xx_get_pclk.o)
 .bss           0x40004d60        0x0 C:/Program Files/Rowley Associates Limited/CrossWorks for ARM 2.0/lib/libm_v4t_a_le.a(__int32_to_float32.o)
 .bss           0x40004d60        0x0 C:/Program Files/Rowley Associates Limited/CrossWorks for ARM 2.0/lib/libm_v4t_a_le.a(__int32_to_float64.o)
 .bss           0x40004d60        0x0 C:/Program Files/Rowley Associates Limited/CrossWorks for ARM 2.0/lib/libm_v4t_a_le.a(__uint32_to_float64.o)
 .bss           0x40004d60        0x0 C:/Program Files/Rowley Associates Limited/CrossWorks for ARM 2.0/lib/libm_v4t_a_le.a(__float32_to_int32.o)
 .bss           0x40004d60        0x0 C:/Program Files/Rowley Associates Limited/CrossWorks for ARM 2.0/lib/libm_v4t_a_le.a(__float32_to_uint32.o)
 .bss           0x40004d60        0x0 C:/Program Files/Rowley Associates Limited/CrossWorks for ARM 2.0/lib/libm_v4t_a_le.a(__float64_to_int32.o)
 .bss           0x40004d60        0x0 C:/Program Files/Rowley Associates Limited/CrossWorks for ARM 2.0/lib/libm_v4t_a_le.a(__float64_to_uint32.o)
 .bss           0x40004d60        0x0 C:/Program Files/Rowley Associates Limited/CrossWorks for ARM 2.0/lib/libm_v4t_a_le.a(__float32_to_float64.o)
 .bss           0x40004d60        0x0 C:/Program Files/Rowley Associates Limited/CrossWorks for ARM 2.0/lib/libm_v4t_a_le.a(__float32_add.o)
 .bss           0x40004d60        0x0 C:/Program Files/Rowley Associates Limited/CrossWorks for ARM 2.0/lib/libm_v4t_a_le.a(__float32_mul.o)
 .bss           0x40004d60        0x0 C:/Program Files/Rowley Associates Limited/CrossWorks for ARM 2.0/lib/libm_v4t_a_le.a(__float32_div.o)
 .bss           0x40004d60        0x0 C:/Program Files/Rowley Associates Limited/CrossWorks for ARM 2.0/lib/libm_v4t_a_le.a(__float32_cmp.o)
 .bss           0x40004d60        0x0 C:/Program Files/Rowley Associates Limited/CrossWorks for ARM 2.0/lib/libm_v4t_a_le.a(__float64_add.o)
 .bss           0x40004d60        0x0 C:/Program Files/Rowley Associates Limited/CrossWorks for ARM 2.0/lib/libm_v4t_a_le.a(__float64_mul.o)
 .bss           0x40004d60        0x0 C:/Program Files/Rowley Associates Limited/CrossWorks for ARM 2.0/lib/libm_v4t_a_le.a(__float64_div.o)
 .bss           0x40004d60        0x0 C:/Program Files/Rowley Associates Limited/CrossWorks for ARM 2.0/lib/libm_v4t_a_le.a(log.o)
 .bss           0x40004d60        0x0 C:/Program Files/Rowley Associates Limited/CrossWorks for ARM 2.0/lib/libm_v4t_a_le.a(__float64_cmp.o)