Archive member included because of file (symbol)

C:/Users/lukas/AppData/Local/Rowley Associates Limited/CrossWorks for ARM/packages/lib/liblpc2000_v4t_a_le.a(liblpc2000_lpc21xx_get_cclk.o)
                              ARM Flash Release/LPC210x.o (liblpc2000_lpc21xx_get_cclk)
C:/Users/lukas/AppData/Local/Rowley Associates Limited/CrossWorks for ARM/packages/lib/liblpc2000_v4t_a_le.a(liblpc2000_lpc21xx_get_pclk.o)
                              ARM Flash Release/LPC210x.o (liblpc2000_lpc21xx_get_pclk)
C:/Program Files/Rowley Associates Limited/CrossWorks for ARM 2.0/lib/libm_v4t_a_le.a(__int32_to_float32.o)
                              ARM Flash Release/logging.o (__floatsisf)
C:/Program Files/Rowley Associates Limited/CrossWorks for ARM 2.0/lib/libm_v4t_a_le.a(__int32_to_float64.o)
                              ARM Flash Release/logging.o (__floatsidf)
C:/Program Files/Rowley Associates Limited/CrossWorks for ARM 2.0/lib/libm_v4t_a_le.a(__uint32_to_float32.o)
                              ARM Flash Release/dac.o (__floatunsisf)
C:/Program Files/Rowley Associates Limited/CrossWorks for ARM 2.0/lib/libm_v4t_a_le.a(__float32_to_int32.o)
                              ARM Flash Release/logging.o (__fixsfsi)
C:/Program Files/Rowley Associates Limited/CrossWorks for ARM 2.0/lib/libm_v4t_a_le.a(__float32_to_uint32.o)
                              ARM Flash Release/dac.o (__fixunssfsi)
C:/Program Files/Rowley Associates Limited/CrossWorks for ARM 2.0/lib/libm_v4t_a_le.a(__float64_to_int32.o)
                              ARM Flash Release/logging.o (__fixdfsi)
C:/Program Files/Rowley Associates Limited/CrossWorks for ARM 2.0/lib/libm_v4t_a_le.a(__float32_to_float64.o)
                              ARM Flash Release/logging.o (__extendsfdf2)
C:/Program Files/Rowley Associates Limited/CrossWorks for ARM 2.0/lib/libm_v4t_a_le.a(__float64_to_float32.o)
                              ARM Flash Release/logging.o (__truncdfsf2)
C:/Program Files/Rowley Associates Limited/CrossWorks for ARM 2.0/lib/libm_v4t_a_le.a(__float32_mul.o)
                              ARM Flash Release/dac.o (__mulsf3)
C:/Program Files/Rowley Associates Limited/CrossWorks for ARM 2.0/lib/libm_v4t_a_le.a(__float64_add.o)
                              ARM Flash Release/logging.o (__adddf3)
C:/Program Files/Rowley Associates Limited/CrossWorks for ARM 2.0/lib/libm_v4t_a_le.a(__float64_mul.o)
                              ARM Flash Release/logging.o (__muldf3)
C:/Program Files/Rowley Associates Limited/CrossWorks for ARM 2.0/lib/libm_v4t_a_le.a(__float64_div.o)
                              ARM Flash Release/logging.o (__divdf3)
C:/Program Files/Rowley Associates Limited/CrossWorks for ARM 2.0/lib/libm_v4t_a_le.a(log.o)
                              ARM Flash Release/logging.o (log)
C:/Program Files/Rowley Associates Limited/CrossWorks for ARM 2.0/lib/libm_v4t_a_le.a(__float64_cmp.o)
                              C:/Program Files/Rowley Associates Limited/CrossWorks for ARM 2.0/lib/libm_v4t_a_le.a(log.o) (__eqdf2)
C:/Program Files/Rowley Associates Limited/CrossWorks for ARM 2.0/lib/libm_v4t_a_le.a(__float64_isnan.o)
                              C:/Program Files/Rowley Associates Limited/CrossWorks for ARM 2.0/lib/libm_v4t_a_le.a(log.o) (__float64_isnan)
C:/Program Files/Rowley Associates Limited/CrossWorks for ARM 2.0/lib/libm_v4t_a_le.a(__float64_infinity.o)
                              C:/Program Files/Rowley Associates Limited/CrossWorks for ARM 2.0/lib/libm_v4t_a_le.a(log.o) (__float64_infinity)
C:/Program Files/Rowley Associates Limited/CrossWorks for ARM 2.0/lib/libm_v4t_a_le.a(__float64_nan.o)
                              C:/Program Files/Rowley Associates Limited/CrossWorks for ARM 2.0/lib/libm_v4t_a_le.a(log.o) (__float64_nan)
C:/Program Files/Rowley Associates Limited/CrossWorks for ARM 2.0/lib/libm_v4t_a_le.a(__poly1_eval.o)
                              C:/Program Files/Rowley Associates Limited/CrossWorks for ARM 2.0/lib/libm_v4t_a_le.a(log.o) (__poly1_eval)
C:/Program Files/Rowley Associates Limited/CrossWorks for ARM 2.0/lib/libm_v4t_a_le.a(__poly_eval.o)
                              C:/Program Files/Rowley Associates Limited/CrossWorks for ARM 2.0/lib/libm_v4t_a_le.a(log.o) (__poly_eval)
C:/Program Files/Rowley Associates Limited/CrossWorks for ARM 2.0/lib/libm_v4t_a_le.a(frexp.o)
                              C:/Program Files/Rowley Associates Limited/CrossWorks for ARM 2.0/lib/libm_v4t_a_le.a(log.o) (frexp)
C:/Program Files/Rowley Associates Limited/CrossWorks for ARM 2.0/lib/libm_v4t_a_le.a(ldexp.o)
                              C:/Program Files/Rowley Associates Limited/CrossWorks for ARM 2.0/lib/libm_v4t_a_le.a(log.o) (ldexp)
C:/Program Files/Rowley Associates Limited/CrossWorks for ARM 2.0/lib/libc_v4t_a_le.a(__int32_umod.o)
                              ARM Flash Release/printf-stdarg.o (__umodsi3)
[...]
Memory Configuration

Name             Origin             Length             Attributes
UNPLACED_SECTIONS 0xffffffff         0x00000000         xw
AHB_Peripherals  0xffe00000         0x00200000         xw
APB_Peripherals  0xe0000000         0x00200000         xw
USB_DMA_RAM      0x7fd00000         0x00002000         xw
SRAM             0x40000000         0x00008000         xw
FLASH            0x00000000         0x00080000         xr
*default*        0x00000000         0xffffffff

Linker script and memory map

                0xffe00000                __AHB_Peripherals_segment_start__ = 0xffe00000
                0x00000000                __AHB_Peripherals_segment_end__ = 0x0
                0xe0000000                __APB_Peripherals_segment_start__ = 0xe0000000
                0xe0200000                __APB_Peripherals_segment_end__ = 0xe0200000
                0x7fd00000                __USB_DMA_RAM_segment_start__ = 0x7fd00000
                0x7fd02000                __USB_DMA_RAM_segment_end__ = 0x7fd02000
                0x40000000                __SRAM_segment_start__ = 0x40000000
                0x40008000                __SRAM_segment_end__ = 0x40008000
                0x00000000                __FLASH_segment_start__ = 0x0
                0x00080000                __FLASH_segment_end__ = 0x80000
                0x00000400                __STACKSIZE__ = 0x400
                0x00000400                __STACKSIZE_IRQ__ = 0x400
                0x00000008                __STACKSIZE_FIQ__ = 0x8
                0x00000100                __STACKSIZE_SVC__ = 0x100
                0x00000008                __STACKSIZE_ABT__ = 0x8
                0x00000008                __STACKSIZE_UND__ = 0x8
                0x00000400                __HEAPSIZE__ = 0x400
                0x40000000                __vectors_ram_load_start__ = __SRAM_segment_start__

.vectors_ram    0x40000000       0x3c
                0x40000000                __vectors_ram_start__ = .
 *(.vectors_ram .vectors_ram.*)
                0x4000003c                . = MAX ((__vectors_ram_start__ + 0x3c), .)
 *fill*         0x40000000       0x3c 00
                0x4000003c                __vectors_ram_end__ = (__vectors_ram_start__ + SIZEOF (.vectors_ram))
                0x4000003c                __vectors_ram_load_end__ = __vectors_ram_end__
                0x00000001                . = ASSERT (((__vectors_ram_end__ >= __SRAM_segment_start__) && (__vectors_ram_end__ <= (__SRAM_segment_start__ + 0x8000))), error: .vectors_ram is too large to fit in SRAM memory segment)
                0x00000000                __vectors_load_start__ = __FLASH_segment_start__

.vectors        0x00000000       0x38
                0x00000000                __vectors_start__ = .
 *(.vectors .vectors.*)
 .vectors       0x00000000       0x38 ARM Flash Release/Philips_LPC210X_Startup.o
                0x00000000                _vectors
                0x00000038                __vectors_end__ = (__vectors_start__ + SIZEOF (.vectors))
                0x00000038                __vectors_load_end__ = __vectors_end__
                0x00000001                . = ASSERT (((__vectors_end__ >= __FLASH_segment_start__) && (__vectors_end__ <= (__FLASH_segment_start__ + 0x80000))), error: .vectors is too large to fit in FLASH memory segment)
                0x00000038                __init_load_start__ = ALIGN (__vectors_end__, 0x4)

.init           0x00000038      0x260
                0x00000038                __init_start__ = .
 *(.init .init.*)
 *fill*         0x00000038        0x8 00
 .init          0x00000040      0x1d0 ARM Flash Release/crt0.o
                0x00000040                _start
                0x00000040                __start
 .init          0x00000210       0x88 ARM Flash Release/Philips_LPC210X_Startup.o
                0x00000210                reset_handler
                0x0000027c                undef_handler
                0x00000284                pabort_handler
                0x00000288                dabort_handler
                0x0000028c                fiq_handler
                0x00000298                __init_end__ = (__init_start__ + SIZEOF (.init))
                0x00000298                __init_load_end__ = __init_end__
                0x00000001                . = ASSERT (((__init_end__ >= __FLASH_segment_start__) && (__init_end__ <= (__FLASH_segment_start__ + 0x80000))), error: .init is too large to fit in FLASH memory segment)
                0x00000298                __text_load_start__ = ALIGN (__init_end__, 0x4)

.text           0x00000298    0x1744c
                0x00000298                __text_start__ = .
 *(.text .text.* .glue_7t .glue_7 .gnu.linkonce.t.* .gcc_except_table)
 .glue_7        0x00000000        0x0 linker stubs
 .glue_7t       0x00000000        0x0 linker stubs
 .text          0x00000298       0xd4 ARM Flash Release/main.o
                0x00000298                vApplicationStackOverflowHook
                0x0000029c                __putchar
                0x000002b8                main
 .text          0x0000036c      0x5f4 ARM Flash Release/adc.o
                0x0000036c                adcRead0_1
                0x000003cc                adcRead0_2
                0x0000042c                adcRead0_3
                0x0000048c                adcRead0_4
                0x000004ec                adcRead1_1
                0x0000054c                adcRead1_3
                0x000005ac                adcRead1_4
                0x0000060c                adcRead1_6
                0x0000066c                adcRead1_7
                0x000006cc                adcInit0_1
                0x00000710                adcInit0_2
                0x00000754                adcInit0_2_6bit
                0x00000798                adcInit0_3
                0x000007dc                adcInit0_4
                0x00000820                adcInit1_1
                0x00000860                adcInit1_3
                0x000008a0                adcInit1_4
                0x000008e0                adcInit1_6
                0x00000920                adcInit1_7
 .text          0x00000960       0xd8 ARM Flash Release/cpu.o
                0x00000960                cpuSetupHardware
                0x00000a10                cpuPLLDisable
 .text          0x00000a38       0x60 ARM Flash Release/i2c.o
                0x00000a38                i2cGetErrno
                0x00000a48                i2cStrerror
 .text          0x00000a98      0x9b0 ARM Flash Release/i2cInt.o
                0x00000ed8                i2cInit
                0x00001004                i2cSetTimeout
                0x00001178                i2cWriteReadBuffer
                0x000011c0                i2cReadBuffer
                0x0000120c                i2cWriteBuffer
                0x0000134c                i2cWriteReadBufferPoll
                0x00001398                i2cWriteBufferPoll
                0x000013e4                i2cDump
 .text          0x00001448      0x1a4 ARM Flash Release/pwm.o
                0x00001448                pwmDutyCycle
                0x000014b0                pwmPulseWidthInMicroseconds
                0x000014e8                pwmFrequency
                0x00001560                pwmInit
 .text          0x000015ec       0x9c ARM Flash Release/spi.o
                0x000015ec                spiInit
                0x00001654                spiPut
 .text          0x00001688      0x2ac ARM Flash Release/uart0.o
                0x00001688                uart0Deinit
                0x000016bc                uart0GetRxQueue
                0x000016d0                uart0GetChar
                0x00001704                uart0PutChar
                0x000017c8                uart0PutString
                0x00001810                uart0Init
 .text          0x00001934      0x290 ARM Flash Release/uart0ISR.o
                0x00001934                uart0ISRCreateQueues
                0x00001b14                uart0ISR
 .text          0x00001bc4      0x2ac ARM Flash Release/uart1.o
                0x00001bc4                uart1Deinit
                0x00001bf8                uart1GetRxQueue
                0x00001c0c                uart1GetChar
                0x00001c40                uart1PutChar
                0x00001d04                uart1PutString
                0x00001d4c                uart1Init
 .text          0x00001e70      0x290 ARM Flash Release/uart1ISR.o
                0x00001e70                uart1ISRCreateQueues
                0x00002050                uart1ISR
 .text          0x00002100      0x21c ARM Flash Release/usbcontrol.o
                0x00002134                usbRegisterRequestHandler
                0x000021ac                usbHandleControlTransfer
 .text          0x0000231c       0x74 ARM Flash Release/usbinit.o
                0x00002320                usbRegisterHandlers
 .text          0x00002390      0x6c0 ARM Flash Release/usbISR.o
                0x00002460                usbHardwareEndpointConfig
                0x000024b8                usbHardwareRegisterEPIntHandler
                0x000024fc                usbHardwareRegisterDevIntHandler
                0x00002520                usbHardwareRegisterFrameHandler
                0x00002544                usbHardwareSetAddress
                0x00002564                usbHardwareConnect
                0x00002580                usbHardwareNakIntEnable
                0x00002598                usbHardwareEndpointIsStalled
                0x000025bc                usbHardwareEndpointStall
                0x000025e8                usbHardwareEndpointWrite
                0x00002688                usbHardwareEndpointRead
                0x0000273c                usbHardwareConfigDevice
                0x00002758                usbSetupInterruptHandler
                0x00002788                usbHardwareInit
                0x0000285c                usbISR
 .text          0x00002a50      0x354 ARM Flash Release/usbstdreq.o
                0x00002a50                usbRegisterDescriptors
                0x00002a60                usbGetDescriptor
                0x00002aec                usbRegisterCustomReqHandler
                0x00002afc                usbHandleStandardRequest
 .text          0x00002da4      0x388 ARM Flash Release/usbser.o
                0x00002da4                usbserGetRxQueue
                0x00002de0                usbserInit
                0x00003018                usbserGetChar
                0x00003060                usbserPutChar
                0x000030bc                usbserPutString
 .text          0x0000312c      0x8e0 ARM Flash Release/rtc.o
                0x0000312c                rtcSetAlarm
                0x000031d0                rtcSetAlarmCIIR
                0x00003224                rtcPeriodicAlarm
                0x000032ac                rtcIs5minInt
                0x000032c0                getMonthLength
                0x000034b8                getRtcRead
                0x000034cc                rtcGetEpochSecondsLuk
                0x000034f8                rtcGetEpochSeconds
                0x00003654                time
                0x00003668                rtcGetAlarmTm
                0x00003750                rtcGetAlarmEpochSeconds
                0x00003770                rtcSetEpochSeconds
                0x00003850                rtcInit
 .text          0x00003a0c      0x1ec ARM Flash Release/rtcISR.o
                0x00003a0c                rtcISRInit
                0x00003b48                rtcISR
 .text          0x00003bf8       0x28 ARM Flash Release/reset.o
                0x00003bf8                reset
 .text          0x00003c20       0xa4 ARM Flash Release/eint0.o
                0x00003c20                eint0Deinit
                0x00003c44                eint0Init
 .text          0x00003cc4       0xc4 ARM Flash Release/eint0ISR.o
                0x00003cc4                eint0ISR
 .text          0x00003d88       0xa4 ARM Flash Release/eint2.o
                0x00003d88                eint2Deinit
                0x00003dac                eint2Init
 .text          0x00003e2c       0xd8 ARM Flash Release/eint2ISR.o
                0x00003e54                eint2ISR
 .text          0x00003f04       0xa8 ARM Flash Release/eint3.o
                0x00003f04                eint3Deinit
                0x00003f2c                eint3Init
 .text          0x00003fac       0xc8 ARM Flash Release/eint3ISR.o
                0x00003fac                eint3ISR
 .text          0x00004074       0xa0 ARM Flash Release/eint1.o
                0x00004074                eint1Deinit
                0x00004098                eint1Init
 .text          0x00004114      0x108 ARM Flash Release/eint1ISR.o
                0x00004114                eint1ISR
 .text          0x0000421c      0x174 ARM Flash Release/beep.o
                0x0000421c                beepOn
                0x000042a4                beepOff
                0x0000433c                beepA_TEAM_THEME
                0x00004358                beepSMOTW
                0x00004374                beepMHALL
 .text          0x00004390      0x310 ARM Flash Release/timer.o
                0x00004390                timer1Init
                0x000043a8                clrWindPeriod
                0x000043bc                setWindPeriod
                0x000043d4                getWindPeriod
                0x000043ec                getFIntCount
                0x000043fc                clrFIntCount
                0x00004410                getVal
                0x00004420                timer1ISR
                0x000045ec                capture13Init
 .text          0x000046a0       0xb8 ARM Flash Release/dac.o
                0x000046a0                dacInit
                0x000046c8                dacSet
                0x00004704                dacSetMV
 .text          0x00004758      0x2d4 ARM Flash Release/args.o
                0x00004758                argsParse
                0x000048c4                argsGetLine
 .text          0x00004a2c      0x11c ARM Flash Release/argsdispatch.o
                0x00004a2c                argsDispatch
 .text          0x00004b48     0x15e4 ARM Flash Release/monitor.o
                0x00004b60                monitorTaskStart
                0x000060c4                get_fattime
 .text          0x0000612c      0x524 ARM Flash Release/printf-stdarg.o
                0x0000612c                write
                0x000065b8                snprintf
                0x000065ec                sprintf
                0x00006620                printf
 .text          0x00006650      0x124 ARM Flash Release/leds.o
                0x00006650                ledsSetDelay
                0x00006668                ledsGetDelay
                0x00006678                ledsTaskStop
                0x000066cc                ledsTaskStart
 .text          0x00006774      0x22c ARM Flash Release/tcs3414.o
                0x00006778                tcs3414TaskStart
                0x0000681c                tcs3414GetICRevision
                0x00006840                tcs3414GetColour
                0x00006954                tcs3414Init
 .text          0x000069a0      0x984 ARM Flash Release/mmc.o
                0x000069a0                mmcWriteProtect
                0x000069b0                mmcDecodeCSD
                0x000069c8                mmcDumpCSD
                0x000069e0                mmcCardPresent
                0x00006bbc                mmcVerify
                0x00006cfc                mmcReadCardInfo
                0x00006dd8                mmcInitMedia
                0x00007124                mmcWrite
                0x0000722c                mmcRead
                0x00007308                mmcWaitReady
 .text          0x00007324      0x3b0 ARM Flash Release/ssp.o
                0x00007324                sspHardwareCardPresent
                0x00007340                sspHardwareWriteProtected
                0x0000736c                sspChipSelect
                0x000073fc                sspSetClockFreq
                0x00007450                sspInit
                0x00007508                sspTransferByte
                0x00007550                sspWaitReady
                0x00007584                sspSendBlock
                0x000075d8                sspReceiveBlock
                0x0000768c                sspDelay1ms
 .text          0x000076d4        0x0 ARM Flash Release/Lcd204_4.o
 .text          0x000076d4      0x104 ARM Flash Release/xbee.o
                0x000076d4                xbeeInit
 .text          0x000077d8      0x630 ARM Flash Release/logging.o
                0x000077d8                fillSlogEntryItem
                0x0000780c                setWsPrice
                0x0000781c                init_daysLogging
                0x00007830                incr_daysLogging
                0x00007854                b_itoab
                0x00007924                luk_strcpy
                0x00007944                setWindFrequency
                0x00007968                getWindFrequency
                0x000079dc                clrWindFrequency
                0x000079f0                getWindSpeed
                0x00007a70                nrOfDigits
                0x00007aa4                getDateTime
                0x00007af8                fs_init
                0x00007b48                appendToLog
                0x00007c28                initLog
                0x00007ca4                trackLogTaskStop
                0x00007cd8                trackLogTaskStart
                0x00007d24                trackLog
                0x00007d68                getLogFilename
 .text          0x00007e08      0x7b8 ARM Flash Release/meas_sm.o
                0x00007e08                set_measure
                0x00007e1c                clr_measure
                0x00007e30                get_measure
                0x00007e40                set_trackLog
                0x00007e54                clr_trackLog
                0x00007e68                get_trackLog
                0x00007e78                get_pumpLastControlSignalOn
                0x00007e94                clr_pumpLastControlSignalOn
                0x00007ea8                getMeasure_timestamp_diff
                0x00007ec4                clr_valuesReceived
                0x00007ed8                set_valuesReceived
                0x00007eec                valuesReceived
                0x00007efc                stopMeasure
                0x00007f10                startMeasure
                0x00007f24                updateMeasure_timestamp
                0x00007f60                set_pumpLastControlSignalOn
                0x00007f88                MeasSMTaskStop
                0x00007fbc                measSMTaskStart
                0x00008008                meas_sm
 .text          0x000085c0      0x3dc ARM Flash Release/meas_task.o
                0x000085c0                meas_task_init
                0x00008650                measTaskStop
                0x00008684                measTaskStart
                0x000086d0                doMeasure
                0x00008768                meas_winddirection
                0x0000889c                meas_windspeed
 .text          0x0000899c        0x0 ARM Flash Release/crt0.o
 .text          0x0000899c        0x0 ARM Flash Release/Philips_LPC210X_Startup.o
 .text          0x0000899c       0xc8 ARM Flash Release/LPC210x.o
                0x000089cc                ctl_get_ticks_per_second
                0x000089d4                ctl_start_timer
 .text          0x00008a64      0x1b0 ARM Flash Release/VIC.o
                0x00008a64                ctl_set_isr
                0x00008be4                ctl_unmask_isr
                0x00008bfc                ctl_mask_isr
 .text          0x00008c14       0x44 ARM Flash Release/VIC_irq_handler.o
                0x00008c14                irq_handler
 .text          0x00008c58      0x22c ARM Flash Release/portISR.o
                0x00008c58                vPortISRStartFirstTask
                0x00008ca4                vTickISR
                0x00008d64                vPortEnterCritical
                0x00008d90                vPortExitCritical
                0x00008dd8                swi_handler
 .text          0x00008e84      0x18c ARM Flash Release/port.o
                0x00008e84                pxPortInitialiseStack
                0x00008f90                vPortEndScheduler
                0x00008f94                xPortStartScheduler
 .text          0x00009010      0x1b4 ARM Flash Release/heap_2.o
                0x00009010                xPortGetFreeHeapSize
                0x00009020                vPortInitialiseBlocks
                0x00009024                vPortFree
                0x00009088                pvPortMalloc
 .text          0x000091c4     0x1410 ARM Flash Release/tasks.o
                0x000091c4                xTaskIsTaskSuspended
                0x00009200                vTaskSuspendAll
                0x00009218                uxTaskGetNumberOfTasks
                0x00009228                vTaskSetTimeOutState
                0x00009244                vTaskMissedYield
                0x00009258                usTaskCheckFreeStackSpace
                0x0000928c                uxTaskGetStackHighWaterMark
                0x000092b0                xTaskGetCurrentTaskHandle
                0x000092c0                vTaskPriorityDisinherit
                0x00009334                vTaskPriorityInherit
                0x000093e8                xTaskRemoveFromEventList
                0x00009498                vTaskIncrementTick
                0x000095a4                xTaskResumeFromISR
                0x0000964c                prvDeleteTCB
                0x0000966c                prvListTaskWithinSingleList
                0x00009728                prvAllocateTCBAndStack
                0x00009784                xTaskCheckForTimeOut
                0x00009820                ulTaskEndTrace
                0x00009860                vTaskStartTrace
                0x000098b8                xTaskGetTickCount
                0x000098dc                xTaskResumeAll
                0x00009a20                vTaskList
                0x00009b34                prvCheckTasksWaitingTermination
                0x00009bc0                prvIdleTask
                0x00009bd0                vTaskResume
                0x00009c6c                vTaskSuspend
                0x00009ce8                vTaskPrioritySet
                0x00009dd8                uxTaskPriorityGet
                0x00009e08                vTaskDelete
                0x00009eac                prvInitialiseTaskLists
                0x00009f34                prvInitialiseTCBVariables
                0x00009f8c                vTaskPlaceOnEventList
                0x0000a038                vTaskDelay
                0x0000a0c8                vTaskDelayUntil
                0x0000a1b8                vTaskSwitchContext
                0x0000a3a4                vTaskEndScheduler
                0x0000a3d8                xTaskGenericCreate
                0x0000a55c                vTaskStartScheduler
 .text          0x0000a5d4      0xb54 ARM Flash Release/queue.o
                0x0000a5d4                uxQueueMessagesWaitingFromISR
                0x0000a5dc                xQueueIsQueueEmptyFromISR
                0x0000a5ec                xQueueIsQueueFullFromISR
                0x0000a604                vQueueAddToRegistry
                0x0000a650                vQueueDelete
                0x0000a6bc                uxQueueMessagesWaiting
                0x0000a77c                xQueueReceiveFromISR
                0x0000a7f4                xQueueAltGenericReceive
                0x0000aa34                xQueueGenericReceive
                0x0000abec                xQueueTakeMutexRecursive
                0x0000acfc                xQueueGenericSendFromISR
                0x0000ad70                xQueueAltGenericSend
                0x0000ae78                xQueueGenericSend
                0x0000afc4                xQueueGiveMutexRecursive
                0x0000b018                xQueueCreateMutex
                0x0000b08c                xQueueCreate
 .text          0x0000b128      0x108 ARM Flash Release/list.o
                0x0000b128                vListInitialise
                0x0000b14c                vListInitialiseItem
                0x0000b158                vListInsertEnd
                0x0000b190                vListInsert
                0x0000b1f0                vListRemove
 .text          0x0000b230      0x71c ARM Flash Release/dhcpc.o
                0x0000b254                dhcpc_request
                0x0000b574                dhcpc_appcall
                0x0000b8d4                dhcpc_init
 .text          0x0000b94c      0x2b4 ARM Flash Release/sntp.o
                0x0000b94c                sntp_appcall
                0x0000bb90                sntpSync
 .text          0x0000bc00      0x604 ARM Flash Release/telnetd.o
                0x0000bc1c                telnetdDisconnect
                0x0000bdd8                telnetd_appcall
                0x0000c104                telnetd_init
                0x0000c168                telnetdPutChar
 .text          0x0000c204      0x9c4 ARM Flash Release/httpd.o
                0x0000c204                httpd_init
                0x0000caac                httpd_appcall
 .text          0x0000cbc8      0x448 ARM Flash Release/httpd-cgi.o
                0x0000cbd8                httpd_cgi
 .text          0x0000d010      0x174 ARM Flash Release/httpd-fs.o
                0x0000d084                httpd_fs_open
                0x0000d104                httpd_fs_init
                0x0000d128                httpd_fs_count
 .text          0x0000d184        0x0 ARM Flash Release/http-strings.o
 .text          0x0000d184      0x88c ARM Flash Release/enc28j60.o
                0x0000d228                enc28j60WaitForData
                0x0000d3ac                enc28j60Send
                0x0000d528                enc28j60Deinit
                0x0000d548                enc28j60Init
                0x0000d8a8                enc28j60Receive
 .text          0x0000da10      0x124 ARM Flash Release/memb.o
                0x0000da10                memb_alloc
                0x0000da80                memb_free
                0x0000dafc                memb_init
 .text          0x0000db34      0x608 ARM Flash Release/psock.o
                0x0000dbcc                psock_datalen
                0x0000dbe4                psock_newdata
                0x0000dc20                psock_readto
                0x0000dd8c                psock_init
                0x0000ddc8                psock_readbuf
                0x0000dfd4                psock_generator_send
                0x0000e0a4                psock_send
 .text          0x0000e13c     0x1e30 ARM Flash Release/uip.o
                0x0000e13c                uip_setipid
                0x0000e14c                uip_init
                0x0000e1b8                uip_unlisten
                0x0000e264                uip_listen
                0x0000e30c                htons
                0x0000e324                uip_connect
                0x0000e4ec                htonl
                0x0000e514                uip_iszeroaddr
                0x0000e534                uip_send
                0x0000e5d8                uip_process
                0x0000fc2c                uip_udp_new
                0x0000fd98                uip_printstats
 .text          0x0000ff6c      0x444 ARM Flash Release/uip_arch.o
                0x0000ff6c                uip_add32
                0x000100d8                uip_udpchksum
                0x00010134                uip_chksum
                0x00010220                uip_ipchksum
                0x0001023c                uip_tcpchksum
 .text          0x000103b0      0x768 ARM Flash Release/uip_arp.o
                0x0001054c                uip_arp_ipin
                0x000105e4                uip_arp_arpin
                0x000107a4                uip_arp_out
                0x00010a20                uip_arp_timer
                0x00010abc                uip_arp_init
 .text          0x00010b18       0x70 ARM Flash Release/uip_timer.o
                0x00010b18                timer_reset
                0x00010b28                timer_expired
                0x00010b54                timer_restart
                0x00010b6c                timer_set
 .text          0x00010b88      0x41c ARM Flash Release/uip-fw.o
                0x00010b88                uip_fw_init
                0x00010bc4                uip_fw_output
                0x00010d04                uip_fw_register
                0x00010d1c                uip_fw_default
                0x00010d2c                uip_fw_periodic
                0x00010d74                uip_fw_forward
 .text          0x00010fa4       0x98 ARM Flash Release/uiplib.o
                0x00010fa4                uiplib_ipaddrconv
 .text          0x0001103c      0x1e4 ARM Flash Release/uip-neighbor.o
                0x0001103c                uip_neighbor_init
                0x00011060                uip_neighbor_periodic
                0x000110e0                uip_neighbor_update
                0x000110fc                uip_neighbor_lookup
                0x00011118                uip_neighbor_add
 .text          0x00011220       0x10 ARM Flash Release/clock.o
                0x00011220                clock_time
 .text          0x00011230      0x3d0 ARM Flash Release/uiptask.o
                0x00011230                uipIsRunning
                0x00011248                dispatch_tcp_appcall
                0x0001124c                dispatch_udp_appcall
                0x00011250                dhcpc_configured
                0x00011254                uipStop
                0x00011290                uipStart
                0x000115c8                uipFastPoll
 .text          0x00011600      0x3ac ARM Flash Release/disk.o
                0x00011600                diskShutdown
                0x0001161c                diskStatus
                0x0001162c                diskErrorText
                0x0001167c                diskErrorTextPrint
                0x000116a4                diskPresent
                0x000116b4                diskIoctl
                0x0001182c                diskWrite
                0x0001188c                diskRead
                0x000118d8                diskInitialize
 .text          0x000119ac     0x2dc8 ARM Flash Release/ff.o
                0x00011b20                f_ferrorlookup
                0x00011b70                f_mount
                0x00011bcc                f_mkfs
                0x00012bcc                f_readdir
                0x00012c88                f_lseek
                0x00012e80                f_write
                0x00013130                f_read
                0x0001380c                f_getfree
                0x00013c74                f_rename
                0x00013d9c                f_chmod
                0x00013e2c                f_unlink
                0x00013fa8                f_stat
                0x0001401c                f_opendir
                0x000140d8                f_mkdir
                0x00014340                f_sync
                0x0001444c                f_close
                0x0001446c                f_open
                0x0001474c                f_printerror
 .text          0x00014774        0x0 C:/Users/lukas/AppData/Local/Rowley Associates Limited/CrossWorks for ARM/packages/lib/liblpc2000_v4t_a_le.a(liblpc2000_lpc21xx_get_cclk.o)
 .text.liblpc2000
                0x00014774       0x30 C:/Users/lukas/AppData/Local/Rowley Associates Limited/CrossWorks for ARM/packages/lib/liblpc2000_v4t_a_le.a(liblpc2000_lpc21xx_get_cclk.o)
                0x00014774                liblpc2000_lpc21xx_get_cclk
                0x00014774                liblpc2000_get_cclk
 .text          0x000147a4        0x0 C:/Users/lukas/AppData/Local/Rowley Associates Limited/CrossWorks for ARM/packages/lib/liblpc2000_v4t_a_le.a(liblpc2000_lpc21xx_get_pclk.o)
 .text.liblpc2000
                0x000147a4       0x2c C:/Users/lukas/AppData/Local/Rowley Associates Limited/CrossWorks for ARM/packages/lib/liblpc2000_v4t_a_le.a(liblpc2000_lpc21xx_get_pclk.o)
                0x000147a4                liblpc2000_lpc21xx_get_pclk
                0x000147a4                liblpc2000_get_pclk
 .text          0x000147d0        0x0 C:/Program Files/Rowley Associates Limited/CrossWorks for ARM 2.0/lib/libm_v4t_a_le.a(__int32_to_float32.o)
 .text.libc     0x000147d0       0x70 C:/Program Files/Rowley Associates Limited/CrossWorks for ARM 2.0/lib/libm_v4t_a_le.a(__int32_to_float32.o)
                0x000147d0                __int32_to_float32
                0x000147d0                __floatsisf
                0x000147d0                __aeabi_i2f
                0x000147e4                __int32_to_float32_common
 .text          0x00014840        0x0 C:/Program Files/Rowley Associates Limited/CrossWorks for ARM 2.0/lib/libm_v4t_a_le.a(__int32_to_float64.o)
 .text.libc     0x00014840       0x70 C:/Program Files/Rowley Associates Limited/CrossWorks for ARM 2.0/lib/libm_v4t_a_le.a(__int32_to_float64.o)
                0x00014840                __aeabi_i2d
                0x00014840                __int32_to_float64
                0x00014840                __floatsidf
 .text          0x000148b0        0x0 C:/Program Files/Rowley Associates Limited/CrossWorks for ARM 2.0/lib/libm_v4t_a_le.a(__uint32_to_float32.o)
 .text.libc     0x000148b0       0x10 C:/Program Files/Rowley Associates Limited/CrossWorks for ARM 2.0/lib/libm_v4t_a_le.a(__uint32_to_float32.o)
                0x000148b0                __aeabi_ui2f
                0x000148b0                __floatunsisf
                0x000148b0                __uint32_to_float32
 .text          0x000148c0        0x0 C:/Program Files/Rowley Associates Limited/CrossWorks for ARM 2.0/lib/libm_v4t_a_le.a(__float32_to_int32.o)
 .text.libc     0x000148c0       0x50 C:/Program Files/Rowley Associates Limited/CrossWorks for ARM 2.0/lib/libm_v4t_a_le.a(__float32_to_int32.o)
                0x000148c0                __float32_to_int32
                0x000148c0                __aeabi_f2iz
                0x000148c0                __fixsfsi
 .text          0x00014910        0x0 C:/Program Files/Rowley Associates Limited/CrossWorks for ARM 2.0/lib/libm_v4t_a_le.a(__float32_to_uint32.o)
 .text.libc     0x00014910       0x40 C:/Program Files/Rowley Associates Limited/CrossWorks for ARM 2.0/lib/libm_v4t_a_le.a(__float32_to_uint32.o)
                0x00014910                __aeabi_f2uiz
                0x00014910                __fixunssfsi
                0x00014910                __float32_to_uint32
 .text          0x00014950        0x0 C:/Program Files/Rowley Associates Limited/CrossWorks for ARM 2.0/lib/libm_v4t_a_le.a(__float64_to_int32.o)
 .text.libc     0x00014950       0x60 C:/Program Files/Rowley Associates Limited/CrossWorks for ARM 2.0/lib/libm_v4t_a_le.a(__float64_to_int32.o)
                0x00014950                __aeabi_d2iz
                0x00014950                __float64_to_int32
                0x00014950                __fixdfsi
 .text          0x000149b0        0x0 C:/Program Files/Rowley Associates Limited/CrossWorks for ARM 2.0/lib/libm_v4t_a_le.a(__float32_to_float64.o)
 .text.libc     0x000149b0       0x40 C:/Program Files/Rowley Associates Limited/CrossWorks for ARM 2.0/lib/libm_v4t_a_le.a(__float32_to_float64.o)
                0x000149b0                __float32_to_float64
                0x000149b0                __aeabi_f2d
                0x000149b0                __extendsfdf2
 .text          0x000149f0        0x0 C:/Program Files/Rowley Associates Limited/CrossWorks for ARM 2.0/lib/libm_v4t_a_le.a(__float64_to_float32.o)
 .text.libc     0x000149f0       0x80 C:/Program Files/Rowley Associates Limited/CrossWorks for ARM 2.0/lib/libm_v4t_a_le.a(__float64_to_float32.o)
                0x000149f0                __truncdfsf2
                0x000149f0                __float64_to_float32
                0x000149f0                __aeabi_d2f
 .text          0x00014a70        0x0 C:/Program Files/Rowley Associates Limited/CrossWorks for ARM 2.0/lib/libm_v4t_a_le.a(__float32_mul.o)
 .text.libc     0x00014a70      0x100 C:/Program Files/Rowley Associates Limited/CrossWorks for ARM 2.0/lib/libm_v4t_a_le.a(__float32_mul.o)
                0x00014a70                __mulsf3
                0x00014a70                __float32_mul
 .text          0x00014b70        0x0 C:/Program Files/Rowley Associates Limited/CrossWorks for ARM 2.0/lib/libm_v4t_a_le.a(__float64_add.o)
 .text.libc     0x00014b70      0x350 C:/Program Files/Rowley Associates Limited/CrossWorks for ARM 2.0/lib/libm_v4t_a_le.a(__float64_add.o)
                0x00014b70                __aeabi_drsub
                0x00014b78                __aeabi_dsub
                0x00014b78                __float64_sub
                0x00014b78                __subdf3
                0x00014b7c                __aeabi_dadd
                0x00014b7c                __float64_add
                0x00014b7c                __adddf3
 .text          0x00014ec0        0x0 C:/Program Files/Rowley Associates Limited/CrossWorks for ARM 2.0/lib/libm_v4t_a_le.a(__float64_mul.o)
 .text.libc     0x00014ec0      0x1b0 C:/Program Files/Rowley Associates Limited/CrossWorks for ARM 2.0/lib/libm_v4t_a_le.a(__float64_mul.o)
                0x00014ec0                __muldf3
                0x00014ec0                __float64_mul
 .text          0x00015070        0x0 C:/Program Files/Rowley Associates Limited/CrossWorks for ARM 2.0/lib/libm_v4t_a_le.a(__float64_div.o)
 .text.libc     0x00015070      0x330 C:/Program Files/Rowley Associates Limited/CrossWorks for ARM 2.0/lib/libm_v4t_a_le.a(__float64_div.o)
                0x00015070                __divdf3
                0x00015070                __float64_div
                0x00015070                __aeabi_ddiv
 .text          0x000153a0        0x0 C:/Program Files/Rowley Associates Limited/CrossWorks for ARM 2.0/lib/libm_v4t_a_le.a(log.o)
 .text.libc     0x000153a0      0x2c0 C:/Program Files/Rowley Associates Limited/CrossWorks for ARM 2.0/lib/libm_v4t_a_le.a(log.o)
                0x000153a0                log
 .text          0x00015660        0x0 C:/Program Files/Rowley Associates Limited/CrossWorks for ARM 2.0/lib/libm_v4t_a_le.a(__float64_cmp.o)
 .text.libc     0x00015660       0x70 C:/Program Files/Rowley Associates Limited/CrossWorks for ARM 2.0/lib/libm_v4t_a_le.a(__float64_cmp.o)
                0x00015660                __eqdf2
                0x00015660                __gtdf2
                0x00015660                __ltdf2
                0x00015660                __ledf2
                0x00015660                __nedf2
                0x00015660                __gedf2
                0x00015660                __cmpdf2
 .text          0x000156d0        0x0 C:/Program Files/Rowley Associates Limited/CrossWorks for ARM 2.0/lib/libm_v4t_a_le.a(__float64_isnan.o)
 .text.libc     0x000156d0       0x20 C:/Program Files/Rowley Associates Limited/CrossWorks for ARM 2.0/lib/libm_v4t_a_le.a(__float64_isnan.o)
                0x000156d0                __float64_isnan
 .text          0x000156f0        0x0 C:/Program Files/Rowley Associates Limited/CrossWorks for ARM 2.0/lib/libm_v4t_a_le.a(__float64_infinity.o)
 .text.libc     0x000156f0        0x0 C:/Program Files/Rowley Associates Limited/CrossWorks for ARM 2.0/lib/libm_v4t_a_le.a(__float64_infinity.o)
 .text          0x000156f0        0x0 C:/Program Files/Rowley Associates Limited/CrossWorks for ARM 2.0/lib/libm_v4t_a_le.a(__float64_nan.o)
 .text.libc     0x000156f0        0x0 C:/Program Files/Rowley Associates Limited/CrossWorks for ARM 2.0/lib/libm_v4t_a_le.a(__float64_nan.o)
 .text          0x000156f0        0x0 C:/Program Files/Rowley Associates Limited/CrossWorks for ARM 2.0/lib/libm_v4t_a_le.a(__poly1_eval.o)
 .text.libc     0x000156f0       0x70 C:/Program Files/Rowley Associates Limited/CrossWorks for ARM 2.0/lib/libm_v4t_a_le.a(__poly1_eval.o)
                0x000156f0                __poly1_eval
 .text          0x00015760        0x0 C:/Program Files/Rowley Associates Limited/CrossWorks for ARM 2.0/lib/libm_v4t_a_le.a(__poly_eval.o)
 .text.libc     0x00015760       0x5c C:/Program Files/Rowley Associates Limited/CrossWorks for ARM 2.0/lib/libm_v4t_a_le.a(__poly_eval.o)
                0x00015760                __poly_eval
 .text          0x000157bc        0x0 C:/Program Files/Rowley Associates Limited/CrossWorks for ARM 2.0/lib/libm_v4t_a_le.a(frexp.o)
 .text.libc     0x000157bc       0x60 C:/Program Files/Rowley Associates Limited/CrossWorks for ARM 2.0/lib/libm_v4t_a_le.a(frexp.o)
                0x000157bc                frexp
 .text          0x0001581c        0x0 C:/Program Files/Rowley Associates Limited/CrossWorks for ARM 2.0/lib/libm_v4t_a_le.a(ldexp.o)
 .text.libc     0x0001581c       0x84 C:/Program Files/Rowley Associates Limited/CrossWorks for ARM 2.0/lib/libm_v4t_a_le.a(ldexp.o)
                0x0001581c                ldexp
 .text          0x000158a0        0x0 C:/Program Files/Rowley Associates Limited/CrossWorks for ARM 2.0/lib/libc_v4t_a_le.a(__int32_umod.o)
 .text.libc     0x000158a0       0x20 C:/Program Files/Rowley Associates Limited/CrossWorks for ARM 2.0/lib/libc_v4t_a_le.a(__int32_umod.o)
                0x000158a0                __int32_umod
                0x000158a0                __umodsi3
 .text          0x000158c0        0x0 C:/Program Files/Rowley Associates Limited/CrossWorks for ARM 2.0/lib/libc_v4t_a_le.a(__int32_div.o)
 .text.libc     0x000158c0       0x50 C:/Program Files/Rowley Associates Limited/CrossWorks for ARM 2.0/lib/libc_v4t_a_le.a(__int32_div.o)
                0x000158c0                __divsi3
                0x000158c0                __int32_div
 .text          0x00015910        0x0 C:/Program Files/Rowley Associates Limited/CrossWorks for ARM 2.0/lib/libc_v4t_a_le.a(__int32_udivmod.o)
 .text.libc     0x00015910       0x30 C:/Program Files/Rowley Associates Limited/CrossWorks for ARM 2.0/lib/libc_v4t_a_le.a(__int32_udivmod.o)
                0x00015910                __int32_udivmod
                0x00015910                __udivsi3
                0x00015910                __int32_udiv
 .text          0x00015940        0x0 C:/Program Files/Rowley Associates Limited/CrossWorks for ARM 2.0/lib/libc_v4t_a_le.a(strlen.o)
 .text.libc     0x00015940       0x90 C:/Program Files/Rowley Associates Limited/CrossWorks for ARM 2.0/lib/libc_v4t_a_le.a(strlen.o)
                0x00015940                strlen
 .text          0x000159d0        0x0 C:/Program Files/Rowley Associates Limited/CrossWorks for ARM 2.0/lib/libc_v4t_a_le.a(memcpy.o)
 .text.libc     0x000159d0       0x60 C:/Program Files/Rowley Associates Limited/CrossWorks for ARM 2.0/lib/libc_v4t_a_le.a(memcpy.o)
                0x000159d0                memcpy
 .text          0x00015a30        0x0 C:/Program Files/Rowley Associates Limited/CrossWorks for ARM 2.0/lib/libc_v4t_a_le.a(memset.o)
 .text.libc     0x00015a30       0xa0 C:/Program Files/Rowley Associates Limited/CrossWorks for ARM 2.0/lib/libc_v4t_a_le.a(memset.o)
                0x00015a30                memset
 .text          0x00015ad0        0x0 C:/Program Files/Rowley Associates Limited/CrossWorks for ARM 2.0/lib/libc_v4t_a_le.a(strcpy.o)
 .text.libc     0x00015ad0       0x60 C:/Program Files/Rowley Associates Limited/CrossWorks for ARM 2.0/lib/libc_v4t_a_le.a(strcpy.o)
                0x00015ad0                strcpy
 .text          0x00015b30        0x0 C:/Program Files/Rowley Associates Limited/CrossWorks for ARM 2.0/lib/libc_v4t_a_le.a(strcmp.o)
 .text.libc     0x00015b30       0x70 C:/Program Files/Rowley Associates Limited/CrossWorks for ARM 2.0/lib/libc_v4t_a_le.a(strcmp.o)
                0x00015b30                strcmp
 .text          0x00015ba0        0x0 C:/Program Files/Rowley Associates Limited/CrossWorks for ARM 2.0/lib/libc_v4t_a_le.a(memcmp.o)
 .text.libc     0x00015ba0       0x54 C:/Program Files/Rowley Associates Limited/CrossWorks for ARM 2.0/lib/libc_v4t_a_le.a(memcmp.o)
                0x00015ba0                memcmp
 .text          0x00015bf4        0x0 C:/Program Files/Rowley Associates Limited/CrossWorks for ARM 2.0/lib/libc_v4t_a_le.a(strcat.o)
 .text.libc     0x00015bf4       0x3c C:/Program Files/Rowley Associates Limited/CrossWorks for ARM 2.0/lib/libc_v4t_a_le.a(strcat.o)
                0x00015bf4                strcat
 .text          0x00015c30        0x0 C:/Program Files/Rowley Associates Limited/CrossWorks for ARM 2.0/lib/libc_v4t_a_le.a(strchr.o)
 .text.libc     0x00015c30       0x40 C:/Program Files/Rowley Associates Limited/CrossWorks for ARM 2.0/lib/libc_v4t_a_le.a(strchr.o)
                0x00015c30                strchr
 .text          0x00015c70        0x0 C:/Program Files/Rowley Associates Limited/CrossWorks for ARM 2.0/lib/libc_v4t_a_le.a(strncmp.o)
 .text.libc     0x00015c70       0x64 C:/Program Files/Rowley Associates Limited/CrossWorks for ARM 2.0/lib/libc_v4t_a_le.a(strncmp.o)
                0x00015c70                strncmp
 .text          0x00015cd4        0x0 C:/Program Files/Rowley Associates Limited/CrossWorks for ARM 2.0/lib/libc_v4t_a_le.a(strncpy.o)
 .text.libc     0x00015cd4       0x74 C:/Program Files/Rowley Associates Limited/CrossWorks for ARM 2.0/lib/libc_v4t_a_le.a(strncpy.o)
                0x00015cd4                strncpy
 .text          0x00015d48        0x0 C:/Program Files/Rowley Associates Limited/CrossWorks for ARM 2.0/lib/libc_v4t_a_le.a(strrchr.o)
 .text.libc     0x00015d48       0x44 C:/Program Files/Rowley Associates Limited/CrossWorks for ARM 2.0/lib/libc_v4t_a_le.a(strrchr.o)
                0x00015d48                strrchr
 .text          0x00015d8c        0x0 C:/Program Files/Rowley Associates Limited/CrossWorks for ARM 2.0/lib/libc_v4t_a_le.a(strstr.o)
 .text.libc     0x00015d8c       0x98 C:/Program Files/Rowley Associates Limited/CrossWorks for ARM 2.0/lib/libc_v4t_a_le.a(strstr.o)
                0x00015d8c                strstr
 .text          0x00015e24        0x0 C:/Program Files/Rowley Associates Limited/CrossWorks for ARM 2.0/lib/libc_v4t_a_le.a(ctype.o)
 .text.libc     0x00015e24      0x17c C:/Program Files/Rowley Associates Limited/CrossWorks for ARM 2.0/lib/libc_v4t_a_le.a(ctype.o)
                0x00015e24                isalpha
                0x00015e40                isupper
                0x00015e54                islower
                0x00015e68                isdigit
                0x00015e7c                isxdigit
                0x00015ea8                isspace
                0x00015ec0                ispunct
                0x00015efc                isalnum
                0x00015f28                isprint
                0x00015f3c                isgraph
                0x00015f50                iscntrl
                0x00015f64                tolower
                0x00015f78                toupper
                0x00015f8c                isblank
 .text          0x00015fa0        0x0 C:/Program Files/Rowley Associates Limited/CrossWorks for ARM 2.0/lib/libc_v4t_a_le.a(malloc.o)
 .text.libc     0x00015fa0      0x250 C:/Program Files/Rowley Associates Limited/CrossWorks for ARM 2.0/lib/libc_v4t_a_le.a(malloc.o)
                0x00015fa0                free
                0x00016094                malloc
                0x00016178                realloc
                0x000161c0                calloc
 .text          0x000161f0        0x0 C:/Program Files/Rowley Associates Limited/CrossWorks for ARM 2.0/lib/libc_v4t_a_le.a(atoi.o)
 .text.libc     0x000161f0       0x38 C:/Program Files/Rowley Associates Limited/CrossWorks for ARM 2.0/lib/libc_v4t_a_le.a(atoi.o)
                0x000161f0                atoi
 .text          0x00016228        0x0 C:/Program Files/Rowley Associates Limited/CrossWorks for ARM 2.0/lib/libc_v4t_a_le.a(time.o)
 .text.libc     0x00016228      0x75c C:/Program Files/Rowley Associates Limited/CrossWorks for ARM 2.0/lib/libc_v4t_a_le.a(time.o)
                0x00016228                difftime
                0x0001623c                checktm
                0x00016484                mktime
                0x000166cc                localtime_r
                0x000168d8                localtime
                0x000168f8                gmtime_r
                0x00016910                gmtime
                0x00016930                ctime_r
                0x00016960                ctime
 .text          0x00016984        0x0 C:/Program Files/Rowley Associates Limited/CrossWorks for ARM 2.0/lib/libc_v4t_a_le.a(asctime.o)
 .text.libc     0x00016984      0x18c C:/Program Files/Rowley Associates Limited/CrossWorks for ARM 2.0/lib/libc_v4t_a_le.a(asctime.o)
                0x000169b0                asctime_r
                0x00016af8                asctime
 .text          0x00016b10        0x0 C:/Program Files/Rowley Associates Limited/CrossWorks for ARM 2.0/lib/libc_v4t_a_le.a(strftime.o)
 .text.libc     0x00016b10      0x82c C:/Program Files/Rowley Associates Limited/CrossWorks for ARM 2.0/lib/libc_v4t_a_le.a(strftime.o)
                0x000172e8                strftime
 .text          0x0001733c        0x0 C:/Program Files/Rowley Associates Limited/CrossWorks for ARM 2.0/lib/libc_v4t_a_le.a(div.o)
 .text.libc     0x0001733c       0x54 C:/Program Files/Rowley Associates Limited/CrossWorks for ARM 2.0/lib/libc_v4t_a_le.a(div.o)
                0x0001733c                div
 .text          0x00017390        0x0 C:/Program Files/Rowley Associates Limited/CrossWorks for ARM 2.0/lib/libc_v4t_a_le.a(strtol.o)
 .text.libc     0x00017390       0xd4 C:/Program Files/Rowley Associates Limited/CrossWorks for ARM 2.0/lib/libc_v4t_a_le.a(strtol.o)
                0x00017390                strtol
 .text          0x00017464        0x0 C:/Program Files/Rowley Associates Limited/CrossWorks for ARM 2.0/lib/libc_v4t_a_le.a(ldiv.o)
 .text.libc     0x00017464       0x54 C:/Program Files/Rowley Associates Limited/CrossWorks for ARM 2.0/lib/libc_v4t_a_le.a(ldiv.o)
                0x00017464                ldiv
 .text          0x000174b8        0x0 C:/Program Files/Rowley Associates Limited/CrossWorks for ARM 2.0/lib/libc_v4t_a_le.a(__int32_mod.o)
 *fill*         0x000174b8        0x8 00
 .text.libc     0x000174c0       0x50 C:/Program Files/Rowley Associates Limited/CrossWorks for ARM 2.0/lib/libc_v4t_a_le.a(__int32_mod.o)
                0x000174c0                __modsi3
                0x000174c0                __int32_mod
 .text          0x00017510        0x0 C:/Program Files/Rowley Associates Limited/CrossWorks for ARM 2.0/lib/libc_v4t_a_le.a(__strtoul.o)
 .text.libc     0x00017510      0x128 C:/Program Files/Rowley Associates Limited/CrossWorks for ARM 2.0/lib/libc_v4t_a_le.a(__strtoul.o)
                0x00017510                __strtoul
 .text          0x00017638        0x0 C:/Program Files/Rowley Associates Limited/CrossWorks for ARM 2.0/lib/libc_v4t_a_le.a(__digit.o)
 .text.libc     0x00017638       0x54 C:/Program Files/Rowley Associates Limited/CrossWorks for ARM 2.0/lib/libc_v4t_a_le.a(__digit.o)
                0x00017638                __digit
 .text          0x0001768c        0x0 C:/Program Files/Rowley Associates Limited/CrossWorks for ARM 2.0/lib/libc_targetio_impl_v4t_a_le.a(putchar.o)
 .text.libc     0x0001768c       0x2c C:/Program Files/Rowley Associates Limited/CrossWorks for ARM 2.0/lib/libc_targetio_impl_v4t_a_le.a(putchar.o)
                0x0001768c                putchar
 .text          0x000176b8        0x0 C:/Program Files/Rowley Associates Limited/CrossWorks for ARM 2.0/lib/libc_user_libc_v4t_a_le.a(user_libc.o)
 .text.libc     0x000176b8       0x2c C:/Program Files/Rowley Associates Limited/CrossWorks for ARM 2.0/lib/libc_user_libc_v4t_a_le.a(user_libc.o)
                0x000176b8                __errno
                0x000176c4                __heap_lock
                0x000176c8                __heap_unlock
                0x000176cc                __printf_lock
                0x000176d0                __printf_unlock
                0x000176d4                __scanf_lock
                0x000176d8                __scanf_unlock
                0x000176dc                __debug_io_lock
                0x000176e0                __debug_io_unlock
                0x000176e4                __text_end__ = (__text_start__ + SIZEOF (.text))
                0x000176e4                __text_load_end__ = __text_end__

.vfp11_veneer   0x00000000        0x0
 .vfp11_veneer  0x00000000        0x0 linker stubs

.v4_bx          0x00000000        0x0
 .v4_bx         0x00000000        0x0 linker stubs
                0x00000001                . = ASSERT (((__text_end__ >= __FLASH_segment_start__) && (__text_end__ <= (__FLASH_segment_start__ + 0x80000))), error: .text is too large to fit in FLASH memory segment)
                0x000176e4                __dtors_load_start__ = ALIGN (__text_end__, 0x4)

.dtors          0x000176e4        0x0
                0x000176e4                __dtors_start__ = .
 *(SORT(.dtors.*))
 *(.dtors)
                0x000176e4                __dtors_end__ = (__dtors_start__ + SIZEOF (.dtors))
                0x000176e4                __dtors_load_end__ = __dtors_end__
                0x00000001                . = ASSERT (((__dtors_end__ >= __FLASH_segment_start__) && (__dtors_end__ <= (__FLASH_segment_start__ + 0x80000))), error: .dtors is too large to fit in FLASH memory segment)
                0x000176e4                __ctors_load_start__ = ALIGN (__dtors_end__, 0x4)

.ctors          0x000176e4        0x0
                0x000176e4                __ctors_start__ = .
 *(SORT(.ctors.*))
 *(.ctors)
                0x000176e4                __ctors_end__ = (__ctors_start__ + SIZEOF (.ctors))
                0x000176e4                __ctors_load_end__ = __ctors_end__
                0x00000001                . = ASSERT (((__ctors_end__ >= __FLASH_segment_start__) && (__ctors_end__ <= (__FLASH_segment_start__ + 0x80000))), error: .ctors is too large to fit in FLASH memory segment)
                0x000176e4                __rodata_load_start__ = ALIGN (__ctors_end__, 0x4)

.rodata         0x000176e4     0x79a0
                0x000176e4                __rodata_start__ = .
 *(.rodata .rodata.* .gnu.linkonce.r.*)
 .rodata.str1.4
                0x000176e4        0x8 ARM Flash Release/main.o
 .rodata        0x000176ec       0xb0 ARM Flash Release/i2c.o
 .rodata.str1.4
                0x0001779c      0x19e ARM Flash Release/i2c.o
                                0x1a0 (size before relaxing)
 *fill*         0x0001793a        0x2 00
 .rodata.str1.4
                0x0001793c        0x8 ARM Flash Release/i2cInt.o
                                  0xc (size before relaxing)
 .rodata        0x00017944       0x90 ARM Flash Release/usbser.o
 .rodata        0x000179d4        0xc ARM Flash Release/rtc.o
 .rodata        0x000179e0      0x2b4 ARM Flash Release/beep.o
 .rodata.str1.4
                0x00017c94        0x7 ARM Flash Release/args.o
                                 0x10 (size before relaxing)
 *fill*         0x00017c9b        0x1 00
 .rodata.str1.4
                0x00017c9c       0x7b ARM Flash Release/argsdispatch.o
                                 0x84 (size before relaxing)
 *fill*         0x00017d17        0x1 00
 .rodata        0x00017d18      0x330 ARM Flash Release/monitor.o
 .rodata.str1.4
                0x00018048      0xcdf ARM Flash Release/monitor.o
                                0xcfc (size before relaxing)
 *fill*         0x00018d27        0x1 00
 .rodata.str1.4
                0x00018d28        0x7 ARM Flash Release/printf-stdarg.o
                                  0x8 (size before relaxing)
 .rodata.str1.4
                0x00000000        0x7 ARM Flash Release/leds.o
                                  0x4 (size before relaxing)
 *fill*         0x00018d2f        0x1 00
 .rodata.str1.4
                0x00018d30        0x8 ARM Flash Release/tcs3414.o
 .rodata        0x00018d38      0x210 ARM Flash Release/mmc.o
 .rodata.str1.4
                0x00018f48       0x11 ARM Flash Release/mmc.o
                                 0x14 (size before relaxing)
 *fill*         0x00018f59        0x3 00
 .rodata        0x00018f5c        0xc ARM Flash Release/xbee.o
 .rodata.str1.4
                0x00018f68       0x2b ARM Flash Release/xbee.o
                                 0x2c (size before relaxing)
 *fill*         0x00018f93        0x1 00
 .rodata        0x00018f94        0xc ARM Flash Release/logging.o
 .rodata.str1.4
                0x00018fa0       0xa0 ARM Flash Release/logging.o
                                 0xa4 (size before relaxing)
 .rodata.str1.4
                0x00019040      0x1e5 ARM Flash Release/meas_sm.o
                                0x1f0 (size before relaxing)
 *fill*         0x00019225        0x3 00
 .rodata.str1.4
                0x00019228        0xd ARM Flash Release/meas_task.o
                                 0x10 (size before relaxing)
 *fill*         0x00019235        0x3 00
 .rodata        0x00019238       0x14 ARM Flash Release/tasks.o
 .rodata.str1.4
                0x0001924c       0x19 ARM Flash Release/tasks.o
                                 0x20 (size before relaxing)
 *fill*         0x00019265        0x3 00
 .rodata        0x00019268        0x8 ARM Flash Release/dhcpc.o
 .rodata.str1.4
                0x00000000        0xc ARM Flash Release/telnetd.o
 .rodata.str1.4
                0x00019270       0x13 ARM Flash Release/httpd.o
                                 0x18 (size before relaxing)
 *fill*         0x00019283        0x1 00
 .rodata        0x00019284       0xa8 ARM Flash Release/httpd-cgi.o
 .rodata.str1.4
                0x0001932c       0xdb ARM Flash Release/httpd-cgi.o
                                 0xe0 (size before relaxing)
 *fill*         0x00019407        0x1 00
 .rodata        0x00019408     0x51d8 ARM Flash Release/httpd-fs.o
                0x00019408                file_tcp_shtml
                0x0001941c                file_404_html
                0x00019430                file_fade_png
                0x00019444                file_files_shtml
                0x00019458                file_footer_html
                0x0001946c                file_header_html
                0x00019480                file_index_html
                0x00019494                file_led_shtml
                0x000194a8                file_lpc2148_jpg
                0x000194bc                file_stats_shtml
                0x000194d0                file_style_css
 .rodata        0x0001e5e0      0x288 ARM Flash Release/http-strings.o
                0x0001e5e0                http_http
                0x0001e5e8                http_200
                0x0001e5f0                http_301
                0x0001e5f8                http_302
                0x0001e600                http_get
                0x0001e608                http_10
                0x0001e614                http_11
                0x0001e620                http_content_type
                0x0001e630                http_texthtml
                0x0001e63c                http_location
                0x0001e648                http_host
                0x0001e650                http_crnl
                0x0001e654                http_index_html
                0x0001e660                http_404_html
                0x0001e66c                http_referer
                0x0001e678                http_header_200
                0x0001e6cc                http_header_404
                0x0001e728                http_content_type_plain
                0x0001e748                http_content_type_html
                0x0001e764                http_content_type_css
                0x0001e780                http_content_type_text
                0x0001e79c                http_content_type_png
                0x0001e7b8                http_content_type_gif
                0x0001e7d4                http_content_type_jpg
                0x0001e7f4                http_content_type_binary
                0x0001e820                http_html
                0x0001e828                http_shtml
                0x0001e830                http_htm
                0x0001e838                http_css
                0x0001e840                http_png
                0x0001e848                http_gif
                0x0001e850                http_jpg
                0x0001e858                http_text
                0x0001e860                http_txt
 .rodata.str1.4
                0x0001e868      0x30c ARM Flash Release/uip.o
 .rodata        0x0001eb74        0x8 ARM Flash Release/uip_arp.o
 .rodata.str1.4
                0x0001eb7c       0x41 ARM Flash Release/uip-neighbor.o
                                 0x44 (size before relaxing)
 *fill*         0x0001ebbd        0x3 00
 .rodata.str1.4
                0x0001ebc0       0x1f ARM Flash Release/uiptask.o
                                 0x20 (size before relaxing)
 *fill*         0x0001ebdf        0x1 00
 .rodata        0x0001ebe0       0x28 ARM Flash Release/disk.o
 .rodata.str1.4
                0x0001ec08       0x51 ARM Flash Release/disk.o
                                 0x54 (size before relaxing)
 *fill*         0x0001ec59        0x3 00
 .rodata        0x0001ec5c       0x70 ARM Flash Release/ff.o
 .rodata.str1.4
                0x0001eccc       0xd5 ARM Flash Release/ff.o
                                 0xf8 (size before relaxing)
 *fill*         0x0001eda1        0x3 00
 .rodata.libc   0x0001eda4       0x28 C:/Program Files/Rowley Associates Limited/CrossWorks for ARM 2.0/lib/libm_v4t_a_le.a(log.o)
 .rodata.libc   0x0001edcc        0x8 C:/Program Files/Rowley Associates Limited/CrossWorks for ARM 2.0/lib/libm_v4t_a_le.a(__float64_infinity.o)
                0x0001edcc                __float64_infinity
 .rodata.libc   0x0001edd4        0x8 C:/Program Files/Rowley Associates Limited/CrossWorks for ARM 2.0/lib/libm_v4t_a_le.a(__float64_nan.o)
                0x0001edd4                __float64_nan
 .rodata.libc   0x0001eddc       0x84 C:/Program Files/Rowley Associates Limited/CrossWorks for ARM 2.0/lib/libc_v4t_a_le.a(ctype.o)
                0x0001eddc                __ctype
 .rodata.libc   0x0001ee60       0x68 C:/Program Files/Rowley Associates Limited/CrossWorks for ARM 2.0/lib/libc_v4t_a_le.a(time.o)
 .rodata.libc   0x0001eec8       0x4c C:/Program Files/Rowley Associates Limited/CrossWorks for ARM 2.0/lib/libc_v4t_a_le.a(asctime.o)
 .rodata.libc   0x0001ef14       0x4c C:/Program Files/Rowley Associates Limited/CrossWorks for ARM 2.0/lib/libc_v4t_a_le.a(strftime.o)
 .rodata.libc.str1.4
                0x0001ef60      0x124 C:/Program Files/Rowley Associates Limited/CrossWorks for ARM 2.0/lib/libc_v4t_a_le.a(strftime.o)
                                0x130 (size before relaxing)
                0x0001f084                __rodata_end__ = (__rodata_start__ + SIZEOF (.rodata))
                0x0001f084                __rodata_load_end__ = __rodata_end__
                0x00000001                . = ASSERT (((__rodata_end__ >= __FLASH_segment_start__) && (__rodata_end__ <= (__FLASH_segment_start__ + 0x80000))), error: .rodata is too large to fit in FLASH memory segment)
                0x0001f084                __fast_load_start__ = ALIGN (__rodata_end__, 0x4)

.fast           0x4000003c        0x0 load address 0x0001f084
                0x4000003c                __fast_start__ = .
 *(.fast .fast.*)
                0x4000003c                __fast_end__ = (__fast_start__ + SIZEOF (.fast))
                0x0001f084                __fast_load_end__ = (__fast_load_start__ + SIZEOF (.fast))
                0x00000001                . = ASSERT ((((__fast_load_start__ + SIZEOF (.fast)) >= __FLASH_segment_start__) && ((__fast_load_start__ + SIZEOF (.fast)) <= (__FLASH_segment_start__ + 0x80000))), error: .fast is too large to fit in FLASH memory segment)

.fast_run       0x4000003c        0x0
                0x4000003c                __fast_run_start__ = .
                0x4000003c                . = MAX ((__fast_run_start__ + SIZEOF (.fast)), .)
                0x4000003c                __fast_run_end__ = (__fast_run_start__ + SIZEOF (.fast_run))
                0x4000003c                __fast_run_load_end__ = __fast_run_end__
                0x00000001                . = ASSERT (((__fast_run_end__ >= __SRAM_segment_start__) && (__fast_run_end__ <= (__SRAM_segment_start__ + 0x8000))), error: .fast_run is too large to fit in SRAM memory segment)
                0x0001f084                __data_load_start__ = ALIGN ((__fast_load_start__ + SIZEOF (.fast)), 0x4)

.data           0x4000003c       0x60 load address 0x0001f084
                0x4000003c                __data_start__ = .
 *(.data .data.* .gnu.linkonce.d.*)
 .data          0x4000003c        0x0 ARM Flash Release/main.o
 .data          0x4000003c        0x0 ARM Flash Release/adc.o
 .data          0x4000003c        0x0 ARM Flash Release/cpu.o
 .data          0x4000003c        0x0 ARM Flash Release/i2c.o
 .data          0x4000003c        0x4 ARM Flash Release/i2cInt.o
 .data          0x40000040        0x8 ARM Flash Release/pwm.o
 .data          0x40000048        0x0 ARM Flash Release/spi.o
 .data          0x40000048        0x8 ARM Flash Release/uart0.o
 .data          0x40000050        0x0 ARM Flash Release/uart0ISR.o
 .data          0x40000050        0x8 ARM Flash Release/uart1.o
 .data          0x40000058        0x0 ARM Flash Release/uart1ISR.o
 .data          0x40000058        0x0 ARM Flash Release/usbcontrol.o
 .data          0x40000058        0x0 ARM Flash Release/usbinit.o
 .data          0x40000058        0x0 ARM Flash Release/usbISR.o
 .data          0x40000058        0x0 ARM Flash Release/usbstdreq.o
 .data          0x40000058        0x8 ARM Flash Release/usbser.o
 .data          0x40000060        0x0 ARM Flash Release/rtc.o
 .data          0x40000060        0x0 ARM Flash Release/rtcISR.o
 .data          0x40000060        0x0 ARM Flash Release/reset.o
 .data          0x40000060        0x0 ARM Flash Release/eint0.o
 .data          0x40000060        0x0 ARM Flash Release/eint0ISR.o
 .data          0x40000060        0x0 ARM Flash Release/eint2.o
 .data          0x40000060        0x0 ARM Flash Release/eint2ISR.o
 .data          0x40000060        0x0 ARM Flash Release/eint3.o
 .data          0x40000060        0x0 ARM Flash Release/eint3ISR.o
 .data          0x40000060        0x0 ARM Flash Release/eint1.o
 .data          0x40000060        0x0 ARM Flash Release/eint1ISR.o
 .data          0x40000060        0x0 ARM Flash Release/beep.o
 .data          0x40000060        0x8 ARM Flash Release/timer.o
 .data          0x40000068        0x0 ARM Flash Release/dac.o
 .data          0x40000068        0x0 ARM Flash Release/args.o
 .data          0x40000068        0x0 ARM Flash Release/argsdispatch.o
 .data          0x40000068        0x0 ARM Flash Release/monitor.o
 .data          0x40000068        0x0 ARM Flash Release/printf-stdarg.o
 .data          0x40000068        0x4 ARM Flash Release/leds.o
 .data          0x4000006c        0x0 ARM Flash Release/tcs3414.o
 .data          0x4000006c        0x0 ARM Flash Release/mmc.o
 .data          0x4000006c        0x0 ARM Flash Release/ssp.o
 .data          0x4000006c        0x0 ARM Flash Release/Lcd204_4.o
 .data          0x4000006c        0x0 ARM Flash Release/xbee.o
 .data          0x4000006c        0x0 ARM Flash Release/logging.o
 .data          0x4000006c        0x8 ARM Flash Release/meas_sm.o
 .data          0x40000074        0x0 ARM Flash Release/meas_task.o
 .data          0x40000074        0x0 ARM Flash Release/crt0.o
 .data          0x40000074        0x0 ARM Flash Release/Philips_LPC210X_Startup.o
 .data          0x40000074        0x0 ARM Flash Release/LPC210x.o
 .data          0x40000074        0x0 ARM Flash Release/VIC.o
 .data          0x40000074        0x0 ARM Flash Release/VIC_irq_handler.o
 .data          0x40000074        0x4 ARM Flash Release/portISR.o
                0x40000074                ulCriticalNesting
 .data          0x40000078        0x0 ARM Flash Release/port.o
 .data          0x40000078        0x0 ARM Flash Release/heap_2.o
 .data          0x40000078        0x4 ARM Flash Release/tasks.o
                0x40000078                uxPreviousTask
 .data          0x4000007c        0x0 ARM Flash Release/queue.o
 .data          0x4000007c        0x0 ARM Flash Release/list.o
 .data          0x4000007c        0x0 ARM Flash Release/dhcpc.o
 .data          0x4000007c        0x0 ARM Flash Release/sntp.o
 .data          0x4000007c        0x0 ARM Flash Release/telnetd.o
 .data          0x4000007c        0x0 ARM Flash Release/httpd.o
 .data          0x4000007c       0x14 ARM Flash Release/httpd-cgi.o
 .data          0x40000090        0x0 ARM Flash Release/httpd-fs.o
 .data          0x40000090        0x0 ARM Flash Release/http-strings.o
 .data          0x40000090        0x0 ARM Flash Release/enc28j60.o
 .data          0x40000090        0x0 ARM Flash Release/memb.o
 .data          0x40000090        0x0 ARM Flash Release/psock.o
 .data          0x40000090        0x0 ARM Flash Release/uip.o
 .data          0x40000090        0x0 ARM Flash Release/uip_arch.o
 .data          0x40000090        0x0 ARM Flash Release/uip_arp.o
 .data          0x40000090        0x0 ARM Flash Release/uip_timer.o
 .data          0x40000090        0x0 ARM Flash Release/uip-fw.o
 .data          0x40000090        0x0 ARM Flash Release/uiplib.o
 .data          0x40000090        0x0 ARM Flash Release/uip-neighbor.o
 .data          0x40000090        0x0 ARM Flash Release/clock.o
 .data          0x40000090        0x4 ARM Flash Release/uiptask.o
 .data          0x40000094        0x1 ARM Flash Release/disk.o
 .data          0x40000095        0x0 ARM Flash Release/ff.o
 .data          0x40000095        0x0 C:/Users/lukas/AppData/Local/Rowley Associates Limited/CrossWorks for ARM/packages/lib/liblpc2000_v4t_a_le.a(liblpc2000_lpc21xx_get_cclk.o)
 .data          0x40000095        0x0 C:/Users/lukas/AppData/Local/Rowley Associates Limited/CrossWorks for ARM/packages/lib/liblpc2000_v4t_a_le.a(liblpc2000_lpc21xx_get_pclk.o)
 .data          0x40000095        0x0 C:/Program Files/Rowley Associates Limited/CrossWorks for ARM 2.0/lib/libm_v4t_a_le.a(__int32_to_float32.o)
 .data          0x40000095        0x0 C:/Program Files/Rowley Associates Limited/CrossWorks for ARM 2.0/lib/libm_v4t_a_le.a(__int32_to_float64.o)
 .data          0x40000095        0x0 C:/Program Files/Rowley Associates Limited/CrossWorks for ARM 2.0/lib/libm_v4t_a_le.a(__uint32_to_float32.o)
 .data          0x40000095        0x0 C:/Program Files/Rowley Associates Limited/CrossWorks for ARM 2.0/lib/libm_v4t_a_le.a(__float32_to_int32.o)
 .data          0x40000095        0x0 C:/Program Files/Rowley Associates Limited/CrossWorks for ARM 2.0/lib/libm_v4t_a_le.a(__float32_to_uint32.o)
 .data          0x40000095        0x0 C:/Program Files/Rowley Associates Limited/CrossWorks for ARM 2.0/lib/libm_v4t_a_le.a(__float64_to_int32.o)
 .data          0x40000095        0x0 C:/Program Files/Rowley Associates Limited/CrossWorks for ARM 2.0/lib/libm_v4t_a_le.a(__float32_to_float64.o)
 .data          0x40000095        0x0 C:/Program Files/Rowley Associates Limited/CrossWorks for ARM 2.0/lib/libm_v4t_a_le.a(__float64_to_float32.o)
 .data          0x40000095        0x0 C:/Program Files/Rowley Associates Limited/CrossWorks for ARM 2.0/lib/libm_v4t_a_le.a(__float32_mul.o)
 .data          0x40000095        0x0 C:/Program Files/Rowley Associates Limited/CrossWorks for ARM 2.0/lib/libm_v4t_a_le.a(__float64_add.o)
 .data          0x40000095        0x0 C:/Program Files/Rowley Associates Limited/CrossWorks for ARM 2.0/lib/libm_v4t_a_le.a(__float64_mul.o)
 .data          0x40000095        0x0 C:/Program Files/Rowley Associates Limited/CrossWorks for ARM 2.0/lib/libm_v4t_a_le.a(__float64_div.o)
 .data          0x40000095        0x0 C:/Program Files/Rowley Associates Limited/CrossWorks for ARM 2.0/lib/libm_v4t_a_le.a(log.o)
 .data          0x40000095        0x0 C:/Program Files/Rowley Associates Limited/CrossWorks for ARM 2.0/lib/libm_v4t_a_le.a(__float64_cmp.o)
 .data          0x40000095        0x0 C:/Program Files/Rowley Associates Limited/CrossWorks for ARM 2.0/lib/libm_v4t_a_le.a(__float64_isnan.o)
 .data          0x40000095        0x0 C:/Program Files/Rowley Associates Limited/CrossWorks for ARM 2.0/lib/libm_v4t_a_le.a(__float64_infinity.o)
 .data          0x40000095        0x0 C:/Program Files/Rowley Associates Limited/CrossWorks for ARM 2.0/lib/libm_v4t_a_le.a(__float64_nan.o)
 .data          0x40000095        0x0 C:/Program Files/Rowley Associates Limited/CrossWorks for ARM 2.0/lib/libm_v4t_a_le.a(__poly1_eval.o)
 .data          0x40000095        0x0 C:/Program Files/Rowley Associates Limited/CrossWorks for ARM 2.0/lib/libm_v4t_a_le.a(__poly_eval.o)
 .data          0x40000095        0x0 C:/Program Files/Rowley Associates Limited/CrossWorks for ARM 2.0/lib/libm_v4t_a_le.a(frexp.o)
 .data          0x40000095        0x0 C:/Program Files/Rowley Associates Limited/CrossWorks for ARM 2.0/lib/libm_v4t_a_le.a(ldexp.o)
 .data          0x40000095        0x0 C:/Program Files/Rowley Associates Limited/CrossWorks for ARM 2.0/lib/libc_v4t_a_le.a(__int32_umod.o)
 .data          0x40000095        0x0 C:/Program Files/Rowley Associates Limited/CrossWorks for ARM 2.0/lib/libc_v4t_a_le.a(__int32_div.o)
 .data          0x40000095        0x0 C:/Program Files/Rowley Associates Limited/CrossWorks for ARM 2.0/lib/libc_v4t_a_le.a(__int32_udivmod.o)
 .data          0x40000095        0x0 C:/Program Files/Rowley Associates Limited/CrossWorks for ARM 2.0/lib/libc_v4t_a_le.a(strlen.o)
 .data          0x40000095        0x0 C:/Program Files/Rowley Associates Limited/CrossWorks for ARM 2.0/lib/libc_v4t_a_le.a(memcpy.o)
 .data          0x40000095        0x0 C:/Program Files/Rowley Associates Limited/CrossWorks for ARM 2.0/lib/libc_v4t_a_le.a(memset.o)
 .data          0x40000095        0x0 C:/Program Files/Rowley Associates Limited/CrossWorks for ARM 2.0/lib/libc_v4t_a_le.a(strcpy.o)
 .data          0x40000095        0x0 C:/Program Files/Rowley Associates Limited/CrossWorks for ARM 2.0/lib/libc_v4t_a_le.a(strcmp.o)
 .data          0x40000095        0x0 C:/Program Files/Rowley Associates Limited/CrossWorks for ARM 2.0/lib/libc_v4t_a_le.a(memcmp.o)
 .data          0x40000095        0x0 C:/Program Files/Rowley Associates Limited/CrossWorks for ARM 2.0/lib/libc_v4t_a_le.a(strcat.o)
 .data          0x40000095        0x0 C:/Program Files/Rowley Associates Limited/CrossWorks for ARM 2.0/lib/libc_v4t_a_le.a(strchr.o)
 .data          0x40000095        0x0 C:/Program Files/Rowley Associates Limited/CrossWorks for ARM 2.0/lib/libc_v4t_a_le.a(strncmp.o)
 .data          0x40000095        0x0 C:/Program Files/Rowley Associates Limited/CrossWorks for ARM 2.0/lib/libc_v4t_a_le.a(strncpy.o)
 .data          0x40000095        0x0 C:/Program Files/Rowley Associates Limited/CrossWorks for ARM 2.0/lib/libc_v4t_a_le.a(strrchr.o)
 .data          0x40000095        0x0 C:/Program Files/Rowley Associates Limited/CrossWorks for ARM 2.0/lib/libc_v4t_a_le.a(strstr.o)
 .data          0x40000095        0x0 C:/Program Files/Rowley Associates Limited/CrossWorks for ARM 2.0/lib/libc_v4t_a_le.a(ctype.o)
 .data          0x40000095        0x0 C:/Program Files/Rowley Associates Limited/CrossWorks for ARM 2.0/lib/libc_v4t_a_le.a(malloc.o)
 *fill*         0x40000095        0x3 00
 .data.libc     0x40000098        0x4 C:/Program Files/Rowley Associates Limited/CrossWorks for ARM 2.0/lib/libc_v4t_a_le.a(malloc.o)
 .data          0x4000009c        0x0 C:/Program Files/Rowley Associates Limited/CrossWorks for ARM 2.0/lib/libc_v4t_a_le.a(atoi.o)
 .data          0x4000009c        0x0 C:/Program Files/Rowley Associates Limited/CrossWorks for ARM 2.0/lib/libc_v4t_a_le.a(time.o)
 .data          0x4000009c        0x0 C:/Program Files/Rowley Associates Limited/CrossWorks for ARM 2.0/lib/libc_v4t_a_le.a(asctime.o)
 .data          0x4000009c        0x0 C:/Program Files/Rowley Associates Limited/CrossWorks for ARM 2.0/lib/libc_v4t_a_le.a(strftime.o)
 .data          0x4000009c        0x0 C:/Program Files/Rowley Associates Limited/CrossWorks for ARM 2.0/lib/libc_v4t_a_le.a(div.o)
 .data          0x4000009c        0x0 C:/Program Files/Rowley Associates Limited/CrossWorks for ARM 2.0/lib/libc_v4t_a_le.a(strtol.o)
 .data          0x4000009c        0x0 C:/Program Files/Rowley Associates Limited/CrossWorks for ARM 2.0/lib/libc_v4t_a_le.a(ldiv.o)
 .data          0x4000009c        0x0 C:/Program Files/Rowley Associates Limited/CrossWorks for ARM 2.0/lib/libc_v4t_a_le.a(__int32_mod.o)
 .data          0x4000009c        0x0 C:/Program Files/Rowley Associates Limited/CrossWorks for ARM 2.0/lib/libc_v4t_a_le.a(__strtoul.o)
 .data          0x4000009c        0x0 C:/Program Files/Rowley Associates Limited/CrossWorks for ARM 2.0/lib/libc_v4t_a_le.a(__digit.o)
 .data          0x4000009c        0x0 C:/Program Files/Rowley Associates Limited/CrossWorks for ARM 2.0/lib/libc_targetio_impl_v4t_a_le.a(putchar.o)
 .data          0x4000009c        0x0 C:/Program Files/Rowley Associates Limited/CrossWorks for ARM 2.0/lib/libc_user_libc_v4t_a_le.a(user_libc.o)
                0x4000009c                __data_end__ = (__data_start__ + SIZEOF (.data))
                0x0001f0e4                __data_load_end__ = (__data_load_start__ + SIZEOF (.data))
                0x00000001                . = ASSERT ((((__data_load_start__ + SIZEOF (.data)) >= __FLASH_segment_start__) && ((__data_load_start__ + SIZEOF (.data)) <= (__FLASH_segment_start__ + 0x80000))), error: .data is too large to fit in FLASH memory segment)

.data_run       0x4000003c       0x60 load address 0x0001f084
                0x4000003c                __data_run_start__ = .
                0x4000009c                . = MAX ((__data_run_start__ + SIZEOF (.data)), .)
 *fill*         0x4000003c       0x60 00
                0x4000009c                __data_run_end__ = (__data_run_start__ + SIZEOF (.data_run))
                0x4000009c                __data_run_load_end__ = __data_run_end__
                0x00000001                . = ASSERT (((__data_run_end__ >= __SRAM_segment_start__) && (__data_run_end__ <= (__SRAM_segment_start__ + 0x8000))), error: .data_run is too large to fit in SRAM memory segment)
                0x4000009c                __bss_load_start__ = ALIGN (__data_run_end__, 0x4)

.bss            0x4000009c     0x6378
                0x4000009c                __bss_start__ = .
 *(.bss .bss.* .gnu.linkonce.b.*)
 .bss           0x4000009c        0x0 ARM Flash Release/main.o
 .bss           0x4000009c        0x0 ARM Flash Release/adc.o
 .bss           0x4000009c        0x0 ARM Flash Release/cpu.o
 .bss           0x4000009c        0x4 ARM Flash Release/i2c.o
                0x4000009c                i2cErrno
 .bss           0x400000a0       0x60 ARM Flash Release/i2cInt.o
 .bss           0x40000100        0x0 ARM Flash Release/pwm.o
 .bss           0x40000100        0x0 ARM Flash Release/spi.o
 .bss           0x40000100        0xc ARM Flash Release/uart0.o
 .bss           0x4000010c       0x10 ARM Flash Release/uart0ISR.o
 .bss           0x4000011c        0xc ARM Flash Release/uart1.o
 .bss           0x40000128       0x10 ARM Flash Release/uart1ISR.o
 .bss           0x40000138       0x34 ARM Flash Release/usbcontrol.o
 .bss           0x4000016c        0x8 ARM Flash Release/usbinit.o
 .bss           0x40000174       0x48 ARM Flash Release/usbISR.o
 .bss           0x400001bc        0xc ARM Flash Release/usbstdreq.o
 .bss           0x400001c8       0x58 ARM Flash Release/usbser.o
 .bss           0x40000220        0x0 ARM Flash Release/rtc.o
 .bss           0x40000220        0x8 ARM Flash Release/rtcISR.o
 .bss           0x40000228        0x0 ARM Flash Release/reset.o
 .bss           0x40000228        0x0 ARM Flash Release/eint0.o
 .bss           0x40000228        0x0 ARM Flash Release/eint0ISR.o
 .bss           0x40000228        0x0 ARM Flash Release/eint2.o
 .bss           0x40000228        0x2 ARM Flash Release/eint2ISR.o
 .bss           0x4000022a        0x0 ARM Flash Release/eint3.o
 *fill*         0x4000022a        0x2 00
 .bss           0x4000022c        0x4 ARM Flash Release/eint3ISR.o
                0x4000022c                count
 .bss           0x40000230        0x0 ARM Flash Release/eint1.o
 .bss           0x40000230        0x0 ARM Flash Release/eint1ISR.o
 .bss           0x40000230        0x0 ARM Flash Release/beep.o
 .bss           0x40000230        0x1 ARM Flash Release/timer.o
 .bss           0x40000231        0x0 ARM Flash Release/dac.o
 .bss           0x40000231        0x0 ARM Flash Release/args.o
 .bss           0x40000231        0x0 ARM Flash Release/argsdispatch.o
 *fill*         0x40000231        0x3 00
 .bss           0x40000234      0x3d8 ARM Flash Release/monitor.o
                0x40000608                activeCommandList
 .bss           0x4000060c        0x0 ARM Flash Release/printf-stdarg.o
 .bss           0x4000060c        0x0 ARM Flash Release/leds.o
 .bss           0x4000060c        0x1 ARM Flash Release/tcs3414.o
 *fill*         0x4000060d        0x3 00
 .bss           0x40000610       0x2c ARM Flash Release/mmc.o
 .bss           0x4000063c        0x0 ARM Flash Release/ssp.o
 .bss           0x4000063c        0x0 ARM Flash Release/Lcd204_4.o
 .bss           0x4000063c        0x0 ARM Flash Release/xbee.o
 .bss           0x4000063c      0x23c ARM Flash Release/logging.o
 .bss           0x40000878       0x1c ARM Flash Release/meas_sm.o
 .bss           0x40000894        0x0 ARM Flash Release/meas_task.o
 .bss           0x40000894        0x0 ARM Flash Release/crt0.o
 .bss           0x40000894        0x0 ARM Flash Release/Philips_LPC210X_Startup.o
 .bss           0x40000894        0x4 ARM Flash Release/LPC210x.o
 .bss           0x40000898       0x80 ARM Flash Release/VIC.o
 .bss           0x40000918        0x0 ARM Flash Release/VIC_irq_handler.o
 .bss           0x40000918        0x0 ARM Flash Release/portISR.o
 .bss           0x40000918        0x0 ARM Flash Release/port.o
 .bss           0x40000918     0x4018 ARM Flash Release/heap_2.o
 .bss           0x40004930       0x34 ARM Flash Release/tasks.o
                0x40004930                uxSchedulerSuspended
                0x40004934                uxCurrentNumberOfTasks
                0x40004938                xNumOfOverflows
                0x4000493c                xTickCount
                0x40004940                xMissedYield
                0x40004944                pxCurrentTCB
                0x40004948                uxTopReadyPriority
                0x4000494c                uxMissedTicks
                0x40004950                xTracing
                0x40004954                uxTopUsedPriority
                0x40004958                uxTasksDeleted
                0x4000495c                uxTaskNumber
                0x40004960                xSchedulerRunning
 .bss           0x40004964        0x0 ARM Flash Release/queue.o
 .bss           0x40004964        0x0 ARM Flash Release/list.o
 .bss           0x40004964        0x4 ARM Flash Release/dhcpc.o
 .bss           0x40004968        0x4 ARM Flash Release/sntp.o
 .bss           0x4000496c      0x294 ARM Flash Release/telnetd.o
 .bss           0x40004c00        0x0 ARM Flash Release/httpd.o
 .bss           0x40004c00        0x0 ARM Flash Release/httpd-cgi.o
 .bss           0x40004c00       0x18 ARM Flash Release/httpd-fs.o
 .bss           0x40004c18        0x0 ARM Flash Release/http-strings.o
 .bss           0x40004c18        0x8 ARM Flash Release/enc28j60.o
                0x40004c18                xENC28J60Semaphore
                0x40004c1c                ethRxPointer
 .bss           0x40004c20        0x0 ARM Flash Release/memb.o
 .bss           0x40004c20        0x0 ARM Flash Release/psock.o
 .bss           0x40004c20       0x1c ARM Flash Release/uip.o
                0x40004c30                uip_timeoffset
                0x40004c34                uip_ethaddr
 .bss           0x40004c3c        0x0 ARM Flash Release/uip_arch.o
 .bss           0x40004c3c       0x64 ARM Flash Release/uip_arp.o
 .bss           0x40004ca0        0x0 ARM Flash Release/uip_timer.o
 .bss           0x40004ca0       0x28 ARM Flash Release/uip-fw.o
 .bss           0x40004cc8        0x0 ARM Flash Release/uiplib.o
 .bss           0x40004cc8       0x80 ARM Flash Release/uip-neighbor.o
 .bss           0x40004d48        0x0 ARM Flash Release/clock.o
 .bss           0x40004d48        0xc ARM Flash Release/uiptask.o
 .bss           0x40004d54        0xc ARM Flash Release/disk.o
 .bss           0x40004d60        0x8 ARM Flash Release/ff.o
 .bss           0x40004d68        0x0 C:/Users/lukas/AppData/Local/Rowley Associates Limited/CrossWorks for ARM/packages/lib/liblpc2000_v4t_a_le.a(liblpc2000_lpc21xx_get_cclk.o)
 .bss           0x40004d68        0x0 C:/Users/lukas/AppData/Local/Rowley Associates Limited/CrossWorks for ARM/packages/lib/liblpc2000_v4t_a_le.a(liblpc2000_lpc21xx_get_pclk.o)
 .bss           0x40004d68        0x0 C:/Program Files/Rowley Associates Limited/CrossWorks for ARM 2.0/lib/libm_v4t_a_le.a(__int32_to_float32.o)
 .bss           0x40004d68        0x0 C:/Program Files/Rowley Associates Limited/CrossWorks for ARM 2.0/lib/libm_v4t_a_le.a(__int32_to_float64.o)
 .bss           0x40004d68        0x0 C:/Program Files/Rowley Associates Limited/CrossWorks for ARM 2.0/lib/libm_v4t_a_le.a(__uint32_to_float32.o)
 .bss           0x40004d68        0x0 C:/Program Files/Rowley Associates Limited/CrossWorks for ARM 2.0/lib/libm_v4t_a_le.a(__float32_to_int32.o)
 .bss           0x40004d68        0x0 C:/Program Files/Rowley Associates Limited/CrossWorks for ARM 2.0/lib/libm_v4t_a_le.a(__float32_to_uint32.o)
 .bss           0x40004d68        0x0 C:/Program Files/Rowley Associates Limited/CrossWorks for ARM 2.0/lib/libm_v4t_a_le.a(__float64_to_int32.o)
 .bss           0x40004d68        0x0 C:/Program Files/Rowley Associates Limited/CrossWorks for ARM 2.0/lib/libm_v4t_a_le.a(__float32_to_float64.o)
 .bss           0x40004d68        0x0 C:/Program Files/Rowley Associates Limited/CrossWorks for ARM 2.0/lib/libm_v4t_a_le.a(__float64_to_float32.o)
 .bss           0x40004d68        0x0 C:/Program Files/Rowley Associates Limited/CrossWorks for ARM 2.0/lib/libm_v4t_a_le.a(__float32_mul.o)
 .bss           0x40004d68        0x0 C:/Program Files/Rowley Associates Limited/CrossWorks for ARM 2.0/lib/libm_v4t_a_le.a(__float64_add.o)
 .bss           0x40004d68        0x0 C:/Program Files/Rowley Associates Limited/CrossWorks for ARM 2.0/lib/libm_v4t_a_le.a(__float64_mul.o)
 .bss           0x40004d68        0x0 C:/Program Files/Rowley Associates Limited/CrossWorks for ARM 2.0/lib/libm_v4t_a_le.a(__float64_div.o)
 .bss           0x40004d68        0x0 C:/Program Files/Rowley Associates Limited/CrossWorks for ARM 2.0/lib/libm_v4t_a_le.a(log.o)
 .bss           0x40004d68        0x0 C:/Program Files/Rowley Associates Limited/CrossWorks for ARM 2.0/lib/libm_v4t_a_le.a(__float64_cmp.o)
 .bss           0x40004d68        0x0 C:/Program Files/Rowley Associates Limited/CrossWorks for ARM 2.0/lib/libm_v4t_a_le.a(__float64_isnan.o)
 .bss           0x40004d68        0x0 C:/Program Files/Rowley Associates Limited/CrossWorks for ARM 2.0/lib/libm_v4t_a_le.a(__float64_infinity.o)
 .bss           0x40004d68        0x0 C:/Program Files/Rowley Associates Limited/CrossWorks for ARM 2.0/lib/libm_v4t_a_le.a(__float64_nan.o)
 .bss           0x40004d68        0x0 C:/Program Files/Rowley Associates Limited/CrossWorks for ARM 2.0/lib/libm_v4t_a_le.a(__poly1_eval.o)
 .bss           0x40004d68        0x0 C:/Program Files/Rowley Associates Limited/CrossWorks for ARM 2.0/lib/libm_v4t_a_le.a(__poly_eval.o)
 .bss           0x40004d68        0x0 C:/Program Files/Rowley Associates Limited/CrossWorks for ARM 2.0/lib/libm_v4t_a_le.a(frexp.o)
 .bss           0x40004d68        0x0 C:/Program Files/Rowley Associates Limited/CrossWorks for ARM 2.0/lib/libm_v4t_a_le.a(ldexp.o)
 .bss           0x40004d68        0x0 C:/Program Files/Rowley Associates Limited/CrossWorks for ARM 2.0/lib/libc_v4t_a_le.a(__int32_umod.o)
 .bss           0x40004d68        0x0 C:/Program Files/Rowley Associates Limited/CrossWorks for ARM 2.0/lib/libc_v4t_a_le.a(__int32_div.o)
 .bss           0x40004d68        0x0 C:/Program Files/Rowley Associates Limited/CrossWorks for ARM 2.0/lib/libc_v4t_a_le.a(__int32_udivmod.o)
 .bss           0x40004d68        0x0 C:/Program Files/Rowley Associates Limited/CrossWorks for ARM 2.0/lib/libc_v4t_a_le.a(strlen.o)
 .bss           0x40004d68        0x0 C:/Program Files/Rowley Associates Limited/CrossWorks for ARM 2.0/lib/libc_v4t_a_le.a(memcpy.o)
 .bss           0x40004d68        0x0 C:/Program Files/Rowley Associates Limited/CrossWorks for ARM 2.0/lib/libc_v4t_a_le.a(memset.o)
 .bss           0x40004d68        0x0 C:/Program Files/Rowley Associates Limited/CrossWorks for ARM 2.0/lib/libc_v4t_a_le.a(strcpy.o)
 .bss           0x40004d68        0x0 C:/Program Files/Rowley Associates Limited/CrossWorks for ARM 2.0/lib/libc_v4t_a_le.a(strcmp.o)
 .bss           0x40004d68        0x0 C:/Program Files/Rowley Associates Limited/CrossWorks for ARM 2.0/lib/libc_v4t_a_le.a(memcmp.o)
 .bss           0x40004d68        0x0 C:/Program Files/Rowley Associates Limited/CrossWorks for ARM 2.0/lib/libc_v4t_a_le.a(strcat.o)
 .bss           0x40004d68        0x0 C:/Program Files/Rowley Associates Limited/CrossWorks for ARM 2.0/lib/libc_v4t_a_le.a(strchr.o)
 .bss           0x40004d68        0x0 C:/Program Files/Rowley Associates Limited/CrossWorks for ARM 2.0/lib/libc_v4t_a_le.a(strncmp.o)
 .bss           0x40004d68        0x0 C:/Program Files/Rowley Associates Limited/CrossWorks for ARM 2.0/lib/libc_v4t_a_le.a(strncpy.o)
 .bss           0x40004d68        0x0 C:/Program Files/Rowley Associates Limited/CrossWorks for ARM 2.0/lib/libc_v4t_a_le.a(strrchr.o)
 .bss           0x40004d68        0x0 C:/Program Files/Rowley Associates Limited/CrossWorks for ARM 2.0/lib/libc_v4t_a_le.a(strstr.o)
 .bss           0x40004d68        0x0 C:/Program Files/Rowley Associates Limited/CrossWorks for ARM 2.0/lib/libc_v4t_a_le.a(ctype.o)
 .bss           0x40004d68        0x0 C:/Program Files/Rowley Associates Limited/CrossWorks for ARM 2.0/lib/libc_v4t_a_le.a(malloc.o)
 .bss           0x40004d68        0x0 C:/Program Files/Rowley Associates Limited/CrossWorks for ARM 2.0/lib/libc_v4t_a_le.a(atoi.o)
 .bss           0x40004d68        0x0 C:/Program Files/Rowley Associates Limited/CrossWorks for ARM 2.0/lib/libc_v4t_a_le.a(time.o)
 .bss.libc      0x40004d68       0x24 C:/Program Files/Rowley Associates Limited/CrossWorks for ARM 2.0/lib/libc_v4t_a_le.a(time.o)
 .bss           0x40004d8c        0x0 C:/Program Files/Rowley Associates Limited/CrossWorks for ARM 2.0/lib/libc_v4t_a_le.a(asctime.o)
 .bss.libc      0x40004d8c       0x1c C:/Program Files/Rowley Associates Limited/CrossWorks for ARM 2.0/lib/libc_v4t_a_le.a(asctime.o)
 .bss           0x40004da8        0x0 C:/Program Files/Rowley Associates Limited/CrossWorks for ARM 2.0/lib/libc_v4t_a_le.a(strftime.o)
 .bss           0x40004da8        0x0 C:/Program Files/Rowley Associates Limited/CrossWorks for ARM 2.0/lib/libc_v4t_a_le.a(div.o)
 .bss           0x40004da8        0x0 C:/Program Files/Rowley Associates Limited/CrossWorks for ARM 2.0/lib/libc_v4t_a_le.a(strtol.o)
 .bss           0x40004da8        0x0 C:/Program Files/Rowley Associates Limited/CrossWorks for ARM 2.0/lib/libc_v4t_a_le.a(ldiv.o)
 .bss           0x40004da8        0x0 C:/Program Files/Rowley Associates Limited/CrossWorks for ARM 2.0/lib/libc_v4t_a_le.a(__int32_mod.o)
 .bss           0x40004da8        0x0 C:/Program Files/Rowley Associates Limited/CrossWorks for ARM 2.0/lib/libc_v4t_a_le.a(__strtoul.o)
 .bss           0x40004da8        0x0 C:/Program Files/Rowley Associates Limited/CrossWorks for ARM 2.0/lib/libc_v4t_a_le.a(__digit.o)
 .bss           0x40004da8        0x0 C:/Program Files/Rowley Associates Limited/CrossWorks for ARM 2.0/lib/libc_targetio_impl_v4t_a_le.a(putchar.o)
 .bss           0x40004da8        0x0 C:/Program Files/Rowley Associates Limited/CrossWorks for ARM 2.0/lib/libc_user_libc_v4t_a_le.a(user_libc.o)
 .bss.libc      0x40004da8        0x4 C:/Program Files/Rowley Associates Limited/CrossWorks for ARM 2.0/lib/libc_user_libc_v4t_a_le.a(user_libc.o)
 *(COMMON)
 COMMON         0x40004dac      0x930 ARM Flash Release/main.o
                0x40004dac                Fatfs
                0x40004fdc                ts
                0x40004fe0                LOG_ITEM_STATE
                0x40004fe4                FileAllTimeLog
                0x40005208                FileContLog