Archive member included because of file (symbol)

C:/Users/lukas/AppData/Local/Rowley Associates Limited/CrossWorks for ARM/packages/lib/liblpc2000_v4t_a_le.a(liblpc2000_lpc21xx_get_cclk.o)
                              ARM Flash Release/LPC210x.o (liblpc2000_lpc21xx_get_cclk)
C:/Users/lukas/AppData/Local/Rowley Associates Limited/CrossWorks for ARM/packages/lib/liblpc2000_v4t_a_le.a(liblpc2000_lpc21xx_get_pclk.o)
                              ARM Flash Release/LPC210x.o (liblpc2000_lpc21xx_get_pclk)
C:/Program Files/Rowley Associates Limited/CrossWorks for ARM 2.0/lib/libm_v4t_a_le.a(__int32_to_float32.o)
                              ARM Flash Release/logging.o (__floatsisf)
C:/Program Files/Rowley Associates Limited/CrossWorks for ARM 2.0/lib/libm_v4t_a_le.a(__int32_to_float64.o)
                              ARM Flash Release/logging.o (__floatsidf)
C:/Program Files/Rowley Associates Limited/CrossWorks for ARM 2.0/lib/libm_v4t_a_le.a(__uint32_to_float32.o)
                              ARM Flash Release/dac.o (__floatunsisf)
C:/Program Files/Rowley Associates Limited/CrossWorks for ARM 2.0/lib/libm_v4t_a_le.a(__float32_to_int32.o)
                              ARM Flash Release/logging.o (__fixsfsi)
C:/Program Files/Rowley Associates Limited/CrossWorks for ARM 2.0/lib/libm_v4t_a_le.a(__float32_to_uint32.o)
                              ARM Flash Release/dac.o (__fixunssfsi)
C:/Program Files/Rowley Associates Limited/CrossWorks for ARM 2.0/lib/libm_v4t_a_le.a(__float64_to_int32.o)
                              ARM Flash Release/logging.o (__fixdfsi)
C:/Program Files/Rowley Associates Limited/CrossWorks for ARM 2.0/lib/libm_v4t_a_le.a(__float32_mul.o)
                              ARM Flash Release/dac.o (__mulsf3)
C:/Program Files/Rowley Associates Limited/CrossWorks for ARM 2.0/lib/libm_v4t_a_le.a(__float32_div.o)
                              ARM Flash Release/logging.o (__divsf3)
C:/Program Files/Rowley Associates Limited/CrossWorks for ARM 2.0/lib/libm_v4t_a_le.a(__float64_add.o)
                              ARM Flash Release/logging.o (__adddf3)
C:/Program Files/Rowley Associates Limited/CrossWorks for ARM 2.0/lib/libm_v4t_a_le.a(__float64_mul.o)
                              ARM Flash Release/logging.o (__muldf3)
C:/Program Files/Rowley Associates Limited/CrossWorks for ARM 2.0/lib/libm_v4t_a_le.a(__float64_div.o)
                              ARM Flash Release/logging.o (__divdf3)
C:/Program Files/Rowley Associates Limited/CrossWorks for ARM 2.0/lib/libm_v4t_a_le.a(log.o)
                              ARM Flash Release/logging.o (log)
C:/Program Files/Rowley Associates Limited/CrossWorks for ARM 2.0/lib/libm_v4t_a_le.a(__float64_cmp.o)
                              C:/Program Files/Rowley Associates Limited/CrossWorks for ARM 2.0/lib/libm_v4t_a_le.a(log.o) (__eqdf2)
C:/Program Files/Rowley Associates Limited/CrossWorks for ARM 2.0/lib/libm_v4t_a_le.a(__float64_isnan.o)
                              C:/Program Files/Rowley Associates Limited/CrossWorks for ARM 2.0/lib/libm_v4t_a_le.a(log.o) (__float64_isnan)
C:/Program Files/Rowley Associates Limited/CrossWorks for ARM 2.0/lib/libm_v4t_a_le.a(__float64_infinity.o)
                              C:/Program Files/Rowley Associates Limited/CrossWorks for ARM 2.0/lib/libm_v4t_a_le.a(log.o) (__float64_infinity)
C:/Program Files/Rowley Associates Limited/CrossWorks for ARM 2.0/lib/libm_v4t_a_le.a(__float64_nan.o)
                              C:/Program Files/Rowley Associates Limited/CrossWorks for ARM 2.0/lib/libm_v4t_a_le.a(log.o) (__float64_nan)
C:/Program Files/Rowley Associates Limited/CrossWorks for ARM 2.0/lib/libm_v4t_a_le.a(__poly1_eval.o)
                              C:/Program Files/Rowley Associates Limited/CrossWorks for ARM 2.0/lib/libm_v4t_a_le.a(log.o) (__poly1_eval)
C:/Program Files/Rowley Associates Limited/CrossWorks for ARM 2.0/lib/libm_v4t_a_le.a(__poly_eval.o)
                              C:/Program Files/Rowley Associates Limited/CrossWorks for ARM 2.0/lib/libm_v4t_a_le.a(log.o) (__poly_eval)
C:/Program Files/Rowley Associates Limited/CrossWorks for ARM 2.0/lib/libm_v4t_a_le.a(frexp.o)
                              C:/Program Files/Rowley Associates Limited/CrossWorks for ARM 2.0/lib/libm_v4t_a_le.a(log.o) (frexp)
C:/Program Files/Rowley Associates Limited/CrossWorks for ARM 2.0/lib/libm_v4t_a_le.a(ldexp.o)
                              C:/Program Files/Rowley Associates Limited/CrossWorks for ARM 2.0/lib/libm_v4t_a_le.a(log.o) (ldexp)
C:/Program Files/Rowley Associates Limited/CrossWorks for ARM 2.0/lib/libc_v4t_a_le.a(__int32_umod.o)
                              ARM Flash Release/printf-stdarg.o (__umodsi3)
C:/Program Files/Rowley Associates Limited/CrossWorks for ARM 2.0/lib/libc_v4t_a_le.a(__int32_div.o)
                              ARM Flash Release/logging.o (__divsi3)
[...]
Memory Configuration

Name             Origin             Length             Attributes
UNPLACED_SECTIONS 0xffffffff         0x00000000         xw
AHB_Peripherals  0xffe00000         0x00200000         xw
APB_Peripherals  0xe0000000         0x00200000         xw
USB_DMA_RAM      0x7fd00000         0x00002000         xw
SRAM             0x40000000         0x00008000         xw
FLASH            0x00000000         0x00080000         xr
*default*        0x00000000         0xffffffff

Linker script and memory map

                0xffe00000                __AHB_Peripherals_segment_start__ = 0xffe00000
                0x00000000                __AHB_Peripherals_segment_end__ = 0x0
                0xe0000000                __APB_Peripherals_segment_start__ = 0xe0000000
                0xe0200000                __APB_Peripherals_segment_end__ = 0xe0200000
                0x7fd00000                __USB_DMA_RAM_segment_start__ = 0x7fd00000
                0x7fd02000                __USB_DMA_RAM_segment_end__ = 0x7fd02000
                0x40000000                __SRAM_segment_start__ = 0x40000000
                0x40008000                __SRAM_segment_end__ = 0x40008000
                0x00000000                __FLASH_segment_start__ = 0x0
                0x00080000                __FLASH_segment_end__ = 0x80000
                0x00000400                __STACKSIZE__ = 0x400
                0x00000400                __STACKSIZE_IRQ__ = 0x400
                0x00000020                __STACKSIZE_FIQ__ = 0x20
                0x00000100                __STACKSIZE_SVC__ = 0x100
                0x00000008                __STACKSIZE_ABT__ = 0x8
                0x00000008                __STACKSIZE_UND__ = 0x8
                0x00000400                __HEAPSIZE__ = 0x400
                0x40000000                __vectors_ram_load_start__ = __SRAM_segment_start__

.vectors_ram    0x40000000       0x3c
                0x40000000                __vectors_ram_start__ = .
 *(.vectors_ram .vectors_ram.*)
                0x4000003c                . = MAX ((__vectors_ram_start__ + 0x3c), .)
 *fill*         0x40000000       0x3c 00
                0x4000003c                __vectors_ram_end__ = (__vectors_ram_start__ + SIZEOF (.vectors_ram))
                0x4000003c                __vectors_ram_load_end__ = __vectors_ram_end__
                0x00000001                . = ASSERT (((__vectors_ram_end__ >= __SRAM_segment_start__) && (__vectors_ram_end__ <= (__SRAM_segment_start__ + 0x8000))), error: .vectors_ram is too large to fit in SRAM memory segment)
                0x00000000                __vectors_load_start__ = __FLASH_segment_start__

.vectors        0x00000000       0x38
                0x00000000                __vectors_start__ = .
 *(.vectors .vectors.*)
 .vectors       0x00000000       0x38 ARM Flash Release/Philips_LPC210X_Startup.o
                0x00000000                _vectors
                0x00000038                __vectors_end__ = (__vectors_start__ + SIZEOF (.vectors))
                0x00000038                __vectors_load_end__ = __vectors_end__
                0x00000001                . = ASSERT (((__vectors_end__ >= __FLASH_segment_start__) && (__vectors_end__ <= (__FLASH_segment_start__ + 0x80000))), error: .vectors is too large to fit in FLASH memory segment)
                0x00000038                __init_load_start__ = ALIGN (__vectors_end__, 0x4)

.init           0x00000038      0x260
                0x00000038                __init_start__ = .
 *(.init .init.*)
 *fill*         0x00000038        0x8 00
 .init          0x00000040      0x1d0 ARM Flash Release/crt0.o
                0x00000040                _start
                0x00000040                __start
 .init          0x00000210       0x88 ARM Flash Release/Philips_LPC210X_Startup.o
                0x00000210                reset_handler
                0x0000027c                undef_handler
                0x00000284                pabort_handler
                0x00000288                dabort_handler
                0x0000028c                fiq_handler
                0x00000298                __init_end__ = (__init_start__ + SIZEOF (.init))
                0x00000298                __init_load_end__ = __init_end__
                0x00000001                . = ASSERT (((__init_end__ >= __FLASH_segment_start__) && (__init_end__ <= (__FLASH_segment_start__ + 0x80000))), error: .init is too large to fit in FLASH memory segment)
                0x00000298                __text_load_start__ = ALIGN (__init_end__, 0x4)

.text           0x00000298    0x173b8
                0x00000298                __text_start__ = .
 *(.text .text.* .glue_7t .glue_7 .gnu.linkonce.t.* .gcc_except_table)
 .glue_7        0x00000000        0x0 linker stubs
 .glue_7t       0x00000000        0x0 linker stubs
 .text          0x00000298       0xdc ARM Flash Release/main.o
                0x00000298                vApplicationStackOverflowHook
                0x0000029c                __putchar
                0x000002b8                main
 .text          0x00000374      0x3cc ARM Flash Release/adc.o
                0x00000374                adcRead0_1
                0x000003d4                adcRead0_2
                0x00000434                adcRead0_3
                0x00000494                adcRead1_1
                0x000004f4                adcRead1_6
                0x00000554                adcRead1_7
                0x000005b4                adcInit0_1
                0x000005f8                adcInit0_2
                0x0000063c                adcInit0_3
                0x00000680                adcInit1_1
                0x000006c0                adcInit1_6
                0x00000700                adcInit1_7
 .text          0x00000740       0xd8 ARM Flash Release/cpu.o
                0x00000740                cpuSetupHardware
                0x000007f0                cpuPLLDisable
 .text          0x00000818       0x60 ARM Flash Release/i2c.o
                0x00000818                i2cGetErrno
                0x00000828                i2cStrerror
 .text          0x00000878      0x9b0 ARM Flash Release/i2cInt.o
                0x00000cb8                i2cInit
                0x00000de4                i2cSetTimeout
                0x00000f58                i2cWriteReadBuffer
                0x00000fa0                i2cReadBuffer
                0x00000fec                i2cWriteBuffer
                0x0000112c                i2cWriteReadBufferPoll
                0x00001178                i2cWriteBufferPoll
                0x000011c4                i2cDump
 .text          0x00001228      0x1a4 ARM Flash Release/pwm.o
                0x00001228                pwmDutyCycle
                0x00001290                pwmPulseWidthInMicroseconds
                0x000012c8                pwmFrequency
                0x00001340                pwmInit
 .text          0x000013cc       0x9c ARM Flash Release/spi.o
                0x000013cc                spiInit
                0x00001434                spiPut
 .text          0x00001468      0x2ac ARM Flash Release/uart0.o
                0x00001468                uart0Deinit
                0x0000149c                uart0GetRxQueue
                0x000014b0                uart0GetChar
                0x000014e4                uart0PutChar
                0x000015a8                uart0PutString
                0x000015f0                uart0Init
 .text          0x00001714      0x290 ARM Flash Release/uart0ISR.o
                0x00001714                uart0ISRCreateQueues
                0x000018f4                uart0ISR
 .text          0x000019a4      0x2ac ARM Flash Release/uart1.o
                0x000019a4                uart1Deinit
                0x000019d8                uart1GetRxQueue
                0x000019ec                uart1GetChar
                0x00001a20                uart1PutChar
                0x00001ae4                uart1PutString
                0x00001b2c                uart1Init
 .text          0x00001c50      0x290 ARM Flash Release/uart1ISR.o
                0x00001c50                uart1ISRCreateQueues
                0x00001e30                uart1ISR
 .text          0x00001ee0      0x21c ARM Flash Release/usbcontrol.o
                0x00001f14                usbRegisterRequestHandler
                0x00001f8c                usbHandleControlTransfer
 .text          0x000020fc       0x74 ARM Flash Release/usbinit.o
                0x00002100                usbRegisterHandlers
 .text          0x00002170      0x6c0 ARM Flash Release/usbISR.o
                0x00002240                usbHardwareEndpointConfig
                0x00002298                usbHardwareRegisterEPIntHandler
                0x000022dc                usbHardwareRegisterDevIntHandler
                0x00002300                usbHardwareRegisterFrameHandler
                0x00002324                usbHardwareSetAddress
                0x00002344                usbHardwareConnect
                0x00002360                usbHardwareNakIntEnable
                0x00002378                usbHardwareEndpointIsStalled
                0x0000239c                usbHardwareEndpointStall
                0x000023c8                usbHardwareEndpointWrite
                0x00002468                usbHardwareEndpointRead
                0x0000251c                usbHardwareConfigDevice
                0x00002538                usbSetupInterruptHandler
                0x00002568                usbHardwareInit
                0x0000263c                usbISR
 .text          0x00002830      0x354 ARM Flash Release/usbstdreq.o
                0x00002830                usbRegisterDescriptors
                0x00002840                usbGetDescriptor
                0x000028cc                usbRegisterCustomReqHandler
                0x000028dc                usbHandleStandardRequest
 .text          0x00002b84      0x388 ARM Flash Release/usbser.o
                0x00002b84                usbserGetRxQueue
                0x00002bc0                usbserInit
                0x00002df8                usbserGetChar
                0x00002e40                usbserPutChar
                0x00002e9c                usbserPutString
 .text          0x00002f0c      0x8e0 ARM Flash Release/rtc.o
                0x00002f0c                rtcSetAlarm
                0x00002fb0                rtcSetAlarmCIIR
                0x00003004                rtcPeriodicAlarm
                0x0000308c                rtcIs5minInt
                0x000030a0                getMonthLength
                0x00003298                getRtcRead
                0x000032ac                rtcGetEpochSecondsLuk
                0x000032d8                rtcGetEpochSeconds
                0x00003434                time
                0x00003448                rtcGetAlarmTm
                0x00003530                rtcGetAlarmEpochSeconds
                0x00003550                rtcSetEpochSeconds
                0x00003630                rtcInit
 .text          0x000037ec      0x1e8 ARM Flash Release/rtcISR.o
                0x000037ec                rtcISRInit
                0x00003924                rtcISR
 .text          0x000039d4       0x28 ARM Flash Release/reset.o
                0x000039d4                reset
 .text          0x000039fc       0xa4 ARM Flash Release/eint0.o
                0x000039fc                eint0Deinit
                0x00003a20                eint0Init
 .text          0x00003aa0       0xc4 ARM Flash Release/eint0ISR.o
                0x00003aa0                eint0ISR
 .text          0x00003b64       0xa4 ARM Flash Release/eint2.o
                0x00003b64                eint2Deinit
                0x00003b88                eint2Init
 .text          0x00003c08       0xd8 ARM Flash Release/eint2ISR.o
                0x00003c30                eint2ISR
 .text          0x00003ce0       0xa8 ARM Flash Release/eint3.o
                0x00003ce0                eint3Deinit
                0x00003d08                eint3Init
 .text          0x00003d88       0xc8 ARM Flash Release/eint3ISR.o
                0x00003d88                eint3ISR
 .text          0x00003e50       0xa0 ARM Flash Release/eint1.o
                0x00003e50                eint1Deinit
                0x00003e74                eint1Init
 .text          0x00003ef0      0x108 ARM Flash Release/eint1ISR.o
                0x00003ef0                eint1ISR
 .text          0x00003ff8      0x174 ARM Flash Release/beep.o
                0x00003ff8                beepOn
                0x00004080                beepOff
                0x00004118                beepA_TEAM_THEME
                0x00004134                beepSMOTW
                0x00004150                beepMHALL
 .text          0x0000416c      0x2ac ARM Flash Release/timer.o
                0x0000416c                timer1Init
                0x00004184                getWindPeriod
                0x0000419c                clrWindPeriod
                0x000041b0                setWindPeriod
                0x000041c8                getFIntCount
                0x000041d8                timer1ISR
                0x0000436c                capture13Init
 .text          0x00004418       0xb8 ARM Flash Release/dac.o
                0x00004418                dacInit
                0x00004440                dacSet
                0x0000447c                dacSetMV
 .text          0x000044d0      0x2d4 ARM Flash Release/args.o
                0x000044d0                argsParse
                0x0000463c                argsGetLine
 .text          0x000047a4      0x11c ARM Flash Release/argsdispatch.o
                0x000047a4                argsDispatch
 .text          0x000048c0     0x16c0 ARM Flash Release/monitor.o
                0x000048d8                monitorTaskStart
                0x00005f18                get_fattime
 .text          0x00005f80      0x524 ARM Flash Release/printf-stdarg.o
                0x00005f80                write
                0x0000640c                snprintf
                0x00006440                sprintf
                0x00006474                printf
 .text          0x000064a4      0x124 ARM Flash Release/leds.o
                0x000064a4                ledsSetDelay
                0x000064bc                ledsGetDelay
                0x000064cc                ledsTaskStop
                0x00006520                ledsTaskStart
 .text          0x000065c8      0x22c ARM Flash Release/tcs3414.o
                0x000065cc                tcs3414TaskStart
                0x00006670                tcs3414GetICRevision
                0x00006694                tcs3414GetColour
                0x000067a8                tcs3414Init
 .text          0x000067f4      0x984 ARM Flash Release/mmc.o
                0x000067f4                mmcWriteProtect
                0x00006804                mmcDecodeCSD
                0x0000681c                mmcDumpCSD
                0x00006834                mmcCardPresent
                0x00006a10                mmcVerify
                0x00006b50                mmcReadCardInfo
                0x00006c2c                mmcInitMedia
                0x00006f78                mmcWrite
                0x00007080                mmcRead
                0x0000715c                mmcWaitReady
 .text          0x00007178      0x3b0 ARM Flash Release/ssp.o
                0x00007178                sspHardwareCardPresent
                0x00007194                sspHardwareWriteProtected
                0x000071c0                sspChipSelect
                0x00007250                sspSetClockFreq
                0x000072a4                sspInit
                0x0000735c                sspTransferByte
                0x000073a4                sspWaitReady
                0x000073d8                sspSendBlock
                0x0000742c                sspReceiveBlock
                0x000074e0                sspDelay1ms
 .text          0x00007528        0x0 ARM Flash Release/Lcd204_4.o
 .text          0x00007528      0x604 ARM Flash Release/logging.o
                0x00007528                setWsPrice
                0x00007538                init_daysLogging
                0x0000754c                incr_daysLogging
                0x00007570                b_itoab
                0x00007640                luk_strcpy
                0x00007660                getWindDirection
                0x000076e0                setWindPeriodTime
                0x00007704                getWindSpeed
                0x00007740                clrWindPeriodTime
                0x00007754                nrOfDigits
                0x00007788                getDateTime
                0x000077dc                fs_init
                0x0000782c                appendToLog
                0x0000790c                initLog
                0x00007988                trackLogTaskStop
                0x000079bc                trackLogTaskStart
                0x00007a08                trackLog
                0x00007a4c                getLogFilename
                0x00007aec                fillSlogEntryItem
 .text          0x00007b2c      0x774 ARM Flash Release/meas_sm.o
                0x00007b2c                set_measure
                0x00007b40                clr_measure
                0x00007b54                get_measure
                0x00007b64                set_trackLog
                0x00007b78                clr_trackLog
                0x00007b8c                get_trackLog
                0x00007b9c                get_pumpLastControlSignalOn
                0x00007bb8                clr_pumpLastControlSignalOn
                0x00007bcc                getMeasure_timestamp_diff
                0x00007be8                clr_valuesReceived
                0x00007bfc                set_valuesReceived
                0x00007c10                valuesReceived
                0x00007c20                stopMeasure
                0x00007c34                startMeasure
                0x00007c48                updateMeasure_timestamp
                0x00007c84                set_pumpLastControlSignalOn
                0x00007cac                MeasSMTaskStop
                0x00007ce0                measSMTaskStart
                0x00007d2c                meas_sm
 .text          0x000082a0      0x224 ARM Flash Release/meas_task.o
                0x000082a0                meas_wind
                0x000082f8                meas_task_init
                0x00008378                measTaskStop
                0x000083ac                measTaskStart
                0x000083f8                doMeasure
 .text          0x000084c4        0x0 ARM Flash Release/crt0.o
 .text          0x000084c4        0x0 ARM Flash Release/Philips_LPC210X_Startup.o
 .text          0x000084c4       0xc8 ARM Flash Release/LPC210x.o
                0x000084f4                ctl_get_ticks_per_second
                0x000084fc                ctl_start_timer
 .text          0x0000858c      0x1b0 ARM Flash Release/VIC.o
                0x0000858c                ctl_set_isr
                0x0000870c                ctl_unmask_isr
                0x00008724                ctl_mask_isr
 .text          0x0000873c       0x44 ARM Flash Release/VIC_irq_handler.o
                0x0000873c                irq_handler
 .text          0x00008780      0x22c ARM Flash Release/portISR.o
                0x00008780                vPortISRStartFirstTask
                0x000087cc                vTickISR
                0x0000888c                vPortEnterCritical
                0x000088b8                vPortExitCritical
                0x00008900                swi_handler
 .text          0x000089ac      0x18c ARM Flash Release/port.o
                0x000089ac                pxPortInitialiseStack
                0x00008ab8                vPortEndScheduler
                0x00008abc                xPortStartScheduler
 .text          0x00008b38      0x1b4 ARM Flash Release/heap_2.o
                0x00008b38                xPortGetFreeHeapSize
                0x00008b48                vPortInitialiseBlocks
                0x00008b4c                vPortFree
                0x00008bb0                pvPortMalloc
 .text          0x00008cec     0x1410 ARM Flash Release/tasks.o
                0x00008cec                xTaskIsTaskSuspended
                0x00008d28                vTaskSuspendAll
                0x00008d40                uxTaskGetNumberOfTasks
                0x00008d50                vTaskSetTimeOutState
                0x00008d6c                vTaskMissedYield
                0x00008d80                usTaskCheckFreeStackSpace
                0x00008db4                uxTaskGetStackHighWaterMark
                0x00008dd8                xTaskGetCurrentTaskHandle
                0x00008de8                vTaskPriorityDisinherit
                0x00008e5c                vTaskPriorityInherit
                0x00008f10                xTaskRemoveFromEventList
                0x00008fc0                vTaskIncrementTick
                0x000090cc                xTaskResumeFromISR
                0x00009174                prvDeleteTCB
                0x00009194                prvListTaskWithinSingleList
                0x00009250                prvAllocateTCBAndStack
                0x000092ac                xTaskCheckForTimeOut
                0x00009348                ulTaskEndTrace
                0x00009388                vTaskStartTrace
                0x000093e0                xTaskGetTickCount
                0x00009404                xTaskResumeAll
                0x00009548                vTaskList
                0x0000965c                prvCheckTasksWaitingTermination
                0x000096e8                prvIdleTask
                0x000096f8                vTaskResume
                0x00009794                vTaskSuspend
                0x00009810                vTaskPrioritySet
                0x00009900                uxTaskPriorityGet
                0x00009930                vTaskDelete
                0x000099d4                prvInitialiseTaskLists
                0x00009a5c                prvInitialiseTCBVariables
                0x00009ab4                vTaskPlaceOnEventList
                0x00009b60                vTaskDelay
                0x00009bf0                vTaskDelayUntil
                0x00009ce0                vTaskSwitchContext
                0x00009ecc                vTaskEndScheduler
                0x00009f00                xTaskGenericCreate
                0x0000a084                vTaskStartScheduler
 .text          0x0000a0fc      0xb54 ARM Flash Release/queue.o
                0x0000a0fc                uxQueueMessagesWaitingFromISR
                0x0000a104                xQueueIsQueueEmptyFromISR
                0x0000a114                xQueueIsQueueFullFromISR
                0x0000a12c                vQueueAddToRegistry
                0x0000a178                vQueueDelete
                0x0000a1e4                uxQueueMessagesWaiting
                0x0000a2a4                xQueueReceiveFromISR
                0x0000a31c                xQueueAltGenericReceive
                0x0000a55c                xQueueGenericReceive
                0x0000a714                xQueueTakeMutexRecursive
                0x0000a824                xQueueGenericSendFromISR
                0x0000a898                xQueueAltGenericSend
                0x0000a9a0                xQueueGenericSend
                0x0000aaec                xQueueGiveMutexRecursive
                0x0000ab40                xQueueCreateMutex
                0x0000abb4                xQueueCreate
 .text          0x0000ac50      0x108 ARM Flash Release/list.o
                0x0000ac50                vListInitialise
                0x0000ac74                vListInitialiseItem
                0x0000ac80                vListInsertEnd
                0x0000acb8                vListInsert
                0x0000ad18                vListRemove
 .text          0x0000ad58      0x71c ARM Flash Release/dhcpc.o
                0x0000ad7c                dhcpc_request
                0x0000b09c                dhcpc_appcall
                0x0000b3fc                dhcpc_init
 .text          0x0000b474      0x2b4 ARM Flash Release/sntp.o
                0x0000b474                sntp_appcall
                0x0000b6b8                sntpSync
 .text          0x0000b728      0x604 ARM Flash Release/telnetd.o
                0x0000b744                telnetdDisconnect
                0x0000b900                telnetd_appcall
                0x0000bc2c                telnetd_init
                0x0000bc90                telnetdPutChar
 .text          0x0000bd2c      0x9c4 ARM Flash Release/httpd.o
                0x0000bd2c                httpd_init
                0x0000c5d4                httpd_appcall
 .text          0x0000c6f0      0x448 ARM Flash Release/httpd-cgi.o
                0x0000c700                httpd_cgi
 .text          0x0000cb38      0x174 ARM Flash Release/httpd-fs.o
                0x0000cbac                httpd_fs_open
                0x0000cc2c                httpd_fs_init
                0x0000cc50                httpd_fs_count
 .text          0x0000ccac        0x0 ARM Flash Release/http-strings.o
 .text          0x0000ccac      0x88c ARM Flash Release/enc28j60.o
                0x0000cd50                enc28j60WaitForData
                0x0000ced4                enc28j60Send
                0x0000d050                enc28j60Deinit
                0x0000d070                enc28j60Init
                0x0000d3d0                enc28j60Receive
 .text          0x0000d538      0x124 ARM Flash Release/memb.o
                0x0000d538                memb_alloc
                0x0000d5a8                memb_free
                0x0000d624                memb_init
 .text          0x0000d65c      0x608 ARM Flash Release/psock.o
                0x0000d6f4                psock_datalen
                0x0000d70c                psock_newdata
                0x0000d748                psock_readto
                0x0000d8b4                psock_init
                0x0000d8f0                psock_readbuf
                0x0000dafc                psock_generator_send
                0x0000dbcc                psock_send
 .text          0x0000dc64     0x1e30 ARM Flash Release/uip.o
                0x0000dc64                uip_setipid
                0x0000dc74                uip_init
                0x0000dce0                uip_unlisten
                0x0000dd8c                uip_listen
                0x0000de34                htons
                0x0000de4c                uip_connect
                0x0000e014                htonl
                0x0000e03c                uip_iszeroaddr
                0x0000e05c                uip_send
                0x0000e100                uip_process
                0x0000f754                uip_udp_new
                0x0000f8c0                uip_printstats
 .text          0x0000fa94      0x444 ARM Flash Release/uip_arch.o
                0x0000fa94                uip_add32
                0x0000fc00                uip_udpchksum
                0x0000fc5c                uip_chksum
                0x0000fd48                uip_ipchksum
                0x0000fd64                uip_tcpchksum
 .text          0x0000fed8      0x768 ARM Flash Release/uip_arp.o
                0x00010074                uip_arp_ipin
                0x0001010c                uip_arp_arpin
                0x000102cc                uip_arp_out
                0x00010548                uip_arp_timer
                0x000105e4                uip_arp_init
 .text          0x00010640       0x70 ARM Flash Release/uip_timer.o
                0x00010640                timer_reset
                0x00010650                timer_expired
                0x0001067c                timer_restart
                0x00010694                timer_set
 .text          0x000106b0      0x41c ARM Flash Release/uip-fw.o
                0x000106b0                uip_fw_init
                0x000106ec                uip_fw_output
                0x0001082c                uip_fw_register
                0x00010844                uip_fw_default
                0x00010854                uip_fw_periodic
                0x0001089c                uip_fw_forward
 .text          0x00010acc       0x98 ARM Flash Release/uiplib.o
                0x00010acc                uiplib_ipaddrconv
 .text          0x00010b64      0x1e4 ARM Flash Release/uip-neighbor.o
                0x00010b64                uip_neighbor_init
                0x00010b88                uip_neighbor_periodic
                0x00010c08                uip_neighbor_update
                0x00010c24                uip_neighbor_lookup
                0x00010c40                uip_neighbor_add
 .text          0x00010d48       0x10 ARM Flash Release/clock.o
                0x00010d48                clock_time
 .text          0x00010d58      0x3d0 ARM Flash Release/uiptask.o
                0x00010d58                uipIsRunning
                0x00010d70                dispatch_tcp_appcall
                0x00010d74                dispatch_udp_appcall
                0x00010d78                dhcpc_configured
                0x00010d7c                uipStop
                0x00010db8                uipStart
                0x000110f0                uipFastPoll
 .text          0x00011128      0x3ac ARM Flash Release/disk.o
                0x00011128                diskShutdown
                0x00011144                diskStatus
                0x00011154                diskErrorText
                0x000111a4                diskErrorTextPrint
                0x000111cc                diskPresent
                0x000111dc                diskIoctl
                0x00011354                diskWrite
                0x000113b4                diskRead
                0x00011400                diskInitialize
 .text          0x000114d4     0x2dc8 ARM Flash Release/ff.o
                0x00011648                f_ferrorlookup
                0x00011698                f_mount
                0x000116f4                f_mkfs
                0x000126f4                f_readdir
                0x000127b0                f_lseek
                0x000129a8                f_write
                0x00012c58                f_read
                0x00013334                f_getfree
                0x0001379c                f_rename
                0x000138c4                f_chmod
                0x00013954                f_unlink
                0x00013ad0                f_stat
                0x00013b44                f_opendir
                0x00013c00                f_mkdir
                0x00013e68                f_sync
                0x00013f74                f_close
                0x00013f94                f_open
                0x00014274                f_printerror
 .text          0x0001429c        0x0 C:/Users/lukas/AppData/Local/Rowley Associates Limited/CrossWorks for ARM/packages/lib/liblpc2000_v4t_a_le.a(liblpc2000_lpc21xx_get_cclk.o)
 .text.liblpc2000
                0x0001429c       0x30 C:/Users/lukas/AppData/Local/Rowley Associates Limited/CrossWorks for ARM/packages/lib/liblpc2000_v4t_a_le.a(liblpc2000_lpc21xx_get_cclk.o)
                0x0001429c                liblpc2000_lpc21xx_get_cclk
                0x0001429c                liblpc2000_get_cclk
 .text          0x000142cc        0x0 C:/Users/lukas/AppData/Local/Rowley Associates Limited/CrossWorks for ARM/packages/lib/liblpc2000_v4t_a_le.a(liblpc2000_lpc21xx_get_pclk.o)
 .text.liblpc2000
                0x000142cc       0x2c C:/Users/lukas/AppData/Local/Rowley Associates Limited/CrossWorks for ARM/packages/lib/liblpc2000_v4t_a_le.a(liblpc2000_lpc21xx_get_pclk.o)
                0x000142cc                liblpc2000_lpc21xx_get_pclk
                0x000142cc                liblpc2000_get_pclk
 .text          0x000142f8        0x0 C:/Program Files/Rowley Associates Limited/CrossWorks for ARM 2.0/lib/libm_v4t_a_le.a(__int32_to_float32.o)
 *fill*         0x000142f8        0x8 00
 .text.libc     0x00014300       0x70 C:/Program Files/Rowley Associates Limited/CrossWorks for ARM 2.0/lib/libm_v4t_a_le.a(__int32_to_float32.o)
                0x00014300                __int32_to_float32
                0x00014300                __floatsisf
                0x00014300                __aeabi_i2f
                0x00014314                __int32_to_float32_common
 .text          0x00014370        0x0 C:/Program Files/Rowley Associates Limited/CrossWorks for ARM 2.0/lib/libm_v4t_a_le.a(__int32_to_float64.o)
 .text.libc     0x00014370       0x70 C:/Program Files/Rowley Associates Limited/CrossWorks for ARM 2.0/lib/libm_v4t_a_le.a(__int32_to_float64.o)
                0x00014370                __aeabi_i2d
                0x00014370                __int32_to_float64
                0x00014370                __floatsidf
 .text          0x000143e0        0x0 C:/Program Files/Rowley Associates Limited/CrossWorks for ARM 2.0/lib/libm_v4t_a_le.a(__uint32_to_float32.o)
 .text.libc     0x000143e0       0x10 C:/Program Files/Rowley Associates Limited/CrossWorks for ARM 2.0/lib/libm_v4t_a_le.a(__uint32_to_float32.o)
                0x000143e0                __aeabi_ui2f
                0x000143e0                __floatunsisf
                0x000143e0                __uint32_to_float32
 .text          0x000143f0        0x0 C:/Program Files/Rowley Associates Limited/CrossWorks for ARM 2.0/lib/libm_v4t_a_le.a(__float32_to_int32.o)
 .text.libc     0x000143f0       0x50 C:/Program Files/Rowley Associates Limited/CrossWorks for ARM 2.0/lib/libm_v4t_a_le.a(__float32_to_int32.o)
                0x000143f0                __float32_to_int32
                0x000143f0                __aeabi_f2iz
                0x000143f0                __fixsfsi
 .text          0x00014440        0x0 C:/Program Files/Rowley Associates Limited/CrossWorks for ARM 2.0/lib/libm_v4t_a_le.a(__float32_to_uint32.o)
 .text.libc     0x00014440       0x40 C:/Program Files/Rowley Associates Limited/CrossWorks for ARM 2.0/lib/libm_v4t_a_le.a(__float32_to_uint32.o)
                0x00014440                __aeabi_f2uiz
                0x00014440                __fixunssfsi
                0x00014440                __float32_to_uint32
 .text          0x00014480        0x0 C:/Program Files/Rowley Associates Limited/CrossWorks for ARM 2.0/lib/libm_v4t_a_le.a(__float64_to_int32.o)
 .text.libc     0x00014480       0x60 C:/Program Files/Rowley Associates Limited/CrossWorks for ARM 2.0/lib/libm_v4t_a_le.a(__float64_to_int32.o)
                0x00014480                __aeabi_d2iz
                0x00014480                __float64_to_int32
                0x00014480                __fixdfsi
 .text          0x000144e0        0x0 C:/Program Files/Rowley Associates Limited/CrossWorks for ARM 2.0/lib/libm_v4t_a_le.a(__float32_mul.o)
 .text.libc     0x000144e0      0x100 C:/Program Files/Rowley Associates Limited/CrossWorks for ARM 2.0/lib/libm_v4t_a_le.a(__float32_mul.o)
                0x000144e0                __mulsf3
                0x000144e0                __float32_mul
 .text          0x000145e0        0x0 C:/Program Files/Rowley Associates Limited/CrossWorks for ARM 2.0/lib/libm_v4t_a_le.a(__float32_div.o)
 .text.libc     0x000145e0      0x210 C:/Program Files/Rowley Associates Limited/CrossWorks for ARM 2.0/lib/libm_v4t_a_le.a(__float32_div.o)
                0x000145e0                __float32_div
                0x000145e0                __divsf3
 .text          0x000147f0        0x0 C:/Program Files/Rowley Associates Limited/CrossWorks for ARM 2.0/lib/libm_v4t_a_le.a(__float64_add.o)
 .text.libc     0x000147f0      0x350 C:/Program Files/Rowley Associates Limited/CrossWorks for ARM 2.0/lib/libm_v4t_a_le.a(__float64_add.o)
                0x000147f0                __aeabi_drsub
                0x000147f8                __aeabi_dsub
                0x000147f8                __float64_sub
                0x000147f8                __subdf3
                0x000147fc                __aeabi_dadd
                0x000147fc                __float64_add
                0x000147fc                __adddf3
 .text          0x00014b40        0x0 C:/Program Files/Rowley Associates Limited/CrossWorks for ARM 2.0/lib/libm_v4t_a_le.a(__float64_mul.o)
 .text.libc     0x00014b40      0x1b0 C:/Program Files/Rowley Associates Limited/CrossWorks for ARM 2.0/lib/libm_v4t_a_le.a(__float64_mul.o)
                0x00014b40                __muldf3
                0x00014b40                __float64_mul
 .text          0x00014cf0        0x0 C:/Program Files/Rowley Associates Limited/CrossWorks for ARM 2.0/lib/libm_v4t_a_le.a(__float64_div.o)
 .text.libc     0x00014cf0      0x330 C:/Program Files/Rowley Associates Limited/CrossWorks for ARM 2.0/lib/libm_v4t_a_le.a(__float64_div.o)
                0x00014cf0                __divdf3
                0x00014cf0                __float64_div
                0x00014cf0                __aeabi_ddiv
 .text          0x00015020        0x0 C:/Program Files/Rowley Associates Limited/CrossWorks for ARM 2.0/lib/libm_v4t_a_le.a(log.o)
 .text.libc     0x00015020      0x2c0 C:/Program Files/Rowley Associates Limited/CrossWorks for ARM 2.0/lib/libm_v4t_a_le.a(log.o)
                0x00015020                log
 .text          0x000152e0        0x0 C:/Program Files/Rowley Associates Limited/CrossWorks for ARM 2.0/lib/libm_v4t_a_le.a(__float64_cmp.o)
 .text.libc     0x000152e0       0x70 C:/Program Files/Rowley Associates Limited/CrossWorks for ARM 2.0/lib/libm_v4t_a_le.a(__float64_cmp.o)
                0x000152e0                __eqdf2
                0x000152e0                __gtdf2
                0x000152e0                __ltdf2
                0x000152e0                __ledf2
                0x000152e0                __nedf2
                0x000152e0                __gedf2
                0x000152e0                __cmpdf2
 .text          0x00015350        0x0 C:/Program Files/Rowley Associates Limited/CrossWorks for ARM 2.0/lib/libm_v4t_a_le.a(__float64_isnan.o)
 .text.libc     0x00015350       0x20 C:/Program Files/Rowley Associates Limited/CrossWorks for ARM 2.0/lib/libm_v4t_a_le.a(__float64_isnan.o)
                0x00015350                __float64_isnan
 .text          0x00015370        0x0 C:/Program Files/Rowley Associates Limited/CrossWorks for ARM 2.0/lib/libm_v4t_a_le.a(__float64_infinity.o)
 .text.libc     0x00015370        0x0 C:/Program Files/Rowley Associates Limited/CrossWorks for ARM 2.0/lib/libm_v4t_a_le.a(__float64_infinity.o)
 .text          0x00015370        0x0 C:/Program Files/Rowley Associates Limited/CrossWorks for ARM 2.0/lib/libm_v4t_a_le.a(__float64_nan.o)
 .text.libc     0x00015370        0x0 C:/Program Files/Rowley Associates Limited/CrossWorks for ARM 2.0/lib/libm_v4t_a_le.a(__float64_nan.o)
 .text          0x00015370        0x0 C:/Program Files/Rowley Associates Limited/CrossWorks for ARM 2.0/lib/libm_v4t_a_le.a(__poly1_eval.o)
 .text.libc     0x00015370       0x70 C:/Program Files/Rowley Associates Limited/CrossWorks for ARM 2.0/lib/libm_v4t_a_le.a(__poly1_eval.o)
                0x00015370                __poly1_eval
 .text          0x000153e0        0x0 C:/Program Files/Rowley Associates Limited/CrossWorks for ARM 2.0/lib/libm_v4t_a_le.a(__poly_eval.o)
 .text.libc     0x000153e0       0x5c C:/Program Files/Rowley Associates Limited/CrossWorks for ARM 2.0/lib/libm_v4t_a_le.a(__poly_eval.o)
                0x000153e0                __poly_eval
 .text          0x0001543c        0x0 C:/Program Files/Rowley Associates Limited/CrossWorks for ARM 2.0/lib/libm_v4t_a_le.a(frexp.o)
 .text.libc     0x0001543c       0x60 C:/Program Files/Rowley Associates Limited/CrossWorks for ARM 2.0/lib/libm_v4t_a_le.a(frexp.o)
                0x0001543c                frexp
 .text          0x0001549c        0x0 C:/Program Files/Rowley Associates Limited/CrossWorks for ARM 2.0/lib/libm_v4t_a_le.a(ldexp.o)
 .text.libc     0x0001549c       0x84 C:/Program Files/Rowley Associates Limited/CrossWorks for ARM 2.0/lib/libm_v4t_a_le.a(ldexp.o)
                0x0001549c                ldexp
 .text          0x00015520        0x0 C:/Program Files/Rowley Associates Limited/CrossWorks for ARM 2.0/lib/libc_v4t_a_le.a(__int32_umod.o)
 .text.libc     0x00015520       0x20 C:/Program Files/Rowley Associates Limited/CrossWorks for ARM 2.0/lib/libc_v4t_a_le.a(__int32_umod.o)
                0x00015520                __int32_umod
                0x00015520                __umodsi3
 .text          0x00015540        0x0 C:/Program Files/Rowley Associates Limited/CrossWorks for ARM 2.0/lib/libc_v4t_a_le.a(__int32_div.o)
 .text.libc     0x00015540       0x50 C:/Program Files/Rowley Associates Limited/CrossWorks for ARM 2.0/lib/libc_v4t_a_le.a(__int32_div.o)
                0x00015540                __divsi3
                0x00015540                __int32_div
 .text          0x00015590        0x0 C:/Program Files/Rowley Associates Limited/CrossWorks for ARM 2.0/lib/libc_v4t_a_le.a(__int32_udivmod.o)
 .text.libc     0x00015590       0x30 C:/Program Files/Rowley Associates Limited/CrossWorks for ARM 2.0/lib/libc_v4t_a_le.a(__int32_udivmod.o)
                0x00015590                __int32_udivmod
                0x00015590                __udivsi3
                0x00015590                __int32_udiv
 .text          0x000155c0        0x0 C:/Program Files/Rowley Associates Limited/CrossWorks for ARM 2.0/lib/libc_v4t_a_le.a(strlen.o)
 .text.libc     0x000155c0       0x90 C:/Program Files/Rowley Associates Limited/CrossWorks for ARM 2.0/lib/libc_v4t_a_le.a(strlen.o)
                0x000155c0                strlen
 .text          0x00015650        0x0 C:/Program Files/Rowley Associates Limited/CrossWorks for ARM 2.0/lib/libc_v4t_a_le.a(memcpy.o)
 .text.libc     0x00015650       0x60 C:/Program Files/Rowley Associates Limited/CrossWorks for ARM 2.0/lib/libc_v4t_a_le.a(memcpy.o)
                0x00015650                memcpy
 .text          0x000156b0        0x0 C:/Program Files/Rowley Associates Limited/CrossWorks for ARM 2.0/lib/libc_v4t_a_le.a(memset.o)
 .text.libc     0x000156b0       0xa0 C:/Program Files/Rowley Associates Limited/CrossWorks for ARM 2.0/lib/libc_v4t_a_le.a(memset.o)
                0x000156b0                memset
 .text          0x00015750        0x0 C:/Program Files/Rowley Associates Limited/CrossWorks for ARM 2.0/lib/libc_v4t_a_le.a(strcpy.o)
 .text.libc     0x00015750       0x60 C:/Program Files/Rowley Associates Limited/CrossWorks for ARM 2.0/lib/libc_v4t_a_le.a(strcpy.o)
                0x00015750                strcpy
 .text          0x000157b0        0x0 C:/Program Files/Rowley Associates Limited/CrossWorks for ARM 2.0/lib/libc_v4t_a_le.a(strcmp.o)
 .text.libc     0x000157b0       0x70 C:/Program Files/Rowley Associates Limited/CrossWorks for ARM 2.0/lib/libc_v4t_a_le.a(strcmp.o)
                0x000157b0                strcmp
 .text          0x00015820        0x0 C:/Program Files/Rowley Associates Limited/CrossWorks for ARM 2.0/lib/libc_v4t_a_le.a(memcmp.o)
 .text.libc     0x00015820       0x54 C:/Program Files/Rowley Associates Limited/CrossWorks for ARM 2.0/lib/libc_v4t_a_le.a(memcmp.o)
                0x00015820                memcmp
 .text          0x00015874        0x0 C:/Program Files/Rowley Associates Limited/CrossWorks for ARM 2.0/lib/libc_v4t_a_le.a(strcat.o)
 .text.libc     0x00015874       0x3c C:/Program Files/Rowley Associates Limited/CrossWorks for ARM 2.0/lib/libc_v4t_a_le.a(strcat.o)
                0x00015874                strcat
 .text          0x000158b0        0x0 C:/Program Files/Rowley Associates Limited/CrossWorks for ARM 2.0/lib/libc_v4t_a_le.a(strchr.o)
 .text.libc     0x000158b0       0x40 C:/Program Files/Rowley Associates Limited/CrossWorks for ARM 2.0/lib/libc_v4t_a_le.a(strchr.o)
                0x000158b0                strchr
 .text          0x000158f0        0x0 C:/Program Files/Rowley Associates Limited/CrossWorks for ARM 2.0/lib/libc_v4t_a_le.a(strncmp.o)
 .text.libc     0x000158f0       0x64 C:/Program Files/Rowley Associates Limited/CrossWorks for ARM 2.0/lib/libc_v4t_a_le.a(strncmp.o)
                0x000158f0                strncmp
 .text          0x00015954        0x0 C:/Program Files/Rowley Associates Limited/CrossWorks for ARM 2.0/lib/libc_v4t_a_le.a(strncpy.o)
 .text.libc     0x00015954       0x74 C:/Program Files/Rowley Associates Limited/CrossWorks for ARM 2.0/lib/libc_v4t_a_le.a(strncpy.o)
                0x00015954                strncpy
 .text          0x000159c8        0x0 C:/Program Files/Rowley Associates Limited/CrossWorks for ARM 2.0/lib/libc_v4t_a_le.a(strrchr.o)
 .text.libc     0x000159c8       0x44 C:/Program Files/Rowley Associates Limited/CrossWorks for ARM 2.0/lib/libc_v4t_a_le.a(strrchr.o)
                0x000159c8                strrchr
 .text          0x00015a0c        0x0 C:/Program Files/Rowley Associates Limited/CrossWorks for ARM 2.0/lib/libc_v4t_a_le.a(strstr.o)
 .text.libc     0x00015a0c       0x98 C:/Program Files/Rowley Associates Limited/CrossWorks for ARM 2.0/lib/libc_v4t_a_le.a(strstr.o)
                0x00015a0c                strstr
 .text          0x00015aa4        0x0 C:/Program Files/Rowley Associates Limited/CrossWorks for ARM 2.0/lib/libc_v4t_a_le.a(ctype.o)
 .text.libc     0x00015aa4      0x17c C:/Program Files/Rowley Associates Limited/CrossWorks for ARM 2.0/lib/libc_v4t_a_le.a(ctype.o)
                0x00015aa4                isalpha
                0x00015ac0                isupper
                0x00015ad4                islower
                0x00015ae8                isdigit
                0x00015afc                isxdigit
                0x00015b28                isspace
                0x00015b40                ispunct
                0x00015b7c                isalnum
                0x00015ba8                isprint
                0x00015bbc                isgraph
                0x00015bd0                iscntrl
                0x00015be4                tolower
                0x00015bf8                toupper
                0x00015c0c                isblank
 .text          0x00015c20        0x0 C:/Program Files/Rowley Associates Limited/CrossWorks for ARM 2.0/lib/libc_v4t_a_le.a(malloc.o)
 .text.libc     0x00015c20      0x250 C:/Program Files/Rowley Associates Limited/CrossWorks for ARM 2.0/lib/libc_v4t_a_le.a(malloc.o)
                0x00015c20                free
                0x00015d14                malloc
                0x00015df8                realloc
                0x00015e40                calloc
 .text          0x00015e70        0x0 C:/Program Files/Rowley Associates Limited/CrossWorks for ARM 2.0/lib/libc_v4t_a_le.a(atoi.o)
 .text.libc     0x00015e70       0x38 C:/Program Files/Rowley Associates Limited/CrossWorks for ARM 2.0/lib/libc_v4t_a_le.a(atoi.o)
                0x00015e70                atoi
 .text          0x00015ea8        0x0 C:/Program Files/Rowley Associates Limited/CrossWorks for ARM 2.0/lib/libc_v4t_a_le.a(time.o)
 .text.libc     0x00015ea8      0x75c C:/Program Files/Rowley Associates Limited/CrossWorks for ARM 2.0/lib/libc_v4t_a_le.a(time.o)
                0x00015ea8                difftime
                0x00015ebc                checktm
                0x00016104                mktime
                0x0001634c                localtime_r
                0x00016558                localtime
                0x00016578                gmtime_r
                0x00016590                gmtime
                0x000165b0                ctime_r
                0x000165e0                ctime
 .text          0x00016604        0x0 C:/Program Files/Rowley Associates Limited/CrossWorks for ARM 2.0/lib/libc_v4t_a_le.a(asctime.o)
 .text.libc     0x00016604      0x18c C:/Program Files/Rowley Associates Limited/CrossWorks for ARM 2.0/lib/libc_v4t_a_le.a(asctime.o)
                0x00016630                asctime_r
                0x00016778                asctime
 .text          0x00016790        0x0 C:/Program Files/Rowley Associates Limited/CrossWorks for ARM 2.0/lib/libc_v4t_a_le.a(strftime.o)
 .text.libc     0x00016790      0x82c C:/Program Files/Rowley Associates Limited/CrossWorks for ARM 2.0/lib/libc_v4t_a_le.a(strftime.o)
                0x00016f68                strftime
 .text          0x00016fbc        0x0 C:/Program Files/Rowley Associates Limited/CrossWorks for ARM 2.0/lib/libc_v4t_a_le.a(div.o)
 .text.libc     0x00016fbc       0x54 C:/Program Files/Rowley Associates Limited/CrossWorks for ARM 2.0/lib/libc_v4t_a_le.a(div.o)
                0x00016fbc                div
 .text          0x00017010        0x0 C:/Program Files/Rowley Associates Limited/CrossWorks for ARM 2.0/lib/libc_v4t_a_le.a(strtol.o)
 .text.libc     0x00017010       0xd4 C:/Program Files/Rowley Associates Limited/CrossWorks for ARM 2.0/lib/libc_v4t_a_le.a(strtol.o)
                0x00017010                strtol
 .text          0x000170e4        0x0 C:/Program Files/Rowley Associates Limited/CrossWorks for ARM 2.0/lib/libc_v4t_a_le.a(ldiv.o)
 .text.libc     0x000170e4       0x54 C:/Program Files/Rowley Associates Limited/CrossWorks for ARM 2.0/lib/libc_v4t_a_le.a(ldiv.o)
                0x000170e4                ldiv
 .text          0x00017138        0x0 C:/Program Files/Rowley Associates Limited/CrossWorks for ARM 2.0/lib/libc_v4t_a_le.a(__int32_mod.o)
 *fill*         0x00017138        0x8 00
 .text.libc     0x00017140       0x50 C:/Program Files/Rowley Associates Limited/CrossWorks for ARM 2.0/lib/libc_v4t_a_le.a(__int32_mod.o)
                0x00017140                __modsi3
                0x00017140                __int32_mod
 .text          0x00017190        0x0 C:/Program Files/Rowley Associates Limited/CrossWorks for ARM 2.0/lib/libc_v4t_a_le.a(__strtoul.o)
 .text.libc     0x00017190      0x128 C:/Program Files/Rowley Associates Limited/CrossWorks for ARM 2.0/lib/libc_v4t_a_le.a(__strtoul.o)
                0x00017190                __strtoul
 .text          0x000172b8        0x0 C:/Program Files/Rowley Associates Limited/CrossWorks for ARM 2.0/lib/libc_v4t_a_le.a(__digit.o)
 .text.libc     0x000172b8       0x54 C:/Program Files/Rowley Associates Limited/CrossWorks for ARM 2.0/lib/libc_v4t_a_le.a(__digit.o)
                0x000172b8                __digit
 .text          0x0001730c        0x0 C:/Program Files/Rowley Associates Limited/CrossWorks for ARM 2.0/lib/libdebugio_v4t_a_le.a(debug_printf.o)
 .text.libc     0x0001730c       0x20 C:/Program Files/Rowley Associates Limited/CrossWorks for ARM 2.0/lib/libdebugio_v4t_a_le.a(debug_printf.o)
                0x0001730c                debug_printf
 .text          0x0001732c        0x0 C:/Program Files/Rowley Associates Limited/CrossWorks for ARM 2.0/lib/libc_targetio_impl_v4t_a_le.a(putchar.o)
 .text.libc     0x0001732c       0x2c C:/Program Files/Rowley Associates Limited/CrossWorks for ARM 2.0/lib/libc_targetio_impl_v4t_a_le.a(putchar.o)
                0x0001732c                putchar
 .text          0x00017358        0x0 C:/Program Files/Rowley Associates Limited/CrossWorks for ARM 2.0/lib/libc_user_libc_v4t_a_le.a(user_libc.o)
 .text.libc     0x00017358       0x2c C:/Program Files/Rowley Associates Limited/CrossWorks for ARM 2.0/lib/libc_user_libc_v4t_a_le.a(user_libc.o)
                0x00017358                __errno
                0x00017364                __heap_lock
                0x00017368                __heap_unlock
                0x0001736c                __printf_lock
                0x00017370                __printf_unlock
                0x00017374                __scanf_lock
                0x00017378                __scanf_unlock
                0x0001737c                __debug_io_lock
                0x00017380                __debug_io_unlock
 .text          0x00017384        0x0 C:/Program Files/Rowley Associates Limited/CrossWorks for ARM 2.0/lib/libdebugio_dcc_v4t_a_le.a(dcc_debug_operations.o)
 .text.libdebugio_dcc
                0x00017384       0x4c C:/Program Files/Rowley Associates Limited/CrossWorks for ARM 2.0/lib/libdebugio_dcc_v4t_a_le.a(dcc_debug_operations.o)
                0x00017384                __do_debug_operation
 .text          0x000173d0        0x0 C:/Program Files/Rowley Associates Limited/CrossWorks for ARM 2.0/lib/libdebugio_dcc_v4t_a_le.a(libarmdi_dcc_write.o)
 .text.libdebugio_dcc
                0x000173d0       0x20 C:/Program Files/Rowley Associates Limited/CrossWorks for ARM 2.0/lib/libdebugio_dcc_v4t_a_le.a(libarmdi_dcc_write.o)
                0x000173d0                libarm_dcc_write
 .text          0x000173f0        0x0 C:/Program Files/Rowley Associates Limited/CrossWorks for ARM 2.0/lib/libdebugio_dcc_v4t_a_le.a(libarm_run_dcc_port_server.o)
 .text.libdebugio_dcc
                0x000173f0      0x234 C:/Program Files/Rowley Associates Limited/CrossWorks for ARM 2.0/lib/libdebugio_dcc_v4t_a_le.a(libarm_run_dcc_port_server.o)
                0x000173f0                libarm_run_dcc_port_server
 .text          0x00017624        0x0 C:/Program Files/Rowley Associates Limited/CrossWorks for ARM 2.0/lib/libdebugio_dcc_v4t_a_le.a(libarmdi_dcc_read.o)
 *fill*         0x00017624        0xc 00
 .text.libdebugio_dcc
                0x00017630       0x20 C:/Program Files/Rowley Associates Limited/CrossWorks for ARM 2.0/lib/libdebugio_dcc_v4t_a_le.a(libarmdi_dcc_read.o)
                0x00017630                libarm_dcc_read
                0x00017650                __text_end__ = (__text_start__ + SIZEOF (.text))
                0x00017650                __text_load_end__ = __text_end__

.vfp11_veneer   0x00000000        0x0
 .vfp11_veneer  0x00000000        0x0 linker stubs

.v4_bx          0x00000000        0x0
 .v4_bx         0x00000000        0x0 linker stubs
                0x00000001                . = ASSERT (((__text_end__ >= __FLASH_segment_start__) && (__text_end__ <= (__FLASH_segment_start__ + 0x80000))), error: .text is too large to fit in FLASH memory segment)
                0x00017650                __dtors_load_start__ = ALIGN (__text_end__, 0x4)

.dtors          0x00017650        0x0
                0x00017650                __dtors_start__ = .
 *(SORT(.dtors.*))
 *(.dtors)
                0x00017650                __dtors_end__ = (__dtors_start__ + SIZEOF (.dtors))
                0x00017650                __dtors_load_end__ = __dtors_end__
                0x00000001                . = ASSERT (((__dtors_end__ >= __FLASH_segment_start__) && (__dtors_end__ <= (__FLASH_segment_start__ + 0x80000))), error: .dtors is too large to fit in FLASH memory segment)
                0x00017650                __ctors_load_start__ = ALIGN (__dtors_end__, 0x4)

.ctors          0x00017650        0x0
                0x00017650                __ctors_start__ = .
 *(SORT(.ctors.*))
 *(.ctors)
                0x00017650                __ctors_end__ = (__ctors_start__ + SIZEOF (.ctors))
                0x00017650                __ctors_load_end__ = __ctors_end__
                0x00000001                . = ASSERT (((__ctors_end__ >= __FLASH_segment_start__) && (__ctors_end__ <= (__FLASH_segment_start__ + 0x80000))), error: .ctors is too large to fit in FLASH memory segment)
                0x00017650                __rodata_load_start__ = ALIGN (__ctors_end__, 0x4)

.rodata         0x00017650     0x7bc0
                0x00017650                __rodata_start__ = .
 *(.rodata .rodata.* .gnu.linkonce.r.*)
 .rodata.str1.4
                0x00017650        0x8 ARM Flash Release/main.o
 .rodata        0x00017658       0xb0 ARM Flash Release/i2c.o
 .rodata.str1.4
                0x00017708      0x19e ARM Flash Release/i2c.o
                                0x1a0 (size before relaxing)
 *fill*         0x000178a6        0x2 00
 .rodata.str1.4
                0x000178a8        0x8 ARM Flash Release/i2cInt.o
                                  0xc (size before relaxing)
 .rodata        0x000178b0       0x90 ARM Flash Release/usbser.o
 .rodata        0x00017940        0xc ARM Flash Release/rtc.o
 .rodata        0x0001794c      0x2b4 ARM Flash Release/beep.o
 .rodata.str1.4
                0x00017c00        0x7 ARM Flash Release/args.o
                                 0x10 (size before relaxing)
 *fill*         0x00017c07        0x1 00
 .rodata.str1.4
                0x00017c08       0x7b ARM Flash Release/argsdispatch.o
                                 0x84 (size before relaxing)
 *fill*         0x00017c83        0x1 00
 .rodata        0x00017c84      0x3c0 ARM Flash Release/monitor.o
 .rodata.str1.4
                0x00018044      0xe93 ARM Flash Release/monitor.o
                                0xeb0 (size before relaxing)
 *fill*         0x00018ed7        0x1 00
 .rodata.str1.4
                0x00018ed8        0x7 ARM Flash Release/printf-stdarg.o
                                  0x8 (size before relaxing)
 .rodata.str1.4
                0x00000000        0x7 ARM Flash Release/leds.o
                                  0x4 (size before relaxing)
 *fill*         0x00018edf        0x1 00
 .rodata.str1.4
                0x00018ee0        0x8 ARM Flash Release/tcs3414.o
 .rodata        0x00018ee8      0x210 ARM Flash Release/mmc.o
 .rodata.str1.4
                0x000190f8       0x11 ARM Flash Release/mmc.o
                                 0x14 (size before relaxing)
 *fill*         0x00019109        0x3 00
 .rodata        0x0001910c        0xc ARM Flash Release/logging.o
 .rodata.str1.4
                0x00019118       0xa0 ARM Flash Release/logging.o
                                 0xa4 (size before relaxing)
 .rodata.str1.4
                0x000191b8      0x1e1 ARM Flash Release/meas_sm.o
                                0x1e4 (size before relaxing)
 *fill*         0x00019399        0x3 00
 .rodata.str1.4
                0x0001939c       0x28 ARM Flash Release/meas_task.o
 .rodata        0x000193c4       0x14 ARM Flash Release/tasks.o
 .rodata.str1.4
                0x000193d8       0x19 ARM Flash Release/tasks.o
                                 0x20 (size before relaxing)
 *fill*         0x000193f1        0x3 00
 .rodata        0x000193f4        0x8 ARM Flash Release/dhcpc.o
 .rodata.str1.4
                0x00000000        0xc ARM Flash Release/telnetd.o
 .rodata.str1.4
                0x000193fc       0x13 ARM Flash Release/httpd.o
                                 0x18 (size before relaxing)
 *fill*         0x0001940f        0x1 00
 .rodata        0x00019410       0xa8 ARM Flash Release/httpd-cgi.o
 .rodata.str1.4
                0x000194b8       0xdb ARM Flash Release/httpd-cgi.o
                                 0xe0 (size before relaxing)
 *fill*         0x00019593        0x1 00
 .rodata        0x00019594     0x51d8 ARM Flash Release/httpd-fs.o
                0x00019594                file_tcp_shtml
                0x000195a8                file_404_html
                0x000195bc                file_fade_png
                0x000195d0                file_files_shtml
                0x000195e4                file_footer_html
                0x000195f8                file_header_html
                0x0001960c                file_index_html
                0x00019620                file_led_shtml
                0x00019634                file_lpc2148_jpg
                0x00019648                file_stats_shtml
                0x0001965c                file_style_css
 .rodata        0x0001e76c      0x288 ARM Flash Release/http-strings.o
                0x0001e76c                http_http
                0x0001e774                http_200
                0x0001e77c                http_301
                0x0001e784                http_302
                0x0001e78c                http_get
                0x0001e794                http_10
                0x0001e7a0                http_11
                0x0001e7ac                http_content_type
                0x0001e7bc                http_texthtml
                0x0001e7c8                http_location
                0x0001e7d4                http_host
                0x0001e7dc                http_crnl
                0x0001e7e0                http_index_html
                0x0001e7ec                http_404_html
                0x0001e7f8                http_referer
                0x0001e804                http_header_200
                0x0001e858                http_header_404
                0x0001e8b4                http_content_type_plain
                0x0001e8d4                http_content_type_html
                0x0001e8f0                http_content_type_css
                0x0001e90c                http_content_type_text
                0x0001e928                http_content_type_png
                0x0001e944                http_content_type_gif
                0x0001e960                http_content_type_jpg
                0x0001e980                http_content_type_binary
                0x0001e9ac                http_html
                0x0001e9b4                http_shtml
                0x0001e9bc                http_htm
                0x0001e9c4                http_css
                0x0001e9cc                http_png
                0x0001e9d4                http_gif
                0x0001e9dc                http_jpg
                0x0001e9e4                http_text
                0x0001e9ec                http_txt
 .rodata.str1.4
                0x0001e9f4      0x30c ARM Flash Release/uip.o
 .rodata        0x0001ed00        0x8 ARM Flash Release/uip_arp.o
 .rodata.str1.4
                0x0001ed08       0x41 ARM Flash Release/uip-neighbor.o
                                 0x44 (size before relaxing)
 *fill*         0x0001ed49        0x3 00
 .rodata.str1.4
                0x0001ed4c       0x1f ARM Flash Release/uiptask.o
                                 0x20 (size before relaxing)
 *fill*         0x0001ed6b        0x1 00
 .rodata        0x0001ed6c       0x28 ARM Flash Release/disk.o
 .rodata.str1.4
                0x0001ed94       0x51 ARM Flash Release/disk.o
                                 0x54 (size before relaxing)
 *fill*         0x0001ede5        0x3 00
 .rodata        0x0001ede8       0x70 ARM Flash Release/ff.o
 .rodata.str1.4
                0x0001ee58       0xd5 ARM Flash Release/ff.o
                                 0xf8 (size before relaxing)
 *fill*         0x0001ef2d        0x3 00
 .rodata.libc   0x0001ef30       0x28 C:/Program Files/Rowley Associates Limited/CrossWorks for ARM 2.0/lib/libm_v4t_a_le.a(log.o)
 .rodata.libc   0x0001ef58        0x8 C:/Program Files/Rowley Associates Limited/CrossWorks for ARM 2.0/lib/libm_v4t_a_le.a(__float64_infinity.o)
                0x0001ef58                __float64_infinity
 .rodata.libc   0x0001ef60        0x8 C:/Program Files/Rowley Associates Limited/CrossWorks for ARM 2.0/lib/libm_v4t_a_le.a(__float64_nan.o)
                0x0001ef60                __float64_nan
 .rodata.libc   0x0001ef68       0x84 C:/Program Files/Rowley Associates Limited/CrossWorks for ARM 2.0/lib/libc_v4t_a_le.a(ctype.o)
                0x0001ef68                __ctype
 .rodata.libc   0x0001efec       0x68 C:/Program Files/Rowley Associates Limited/CrossWorks for ARM 2.0/lib/libc_v4t_a_le.a(time.o)
 .rodata.libc   0x0001f054       0x4c C:/Program Files/Rowley Associates Limited/CrossWorks for ARM 2.0/lib/libc_v4t_a_le.a(asctime.o)
 .rodata.libc   0x0001f0a0       0x4c C:/Program Files/Rowley Associates Limited/CrossWorks for ARM 2.0/lib/libc_v4t_a_le.a(strftime.o)
 .rodata.libc.str1.4
                0x0001f0ec      0x124 C:/Program Files/Rowley Associates Limited/CrossWorks for ARM 2.0/lib/libc_v4t_a_le.a(strftime.o)
                                0x130 (size before relaxing)
                0x0001f210                __rodata_end__ = (__rodata_start__ + SIZEOF (.rodata))
                0x0001f210                __rodata_load_end__ = __rodata_end__
                0x00000001                . = ASSERT (((__rodata_end__ >= __FLASH_segment_start__) && (__rodata_end__ <= (__FLASH_segment_start__ + 0x80000))), error: .rodata is too large to fit in FLASH memory segment)
                0x0001f210                __fast_load_start__ = ALIGN (__rodata_end__, 0x4)

.fast           0x4000003c        0x0 load address 0x0001f210
                0x4000003c                __fast_start__ = .
 *(.fast .fast.*)
                0x4000003c                __fast_end__ = (__fast_start__ + SIZEOF (.fast))
                0x0001f210                __fast_load_end__ = (__fast_load_start__ + SIZEOF (.fast))
                0x00000001                . = ASSERT ((((__fast_load_start__ + SIZEOF (.fast)) >= __FLASH_segment_start__) && ((__fast_load_start__ + SIZEOF (.fast)) <= (__FLASH_segment_start__ + 0x80000))), error: .fast is too large to fit in FLASH memory segment)

.fast_run       0x4000003c        0x0
                0x4000003c                __fast_run_start__ = .
                0x4000003c                . = MAX ((__fast_run_start__ + SIZEOF (.fast)), .)
                0x4000003c                __fast_run_end__ = (__fast_run_start__ + SIZEOF (.fast_run))
                0x4000003c                __fast_run_load_end__ = __fast_run_end__
                0x00000001                . = ASSERT (((__fast_run_end__ >= __SRAM_segment_start__) && (__fast_run_end__ <= (__SRAM_segment_start__ + 0x8000))), error: .fast_run is too large to fit in SRAM memory segment)
                0x0001f210                __data_load_start__ = ALIGN ((__fast_load_start__ + SIZEOF (.fast)), 0x4)

.data           0x4000003c       0x64 load address 0x0001f210
                0x4000003c                __data_start__ = .
 *(.data .data.* .gnu.linkonce.d.*)
 .data          0x4000003c        0x0 ARM Flash Release/main.o
 .data          0x4000003c        0x0 ARM Flash Release/adc.o
 .data          0x4000003c        0x0 ARM Flash Release/cpu.o
 .data          0x4000003c        0x0 ARM Flash Release/i2c.o
 .data          0x4000003c        0x4 ARM Flash Release/i2cInt.o
 .data          0x40000040        0x8 ARM Flash Release/pwm.o
 .data          0x40000048        0x0 ARM Flash Release/spi.o
 .data          0x40000048        0x8 ARM Flash Release/uart0.o
 .data          0x40000050        0x0 ARM Flash Release/uart0ISR.o
 .data          0x40000050        0x8 ARM Flash Release/uart1.o
 .data          0x40000058        0x0 ARM Flash Release/uart1ISR.o
 .data          0x40000058        0x0 ARM Flash Release/usbcontrol.o
 .data          0x40000058        0x0 ARM Flash Release/usbinit.o
 .data          0x40000058        0x0 ARM Flash Release/usbISR.o
 .data          0x40000058        0x0 ARM Flash Release/usbstdreq.o
 .data          0x40000058        0x8 ARM Flash Release/usbser.o
 .data          0x40000060        0x0 ARM Flash Release/rtc.o
 .data          0x40000060        0x0 ARM Flash Release/rtcISR.o
 .data          0x40000060        0x0 ARM Flash Release/reset.o
 .data          0x40000060        0x0 ARM Flash Release/eint0.o
 .data          0x40000060        0x0 ARM Flash Release/eint0ISR.o
 .data          0x40000060        0x0 ARM Flash Release/eint2.o
 .data          0x40000060        0x0 ARM Flash Release/eint2ISR.o
 .data          0x40000060        0x0 ARM Flash Release/eint3.o
 .data          0x40000060        0x0 ARM Flash Release/eint3ISR.o
 .data          0x40000060        0x0 ARM Flash Release/eint1.o
 .data          0x40000060        0x0 ARM Flash Release/eint1ISR.o
 .data          0x40000060        0x0 ARM Flash Release/beep.o
 .data          0x40000060        0x8 ARM Flash Release/timer.o
 .data          0x40000068        0x0 ARM Flash Release/dac.o
 .data          0x40000068        0x0 ARM Flash Release/args.o
 .data          0x40000068        0x0 ARM Flash Release/argsdispatch.o
 .data          0x40000068        0x0 ARM Flash Release/monitor.o
 .data          0x40000068        0x0 ARM Flash Release/printf-stdarg.o
 .data          0x40000068        0x4 ARM Flash Release/leds.o
 .data          0x4000006c        0x0 ARM Flash Release/tcs3414.o
 .data          0x4000006c        0x0 ARM Flash Release/mmc.o
 .data          0x4000006c        0x0 ARM Flash Release/ssp.o
 .data          0x4000006c        0x0 ARM Flash Release/Lcd204_4.o
 .data          0x4000006c        0x4 ARM Flash Release/logging.o
 .data          0x40000070        0x8 ARM Flash Release/meas_sm.o
 .data          0x40000078        0x0 ARM Flash Release/meas_task.o
 .data          0x40000078        0x0 ARM Flash Release/crt0.o
 .data          0x40000078        0x0 ARM Flash Release/Philips_LPC210X_Startup.o
 .data          0x40000078        0x0 ARM Flash Release/LPC210x.o
 .data          0x40000078        0x0 ARM Flash Release/VIC.o
 .data          0x40000078        0x0 ARM Flash Release/VIC_irq_handler.o
 .data          0x40000078        0x4 ARM Flash Release/portISR.o
                0x40000078                ulCriticalNesting
 .data          0x4000007c        0x0 ARM Flash Release/port.o
 .data          0x4000007c        0x0 ARM Flash Release/heap_2.o
 .data          0x4000007c        0x4 ARM Flash Release/tasks.o
                0x4000007c                uxPreviousTask
 .data          0x40000080        0x0 ARM Flash Release/queue.o
 .data          0x40000080        0x0 ARM Flash Release/list.o
 .data          0x40000080        0x0 ARM Flash Release/dhcpc.o
 .data          0x40000080        0x0 ARM Flash Release/sntp.o
 .data          0x40000080        0x0 ARM Flash Release/telnetd.o
 .data          0x40000080        0x0 ARM Flash Release/httpd.o
 .data          0x40000080       0x14 ARM Flash Release/httpd-cgi.o
 .data          0x40000094        0x0 ARM Flash Release/httpd-fs.o
 .data          0x40000094        0x0 ARM Flash Release/http-strings.o
 .data          0x40000094        0x0 ARM Flash Release/enc28j60.o
 .data          0x40000094        0x0 ARM Flash Release/memb.o
 .data          0x40000094        0x0 ARM Flash Release/psock.o
 .data          0x40000094        0x0 ARM Flash Release/uip.o
 .data          0x40000094        0x0 ARM Flash Release/uip_arch.o
 .data          0x40000094        0x0 ARM Flash Release/uip_arp.o
 .data          0x40000094        0x0 ARM Flash Release/uip_timer.o
 .data          0x40000094        0x0 ARM Flash Release/uip-fw.o
 .data          0x40000094        0x0 ARM Flash Release/uiplib.o
 .data          0x40000094        0x0 ARM Flash Release/uip-neighbor.o
 .data          0x40000094        0x0 ARM Flash Release/clock.o
 .data          0x40000094        0x4 ARM Flash Release/uiptask.o
 .data          0x40000098        0x1 ARM Flash Release/disk.o
 .data          0x40000099        0x0 ARM Flash Release/ff.o
 .data          0x40000099        0x0 C:/Users/lukas/AppData/Local/Rowley Associates Limited/CrossWorks for ARM/packages/lib/liblpc2000_v4t_a_le.a(liblpc2000_lpc21xx_get_cclk.o)
 .data          0x40000099        0x0 C:/Users/lukas/AppData/Local/Rowley Associates Limited/CrossWorks for ARM/packages/lib/liblpc2000_v4t_a_le.a(liblpc2000_lpc21xx_get_pclk.o)
 .data          0x40000099        0x0 C:/Program Files/Rowley Associates Limited/CrossWorks for ARM 2.0/lib/libm_v4t_a_le.a(__int32_to_float32.o)
 .data          0x40000099        0x0 C:/Program Files/Rowley Associates Limited/CrossWorks for ARM 2.0/lib/libm_v4t_a_le.a(__int32_to_float64.o)
 .data          0x40000099        0x0 C:/Program Files/Rowley Associates Limited/CrossWorks for ARM 2.0/lib/libm_v4t_a_le.a(__uint32_to_float32.o)
 .data          0x40000099        0x0 C:/Program Files/Rowley Associates Limited/CrossWorks for ARM 2.0/lib/libm_v4t_a_le.a(__float32_to_int32.o)
 .data          0x40000099        0x0 C:/Program Files/Rowley Associates Limited/CrossWorks for ARM 2.0/lib/libm_v4t_a_le.a(__float32_to_uint32.o)
 .data          0x40000099        0x0 C:/Program Files/Rowley Associates Limited/CrossWorks for ARM 2.0/lib/libm_v4t_a_le.a(__float64_to_int32.o)
 .data          0x40000099        0x0 C:/Program Files/Rowley Associates Limited/CrossWorks for ARM 2.0/lib/libm_v4t_a_le.a(__float32_mul.o)
 .data          0x40000099        0x0 C:/Program Files/Rowley Associates Limited/CrossWorks for ARM 2.0/lib/libm_v4t_a_le.a(__float32_div.o)
 .data          0x40000099        0x0 C:/Program Files/Rowley Associates Limited/CrossWorks for ARM 2.0/lib/libm_v4t_a_le.a(__float64_add.o)
 .data          0x40000099        0x0 C:/Program Files/Rowley Associates Limited/CrossWorks for ARM 2.0/lib/libm_v4t_a_le.a(__float64_mul.o)
 .data          0x40000099        0x0 C:/Program Files/Rowley Associates Limited/CrossWorks for ARM 2.0/lib/libm_v4t_a_le.a(__float64_div.o)
 .data          0x40000099        0x0 C:/Program Files/Rowley Associates Limited/CrossWorks for ARM 2.0/lib/libm_v4t_a_le.a(log.o)
 .data          0x40000099        0x0 C:/Program Files/Rowley Associates Limited/CrossWorks for ARM 2.0/lib/libm_v4t_a_le.a(__float64_cmp.o)
 .data          0x40000099        0x0 C:/Program Files/Rowley Associates Limited/CrossWorks for ARM 2.0/lib/libm_v4t_a_le.a(__float64_isnan.o)
 .data          0x40000099        0x0 C:/Program Files/Rowley Associates Limited/CrossWorks for ARM 2.0/lib/libm_v4t_a_le.a(__float64_infinity.o)
 .data          0x40000099        0x0 C:/Program Files/Rowley Associates Limited/CrossWorks for ARM 2.0/lib/libm_v4t_a_le.a(__float64_nan.o)
 .data          0x40000099        0x0 C:/Program Files/Rowley Associates Limited/CrossWorks for ARM 2.0/lib/libm_v4t_a_le.a(__poly1_eval.o)
 .data          0x40000099        0x0 C:/Program Files/Rowley Associates Limited/CrossWorks for ARM 2.0/lib/libm_v4t_a_le.a(__poly_eval.o)
 .data          0x40000099        0x0 C:/Program Files/Rowley Associates Limited/CrossWorks for ARM 2.0/lib/libm_v4t_a_le.a(frexp.o)
 .data          0x40000099        0x0 C:/Program Files/Rowley Associates Limited/CrossWorks for ARM 2.0/lib/libm_v4t_a_le.a(ldexp.o)
 .data          0x40000099        0x0 C:/Program Files/Rowley Associates Limited/CrossWorks for ARM 2.0/lib/libc_v4t_a_le.a(__int32_umod.o)
 .data          0x40000099        0x0 C:/Program Files/Rowley Associates Limited/CrossWorks for ARM 2.0/lib/libc_v4t_a_le.a(__int32_div.o)
 .data          0x40000099        0x0 C:/Program Files/Rowley Associates Limited/CrossWorks for ARM 2.0/lib/libc_v4t_a_le.a(__int32_udivmod.o)
 .data          0x40000099        0x0 C:/Program Files/Rowley Associates Limited/CrossWorks for ARM 2.0/lib/libc_v4t_a_le.a(strlen.o)
 .data          0x40000099        0x0 C:/Program Files/Rowley Associates Limited/CrossWorks for ARM 2.0/lib/libc_v4t_a_le.a(memcpy.o)
 .data          0x40000099        0x0 C:/Program Files/Rowley Associates Limited/CrossWorks for ARM 2.0/lib/libc_v4t_a_le.a(memset.o)
 .data          0x40000099        0x0 C:/Program Files/Rowley Associates Limited/CrossWorks for ARM 2.0/lib/libc_v4t_a_le.a(strcpy.o)
 .data          0x40000099        0x0 C:/Program Files/Rowley Associates Limited/CrossWorks for ARM 2.0/lib/libc_v4t_a_le.a(strcmp.o)
 .data          0x40000099        0x0 C:/Program Files/Rowley Associates Limited/CrossWorks for ARM 2.0/lib/libc_v4t_a_le.a(memcmp.o)
 .data          0x40000099        0x0 C:/Program Files/Rowley Associates Limited/CrossWorks for ARM 2.0/lib/libc_v4t_a_le.a(strcat.o)
 .data          0x40000099        0x0 C:/Program Files/Rowley Associates Limited/CrossWorks for ARM 2.0/lib/libc_v4t_a_le.a(strchr.o)
 .data          0x40000099        0x0 C:/Program Files/Rowley Associates Limited/CrossWorks for ARM 2.0/lib/libc_v4t_a_le.a(strncmp.o)
 .data          0x40000099        0x0 C:/Program Files/Rowley Associates Limited/CrossWorks for ARM 2.0/lib/libc_v4t_a_le.a(strncpy.o)
 .data          0x40000099        0x0 C:/Program Files/Rowley Associates Limited/CrossWorks for ARM 2.0/lib/libc_v4t_a_le.a(strrchr.o)
 .data          0x40000099        0x0 C:/Program Files/Rowley Associates Limited/CrossWorks for ARM 2.0/lib/libc_v4t_a_le.a(strstr.o)
 .data          0x40000099        0x0 C:/Program Files/Rowley Associates Limited/CrossWorks for ARM 2.0/lib/libc_v4t_a_le.a(ctype.o)
 .data          0x40000099        0x0 C:/Program Files/Rowley Associates Limited/CrossWorks for ARM 2.0/lib/libc_v4t_a_le.a(malloc.o)
 *fill*         0x40000099        0x3 00
 .data.libc     0x4000009c        0x4 C:/Program Files/Rowley Associates Limited/CrossWorks for ARM 2.0/lib/libc_v4t_a_le.a(malloc.o)
 .data          0x400000a0        0x0 C:/Program Files/Rowley Associates Limited/CrossWorks for ARM 2.0/lib/libc_v4t_a_le.a(atoi.o)
 .data          0x400000a0        0x0 C:/Program Files/Rowley Associates Limited/CrossWorks for ARM 2.0/lib/libc_v4t_a_le.a(time.o)
 .data          0x400000a0        0x0 C:/Program Files/Rowley Associates Limited/CrossWorks for ARM 2.0/lib/libc_v4t_a_le.a(asctime.o)
 .data          0x400000a0        0x0 C:/Program Files/Rowley Associates Limited/CrossWorks for ARM 2.0/lib/libc_v4t_a_le.a(strftime.o)
 .data          0x400000a0        0x0 C:/Program Files/Rowley Associates Limited/CrossWorks for ARM 2.0/lib/libc_v4t_a_le.a(div.o)
 .data          0x400000a0        0x0 C:/Program Files/Rowley Associates Limited/CrossWorks for ARM 2.0/lib/libc_v4t_a_le.a(strtol.o)
 .data          0x400000a0        0x0 C:/Program Files/Rowley Associates Limited/CrossWorks for ARM 2.0/lib/libc_v4t_a_le.a(ldiv.o)
 .data          0x400000a0        0x0 C:/Program Files/Rowley Associates Limited/CrossWorks for ARM 2.0/lib/libc_v4t_a_le.a(__int32_mod.o)
 .data          0x400000a0        0x0 C:/Program Files/Rowley Associates Limited/CrossWorks for ARM 2.0/lib/libc_v4t_a_le.a(__strtoul.o)
 .data          0x400000a0        0x0 C:/Program Files/Rowley Associates Limited/CrossWorks for ARM 2.0/lib/libc_v4t_a_le.a(__digit.o)
 .data          0x400000a0        0x0 C:/Program Files/Rowley Associates Limited/CrossWorks for ARM 2.0/lib/libdebugio_v4t_a_le.a(debug_printf.o)
 .data          0x400000a0        0x0 C:/Program Files/Rowley Associates Limited/CrossWorks for ARM 2.0/lib/libc_targetio_impl_v4t_a_le.a(putchar.o)
 .data          0x400000a0        0x0 C:/Program Files/Rowley Associates Limited/CrossWorks for ARM 2.0/lib/libc_user_libc_v4t_a_le.a(user_libc.o)
 .data          0x400000a0        0x0 C:/Program Files/Rowley Associates Limited/CrossWorks for ARM 2.0/lib/libdebugio_dcc_v4t_a_le.a(dcc_debug_operations.o)
 .data          0x400000a0        0x0 C:/Program Files/Rowley Associates Limited/CrossWorks for ARM 2.0/lib/libdebugio_dcc_v4t_a_le.a(libarmdi_dcc_write.o)
 .data          0x400000a0        0x0 C:/Program Files/Rowley Associates Limited/CrossWorks for ARM 2.0/lib/libdebugio_dcc_v4t_a_le.a(libarm_run_dcc_port_server.o)
 .data          0x400000a0        0x0 C:/Program Files/Rowley Associates Limited/CrossWorks for ARM 2.0/lib/libdebugio_dcc_v4t_a_le.a(libarmdi_dcc_read.o)
                0x400000a0                __data_end__ = (__data_start__ + SIZEOF (.data))
                0x0001f274                __data_load_end__ = (__data_load_start__ + SIZEOF (.data))
                0x00000001                . = ASSERT ((((__data_load_start__ + SIZEOF (.data)) >= __FLASH_segment_start__) && ((__data_load_start__ + SIZEOF (.data)) <= (__FLASH_segment_start__ + 0x80000))), error: .data is too large to fit in FLASH memory segment)

.data_run       0x4000003c       0x64 load address 0x0001f210
                0x4000003c                __data_run_start__ = .
                0x400000a0                . = MAX ((__data_run_start__ + SIZEOF (.data)), .)
 *fill*         0x4000003c       0x64 00
                0x400000a0                __data_run_end__ = (__data_run_start__ + SIZEOF (.data_run))
                0x400000a0                __data_run_load_end__ = __data_run_end__
                0x00000001                . = ASSERT (((__data_run_end__ >= __SRAM_segment_start__) && (__data_run_end__ <= (__SRAM_segment_start__ + 0x8000))), error: .data_run is too large to fit in SRAM memory segment)
                0x400000a0                __bss_load_start__ = ALIGN (__data_run_end__, 0x4)

.bss            0x400000a0     0x6364
                0x400000a0                __bss_start__ = .
 *(.bss .bss.* .gnu.linkonce.b.*)
 .bss           0x400000a0        0x0 ARM Flash Release/main.o
 .bss           0x400000a0        0x0 ARM Flash Release/adc.o
 .bss           0x400000a0        0x0 ARM Flash Release/cpu.o
 .bss           0x400000a0        0x4 ARM Flash Release/i2c.o
                0x400000a0                i2cErrno
 .bss           0x400000a4       0x60 ARM Flash Release/i2cInt.o
 .bss           0x40000104        0x0 ARM Flash Release/pwm.o
 .bss           0x40000104        0x0 ARM Flash Release/spi.o
 .bss           0x40000104        0xc ARM Flash Release/uart0.o
 .bss           0x40000110        0xc ARM Flash Release/uart0ISR.o
 .bss           0x4000011c        0xc ARM Flash Release/uart1.o
 .bss           0x40000128        0xc ARM Flash Release/uart1ISR.o
 .bss           0x40000134       0x34 ARM Flash Release/usbcontrol.o
 .bss           0x40000168        0x8 ARM Flash Release/usbinit.o
 .bss           0x40000170       0x48 ARM Flash Release/usbISR.o
 .bss           0x400001b8        0xc ARM Flash Release/usbstdreq.o
 .bss           0x400001c4       0x58 ARM Flash Release/usbser.o
 .bss           0x4000021c        0x0 ARM Flash Release/rtc.o
 .bss           0x4000021c        0x4 ARM Flash Release/rtcISR.o
 .bss           0x40000220        0x0 ARM Flash Release/reset.o
 .bss           0x40000220        0x0 ARM Flash Release/eint0.o
 .bss           0x40000220        0x0 ARM Flash Release/eint0ISR.o
 .bss           0x40000220        0x0 ARM Flash Release/eint2.o
 .bss           0x40000220        0x0 ARM Flash Release/eint2ISR.o
 .bss           0x40000220        0x0 ARM Flash Release/eint3.o
 .bss           0x40000220        0x4 ARM Flash Release/eint3ISR.o
                0x40000220                count
 .bss           0x40000224        0x0 ARM Flash Release/eint1.o
 .bss           0x40000224        0x0 ARM Flash Release/eint1ISR.o
 .bss           0x40000224        0x0 ARM Flash Release/beep.o
 .bss           0x40000224        0x1 ARM Flash Release/timer.o
 .bss           0x40000225        0x0 ARM Flash Release/dac.o
 .bss           0x40000225        0x0 ARM Flash Release/args.o
 .bss           0x40000225        0x0 ARM Flash Release/argsdispatch.o
 *fill*         0x40000225        0x3 00
 .bss           0x40000228      0x3d8 ARM Flash Release/monitor.o
                0x400005fc                activeCommandList
 .bss           0x40000600        0x0 ARM Flash Release/printf-stdarg.o
 .bss           0x40000600        0x0 ARM Flash Release/leds.o
 .bss           0x40000600        0x1 ARM Flash Release/tcs3414.o
 *fill*         0x40000601        0x3 00
 .bss           0x40000604       0x2c ARM Flash Release/mmc.o
 .bss           0x40000630        0x0 ARM Flash Release/ssp.o
 .bss           0x40000630        0x0 ARM Flash Release/Lcd204_4.o
 .bss           0x40000630      0x238 ARM Flash Release/logging.o
 .bss           0x40000868       0x1c ARM Flash Release/meas_sm.o
 .bss           0x40000884        0x0 ARM Flash Release/meas_task.o
 .bss           0x40000884        0x0 ARM Flash Release/crt0.o
 .bss           0x40000884        0x0 ARM Flash Release/Philips_LPC210X_Startup.o
 .bss           0x40000884        0x4 ARM Flash Release/LPC210x.o
 .bss           0x40000888       0x80 ARM Flash Release/VIC.o
 .bss           0x40000908        0x0 ARM Flash Release/VIC_irq_handler.o
 .bss           0x40000908        0x0 ARM Flash Release/portISR.o
 .bss           0x40000908        0x0 ARM Flash Release/port.o
 .bss           0x40000908     0x4018 ARM Flash Release/heap_2.o
 .bss           0x40004920       0x34 ARM Flash Release/tasks.o
                0x40004920                uxSchedulerSuspended
                0x40004924                uxCurrentNumberOfTasks
                0x40004928                xNumOfOverflows
                0x4000492c                xTickCount
                0x40004930                xMissedYield
                0x40004934                pxCurrentTCB
                0x40004938                uxTopReadyPriority
                0x4000493c                uxMissedTicks
                0x40004940                xTracing
                0x40004944                uxTopUsedPriority
                0x40004948                uxTasksDeleted
                0x4000494c                uxTaskNumber
                0x40004950                xSchedulerRunning
 .bss           0x40004954        0x0 ARM Flash Release/queue.o
 .bss           0x40004954        0x0 ARM Flash Release/list.o
 .bss           0x40004954        0x4 ARM Flash Release/dhcpc.o
 .bss           0x40004958        0x4 ARM Flash Release/sntp.o
 .bss           0x4000495c      0x294 ARM Flash Release/telnetd.o
 .bss           0x40004bf0        0x0 ARM Flash Release/httpd.o
 .bss           0x40004bf0        0x0 ARM Flash Release/httpd-cgi.o
 .bss           0x40004bf0       0x18 ARM Flash Release/httpd-fs.o
 .bss           0x40004c08        0x0 ARM Flash Release/http-strings.o
 .bss           0x40004c08        0x8 ARM Flash Release/enc28j60.o
                0x40004c08                xENC28J60Semaphore
                0x40004c0c                ethRxPointer
 .bss           0x40004c10        0x0 ARM Flash Release/memb.o
 .bss           0x40004c10        0x0 ARM Flash Release/psock.o
 .bss           0x40004c10       0x1c ARM Flash Release/uip.o
                0x40004c20                uip_timeoffset
                0x40004c24                uip_ethaddr
 .bss           0x40004c2c        0x0 ARM Flash Release/uip_arch.o
 .bss           0x40004c2c       0x64 ARM Flash Release/uip_arp.o
 .bss           0x40004c90        0x0 ARM Flash Release/uip_timer.o
 .bss           0x40004c90       0x28 ARM Flash Release/uip-fw.o
 .bss           0x40004cb8        0x0 ARM Flash Release/uiplib.o
 .bss           0x40004cb8       0x80 ARM Flash Release/uip-neighbor.o
 .bss           0x40004d38        0x0 ARM Flash Release/clock.o
 .bss           0x40004d38        0xc ARM Flash Release/uiptask.o
 .bss           0x40004d44        0xc ARM Flash Release/disk.o
 .bss           0x40004d50        0x8 ARM Flash Release/ff.o
 .bss           0x40004d58        0x0 C:/Users/lukas/AppData/Local/Rowley Associates Limited/CrossWorks for ARM/packages/lib/liblpc2000_v4t_a_le.a(liblpc2000_lpc21xx_get_cclk.o)
 .bss           0x40004d58        0x0 C:/Users/lukas/AppData/Local/Rowley Associates Limited/CrossWorks for ARM/packages/lib/liblpc2000_v4t_a_le.a(liblpc2000_lpc21xx_get_pclk.o)
 .bss           0x40004d58        0x0 C:/Program Files/Rowley Associates Limited/CrossWorks for ARM 2.0/lib/libm_v4t_a_le.a(__int32_to_float32.o)
 .bss           0x40004d58        0x0 C:/Program Files/Rowley Associates Limited/CrossWorks for ARM 2.0/lib/libm_v4t_a_le.a(__int32_to_float64.o)
 .bss           0x40004d58        0x0 C:/Program Files/Rowley Associates Limited/CrossWorks for ARM 2.0/lib/libm_v4t_a_le.a(__uint32_to_float32.o)
 .bss           0x40004d58        0x0 C:/Program Files/Rowley Associates Limited/CrossWorks for ARM 2.0/lib/libm_v4t_a_le.a(__float32_to_int32.o)
 .bss           0x40004d58        0x0 C:/Program Files/Rowley Associates Limited/CrossWorks for ARM 2.0/lib/libm_v4t_a_le.a(__float32_to_uint32.o)
 .bss           0x40004d58        0x0 C:/Program Files/Rowley Associates Limited/CrossWorks for ARM 2.0/lib/libm_v4t_a_le.a(__float64_to_int32.o)
 .bss           0x40004d58        0x0 C:/Program Files/Rowley Associates Limited/CrossWorks for ARM 2.0/lib/libm_v4t_a_le.a(__float32_mul.o)
 .bss           0x40004d58        0x0 C:/Program Files/Rowley Associates Limited/CrossWorks for ARM 2.0/lib/libm_v4t_a_le.a(__float32_div.o)
 .bss           0x40004d58        0x0 C:/Program Files/Rowley Associates Limited/CrossWorks for ARM 2.0/lib/libm_v4t_a_le.a(__float64_add.o)
 .bss           0x40004d58        0x0 C:/Program Files/Rowley Associates Limited/CrossWorks for ARM 2.0/lib/libm_v4t_a_le.a(__float64_mul.o)
 .bss           0x40004d58        0x0 C:/Program Files/Rowley Associates Limited/CrossWorks for ARM 2.0/lib/libm_v4t_a_le.a(__float64_div.o)
 .bss           0x40004d58        0x0 C:/Program Files/Rowley Associates Limited/CrossWorks for ARM 2.0/lib/libm_v4t_a_le.a(log.o)
 .bss           0x40004d58        0x0 C:/Program Files/Rowley Associates Limited/CrossWorks for ARM 2.0/lib/libm_v4t_a_le.a(__float64_cmp.o)
 .bss           0x40004d58        0x0 C:/Program Files/Rowley Associates Limited/CrossWorks for ARM 2.0/lib/libm_v4t_a_le.a(__float64_isnan.o)
 .bss           0x40004d58        0x0 C:/Program Files/Rowley Associates Limited/CrossWorks for ARM 2.0/lib/libm_v4t_a_le.a(__float64_infinity.o)
 .bss           0x40004d58        0x0 C:/Program Files/Rowley Associates Limited/CrossWorks for ARM 2.0/lib/libm_v4t_a_le.a(__float64_nan.o)
 .bss           0x40004d58        0x0 C:/Program Files/Rowley Associates Limited/CrossWorks for ARM 2.0/lib/libm_v4t_a_le.a(__poly1_eval.o)
 .bss           0x40004d58        0x0 C:/Program Files/Rowley Associates Limited/CrossWorks for ARM 2.0/lib/libm_v4t_a_le.a(__poly_eval.o)
 .bss           0x40004d58        0x0 C:/Program Files/Rowley Associates Limited/CrossWorks for ARM 2.0/lib/libm_v4t_a_le.a(frexp.o)
 .bss           0x40004d58        0x0 C:/Program Files/Rowley Associates Limited/CrossWorks for ARM 2.0/lib/libm_v4t_a_le.a(ldexp.o)
 .bss           0x40004d58        0x0 C:/Program Files/Rowley Associates Limited/CrossWorks for ARM 2.0/lib/libc_v4t_a_le.a(__int32_umod.o)
 .bss           0x40004d58        0x0 C:/Program Files/Rowley Associates Limited/CrossWorks for ARM 2.0/lib/libc_v4t_a_le.a(__int32_div.o)
 .bss           0x40004d58        0x0 C:/Program Files/Rowley Associates Limited/CrossWorks for ARM 2.0/lib/libc_v4t_a_le.a(__int32_udivmod.o)
 .bss           0x40004d58        0x0 C:/Program Files/Rowley Associates Limited/CrossWorks for ARM 2.0/lib/libc_v4t_a_le.a(strlen.o)
 .bss           0x40004d58        0x0 C:/Program Files/Rowley Associates Limited/CrossWorks for ARM 2.0/lib/libc_v4t_a_le.a(memcpy.o)
 .bss           0x40004d58        0x0 C:/Program Files/Rowley Associates Limited/CrossWorks for ARM 2.0/lib/libc_v4t_a_le.a(memset.o)
 .bss           0x40004d58        0x0 C:/Program Files/Rowley Associates Limited/CrossWorks for ARM 2.0/lib/libc_v4t_a_le.a(strcpy.o)
 .bss           0x40004d58        0x0 C:/Program Files/Rowley Associates Limited/CrossWorks for ARM 2.0/lib/libc_v4t_a_le.a(strcmp.o)
 .bss           0x40004d58        0x0 C:/Program Files/Rowley Associates Limited/CrossWorks for ARM 2.0/lib/libc_v4t_a_le.a(memcmp.o)
 .bss           0x40004d58        0x0 C:/Program Files/Rowley Associates Limited/CrossWorks for ARM 2.0/lib/libc_v4t_a_le.a(strcat.o)
 .bss           0x40004d58        0x0 C:/Program Files/Rowley Associates Limited/CrossWorks for ARM 2.0/lib/libc_v4t_a_le.a(strchr.o)
 .bss           0x40004d58        0x0 C:/Program Files/Rowley Associates Limited/CrossWorks for ARM 2.0/lib/libc_v4t_a_le.a(strncmp.o)
 .bss           0x40004d58        0x0 C:/Program Files/Rowley Associates Limited/CrossWorks for ARM 2.0/lib/libc_v4t_a_le.a(strncpy.o)
 .bss           0x40004d58        0x0 C:/Program Files/Rowley Associates Limited/CrossWorks for ARM 2.0/lib/libc_v4t_a_le.a(strrchr.o)
 .bss           0x40004d58        0x0 C:/Program Files/Rowley Associates Limited/CrossWorks for ARM 2.0/lib/libc_v4t_a_le.a(strstr.o)
 .bss           0x40004d58        0x0 C:/Program Files/Rowley Associates Limited/CrossWorks for ARM 2.0/lib/libc_v4t_a_le.a(ctype.o)
 .bss           0x40004d58        0x0 C:/Program Files/Rowley Associates Limited/CrossWorks for ARM 2.0/lib/libc_v4t_a_le.a(malloc.o)
 .bss           0x40004d58        0x0 C:/Program Files/Rowley Associates Limited/CrossWorks for ARM 2.0/lib/libc_v4t_a_le.a(atoi.o)
 .bss           0x40004d58        0x0 C:/Program Files/Rowley Associates Limited/CrossWorks for ARM 2.0/lib/libc_v4t_a_le.a(time.o)
 .bss.libc      0x40004d58       0x24 C:/Program Files/Rowley Associates Limited/CrossWorks for ARM 2.0/lib/libc_v4t_a_le.a(time.o)
 .bss           0x40004d7c        0x0 C:/Program Files/Rowley Associates Limited/CrossWorks for ARM 2.0/lib/libc_v4t_a_le.a(asctime.o)
 .bss.libc      0x40004d7c       0x1c C:/Program Files/Rowley Associates Limited/CrossWorks for ARM 2.0/lib/libc_v4t_a_le.a(asctime.o)
 .bss           0x40004d98        0x0 C:/Program Files/Rowley Associates Limited/CrossWorks for ARM 2.0/lib/libc_v4t_a_le.a(strftime.o)
 .bss           0x40004d98        0x0 C:/Program Files/Rowley Associates Limited/CrossWorks for ARM 2.0/lib/libc_v4t_a_le.a(div.o)
 .bss           0x40004d98        0x0 C:/Program Files/Rowley Associates Limited/CrossWorks for ARM 2.0/lib/libc_v4t_a_le.a(strtol.o)
 .bss           0x40004d98        0x0 C:/Program Files/Rowley Associates Limited/CrossWorks for ARM 2.0/lib/libc_v4t_a_le.a(ldiv.o)
 .bss           0x40004d98        0x0 C:/Program Files/Rowley Associates Limited/CrossWorks for ARM 2.0/lib/libc_v4t_a_le.a(__int32_mod.o)
 .bss           0x40004d98        0x0 C:/Program Files/Rowley Associates Limited/CrossWorks for ARM 2.0/lib/libc_v4t_a_le.a(__strtoul.o)
 .bss           0x40004d98        0x0 C:/Program Files/Rowley Associates Limited/CrossWorks for ARM 2.0/lib/libc_v4t_a_le.a(__digit.o)