Archive member included because of file (symbol)

C:/Users/lukas/AppData/Local/Rowley Associates Limited/CrossWorks for ARM/packages/lib/liblpc2000_v4t_a_le.a(liblpc2000_lpc21xx_get_cclk.o)
                              ARM Flash Release/LPC210x.o (liblpc2000_lpc21xx_get_cclk)
C:/Users/lukas/AppData/Local/Rowley Associates Limited/CrossWorks for ARM/packages/lib/liblpc2000_v4t_a_le.a(liblpc2000_lpc21xx_get_pclk.o)
                              ARM Flash Release/LPC210x.o (liblpc2000_lpc21xx_get_pclk)
C:/Program Files/Rowley Associates Limited/CrossWorks for ARM 2.0/lib/libm_v4t_a_le.a(__int32_to_float32.o)
                              ARM Flash Release/logging.o (__floatsisf)
C:/Program Files/Rowley Associates Limited/CrossWorks for ARM 2.0/lib/libm_v4t_a_le.a(__int32_to_float64.o)
                              ARM Flash Release/meas_sm.o (__floatsidf)
C:/Program Files/Rowley Associates Limited/CrossWorks for ARM 2.0/lib/libm_v4t_a_le.a(__uint32_to_float32.o)
                              ARM Flash Release/dac.o (__floatunsisf)
C:/Program Files/Rowley Associates Limited/CrossWorks for ARM 2.0/lib/libm_v4t_a_le.a(__float32_to_int32.o)
                              ARM Flash Release/logging.o (__fixsfsi)
C:/Program Files/Rowley Associates Limited/CrossWorks for ARM 2.0/lib/libm_v4t_a_le.a(__float32_to_uint32.o)
                              ARM Flash Release/dac.o (__fixunssfsi)
C:/Program Files/Rowley Associates Limited/CrossWorks for ARM 2.0/lib/libm_v4t_a_le.a(__float64_to_int32.o)
                              ARM Flash Release/meas_sm.o (__fixdfsi)
C:/Program Files/Rowley Associates Limited/CrossWorks for ARM 2.0/lib/libm_v4t_a_le.a(__float32_mul.o)
                              ARM Flash Release/dac.o (__mulsf3)
C:/Program Files/Rowley Associates Limited/CrossWorks for ARM 2.0/lib/libm_v4t_a_le.a(__float32_div.o)
                              ARM Flash Release/logging.o (__divsf3)
C:/Program Files/Rowley Associates Limited/CrossWorks for ARM 2.0/lib/libm_v4t_a_le.a(log.o)
                              ARM Flash Release/logging.o (log)
C:/Program Files/Rowley Associates Limited/CrossWorks for ARM 2.0/lib/libm_v4t_a_le.a(__float64_add.o)
                              C:/Program Files/Rowley Associates Limited/CrossWorks for ARM 2.0/lib/libm_v4t_a_le.a(log.o) (__subdf3)
C:/Program Files/Rowley Associates Limited/CrossWorks for ARM 2.0/lib/libm_v4t_a_le.a(__float64_mul.o)
                              C:/Program Files/Rowley Associates Limited/CrossWorks for ARM 2.0/lib/libm_v4t_a_le.a(log.o) (__muldf3)
C:/Program Files/Rowley Associates Limited/CrossWorks for ARM 2.0/lib/libm_v4t_a_le.a(__float64_div.o)
                              C:/Program Files/Rowley Associates Limited/CrossWorks for ARM 2.0/lib/libm_v4t_a_le.a(log.o) (__divdf3)
C:/Program Files/Rowley Associates Limited/CrossWorks for ARM 2.0/lib/libm_v4t_a_le.a(__float64_cmp.o)
                              C:/Program Files/Rowley Associates Limited/CrossWorks for ARM 2.0/lib/libm_v4t_a_le.a(log.o) (__eqdf2)
C:/Program Files/Rowley Associates Limited/CrossWorks for ARM 2.0/lib/libm_v4t_a_le.a(__float64_isnan.o)
                              C:/Program Files/Rowley Associates Limited/CrossWorks for ARM 2.0/lib/libm_v4t_a_le.a(log.o) (__float64_isnan)
C:/Program Files/Rowley Associates Limited/CrossWorks for ARM 2.0/lib/libm_v4t_a_le.a(__float64_infinity.o)
                              C:/Program Files/Rowley Associates Limited/CrossWorks for ARM 2.0/lib/libm_v4t_a_le.a(log.o) (__float64_infinity)
C:/Program Files/Rowley Associates Limited/CrossWorks for ARM 2.0/lib/libm_v4t_a_le.a(__float64_nan.o)
                              C:/Program Files/Rowley Associates Limited/CrossWorks for ARM 2.0/lib/libm_v4t_a_le.a(log.o) (__float64_nan)
C:/Program Files/Rowley Associates Limited/CrossWorks for ARM 2.0/lib/libm_v4t_a_le.a(__poly1_eval.o)
                              C:/Program Files/Rowley Associates Limited/CrossWorks for ARM 2.0/lib/libm_v4t_a_le.a(log.o) (__poly1_eval)
C:/Program Files/Rowley Associates Limited/CrossWorks for ARM 2.0/lib/libm_v4t_a_le.a(__poly_eval.o)
                              C:/Program Files/Rowley Associates Limited/CrossWorks for ARM 2.0/lib/libm_v4t_a_le.a(log.o) (__poly_eval)
C:/Program Files/Rowley Associates Limited/CrossWorks for ARM 2.0/lib/libm_v4t_a_le.a(frexp.o)
                              C:/Program Files/Rowley Associates Limited/CrossWorks for ARM 2.0/lib/libm_v4t_a_le.a(log.o) (frexp)
C:/Program Files/Rowley Associates Limited/CrossWorks for ARM 2.0/lib/libm_v4t_a_le.a(ldexp.o)
                              C:/Program Files/Rowley Associates Limited/CrossWorks for ARM 2.0/lib/libm_v4t_a_le.a(log.o) (ldexp)
C:/Program Files/Rowley Associates Limited/CrossWorks for ARM 2.0/lib/libc_v4t_a_le.a(__int32_umod.o)
                              ARM Flash Release/printf-stdarg.o (__umodsi3)
[...]
Memory Configuration

Name             Origin             Length             Attributes
UNPLACED_SECTIONS 0xffffffff         0x00000000         xw
AHB_Peripherals  0xffe00000         0x00200000         xw
APB_Peripherals  0xe0000000         0x00200000         xw
USB_DMA_RAM      0x7fd00000         0x00002000         xw
SRAM             0x40000000         0x00008000         xw
FLASH            0x00000000         0x00080000         xr
*default*        0x00000000         0xffffffff

Linker script and memory map

                0xffe00000                __AHB_Peripherals_segment_start__ = 0xffe00000
                0x00000000                __AHB_Peripherals_segment_end__ = 0x0
                0xe0000000                __APB_Peripherals_segment_start__ = 0xe0000000
                0xe0200000                __APB_Peripherals_segment_end__ = 0xe0200000
                0x7fd00000                __USB_DMA_RAM_segment_start__ = 0x7fd00000
                0x7fd02000                __USB_DMA_RAM_segment_end__ = 0x7fd02000
                0x40000000                __SRAM_segment_start__ = 0x40000000
                0x40008000                __SRAM_segment_end__ = 0x40008000
                0x00000000                __FLASH_segment_start__ = 0x0
                0x00080000                __FLASH_segment_end__ = 0x80000
                0x00000400                __STACKSIZE__ = 0x400
                0x00000400                __STACKSIZE_IRQ__ = 0x400
                0x00000020                __STACKSIZE_FIQ__ = 0x20
                0x00000100                __STACKSIZE_SVC__ = 0x100
                0x00000008                __STACKSIZE_ABT__ = 0x8
                0x00000008                __STACKSIZE_UND__ = 0x8
                0x00000400                __HEAPSIZE__ = 0x400
                0x40000000                __vectors_ram_load_start__ = __SRAM_segment_start__

.vectors_ram    0x40000000       0x3c
                0x40000000                __vectors_ram_start__ = .
 *(.vectors_ram .vectors_ram.*)
                0x4000003c                . = MAX ((__vectors_ram_start__ + 0x3c), .)
 *fill*         0x40000000       0x3c 00
                0x4000003c                __vectors_ram_end__ = (__vectors_ram_start__ + SIZEOF (.vectors_ram))
                0x4000003c                __vectors_ram_load_end__ = __vectors_ram_end__
                0x00000001                . = ASSERT (((__vectors_ram_end__ >= __SRAM_segment_start__) && (__vectors_ram_end__ <= (__SRAM_segment_start__ + 0x8000))), error: .vectors_ram is too large to fit in SRAM memory segment)
                0x00000000                __vectors_load_start__ = __FLASH_segment_start__

.vectors        0x00000000       0x38
                0x00000000                __vectors_start__ = .
 *(.vectors .vectors.*)
 .vectors       0x00000000       0x38 ARM Flash Release/Philips_LPC210X_Startup.o
                0x00000000                _vectors
                0x00000038                __vectors_end__ = (__vectors_start__ + SIZEOF (.vectors))
                0x00000038                __vectors_load_end__ = __vectors_end__
                0x00000001                . = ASSERT (((__vectors_end__ >= __FLASH_segment_start__) && (__vectors_end__ <= (__FLASH_segment_start__ + 0x80000))), error: .vectors is too large to fit in FLASH memory segment)
                0x00000038                __init_load_start__ = ALIGN (__vectors_end__, 0x4)

.init           0x00000038      0x260
                0x00000038                __init_start__ = .
 *(.init .init.*)
 *fill*         0x00000038        0x8 00
 .init          0x00000040      0x1d0 ARM Flash Release/crt0.o
                0x00000040                _start
                0x00000040                __start
 .init          0x00000210       0x88 ARM Flash Release/Philips_LPC210X_Startup.o
                0x00000210                reset_handler
                0x0000027c                undef_handler
                0x00000284                pabort_handler
                0x00000288                dabort_handler
                0x0000028c                fiq_handler
                0x00000298                __init_end__ = (__init_start__ + SIZEOF (.init))
                0x00000298                __init_load_end__ = __init_end__
                0x00000001                . = ASSERT (((__init_end__ >= __FLASH_segment_start__) && (__init_end__ <= (__FLASH_segment_start__ + 0x80000))), error: .init is too large to fit in FLASH memory segment)
                0x00000298                __text_load_start__ = ALIGN (__init_end__, 0x4)

.text           0x00000298    0x173e8
                0x00000298                __text_start__ = .
 *(.text .text.* .glue_7t .glue_7 .gnu.linkonce.t.* .gcc_except_table)
 .glue_7        0x00000000        0x0 linker stubs
 .glue_7t       0x00000000        0x0 linker stubs
 .text          0x00000298       0xdc ARM Flash Release/main.o
                0x00000298                vApplicationStackOverflowHook
                0x0000029c                __putchar
                0x000002b8                main
 .text          0x00000374      0x3cc ARM Flash Release/adc.o
                0x00000374                adcRead0_1
                0x000003d4                adcRead0_2
                0x00000434                adcRead0_3
                0x00000494                adcRead1_1
                0x000004f4                adcRead1_6
                0x00000554                adcRead1_7
                0x000005b4                adcInit0_1
                0x000005f8                adcInit0_2
                0x0000063c                adcInit0_3
                0x00000680                adcInit1_1
                0x000006c0                adcInit1_6
                0x00000700                adcInit1_7
 .text          0x00000740       0xd8 ARM Flash Release/cpu.o
                0x00000740                cpuSetupHardware
                0x000007f0                cpuPLLDisable
 .text          0x00000818       0x60 ARM Flash Release/i2c.o
                0x00000818                i2cGetErrno
                0x00000828                i2cStrerror
 .text          0x00000878      0x9b0 ARM Flash Release/i2cInt.o
                0x00000cb8                i2cInit
                0x00000de4                i2cSetTimeout
                0x00000f58                i2cWriteReadBuffer
                0x00000fa0                i2cReadBuffer
                0x00000fec                i2cWriteBuffer
                0x0000112c                i2cWriteReadBufferPoll
                0x00001178                i2cWriteBufferPoll
                0x000011c4                i2cDump
 .text          0x00001228      0x1a4 ARM Flash Release/pwm.o
                0x00001228                pwmDutyCycle
                0x00001290                pwmPulseWidthInMicroseconds
                0x000012c8                pwmFrequency
                0x00001340                pwmInit
 .text          0x000013cc       0x9c ARM Flash Release/spi.o
                0x000013cc                spiInit
                0x00001434                spiPut
 .text          0x00001468      0x2ac ARM Flash Release/uart0.o
                0x00001468                uart0Deinit
                0x0000149c                uart0GetRxQueue
                0x000014b0                uart0GetChar
                0x000014e4                uart0PutChar
                0x000015a8                uart0PutString
                0x000015f0                uart0Init
 .text          0x00001714      0x290 ARM Flash Release/uart0ISR.o
                0x00001714                uart0ISRCreateQueues
                0x000018f4                uart0ISR
 .text          0x000019a4      0x2ac ARM Flash Release/uart1.o
                0x000019a4                uart1Deinit
                0x000019d8                uart1GetRxQueue
                0x000019ec                uart1GetChar
                0x00001a20                uart1PutChar
                0x00001ae4                uart1PutString
                0x00001b2c                uart1Init
 .text          0x00001c50      0x290 ARM Flash Release/uart1ISR.o
                0x00001c50                uart1ISRCreateQueues
                0x00001e30                uart1ISR
 .text          0x00001ee0      0x21c ARM Flash Release/usbcontrol.o
                0x00001f14                usbRegisterRequestHandler
                0x00001f8c                usbHandleControlTransfer
 .text          0x000020fc       0x74 ARM Flash Release/usbinit.o
                0x00002100                usbRegisterHandlers
 .text          0x00002170      0x6c0 ARM Flash Release/usbISR.o
                0x00002240                usbHardwareEndpointConfig
                0x00002298                usbHardwareRegisterEPIntHandler
                0x000022dc                usbHardwareRegisterDevIntHandler
                0x00002300                usbHardwareRegisterFrameHandler
                0x00002324                usbHardwareSetAddress
                0x00002344                usbHardwareConnect
                0x00002360                usbHardwareNakIntEnable
                0x00002378                usbHardwareEndpointIsStalled
                0x0000239c                usbHardwareEndpointStall
                0x000023c8                usbHardwareEndpointWrite
                0x00002468                usbHardwareEndpointRead
                0x0000251c                usbHardwareConfigDevice
                0x00002538                usbSetupInterruptHandler
                0x00002568                usbHardwareInit
                0x0000263c                usbISR
 .text          0x00002830      0x354 ARM Flash Release/usbstdreq.o
                0x00002830                usbRegisterDescriptors
                0x00002840                usbGetDescriptor
                0x000028cc                usbRegisterCustomReqHandler
                0x000028dc                usbHandleStandardRequest
 .text          0x00002b84      0x388 ARM Flash Release/usbser.o
                0x00002b84                usbserGetRxQueue
                0x00002bc0                usbserInit
                0x00002df8                usbserGetChar
                0x00002e40                usbserPutChar
                0x00002e9c                usbserPutString
 .text          0x00002f0c      0x8e0 ARM Flash Release/rtc.o
                0x00002f0c                rtcSetAlarm
                0x00002fb0                rtcSetAlarmCIIR
                0x00003004                rtcPeriodicAlarm
                0x0000308c                rtcIs5minInt
                0x000030a0                getMonthLength
                0x00003298                getRtcRead
                0x000032ac                rtcGetEpochSecondsLuk
                0x000032d8                rtcGetEpochSeconds
                0x00003434                time
                0x00003448                rtcGetAlarmTm
                0x00003530                rtcGetAlarmEpochSeconds
                0x00003550                rtcSetEpochSeconds
                0x00003630                rtcInit
 .text          0x000037ec      0x1e8 ARM Flash Release/rtcISR.o
                0x000037ec                rtcISRInit
                0x00003924                rtcISR
 .text          0x000039d4       0x28 ARM Flash Release/reset.o
                0x000039d4                reset
 .text          0x000039fc       0xa4 ARM Flash Release/eint0.o
                0x000039fc                eint0Deinit
                0x00003a20                eint0Init
 .text          0x00003aa0       0xc4 ARM Flash Release/eint0ISR.o
                0x00003aa0                eint0ISR
 .text          0x00003b64       0xa4 ARM Flash Release/eint2.o
                0x00003b64                eint2Deinit
                0x00003b88                eint2Init
 .text          0x00003c08       0xd8 ARM Flash Release/eint2ISR.o
                0x00003c30                eint2ISR
 .text          0x00003ce0       0xa8 ARM Flash Release/eint3.o
                0x00003ce0                eint3Deinit
                0x00003d08                eint3Init
 .text          0x00003d88       0xc8 ARM Flash Release/eint3ISR.o
                0x00003d88                eint3ISR
 .text          0x00003e50       0xa0 ARM Flash Release/eint1.o
                0x00003e50                eint1Deinit
                0x00003e74                eint1Init
 .text          0x00003ef0      0x108 ARM Flash Release/eint1ISR.o
                0x00003ef0                eint1ISR
 .text          0x00003ff8      0x174 ARM Flash Release/beep.o
                0x00003ff8                beepOn
                0x00004080                beepOff
                0x00004118                beepA_TEAM_THEME
                0x00004134                beepSMOTW
                0x00004150                beepMHALL
 .text          0x0000416c      0x2b8 ARM Flash Release/timer.o
                0x0000416c                timer1Init
                0x00004184                getWindPeriod
                0x0000419c                clrWindPeriod
                0x000041b0                setWindPeriod
                0x000041c8                timer1ISR
                0x00004378                capture13Init
 .text          0x00004424       0xb8 ARM Flash Release/dac.o
                0x00004424                dacInit
                0x0000444c                dacSet
                0x00004488                dacSetMV
 .text          0x000044dc      0x2d4 ARM Flash Release/args.o
                0x000044dc                argsParse
                0x00004648                argsGetLine
 .text          0x000047b0      0x11c ARM Flash Release/argsdispatch.o
                0x000047b0                argsDispatch
 .text          0x000048cc     0x16c0 ARM Flash Release/monitor.o
                0x000048e4                monitorTaskStart
                0x00005f24                get_fattime
 .text          0x00005f8c      0x524 ARM Flash Release/printf-stdarg.o
                0x00005f8c                write
                0x00006418                snprintf
                0x0000644c                sprintf
                0x00006480                printf
 .text          0x000064b0      0x124 ARM Flash Release/leds.o
                0x000064b0                ledsSetDelay
                0x000064c8                ledsGetDelay
                0x000064d8                ledsTaskStop
                0x0000652c                ledsTaskStart
 .text          0x000065d4      0x22c ARM Flash Release/tcs3414.o
                0x000065d8                tcs3414TaskStart
                0x0000667c                tcs3414GetICRevision
                0x000066a0                tcs3414GetColour
                0x000067b4                tcs3414Init
 .text          0x00006800      0x984 ARM Flash Release/mmc.o
                0x00006800                mmcWriteProtect
                0x00006810                mmcDecodeCSD
                0x00006828                mmcDumpCSD
                0x00006840                mmcCardPresent
                0x00006a1c                mmcVerify
                0x00006b5c                mmcReadCardInfo
                0x00006c38                mmcInitMedia
                0x00006f84                mmcWrite
                0x0000708c                mmcRead
                0x00007168                mmcWaitReady
 .text          0x00007184      0x3b0 ARM Flash Release/ssp.o
                0x00007184                sspHardwareCardPresent
                0x000071a0                sspHardwareWriteProtected
                0x000071cc                sspChipSelect
                0x0000725c                sspSetClockFreq
                0x000072b0                sspInit
                0x00007368                sspTransferByte
                0x000073b0                sspWaitReady
                0x000073e4                sspSendBlock
                0x00007438                sspReceiveBlock
                0x000074ec                sspDelay1ms
 .text          0x00007534        0x0 ARM Flash Release/Lcd204_4.o
 .text          0x00007534      0x584 ARM Flash Release/logging.o
                0x00007534                setWsPrice
                0x00007544                init_daysLogging
                0x00007558                incr_daysLogging
                0x0000757c                b_itoab
                0x0000764c                luk_strcpy
                0x0000766c                setWindFrequency
                0x00007690                getWindFrequency
                0x000076cc                clrWindFrequency
                0x000076e0                nrOfDigits
                0x00007714                getDateTime
                0x00007768                fs_init
                0x000077b8                appendToLog
                0x00007898                initLog
                0x00007914                trackLogTaskStop
                0x00007948                trackLogTaskStart
                0x00007994                trackLog
                0x000079d8                getLogFilename
                0x00007a78                fillSlogEntryItem
 .text          0x00007ab8      0x760 ARM Flash Release/meas_sm.o
                0x00007ab8                set_measure
                0x00007acc                clr_measure
                0x00007ae0                get_measure
                0x00007af0                set_trackLog
                0x00007b04                clr_trackLog
                0x00007b18                get_trackLog
                0x00007b28                get_pumpLastControlSignalOn
                0x00007b44                clr_pumpLastControlSignalOn
                0x00007b58                getMeasure_timestamp_diff
                0x00007b74                clr_valuesReceived
                0x00007b88                set_valuesReceived
                0x00007b9c                valuesReceived
                0x00007bac                stopMeasure
                0x00007bc0                startMeasure
                0x00007bd4                updateMeasure_timestamp
                0x00007c10                set_pumpLastControlSignalOn
                0x00007c38                MeasSMTaskStop
                0x00007c6c                measSMTaskStart
                0x00007cb8                meas_sm
 .text          0x00008218      0x2e4 ARM Flash Release/meas_task.o
                0x00008218                meas_task_init
                0x0000827c                measTaskStop
                0x000082b0                measTaskStart
                0x000082fc                doMeasure
                0x000083a8                meas_wind
 .text          0x000084fc        0x0 ARM Flash Release/crt0.o
 .text          0x000084fc        0x0 ARM Flash Release/Philips_LPC210X_Startup.o
 .text          0x000084fc       0xc8 ARM Flash Release/LPC210x.o
                0x0000852c                ctl_get_ticks_per_second
                0x00008534                ctl_start_timer
 .text          0x000085c4      0x1b0 ARM Flash Release/VIC.o
                0x000085c4                ctl_set_isr
                0x00008744                ctl_unmask_isr
                0x0000875c                ctl_mask_isr
 .text          0x00008774       0x44 ARM Flash Release/VIC_irq_handler.o
                0x00008774                irq_handler
 .text          0x000087b8      0x22c ARM Flash Release/portISR.o
                0x000087b8                vPortISRStartFirstTask
                0x00008804                vTickISR
                0x000088c4                vPortEnterCritical
                0x000088f0                vPortExitCritical
                0x00008938                swi_handler
 .text          0x000089e4      0x18c ARM Flash Release/port.o
                0x000089e4                pxPortInitialiseStack
                0x00008af0                vPortEndScheduler
                0x00008af4                xPortStartScheduler
 .text          0x00008b70      0x1b4 ARM Flash Release/heap_2.o
                0x00008b70                xPortGetFreeHeapSize
                0x00008b80                vPortInitialiseBlocks
                0x00008b84                vPortFree
                0x00008be8                pvPortMalloc
 .text          0x00008d24     0x1410 ARM Flash Release/tasks.o
                0x00008d24                xTaskIsTaskSuspended
                0x00008d60                vTaskSuspendAll
                0x00008d78                uxTaskGetNumberOfTasks
                0x00008d88                vTaskSetTimeOutState
                0x00008da4                vTaskMissedYield
                0x00008db8                usTaskCheckFreeStackSpace
                0x00008dec                uxTaskGetStackHighWaterMark
                0x00008e10                xTaskGetCurrentTaskHandle
                0x00008e20                vTaskPriorityDisinherit
                0x00008e94                vTaskPriorityInherit
                0x00008f48                xTaskRemoveFromEventList
                0x00008ff8                vTaskIncrementTick
                0x00009104                xTaskResumeFromISR
                0x000091ac                prvDeleteTCB
                0x000091cc                prvListTaskWithinSingleList
                0x00009288                prvAllocateTCBAndStack
                0x000092e4                xTaskCheckForTimeOut
                0x00009380                ulTaskEndTrace
                0x000093c0                vTaskStartTrace
                0x00009418                xTaskGetTickCount
                0x0000943c                xTaskResumeAll
                0x00009580                vTaskList
                0x00009694                prvCheckTasksWaitingTermination
                0x00009720                prvIdleTask
                0x00009730                vTaskResume
                0x000097cc                vTaskSuspend
                0x00009848                vTaskPrioritySet
                0x00009938                uxTaskPriorityGet
                0x00009968                vTaskDelete
                0x00009a0c                prvInitialiseTaskLists
                0x00009a94                prvInitialiseTCBVariables
                0x00009aec                vTaskPlaceOnEventList
                0x00009b98                vTaskDelay
                0x00009c28                vTaskDelayUntil
                0x00009d18                vTaskSwitchContext
                0x00009f04                vTaskEndScheduler
                0x00009f38                xTaskGenericCreate
                0x0000a0bc                vTaskStartScheduler
 .text          0x0000a134      0xb54 ARM Flash Release/queue.o
                0x0000a134                uxQueueMessagesWaitingFromISR
                0x0000a13c                xQueueIsQueueEmptyFromISR
                0x0000a14c                xQueueIsQueueFullFromISR
                0x0000a164                vQueueAddToRegistry
                0x0000a1b0                vQueueDelete
                0x0000a21c                uxQueueMessagesWaiting
                0x0000a2dc                xQueueReceiveFromISR
                0x0000a354                xQueueAltGenericReceive
                0x0000a594                xQueueGenericReceive
                0x0000a74c                xQueueTakeMutexRecursive
                0x0000a85c                xQueueGenericSendFromISR
                0x0000a8d0                xQueueAltGenericSend
                0x0000a9d8                xQueueGenericSend
                0x0000ab24                xQueueGiveMutexRecursive
                0x0000ab78                xQueueCreateMutex
                0x0000abec                xQueueCreate
 .text          0x0000ac88      0x108 ARM Flash Release/list.o
                0x0000ac88                vListInitialise
                0x0000acac                vListInitialiseItem
                0x0000acb8                vListInsertEnd
                0x0000acf0                vListInsert
                0x0000ad50                vListRemove
 .text          0x0000ad90      0x71c ARM Flash Release/dhcpc.o
                0x0000adb4                dhcpc_request
                0x0000b0d4                dhcpc_appcall
                0x0000b434                dhcpc_init
 .text          0x0000b4ac      0x2b4 ARM Flash Release/sntp.o
                0x0000b4ac                sntp_appcall
                0x0000b6f0                sntpSync
 .text          0x0000b760      0x604 ARM Flash Release/telnetd.o
                0x0000b77c                telnetdDisconnect
                0x0000b938                telnetd_appcall
                0x0000bc64                telnetd_init
                0x0000bcc8                telnetdPutChar
 .text          0x0000bd64      0x9c4 ARM Flash Release/httpd.o
                0x0000bd64                httpd_init
                0x0000c60c                httpd_appcall
 .text          0x0000c728      0x448 ARM Flash Release/httpd-cgi.o
                0x0000c738                httpd_cgi
 .text          0x0000cb70      0x174 ARM Flash Release/httpd-fs.o
                0x0000cbe4                httpd_fs_open
                0x0000cc64                httpd_fs_init
                0x0000cc88                httpd_fs_count
 .text          0x0000cce4        0x0 ARM Flash Release/http-strings.o
 .text          0x0000cce4      0x88c ARM Flash Release/enc28j60.o
                0x0000cd88                enc28j60WaitForData
                0x0000cf0c                enc28j60Send
                0x0000d088                enc28j60Deinit
                0x0000d0a8                enc28j60Init
                0x0000d408                enc28j60Receive
 .text          0x0000d570      0x124 ARM Flash Release/memb.o
                0x0000d570                memb_alloc
                0x0000d5e0                memb_free
                0x0000d65c                memb_init
 .text          0x0000d694      0x608 ARM Flash Release/psock.o
                0x0000d72c                psock_datalen
                0x0000d744                psock_newdata
                0x0000d780                psock_readto
                0x0000d8ec                psock_init
                0x0000d928                psock_readbuf
                0x0000db34                psock_generator_send
                0x0000dc04                psock_send
 .text          0x0000dc9c     0x1e30 ARM Flash Release/uip.o
                0x0000dc9c                uip_setipid
                0x0000dcac                uip_init
                0x0000dd18                uip_unlisten
                0x0000ddc4                uip_listen
                0x0000de6c                htons
                0x0000de84                uip_connect
                0x0000e04c                htonl
                0x0000e074                uip_iszeroaddr
                0x0000e094                uip_send
                0x0000e138                uip_process
                0x0000f78c                uip_udp_new
                0x0000f8f8                uip_printstats
 .text          0x0000facc      0x444 ARM Flash Release/uip_arch.o
                0x0000facc                uip_add32
                0x0000fc38                uip_udpchksum
                0x0000fc94                uip_chksum
                0x0000fd80                uip_ipchksum
                0x0000fd9c                uip_tcpchksum
 .text          0x0000ff10      0x768 ARM Flash Release/uip_arp.o
                0x000100ac                uip_arp_ipin
                0x00010144                uip_arp_arpin
                0x00010304                uip_arp_out
                0x00010580                uip_arp_timer
                0x0001061c                uip_arp_init
 .text          0x00010678       0x70 ARM Flash Release/uip_timer.o
                0x00010678                timer_reset
                0x00010688                timer_expired
                0x000106b4                timer_restart
                0x000106cc                timer_set
 .text          0x000106e8      0x41c ARM Flash Release/uip-fw.o
                0x000106e8                uip_fw_init
                0x00010724                uip_fw_output
                0x00010864                uip_fw_register
                0x0001087c                uip_fw_default
                0x0001088c                uip_fw_periodic
                0x000108d4                uip_fw_forward
 .text          0x00010b04       0x98 ARM Flash Release/uiplib.o
                0x00010b04                uiplib_ipaddrconv
 .text          0x00010b9c      0x1e4 ARM Flash Release/uip-neighbor.o
                0x00010b9c                uip_neighbor_init
                0x00010bc0                uip_neighbor_periodic
                0x00010c40                uip_neighbor_update
                0x00010c5c                uip_neighbor_lookup
                0x00010c78                uip_neighbor_add
 .text          0x00010d80       0x10 ARM Flash Release/clock.o
                0x00010d80                clock_time
 .text          0x00010d90      0x3d0 ARM Flash Release/uiptask.o
                0x00010d90                uipIsRunning
                0x00010da8                dispatch_tcp_appcall
                0x00010dac                dispatch_udp_appcall
                0x00010db0                dhcpc_configured
                0x00010db4                uipStop
                0x00010df0                uipStart
                0x00011128                uipFastPoll
 .text          0x00011160      0x3ac ARM Flash Release/disk.o
                0x00011160                diskShutdown
                0x0001117c                diskStatus
                0x0001118c                diskErrorText
                0x000111dc                diskErrorTextPrint
                0x00011204                diskPresent
                0x00011214                diskIoctl
                0x0001138c                diskWrite
                0x000113ec                diskRead
                0x00011438                diskInitialize
 .text          0x0001150c     0x2dc8 ARM Flash Release/ff.o
                0x00011680                f_ferrorlookup
                0x000116d0                f_mount
                0x0001172c                f_mkfs
                0x0001272c                f_readdir
                0x000127e8                f_lseek
                0x000129e0                f_write
                0x00012c90                f_read
                0x0001336c                f_getfree
                0x000137d4                f_rename
                0x000138fc                f_chmod
                0x0001398c                f_unlink
                0x00013b08                f_stat
                0x00013b7c                f_opendir
                0x00013c38                f_mkdir
                0x00013ea0                f_sync
                0x00013fac                f_close
                0x00013fcc                f_open
                0x000142ac                f_printerror
 .text          0x000142d4        0x0 C:/Users/lukas/AppData/Local/Rowley Associates Limited/CrossWorks for ARM/packages/lib/liblpc2000_v4t_a_le.a(liblpc2000_lpc21xx_get_cclk.o)
 .text.liblpc2000
                0x000142d4       0x30 C:/Users/lukas/AppData/Local/Rowley Associates Limited/CrossWorks for ARM/packages/lib/liblpc2000_v4t_a_le.a(liblpc2000_lpc21xx_get_cclk.o)
                0x000142d4                liblpc2000_lpc21xx_get_cclk
                0x000142d4                liblpc2000_get_cclk
 .text          0x00014304        0x0 C:/Users/lukas/AppData/Local/Rowley Associates Limited/CrossWorks for ARM/packages/lib/liblpc2000_v4t_a_le.a(liblpc2000_lpc21xx_get_pclk.o)
 .text.liblpc2000
                0x00014304       0x2c C:/Users/lukas/AppData/Local/Rowley Associates Limited/CrossWorks for ARM/packages/lib/liblpc2000_v4t_a_le.a(liblpc2000_lpc21xx_get_pclk.o)
                0x00014304                liblpc2000_lpc21xx_get_pclk
                0x00014304                liblpc2000_get_pclk
 .text          0x00014330        0x0 C:/Program Files/Rowley Associates Limited/CrossWorks for ARM 2.0/lib/libm_v4t_a_le.a(__int32_to_float32.o)
 .text.libc     0x00014330       0x70 C:/Program Files/Rowley Associates Limited/CrossWorks for ARM 2.0/lib/libm_v4t_a_le.a(__int32_to_float32.o)
                0x00014330                __int32_to_float32
                0x00014330                __floatsisf
                0x00014330                __aeabi_i2f
                0x00014344                __int32_to_float32_common
 .text          0x000143a0        0x0 C:/Program Files/Rowley Associates Limited/CrossWorks for ARM 2.0/lib/libm_v4t_a_le.a(__int32_to_float64.o)
 .text.libc     0x000143a0       0x70 C:/Program Files/Rowley Associates Limited/CrossWorks for ARM 2.0/lib/libm_v4t_a_le.a(__int32_to_float64.o)
                0x000143a0                __aeabi_i2d
                0x000143a0                __int32_to_float64
                0x000143a0                __floatsidf
 .text          0x00014410        0x0 C:/Program Files/Rowley Associates Limited/CrossWorks for ARM 2.0/lib/libm_v4t_a_le.a(__uint32_to_float32.o)
 .text.libc     0x00014410       0x10 C:/Program Files/Rowley Associates Limited/CrossWorks for ARM 2.0/lib/libm_v4t_a_le.a(__uint32_to_float32.o)
                0x00014410                __aeabi_ui2f
                0x00014410                __floatunsisf
                0x00014410                __uint32_to_float32
 .text          0x00014420        0x0 C:/Program Files/Rowley Associates Limited/CrossWorks for ARM 2.0/lib/libm_v4t_a_le.a(__float32_to_int32.o)
 .text.libc     0x00014420       0x50 C:/Program Files/Rowley Associates Limited/CrossWorks for ARM 2.0/lib/libm_v4t_a_le.a(__float32_to_int32.o)
                0x00014420                __float32_to_int32
                0x00014420                __aeabi_f2iz
                0x00014420                __fixsfsi
 .text          0x00014470        0x0 C:/Program Files/Rowley Associates Limited/CrossWorks for ARM 2.0/lib/libm_v4t_a_le.a(__float32_to_uint32.o)
 .text.libc     0x00014470       0x40 C:/Program Files/Rowley Associates Limited/CrossWorks for ARM 2.0/lib/libm_v4t_a_le.a(__float32_to_uint32.o)
                0x00014470                __aeabi_f2uiz
                0x00014470                __fixunssfsi
                0x00014470                __float32_to_uint32
 .text          0x000144b0        0x0 C:/Program Files/Rowley Associates Limited/CrossWorks for ARM 2.0/lib/libm_v4t_a_le.a(__float64_to_int32.o)
 .text.libc     0x000144b0       0x60 C:/Program Files/Rowley Associates Limited/CrossWorks for ARM 2.0/lib/libm_v4t_a_le.a(__float64_to_int32.o)
                0x000144b0                __aeabi_d2iz
                0x000144b0                __float64_to_int32
                0x000144b0                __fixdfsi
 .text          0x00014510        0x0 C:/Program Files/Rowley Associates Limited/CrossWorks for ARM 2.0/lib/libm_v4t_a_le.a(__float32_mul.o)
 .text.libc     0x00014510      0x100 C:/Program Files/Rowley Associates Limited/CrossWorks for ARM 2.0/lib/libm_v4t_a_le.a(__float32_mul.o)
                0x00014510                __mulsf3
                0x00014510                __float32_mul
 .text          0x00014610        0x0 C:/Program Files/Rowley Associates Limited/CrossWorks for ARM 2.0/lib/libm_v4t_a_le.a(__float32_div.o)
 .text.libc     0x00014610      0x210 C:/Program Files/Rowley Associates Limited/CrossWorks for ARM 2.0/lib/libm_v4t_a_le.a(__float32_div.o)
                0x00014610                __float32_div
                0x00014610                __divsf3
 .text          0x00014820        0x0 C:/Program Files/Rowley Associates Limited/CrossWorks for ARM 2.0/lib/libm_v4t_a_le.a(log.o)
 .text.libc     0x00014820      0x2c0 C:/Program Files/Rowley Associates Limited/CrossWorks for ARM 2.0/lib/libm_v4t_a_le.a(log.o)
                0x00014820                log
 .text          0x00014ae0        0x0 C:/Program Files/Rowley Associates Limited/CrossWorks for ARM 2.0/lib/libm_v4t_a_le.a(__float64_add.o)
 .text.libc     0x00014ae0      0x350 C:/Program Files/Rowley Associates Limited/CrossWorks for ARM 2.0/lib/libm_v4t_a_le.a(__float64_add.o)
                0x00014ae0                __aeabi_drsub
                0x00014ae8                __aeabi_dsub
                0x00014ae8                __float64_sub
                0x00014ae8                __subdf3
                0x00014aec                __aeabi_dadd
                0x00014aec                __float64_add
                0x00014aec                __adddf3
 .text          0x00014e30        0x0 C:/Program Files/Rowley Associates Limited/CrossWorks for ARM 2.0/lib/libm_v4t_a_le.a(__float64_mul.o)
 .text.libc     0x00014e30      0x1b0 C:/Program Files/Rowley Associates Limited/CrossWorks for ARM 2.0/lib/libm_v4t_a_le.a(__float64_mul.o)
                0x00014e30                __muldf3
                0x00014e30                __float64_mul
 .text          0x00014fe0        0x0 C:/Program Files/Rowley Associates Limited/CrossWorks for ARM 2.0/lib/libm_v4t_a_le.a(__float64_div.o)
 .text.libc     0x00014fe0      0x330 C:/Program Files/Rowley Associates Limited/CrossWorks for ARM 2.0/lib/libm_v4t_a_le.a(__float64_div.o)
                0x00014fe0                __divdf3
                0x00014fe0                __float64_div
                0x00014fe0                __aeabi_ddiv
 .text          0x00015310        0x0 C:/Program Files/Rowley Associates Limited/CrossWorks for ARM 2.0/lib/libm_v4t_a_le.a(__float64_cmp.o)
 .text.libc     0x00015310       0x70 C:/Program Files/Rowley Associates Limited/CrossWorks for ARM 2.0/lib/libm_v4t_a_le.a(__float64_cmp.o)
                0x00015310                __eqdf2
                0x00015310                __gtdf2
                0x00015310                __ltdf2
                0x00015310                __ledf2
                0x00015310                __nedf2
                0x00015310                __gedf2
                0x00015310                __cmpdf2
 .text          0x00015380        0x0 C:/Program Files/Rowley Associates Limited/CrossWorks for ARM 2.0/lib/libm_v4t_a_le.a(__float64_isnan.o)
 .text.libc     0x00015380       0x20 C:/Program Files/Rowley Associates Limited/CrossWorks for ARM 2.0/lib/libm_v4t_a_le.a(__float64_isnan.o)
                0x00015380                __float64_isnan
 .text          0x000153a0        0x0 C:/Program Files/Rowley Associates Limited/CrossWorks for ARM 2.0/lib/libm_v4t_a_le.a(__float64_infinity.o)
 .text.libc     0x000153a0        0x0 C:/Program Files/Rowley Associates Limited/CrossWorks for ARM 2.0/lib/libm_v4t_a_le.a(__float64_infinity.o)
 .text          0x000153a0        0x0 C:/Program Files/Rowley Associates Limited/CrossWorks for ARM 2.0/lib/libm_v4t_a_le.a(__float64_nan.o)
 .text.libc     0x000153a0        0x0 C:/Program Files/Rowley Associates Limited/CrossWorks for ARM 2.0/lib/libm_v4t_a_le.a(__float64_nan.o)
 .text          0x000153a0        0x0 C:/Program Files/Rowley Associates Limited/CrossWorks for ARM 2.0/lib/libm_v4t_a_le.a(__poly1_eval.o)
 .text.libc     0x000153a0       0x70 C:/Program Files/Rowley Associates Limited/CrossWorks for ARM 2.0/lib/libm_v4t_a_le.a(__poly1_eval.o)
                0x000153a0                __poly1_eval
 .text          0x00015410        0x0 C:/Program Files/Rowley Associates Limited/CrossWorks for ARM 2.0/lib/libm_v4t_a_le.a(__poly_eval.o)
 .text.libc     0x00015410       0x5c C:/Program Files/Rowley Associates Limited/CrossWorks for ARM 2.0/lib/libm_v4t_a_le.a(__poly_eval.o)
                0x00015410                __poly_eval
 .text          0x0001546c        0x0 C:/Program Files/Rowley Associates Limited/CrossWorks for ARM 2.0/lib/libm_v4t_a_le.a(frexp.o)
 .text.libc     0x0001546c       0x60 C:/Program Files/Rowley Associates Limited/CrossWorks for ARM 2.0/lib/libm_v4t_a_le.a(frexp.o)
                0x0001546c                frexp
 .text          0x000154cc        0x0 C:/Program Files/Rowley Associates Limited/CrossWorks for ARM 2.0/lib/libm_v4t_a_le.a(ldexp.o)
 .text.libc     0x000154cc       0x84 C:/Program Files/Rowley Associates Limited/CrossWorks for ARM 2.0/lib/libm_v4t_a_le.a(ldexp.o)
                0x000154cc                ldexp
 .text          0x00015550        0x0 C:/Program Files/Rowley Associates Limited/CrossWorks for ARM 2.0/lib/libc_v4t_a_le.a(__int32_umod.o)
 .text.libc     0x00015550       0x20 C:/Program Files/Rowley Associates Limited/CrossWorks for ARM 2.0/lib/libc_v4t_a_le.a(__int32_umod.o)
                0x00015550                __int32_umod
                0x00015550                __umodsi3
 .text          0x00015570        0x0 C:/Program Files/Rowley Associates Limited/CrossWorks for ARM 2.0/lib/libc_v4t_a_le.a(__int32_div.o)
 .text.libc     0x00015570       0x50 C:/Program Files/Rowley Associates Limited/CrossWorks for ARM 2.0/lib/libc_v4t_a_le.a(__int32_div.o)
                0x00015570                __divsi3
                0x00015570                __int32_div
 .text          0x000155c0        0x0 C:/Program Files/Rowley Associates Limited/CrossWorks for ARM 2.0/lib/libc_v4t_a_le.a(__int32_udivmod.o)
 .text.libc     0x000155c0       0x30 C:/Program Files/Rowley Associates Limited/CrossWorks for ARM 2.0/lib/libc_v4t_a_le.a(__int32_udivmod.o)
                0x000155c0                __int32_udivmod
                0x000155c0                __udivsi3
                0x000155c0                __int32_udiv
 .text          0x000155f0        0x0 C:/Program Files/Rowley Associates Limited/CrossWorks for ARM 2.0/lib/libc_v4t_a_le.a(strlen.o)
 .text.libc     0x000155f0       0x90 C:/Program Files/Rowley Associates Limited/CrossWorks for ARM 2.0/lib/libc_v4t_a_le.a(strlen.o)
                0x000155f0                strlen
 .text          0x00015680        0x0 C:/Program Files/Rowley Associates Limited/CrossWorks for ARM 2.0/lib/libc_v4t_a_le.a(memcpy.o)
 .text.libc     0x00015680       0x60 C:/Program Files/Rowley Associates Limited/CrossWorks for ARM 2.0/lib/libc_v4t_a_le.a(memcpy.o)
                0x00015680                memcpy
 .text          0x000156e0        0x0 C:/Program Files/Rowley Associates Limited/CrossWorks for ARM 2.0/lib/libc_v4t_a_le.a(memset.o)
 .text.libc     0x000156e0       0xa0 C:/Program Files/Rowley Associates Limited/CrossWorks for ARM 2.0/lib/libc_v4t_a_le.a(memset.o)
                0x000156e0                memset
 .text          0x00015780        0x0 C:/Program Files/Rowley Associates Limited/CrossWorks for ARM 2.0/lib/libc_v4t_a_le.a(strcpy.o)
 .text.libc     0x00015780       0x60 C:/Program Files/Rowley Associates Limited/CrossWorks for ARM 2.0/lib/libc_v4t_a_le.a(strcpy.o)
                0x00015780                strcpy
 .text          0x000157e0        0x0 C:/Program Files/Rowley Associates Limited/CrossWorks for ARM 2.0/lib/libc_v4t_a_le.a(strcmp.o)
 .text.libc     0x000157e0       0x70 C:/Program Files/Rowley Associates Limited/CrossWorks for ARM 2.0/lib/libc_v4t_a_le.a(strcmp.o)
                0x000157e0                strcmp
 .text          0x00015850        0x0 C:/Program Files/Rowley Associates Limited/CrossWorks for ARM 2.0/lib/libc_v4t_a_le.a(memcmp.o)
 .text.libc     0x00015850       0x54 C:/Program Files/Rowley Associates Limited/CrossWorks for ARM 2.0/lib/libc_v4t_a_le.a(memcmp.o)
                0x00015850                memcmp
 .text          0x000158a4        0x0 C:/Program Files/Rowley Associates Limited/CrossWorks for ARM 2.0/lib/libc_v4t_a_le.a(strcat.o)
 .text.libc     0x000158a4       0x3c C:/Program Files/Rowley Associates Limited/CrossWorks for ARM 2.0/lib/libc_v4t_a_le.a(strcat.o)
                0x000158a4                strcat
 .text          0x000158e0        0x0 C:/Program Files/Rowley Associates Limited/CrossWorks for ARM 2.0/lib/libc_v4t_a_le.a(strchr.o)
 .text.libc     0x000158e0       0x40 C:/Program Files/Rowley Associates Limited/CrossWorks for ARM 2.0/lib/libc_v4t_a_le.a(strchr.o)
                0x000158e0                strchr
 .text          0x00015920        0x0 C:/Program Files/Rowley Associates Limited/CrossWorks for ARM 2.0/lib/libc_v4t_a_le.a(strncmp.o)
 .text.libc     0x00015920       0x64 C:/Program Files/Rowley Associates Limited/CrossWorks for ARM 2.0/lib/libc_v4t_a_le.a(strncmp.o)
                0x00015920                strncmp
 .text          0x00015984        0x0 C:/Program Files/Rowley Associates Limited/CrossWorks for ARM 2.0/lib/libc_v4t_a_le.a(strncpy.o)
 .text.libc     0x00015984       0x74 C:/Program Files/Rowley Associates Limited/CrossWorks for ARM 2.0/lib/libc_v4t_a_le.a(strncpy.o)
                0x00015984                strncpy
 .text          0x000159f8        0x0 C:/Program Files/Rowley Associates Limited/CrossWorks for ARM 2.0/lib/libc_v4t_a_le.a(strrchr.o)
 .text.libc     0x000159f8       0x44 C:/Program Files/Rowley Associates Limited/CrossWorks for ARM 2.0/lib/libc_v4t_a_le.a(strrchr.o)
                0x000159f8                strrchr
 .text          0x00015a3c        0x0 C:/Program Files/Rowley Associates Limited/CrossWorks for ARM 2.0/lib/libc_v4t_a_le.a(strstr.o)
 .text.libc     0x00015a3c       0x98 C:/Program Files/Rowley Associates Limited/CrossWorks for ARM 2.0/lib/libc_v4t_a_le.a(strstr.o)
                0x00015a3c                strstr
 .text          0x00015ad4        0x0 C:/Program Files/Rowley Associates Limited/CrossWorks for ARM 2.0/lib/libc_v4t_a_le.a(ctype.o)
 .text.libc     0x00015ad4      0x17c C:/Program Files/Rowley Associates Limited/CrossWorks for ARM 2.0/lib/libc_v4t_a_le.a(ctype.o)
                0x00015ad4                isalpha
                0x00015af0                isupper
                0x00015b04                islower
                0x00015b18                isdigit
                0x00015b2c                isxdigit
                0x00015b58                isspace
                0x00015b70                ispunct
                0x00015bac                isalnum
                0x00015bd8                isprint
                0x00015bec                isgraph
                0x00015c00                iscntrl
                0x00015c14                tolower
                0x00015c28                toupper
                0x00015c3c                isblank
 .text          0x00015c50        0x0 C:/Program Files/Rowley Associates Limited/CrossWorks for ARM 2.0/lib/libc_v4t_a_le.a(malloc.o)
 .text.libc     0x00015c50      0x250 C:/Program Files/Rowley Associates Limited/CrossWorks for ARM 2.0/lib/libc_v4t_a_le.a(malloc.o)
                0x00015c50                free
                0x00015d44                malloc
                0x00015e28                realloc
                0x00015e70                calloc
 .text          0x00015ea0        0x0 C:/Program Files/Rowley Associates Limited/CrossWorks for ARM 2.0/lib/libc_v4t_a_le.a(atoi.o)
 .text.libc     0x00015ea0       0x38 C:/Program Files/Rowley Associates Limited/CrossWorks for ARM 2.0/lib/libc_v4t_a_le.a(atoi.o)
                0x00015ea0                atoi
 .text          0x00015ed8        0x0 C:/Program Files/Rowley Associates Limited/CrossWorks for ARM 2.0/lib/libc_v4t_a_le.a(time.o)
 .text.libc     0x00015ed8      0x75c C:/Program Files/Rowley Associates Limited/CrossWorks for ARM 2.0/lib/libc_v4t_a_le.a(time.o)
                0x00015ed8                difftime
                0x00015eec                checktm
                0x00016134                mktime
                0x0001637c                localtime_r
                0x00016588                localtime
                0x000165a8                gmtime_r
                0x000165c0                gmtime
                0x000165e0                ctime_r
                0x00016610                ctime
 .text          0x00016634        0x0 C:/Program Files/Rowley Associates Limited/CrossWorks for ARM 2.0/lib/libc_v4t_a_le.a(asctime.o)
 .text.libc     0x00016634      0x18c C:/Program Files/Rowley Associates Limited/CrossWorks for ARM 2.0/lib/libc_v4t_a_le.a(asctime.o)
                0x00016660                asctime_r
                0x000167a8                asctime
 .text          0x000167c0        0x0 C:/Program Files/Rowley Associates Limited/CrossWorks for ARM 2.0/lib/libc_v4t_a_le.a(strftime.o)
 .text.libc     0x000167c0      0x82c C:/Program Files/Rowley Associates Limited/CrossWorks for ARM 2.0/lib/libc_v4t_a_le.a(strftime.o)
                0x00016f98                strftime
 .text          0x00016fec        0x0 C:/Program Files/Rowley Associates Limited/CrossWorks for ARM 2.0/lib/libc_v4t_a_le.a(div.o)
 .text.libc     0x00016fec       0x54 C:/Program Files/Rowley Associates Limited/CrossWorks for ARM 2.0/lib/libc_v4t_a_le.a(div.o)
                0x00016fec                div
 .text          0x00017040        0x0 C:/Program Files/Rowley Associates Limited/CrossWorks for ARM 2.0/lib/libc_v4t_a_le.a(strtol.o)
 .text.libc     0x00017040       0xd4 C:/Program Files/Rowley Associates Limited/CrossWorks for ARM 2.0/lib/libc_v4t_a_le.a(strtol.o)
                0x00017040                strtol
 .text          0x00017114        0x0 C:/Program Files/Rowley Associates Limited/CrossWorks for ARM 2.0/lib/libc_v4t_a_le.a(ldiv.o)
 .text.libc     0x00017114       0x54 C:/Program Files/Rowley Associates Limited/CrossWorks for ARM 2.0/lib/libc_v4t_a_le.a(ldiv.o)
                0x00017114                ldiv
 .text          0x00017168        0x0 C:/Program Files/Rowley Associates Limited/CrossWorks for ARM 2.0/lib/libc_v4t_a_le.a(__int32_mod.o)
 *fill*         0x00017168        0x8 00
 .text.libc     0x00017170       0x50 C:/Program Files/Rowley Associates Limited/CrossWorks for ARM 2.0/lib/libc_v4t_a_le.a(__int32_mod.o)
                0x00017170                __modsi3
                0x00017170                __int32_mod
 .text          0x000171c0        0x0 C:/Program Files/Rowley Associates Limited/CrossWorks for ARM 2.0/lib/libc_v4t_a_le.a(__strtoul.o)
 .text.libc     0x000171c0      0x128 C:/Program Files/Rowley Associates Limited/CrossWorks for ARM 2.0/lib/libc_v4t_a_le.a(__strtoul.o)
                0x000171c0                __strtoul
 .text          0x000172e8        0x0 C:/Program Files/Rowley Associates Limited/CrossWorks for ARM 2.0/lib/libc_v4t_a_le.a(__digit.o)
 .text.libc     0x000172e8       0x54 C:/Program Files/Rowley Associates Limited/CrossWorks for ARM 2.0/lib/libc_v4t_a_le.a(__digit.o)
                0x000172e8                __digit
 .text          0x0001733c        0x0 C:/Program Files/Rowley Associates Limited/CrossWorks for ARM 2.0/lib/libdebugio_v4t_a_le.a(debug_printf.o)
 .text.libc     0x0001733c       0x20 C:/Program Files/Rowley Associates Limited/CrossWorks for ARM 2.0/lib/libdebugio_v4t_a_le.a(debug_printf.o)
                0x0001733c                debug_printf
 .text          0x0001735c        0x0 C:/Program Files/Rowley Associates Limited/CrossWorks for ARM 2.0/lib/libc_targetio_impl_v4t_a_le.a(putchar.o)
 .text.libc     0x0001735c       0x2c C:/Program Files/Rowley Associates Limited/CrossWorks for ARM 2.0/lib/libc_targetio_impl_v4t_a_le.a(putchar.o)
                0x0001735c                putchar
 .text          0x00017388        0x0 C:/Program Files/Rowley Associates Limited/CrossWorks for ARM 2.0/lib/libc_user_libc_v4t_a_le.a(user_libc.o)
 .text.libc     0x00017388       0x2c C:/Program Files/Rowley Associates Limited/CrossWorks for ARM 2.0/lib/libc_user_libc_v4t_a_le.a(user_libc.o)
                0x00017388                __errno
                0x00017394                __heap_lock
                0x00017398                __heap_unlock
                0x0001739c                __printf_lock
                0x000173a0                __printf_unlock
                0x000173a4                __scanf_lock
                0x000173a8                __scanf_unlock
                0x000173ac                __debug_io_lock
                0x000173b0                __debug_io_unlock
 .text          0x000173b4        0x0 C:/Program Files/Rowley Associates Limited/CrossWorks for ARM 2.0/lib/libdebugio_dcc_v4t_a_le.a(dcc_debug_operations.o)
 .text.libdebugio_dcc
                0x000173b4       0x4c C:/Program Files/Rowley Associates Limited/CrossWorks for ARM 2.0/lib/libdebugio_dcc_v4t_a_le.a(dcc_debug_operations.o)
                0x000173b4                __do_debug_operation
 .text          0x00017400        0x0 C:/Program Files/Rowley Associates Limited/CrossWorks for ARM 2.0/lib/libdebugio_dcc_v4t_a_le.a(libarmdi_dcc_write.o)
 .text.libdebugio_dcc
                0x00017400       0x20 C:/Program Files/Rowley Associates Limited/CrossWorks for ARM 2.0/lib/libdebugio_dcc_v4t_a_le.a(libarmdi_dcc_write.o)
                0x00017400                libarm_dcc_write
 .text          0x00017420        0x0 C:/Program Files/Rowley Associates Limited/CrossWorks for ARM 2.0/lib/libdebugio_dcc_v4t_a_le.a(libarm_run_dcc_port_server.o)
 .text.libdebugio_dcc
                0x00017420      0x234 C:/Program Files/Rowley Associates Limited/CrossWorks for ARM 2.0/lib/libdebugio_dcc_v4t_a_le.a(libarm_run_dcc_port_server.o)
                0x00017420                libarm_run_dcc_port_server
 .text          0x00017654        0x0 C:/Program Files/Rowley Associates Limited/CrossWorks for ARM 2.0/lib/libdebugio_dcc_v4t_a_le.a(libarmdi_dcc_read.o)
 *fill*         0x00017654        0xc 00
 .text.libdebugio_dcc
                0x00017660       0x20 C:/Program Files/Rowley Associates Limited/CrossWorks for ARM 2.0/lib/libdebugio_dcc_v4t_a_le.a(libarmdi_dcc_read.o)
                0x00017660                libarm_dcc_read
                0x00017680                __text_end__ = (__text_start__ + SIZEOF (.text))
                0x00017680                __text_load_end__ = __text_end__

.vfp11_veneer   0x00000000        0x0
 .vfp11_veneer  0x00000000        0x0 linker stubs

.v4_bx          0x00000000        0x0
 .v4_bx         0x00000000        0x0 linker stubs
                0x00000001                . = ASSERT (((__text_end__ >= __FLASH_segment_start__) && (__text_end__ <= (__FLASH_segment_start__ + 0x80000))), error: .text is too large to fit in FLASH memory segment)
                0x00017680                __dtors_load_start__ = ALIGN (__text_end__, 0x4)

.dtors          0x00017680        0x0
                0x00017680                __dtors_start__ = .
 *(SORT(.dtors.*))
 *(.dtors)
                0x00017680                __dtors_end__ = (__dtors_start__ + SIZEOF (.dtors))
                0x00017680                __dtors_load_end__ = __dtors_end__
                0x00000001                . = ASSERT (((__dtors_end__ >= __FLASH_segment_start__) && (__dtors_end__ <= (__FLASH_segment_start__ + 0x80000))), error: .dtors is too large to fit in FLASH memory segment)
                0x00017680                __ctors_load_start__ = ALIGN (__dtors_end__, 0x4)

.ctors          0x00017680        0x0
                0x00017680                __ctors_start__ = .
 *(SORT(.ctors.*))
 *(.ctors)
                0x00017680                __ctors_end__ = (__ctors_start__ + SIZEOF (.ctors))
                0x00017680                __ctors_load_end__ = __ctors_end__
                0x00000001                . = ASSERT (((__ctors_end__ >= __FLASH_segment_start__) && (__ctors_end__ <= (__FLASH_segment_start__ + 0x80000))), error: .ctors is too large to fit in FLASH memory segment)
                0x00017680                __rodata_load_start__ = ALIGN (__ctors_end__, 0x4)

.rodata         0x00017680     0x7bb4
                0x00017680                __rodata_start__ = .
 *(.rodata .rodata.* .gnu.linkonce.r.*)
 .rodata.str1.4
                0x00017680        0x8 ARM Flash Release/main.o
 .rodata        0x00017688       0xb0 ARM Flash Release/i2c.o
 .rodata.str1.4
                0x00017738      0x19e ARM Flash Release/i2c.o
                                0x1a0 (size before relaxing)
 *fill*         0x000178d6        0x2 00
 .rodata.str1.4
                0x000178d8        0x8 ARM Flash Release/i2cInt.o
                                  0xc (size before relaxing)
 .rodata        0x000178e0       0x90 ARM Flash Release/usbser.o
 .rodata        0x00017970        0xc ARM Flash Release/rtc.o
 .rodata        0x0001797c      0x2b4 ARM Flash Release/beep.o
 .rodata.str1.4
                0x00017c30        0x7 ARM Flash Release/args.o
                                 0x10 (size before relaxing)
 *fill*         0x00017c37        0x1 00
 .rodata.str1.4
                0x00017c38       0x7b ARM Flash Release/argsdispatch.o
                                 0x84 (size before relaxing)
 *fill*         0x00017cb3        0x1 00
 .rodata        0x00017cb4      0x3c0 ARM Flash Release/monitor.o
 .rodata.str1.4
                0x00018074      0xe93 ARM Flash Release/monitor.o
                                0xeb0 (size before relaxing)
 *fill*         0x00018f07        0x1 00
 .rodata.str1.4
                0x00018f08        0x7 ARM Flash Release/printf-stdarg.o
                                  0x8 (size before relaxing)
 .rodata.str1.4
                0x00000000        0x7 ARM Flash Release/leds.o
                                  0x4 (size before relaxing)
 *fill*         0x00018f0f        0x1 00
 .rodata.str1.4
                0x00018f10        0x8 ARM Flash Release/tcs3414.o
 .rodata        0x00018f18      0x210 ARM Flash Release/mmc.o
 .rodata.str1.4
                0x00019128       0x11 ARM Flash Release/mmc.o
                                 0x14 (size before relaxing)
 *fill*         0x00019139        0x3 00
 .rodata        0x0001913c        0xc ARM Flash Release/logging.o
 .rodata.str1.4
                0x00019148       0xa0 ARM Flash Release/logging.o
                                 0xa4 (size before relaxing)
 .rodata.str1.4
                0x000191e8      0x1e1 ARM Flash Release/meas_sm.o
                                0x1e4 (size before relaxing)
 *fill*         0x000193c9        0x3 00
 .rodata.str1.4
                0x000193cc       0x19 ARM Flash Release/meas_task.o
                                 0x1c (size before relaxing)
 *fill*         0x000193e5        0x3 00
 .rodata        0x000193e8       0x14 ARM Flash Release/tasks.o
 .rodata.str1.4
                0x000193fc       0x19 ARM Flash Release/tasks.o
                                 0x20 (size before relaxing)
 *fill*         0x00019415        0x3 00
 .rodata        0x00019418        0x8 ARM Flash Release/dhcpc.o
 .rodata.str1.4
                0x00000000        0xc ARM Flash Release/telnetd.o
 .rodata.str1.4
                0x00019420       0x13 ARM Flash Release/httpd.o
                                 0x18 (size before relaxing)
 *fill*         0x00019433        0x1 00
 .rodata        0x00019434       0xa8 ARM Flash Release/httpd-cgi.o
 .rodata.str1.4
                0x000194dc       0xdb ARM Flash Release/httpd-cgi.o
                                 0xe0 (size before relaxing)
 *fill*         0x000195b7        0x1 00
 .rodata        0x000195b8     0x51d8 ARM Flash Release/httpd-fs.o
                0x000195b8                file_tcp_shtml
                0x000195cc                file_404_html
                0x000195e0                file_fade_png
                0x000195f4                file_files_shtml
                0x00019608                file_footer_html
                0x0001961c                file_header_html
                0x00019630                file_index_html
                0x00019644                file_led_shtml
                0x00019658                file_lpc2148_jpg
                0x0001966c                file_stats_shtml
                0x00019680                file_style_css
 .rodata        0x0001e790      0x288 ARM Flash Release/http-strings.o
                0x0001e790                http_http
                0x0001e798                http_200
                0x0001e7a0                http_301
                0x0001e7a8                http_302
                0x0001e7b0                http_get
                0x0001e7b8                http_10
                0x0001e7c4                http_11
                0x0001e7d0                http_content_type
                0x0001e7e0                http_texthtml
                0x0001e7ec                http_location
                0x0001e7f8                http_host
                0x0001e800                http_crnl
                0x0001e804                http_index_html
                0x0001e810                http_404_html
                0x0001e81c                http_referer
                0x0001e828                http_header_200
                0x0001e87c                http_header_404
                0x0001e8d8                http_content_type_plain
                0x0001e8f8                http_content_type_html
                0x0001e914                http_content_type_css
                0x0001e930                http_content_type_text
                0x0001e94c                http_content_type_png
                0x0001e968                http_content_type_gif
                0x0001e984                http_content_type_jpg
                0x0001e9a4                http_content_type_binary
                0x0001e9d0                http_html
                0x0001e9d8                http_shtml
                0x0001e9e0                http_htm
                0x0001e9e8                http_css
                0x0001e9f0                http_png
                0x0001e9f8                http_gif
                0x0001ea00                http_jpg
                0x0001ea08                http_text
                0x0001ea10                http_txt
 .rodata.str1.4
                0x0001ea18      0x30c ARM Flash Release/uip.o
 .rodata        0x0001ed24        0x8 ARM Flash Release/uip_arp.o
 .rodata.str1.4
                0x0001ed2c       0x41 ARM Flash Release/uip-neighbor.o
                                 0x44 (size before relaxing)
 *fill*         0x0001ed6d        0x3 00
 .rodata.str1.4
                0x0001ed70       0x1f ARM Flash Release/uiptask.o
                                 0x20 (size before relaxing)
 *fill*         0x0001ed8f        0x1 00
 .rodata        0x0001ed90       0x28 ARM Flash Release/disk.o
 .rodata.str1.4
                0x0001edb8       0x51 ARM Flash Release/disk.o
                                 0x54 (size before relaxing)
 *fill*         0x0001ee09        0x3 00
 .rodata        0x0001ee0c       0x70 ARM Flash Release/ff.o
 .rodata.str1.4
                0x0001ee7c       0xd5 ARM Flash Release/ff.o
                                 0xf8 (size before relaxing)
 *fill*         0x0001ef51        0x3 00
 .rodata.libc   0x0001ef54       0x28 C:/Program Files/Rowley Associates Limited/CrossWorks for ARM 2.0/lib/libm_v4t_a_le.a(log.o)
 .rodata.libc   0x0001ef7c        0x8 C:/Program Files/Rowley Associates Limited/CrossWorks for ARM 2.0/lib/libm_v4t_a_le.a(__float64_infinity.o)
                0x0001ef7c                __float64_infinity
 .rodata.libc   0x0001ef84        0x8 C:/Program Files/Rowley Associates Limited/CrossWorks for ARM 2.0/lib/libm_v4t_a_le.a(__float64_nan.o)
                0x0001ef84                __float64_nan
 .rodata.libc   0x0001ef8c       0x84 C:/Program Files/Rowley Associates Limited/CrossWorks for ARM 2.0/lib/libc_v4t_a_le.a(ctype.o)
                0x0001ef8c                __ctype
 .rodata.libc   0x0001f010       0x68 C:/Program Files/Rowley Associates Limited/CrossWorks for ARM 2.0/lib/libc_v4t_a_le.a(time.o)
 .rodata.libc   0x0001f078       0x4c C:/Program Files/Rowley Associates Limited/CrossWorks for ARM 2.0/lib/libc_v4t_a_le.a(asctime.o)
 .rodata.libc   0x0001f0c4       0x4c C:/Program Files/Rowley Associates Limited/CrossWorks for ARM 2.0/lib/libc_v4t_a_le.a(strftime.o)
 .rodata.libc.str1.4
                0x0001f110      0x124 C:/Program Files/Rowley Associates Limited/CrossWorks for ARM 2.0/lib/libc_v4t_a_le.a(strftime.o)
                                0x130 (size before relaxing)
                0x0001f234                __rodata_end__ = (__rodata_start__ + SIZEOF (.rodata))
                0x0001f234                __rodata_load_end__ = __rodata_end__
                0x00000001                . = ASSERT (((__rodata_end__ >= __FLASH_segment_start__) && (__rodata_end__ <= (__FLASH_segment_start__ + 0x80000))), error: .rodata is too large to fit in FLASH memory segment)
                0x0001f234                __fast_load_start__ = ALIGN (__rodata_end__, 0x4)

.fast           0x4000003c        0x0 load address 0x0001f234
                0x4000003c                __fast_start__ = .
 *(.fast .fast.*)
                0x4000003c                __fast_end__ = (__fast_start__ + SIZEOF (.fast))
                0x0001f234                __fast_load_end__ = (__fast_load_start__ + SIZEOF (.fast))
                0x00000001                . = ASSERT ((((__fast_load_start__ + SIZEOF (.fast)) >= __FLASH_segment_start__) && ((__fast_load_start__ + SIZEOF (.fast)) <= (__FLASH_segment_start__ + 0x80000))), error: .fast is too large to fit in FLASH memory segment)

.fast_run       0x4000003c        0x0
                0x4000003c                __fast_run_start__ = .
                0x4000003c                . = MAX ((__fast_run_start__ + SIZEOF (.fast)), .)
                0x4000003c                __fast_run_end__ = (__fast_run_start__ + SIZEOF (.fast_run))
                0x4000003c                __fast_run_load_end__ = __fast_run_end__
                0x00000001                . = ASSERT (((__fast_run_end__ >= __SRAM_segment_start__) && (__fast_run_end__ <= (__SRAM_segment_start__ + 0x8000))), error: .fast_run is too large to fit in SRAM memory segment)
                0x0001f234                __data_load_start__ = ALIGN ((__fast_load_start__ + SIZEOF (.fast)), 0x4)

.data           0x4000003c       0x64 load address 0x0001f234
                0x4000003c                __data_start__ = .
 *(.data .data.* .gnu.linkonce.d.*)
 .data          0x4000003c        0x0 ARM Flash Release/main.o
 .data          0x4000003c        0x0 ARM Flash Release/adc.o
 .data          0x4000003c        0x0 ARM Flash Release/cpu.o
 .data          0x4000003c        0x0 ARM Flash Release/i2c.o
 .data          0x4000003c        0x4 ARM Flash Release/i2cInt.o
 .data          0x40000040        0x8 ARM Flash Release/pwm.o
 .data          0x40000048        0x0 ARM Flash Release/spi.o
 .data          0x40000048        0x8 ARM Flash Release/uart0.o
 .data          0x40000050        0x0 ARM Flash Release/uart0ISR.o
 .data          0x40000050        0x8 ARM Flash Release/uart1.o
 .data          0x40000058        0x0 ARM Flash Release/uart1ISR.o
 .data          0x40000058        0x0 ARM Flash Release/usbcontrol.o
 .data          0x40000058        0x0 ARM Flash Release/usbinit.o
 .data          0x40000058        0x0 ARM Flash Release/usbISR.o
 .data          0x40000058        0x0 ARM Flash Release/usbstdreq.o
 .data          0x40000058        0x8 ARM Flash Release/usbser.o
 .data          0x40000060        0x0 ARM Flash Release/rtc.o
 .data          0x40000060        0x0 ARM Flash Release/rtcISR.o
 .data          0x40000060        0x0 ARM Flash Release/reset.o
 .data          0x40000060        0x0 ARM Flash Release/eint0.o
 .data          0x40000060        0x0 ARM Flash Release/eint0ISR.o
 .data          0x40000060        0x0 ARM Flash Release/eint2.o
 .data          0x40000060        0x0 ARM Flash Release/eint2ISR.o
 .data          0x40000060        0x0 ARM Flash Release/eint3.o
 .data          0x40000060        0x0 ARM Flash Release/eint3ISR.o
 .data          0x40000060        0x0 ARM Flash Release/eint1.o
 .data          0x40000060        0x0 ARM Flash Release/eint1ISR.o
 .data          0x40000060        0x0 ARM Flash Release/beep.o
 .data          0x40000060        0x8 ARM Flash Release/timer.o
 .data          0x40000068        0x0 ARM Flash Release/dac.o
 .data          0x40000068        0x0 ARM Flash Release/args.o
 .data          0x40000068        0x0 ARM Flash Release/argsdispatch.o
 .data          0x40000068        0x0 ARM Flash Release/monitor.o
 .data          0x40000068        0x0 ARM Flash Release/printf-stdarg.o
 .data          0x40000068        0x4 ARM Flash Release/leds.o
 .data          0x4000006c        0x0 ARM Flash Release/tcs3414.o
 .data          0x4000006c        0x0 ARM Flash Release/mmc.o
 .data          0x4000006c        0x0 ARM Flash Release/ssp.o
 .data          0x4000006c        0x0 ARM Flash Release/Lcd204_4.o
 .data          0x4000006c        0x4 ARM Flash Release/logging.o
 .data          0x40000070        0x8 ARM Flash Release/meas_sm.o
 .data          0x40000078        0x0 ARM Flash Release/meas_task.o
 .data          0x40000078        0x0 ARM Flash Release/crt0.o
 .data          0x40000078        0x0 ARM Flash Release/Philips_LPC210X_Startup.o
 .data          0x40000078        0x0 ARM Flash Release/LPC210x.o
 .data          0x40000078        0x0 ARM Flash Release/VIC.o
 .data          0x40000078        0x0 ARM Flash Release/VIC_irq_handler.o
 .data          0x40000078        0x4 ARM Flash Release/portISR.o
                0x40000078                ulCriticalNesting
 .data          0x4000007c        0x0 ARM Flash Release/port.o
 .data          0x4000007c        0x0 ARM Flash Release/heap_2.o
 .data          0x4000007c        0x4 ARM Flash Release/tasks.o
                0x4000007c                uxPreviousTask
 .data          0x40000080        0x0 ARM Flash Release/queue.o
 .data          0x40000080        0x0 ARM Flash Release/list.o
 .data          0x40000080        0x0 ARM Flash Release/dhcpc.o
 .data          0x40000080        0x0 ARM Flash Release/sntp.o
 .data          0x40000080        0x0 ARM Flash Release/telnetd.o
 .data          0x40000080        0x0 ARM Flash Release/httpd.o
 .data          0x40000080       0x14 ARM Flash Release/httpd-cgi.o
 .data          0x40000094        0x0 ARM Flash Release/httpd-fs.o
 .data          0x40000094        0x0 ARM Flash Release/http-strings.o
 .data          0x40000094        0x0 ARM Flash Release/enc28j60.o
 .data          0x40000094        0x0 ARM Flash Release/memb.o
 .data          0x40000094        0x0 ARM Flash Release/psock.o
 .data          0x40000094        0x0 ARM Flash Release/uip.o
 .data          0x40000094        0x0 ARM Flash Release/uip_arch.o
 .data          0x40000094        0x0 ARM Flash Release/uip_arp.o
 .data          0x40000094        0x0 ARM Flash Release/uip_timer.o
 .data          0x40000094        0x0 ARM Flash Release/uip-fw.o
 .data          0x40000094        0x0 ARM Flash Release/uiplib.o
 .data          0x40000094        0x0 ARM Flash Release/uip-neighbor.o
 .data          0x40000094        0x0 ARM Flash Release/clock.o
 .data          0x40000094        0x4 ARM Flash Release/uiptask.o
 .data          0x40000098        0x1 ARM Flash Release/disk.o
 .data          0x40000099        0x0 ARM Flash Release/ff.o
 .data          0x40000099        0x0 C:/Users/lukas/AppData/Local/Rowley Associates Limited/CrossWorks for ARM/packages/lib/liblpc2000_v4t_a_le.a(liblpc2000_lpc21xx_get_cclk.o)
 .data          0x40000099        0x0 C:/Users/lukas/AppData/Local/Rowley Associates Limited/CrossWorks for ARM/packages/lib/liblpc2000_v4t_a_le.a(liblpc2000_lpc21xx_get_pclk.o)
 .data          0x40000099        0x0 C:/Program Files/Rowley Associates Limited/CrossWorks for ARM 2.0/lib/libm_v4t_a_le.a(__int32_to_float32.o)
 .data          0x40000099        0x0 C:/Program Files/Rowley Associates Limited/CrossWorks for ARM 2.0/lib/libm_v4t_a_le.a(__int32_to_float64.o)
 .data          0x40000099        0x0 C:/Program Files/Rowley Associates Limited/CrossWorks for ARM 2.0/lib/libm_v4t_a_le.a(__uint32_to_float32.o)
 .data          0x40000099        0x0 C:/Program Files/Rowley Associates Limited/CrossWorks for ARM 2.0/lib/libm_v4t_a_le.a(__float32_to_int32.o)
 .data          0x40000099        0x0 C:/Program Files/Rowley Associates Limited/CrossWorks for ARM 2.0/lib/libm_v4t_a_le.a(__float32_to_uint32.o)
 .data          0x40000099        0x0 C:/Program Files/Rowley Associates Limited/CrossWorks for ARM 2.0/lib/libm_v4t_a_le.a(__float64_to_int32.o)
 .data          0x40000099        0x0 C:/Program Files/Rowley Associates Limited/CrossWorks for ARM 2.0/lib/libm_v4t_a_le.a(__float32_mul.o)
 .data          0x40000099        0x0 C:/Program Files/Rowley Associates Limited/CrossWorks for ARM 2.0/lib/libm_v4t_a_le.a(__float32_div.o)
 .data          0x40000099        0x0 C:/Program Files/Rowley Associates Limited/CrossWorks for ARM 2.0/lib/libm_v4t_a_le.a(log.o)
 .data          0x40000099        0x0 C:/Program Files/Rowley Associates Limited/CrossWorks for ARM 2.0/lib/libm_v4t_a_le.a(__float64_add.o)
 .data          0x40000099        0x0 C:/Program Files/Rowley Associates Limited/CrossWorks for ARM 2.0/lib/libm_v4t_a_le.a(__float64_mul.o)
 .data          0x40000099        0x0 C:/Program Files/Rowley Associates Limited/CrossWorks for ARM 2.0/lib/libm_v4t_a_le.a(__float64_div.o)
 .data          0x40000099        0x0 C:/Program Files/Rowley Associates Limited/CrossWorks for ARM 2.0/lib/libm_v4t_a_le.a(__float64_cmp.o)
 .data          0x40000099        0x0 C:/Program Files/Rowley Associates Limited/CrossWorks for ARM 2.0/lib/libm_v4t_a_le.a(__float64_isnan.o)
 .data          0x40000099        0x0 C:/Program Files/Rowley Associates Limited/CrossWorks for ARM 2.0/lib/libm_v4t_a_le.a(__float64_infinity.o)
 .data          0x40000099        0x0 C:/Program Files/Rowley Associates Limited/CrossWorks for ARM 2.0/lib/libm_v4t_a_le.a(__float64_nan.o)
 .data          0x40000099        0x0 C:/Program Files/Rowley Associates Limited/CrossWorks for ARM 2.0/lib/libm_v4t_a_le.a(__poly1_eval.o)
 .data          0x40000099        0x0 C:/Program Files/Rowley Associates Limited/CrossWorks for ARM 2.0/lib/libm_v4t_a_le.a(__poly_eval.o)
 .data          0x40000099        0x0 C:/Program Files/Rowley Associates Limited/CrossWorks for ARM 2.0/lib/libm_v4t_a_le.a(frexp.o)
 .data          0x40000099        0x0 C:/Program Files/Rowley Associates Limited/CrossWorks for ARM 2.0/lib/libm_v4t_a_le.a(ldexp.o)
 .data          0x40000099        0x0 C:/Program Files/Rowley Associates Limited/CrossWorks for ARM 2.0/lib/libc_v4t_a_le.a(__int32_umod.o)
 .data          0x40000099        0x0 C:/Program Files/Rowley Associates Limited/CrossWorks for ARM 2.0/lib/libc_v4t_a_le.a(__int32_div.o)
 .data          0x40000099        0x0 C:/Program Files/Rowley Associates Limited/CrossWorks for ARM 2.0/lib/libc_v4t_a_le.a(__int32_udivmod.o)
 .data          0x40000099        0x0 C:/Program Files/Rowley Associates Limited/CrossWorks for ARM 2.0/lib/libc_v4t_a_le.a(strlen.o)
 .data          0x40000099        0x0 C:/Program Files/Rowley Associates Limited/CrossWorks for ARM 2.0/lib/libc_v4t_a_le.a(memcpy.o)
 .data          0x40000099        0x0 C:/Program Files/Rowley Associates Limited/CrossWorks for ARM 2.0/lib/libc_v4t_a_le.a(memset.o)
 .data          0x40000099        0x0 C:/Program Files/Rowley Associates Limited/CrossWorks for ARM 2.0/lib/libc_v4t_a_le.a(strcpy.o)
 .data          0x40000099        0x0 C:/Program Files/Rowley Associates Limited/CrossWorks for ARM 2.0/lib/libc_v4t_a_le.a(strcmp.o)
 .data          0x40000099        0x0 C:/Program Files/Rowley Associates Limited/CrossWorks for ARM 2.0/lib/libc_v4t_a_le.a(memcmp.o)
 .data          0x40000099        0x0 C:/Program Files/Rowley Associates Limited/CrossWorks for ARM 2.0/lib/libc_v4t_a_le.a(strcat.o)
 .data          0x40000099        0x0 C:/Program Files/Rowley Associates Limited/CrossWorks for ARM 2.0/lib/libc_v4t_a_le.a(strchr.o)
 .data          0x40000099        0x0 C:/Program Files/Rowley Associates Limited/CrossWorks for ARM 2.0/lib/libc_v4t_a_le.a(strncmp.o)
 .data          0x40000099        0x0 C:/Program Files/Rowley Associates Limited/CrossWorks for ARM 2.0/lib/libc_v4t_a_le.a(strncpy.o)
 .data          0x40000099        0x0 C:/Program Files/Rowley Associates Limited/CrossWorks for ARM 2.0/lib/libc_v4t_a_le.a(strrchr.o)
 .data          0x40000099        0x0 C:/Program Files/Rowley Associates Limited/CrossWorks for ARM 2.0/lib/libc_v4t_a_le.a(strstr.o)
 .data          0x40000099        0x0 C:/Program Files/Rowley Associates Limited/CrossWorks for ARM 2.0/lib/libc_v4t_a_le.a(ctype.o)
 .data          0x40000099        0x0 C:/Program Files/Rowley Associates Limited/CrossWorks for ARM 2.0/lib/libc_v4t_a_le.a(malloc.o)
 *fill*         0x40000099        0x3 00
 .data.libc     0x4000009c        0x4 C:/Program Files/Rowley Associates Limited/CrossWorks for ARM 2.0/lib/libc_v4t_a_le.a(malloc.o)
 .data          0x400000a0        0x0 C:/Program Files/Rowley Associates Limited/CrossWorks for ARM 2.0/lib/libc_v4t_a_le.a(atoi.o)
 .data          0x400000a0        0x0 C:/Program Files/Rowley Associates Limited/CrossWorks for ARM 2.0/lib/libc_v4t_a_le.a(time.o)
 .data          0x400000a0        0x0 C:/Program Files/Rowley Associates Limited/CrossWorks for ARM 2.0/lib/libc_v4t_a_le.a(asctime.o)
 .data          0x400000a0        0x0 C:/Program Files/Rowley Associates Limited/CrossWorks for ARM 2.0/lib/libc_v4t_a_le.a(strftime.o)
 .data          0x400000a0        0x0 C:/Program Files/Rowley Associates Limited/CrossWorks for ARM 2.0/lib/libc_v4t_a_le.a(div.o)
 .data          0x400000a0        0x0 C:/Program Files/Rowley Associates Limited/CrossWorks for ARM 2.0/lib/libc_v4t_a_le.a(strtol.o)
 .data          0x400000a0        0x0 C:/Program Files/Rowley Associates Limited/CrossWorks for ARM 2.0/lib/libc_v4t_a_le.a(ldiv.o)
 .data          0x400000a0        0x0 C:/Program Files/Rowley Associates Limited/CrossWorks for ARM 2.0/lib/libc_v4t_a_le.a(__int32_mod.o)
 .data          0x400000a0        0x0 C:/Program Files/Rowley Associates Limited/CrossWorks for ARM 2.0/lib/libc_v4t_a_le.a(__strtoul.o)
 .data          0x400000a0        0x0 C:/Program Files/Rowley Associates Limited/CrossWorks for ARM 2.0/lib/libc_v4t_a_le.a(__digit.o)
 .data          0x400000a0        0x0 C:/Program Files/Rowley Associates Limited/CrossWorks for ARM 2.0/lib/libdebugio_v4t_a_le.a(debug_printf.o)
 .data          0x400000a0        0x0 C:/Program Files/Rowley Associates Limited/CrossWorks for ARM 2.0/lib/libc_targetio_impl_v4t_a_le.a(putchar.o)
 .data          0x400000a0        0x0 C:/Program Files/Rowley Associates Limited/CrossWorks for ARM 2.0/lib/libc_user_libc_v4t_a_le.a(user_libc.o)
 .data          0x400000a0        0x0 C:/Program Files/Rowley Associates Limited/CrossWorks for ARM 2.0/lib/libdebugio_dcc_v4t_a_le.a(dcc_debug_operations.o)
 .data          0x400000a0        0x0 C:/Program Files/Rowley Associates Limited/CrossWorks for ARM 2.0/lib/libdebugio_dcc_v4t_a_le.a(libarmdi_dcc_write.o)
 .data          0x400000a0        0x0 C:/Program Files/Rowley Associates Limited/CrossWorks for ARM 2.0/lib/libdebugio_dcc_v4t_a_le.a(libarm_run_dcc_port_server.o)
 .data          0x400000a0        0x0 C:/Program Files/Rowley Associates Limited/CrossWorks for ARM 2.0/lib/libdebugio_dcc_v4t_a_le.a(libarmdi_dcc_read.o)
                0x400000a0                __data_end__ = (__data_start__ + SIZEOF (.data))
                0x0001f298                __data_load_end__ = (__data_load_start__ + SIZEOF (.data))
                0x00000001                . = ASSERT ((((__data_load_start__ + SIZEOF (.data)) >= __FLASH_segment_start__) && ((__data_load_start__ + SIZEOF (.data)) <= (__FLASH_segment_start__ + 0x80000))), error: .data is too large to fit in FLASH memory segment)

.data_run       0x4000003c       0x64 load address 0x0001f234
                0x4000003c                __data_run_start__ = .
                0x400000a0                . = MAX ((__data_run_start__ + SIZEOF (.data)), .)
 *fill*         0x4000003c       0x64 00
                0x400000a0                __data_run_end__ = (__data_run_start__ + SIZEOF (.data_run))
                0x400000a0                __data_run_load_end__ = __data_run_end__
                0x00000001                . = ASSERT (((__data_run_end__ >= __SRAM_segment_start__) && (__data_run_end__ <= (__SRAM_segment_start__ + 0x8000))), error: .data_run is too large to fit in SRAM memory segment)
                0x400000a0                __bss_load_start__ = ALIGN (__data_run_end__, 0x4)

.bss            0x400000a0     0x6354
                0x400000a0                __bss_start__ = .
 *(.bss .bss.* .gnu.linkonce.b.*)
 .bss           0x400000a0        0x0 ARM Flash Release/main.o
 .bss           0x400000a0        0x0 ARM Flash Release/adc.o
 .bss           0x400000a0        0x0 ARM Flash Release/cpu.o
 .bss           0x400000a0        0x4 ARM Flash Release/i2c.o
                0x400000a0                i2cErrno
 .bss           0x400000a4       0x60 ARM Flash Release/i2cInt.o
 .bss           0x40000104        0x0 ARM Flash Release/pwm.o
 .bss           0x40000104        0x0 ARM Flash Release/spi.o
 .bss           0x40000104        0xc ARM Flash Release/uart0.o
 .bss           0x40000110        0xc ARM Flash Release/uart0ISR.o
 .bss           0x4000011c        0xc ARM Flash Release/uart1.o
 .bss           0x40000128        0xc ARM Flash Release/uart1ISR.o
 .bss           0x40000134       0x34 ARM Flash Release/usbcontrol.o
 .bss           0x40000168        0x8 ARM Flash Release/usbinit.o
 .bss           0x40000170       0x48 ARM Flash Release/usbISR.o
 .bss           0x400001b8        0xc ARM Flash Release/usbstdreq.o
 .bss           0x400001c4       0x58 ARM Flash Release/usbser.o
 .bss           0x4000021c        0x0 ARM Flash Release/rtc.o
 .bss           0x4000021c        0x4 ARM Flash Release/rtcISR.o
 .bss           0x40000220        0x0 ARM Flash Release/reset.o
 .bss           0x40000220        0x0 ARM Flash Release/eint0.o
 .bss           0x40000220        0x0 ARM Flash Release/eint0ISR.o
 .bss           0x40000220        0x0 ARM Flash Release/eint2.o
 .bss           0x40000220        0x0 ARM Flash Release/eint2ISR.o
 .bss           0x40000220        0x0 ARM Flash Release/eint3.o
 .bss           0x40000220        0x4 ARM Flash Release/eint3ISR.o
                0x40000220                count
 .bss           0x40000224        0x0 ARM Flash Release/eint1.o
 .bss           0x40000224        0x0 ARM Flash Release/eint1ISR.o
 .bss           0x40000224        0x0 ARM Flash Release/beep.o
 .bss           0x40000224        0x8 ARM Flash Release/timer.o
 .bss           0x4000022c        0x0 ARM Flash Release/dac.o
 .bss           0x4000022c        0x0 ARM Flash Release/args.o
 .bss           0x4000022c        0x0 ARM Flash Release/argsdispatch.o
 .bss           0x4000022c      0x3d8 ARM Flash Release/monitor.o
                0x40000600                activeCommandList
 .bss           0x40000604        0x0 ARM Flash Release/printf-stdarg.o
 .bss           0x40000604        0x0 ARM Flash Release/leds.o
 .bss           0x40000604        0x1 ARM Flash Release/tcs3414.o
 *fill*         0x40000605        0x3 00
 .bss           0x40000608       0x2c ARM Flash Release/mmc.o
 .bss           0x40000634        0x0 ARM Flash Release/ssp.o
 .bss           0x40000634        0x0 ARM Flash Release/Lcd204_4.o
 .bss           0x40000634      0x238 ARM Flash Release/logging.o
 .bss           0x4000086c       0x1c ARM Flash Release/meas_sm.o
 .bss           0x40000888        0x0 ARM Flash Release/meas_task.o
 .bss           0x40000888        0x0 ARM Flash Release/crt0.o
 .bss           0x40000888        0x0 ARM Flash Release/Philips_LPC210X_Startup.o
 .bss           0x40000888        0x4 ARM Flash Release/LPC210x.o
 .bss           0x4000088c       0x80 ARM Flash Release/VIC.o
 .bss           0x4000090c        0x0 ARM Flash Release/VIC_irq_handler.o
 .bss           0x4000090c        0x0 ARM Flash Release/portISR.o
 .bss           0x4000090c        0x0 ARM Flash Release/port.o
 .bss           0x4000090c     0x4018 ARM Flash Release/heap_2.o
 .bss           0x40004924       0x34 ARM Flash Release/tasks.o
                0x40004924                uxSchedulerSuspended
                0x40004928                uxCurrentNumberOfTasks
                0x4000492c                xNumOfOverflows
                0x40004930                xTickCount
                0x40004934                xMissedYield
                0x40004938                pxCurrentTCB
                0x4000493c                uxTopReadyPriority
                0x40004940                uxMissedTicks
                0x40004944                xTracing
                0x40004948                uxTopUsedPriority
                0x4000494c                uxTasksDeleted
                0x40004950                uxTaskNumber
                0x40004954                xSchedulerRunning
 .bss           0x40004958        0x0 ARM Flash Release/queue.o
 .bss           0x40004958        0x0 ARM Flash Release/list.o
 .bss           0x40004958        0x4 ARM Flash Release/dhcpc.o
 .bss           0x4000495c        0x4 ARM Flash Release/sntp.o
 .bss           0x40004960      0x294 ARM Flash Release/telnetd.o
 .bss           0x40004bf4        0x0 ARM Flash Release/httpd.o
 .bss           0x40004bf4        0x0 ARM Flash Release/httpd-cgi.o
 .bss           0x40004bf4       0x18 ARM Flash Release/httpd-fs.o
 .bss           0x40004c0c        0x0 ARM Flash Release/http-strings.o
 .bss           0x40004c0c        0x8 ARM Flash Release/enc28j60.o
                0x40004c0c                xENC28J60Semaphore
                0x40004c10                ethRxPointer
 .bss           0x40004c14        0x0 ARM Flash Release/memb.o
 .bss           0x40004c14        0x0 ARM Flash Release/psock.o
 .bss           0x40004c14       0x1c ARM Flash Release/uip.o
                0x40004c24                uip_timeoffset
                0x40004c28                uip_ethaddr
 .bss           0x40004c30        0x0 ARM Flash Release/uip_arch.o
 .bss           0x40004c30       0x64 ARM Flash Release/uip_arp.o
 .bss           0x40004c94        0x0 ARM Flash Release/uip_timer.o
 .bss           0x40004c94       0x28 ARM Flash Release/uip-fw.o
 .bss           0x40004cbc        0x0 ARM Flash Release/uiplib.o
 .bss           0x40004cbc       0x80 ARM Flash Release/uip-neighbor.o
 .bss           0x40004d3c        0x0 ARM Flash Release/clock.o
 .bss           0x40004d3c        0xc ARM Flash Release/uiptask.o
 .bss           0x40004d48        0xc ARM Flash Release/disk.o
 .bss           0x40004d54        0x8 ARM Flash Release/ff.o
 .bss           0x40004d5c        0x0 C:/Users/lukas/AppData/Local/Rowley Associates Limited/CrossWorks for ARM/packages/lib/liblpc2000_v4t_a_le.a(liblpc2000_lpc21xx_get_cclk.o)
 .bss           0x40004d5c        0x0 C:/Users/lukas/AppData/Local/Rowley Associates Limited/CrossWorks for ARM/packages/lib/liblpc2000_v4t_a_le.a(liblpc2000_lpc21xx_get_pclk.o)
 .bss           0x40004d5c        0x0 C:/Program Files/Rowley Associates Limited/CrossWorks for ARM 2.0/lib/libm_v4t_a_le.a(__int32_to_float32.o)
 .bss           0x40004d5c        0x0 C:/Program Files/Rowley Associates Limited/CrossWorks for ARM 2.0/lib/libm_v4t_a_le.a(__int32_to_float64.o)
 .bss           0x40004d5c        0x0 C:/Program Files/Rowley Associates Limited/CrossWorks for ARM 2.0/lib/libm_v4t_a_le.a(__uint32_to_float32.o)
 .bss           0x40004d5c        0x0 C:/Program Files/Rowley Associates Limited/CrossWorks for ARM 2.0/lib/libm_v4t_a_le.a(__float32_to_int32.o)
 .bss           0x40004d5c        0x0 C:/Program Files/Rowley Associates Limited/CrossWorks for ARM 2.0/lib/libm_v4t_a_le.a(__float32_to_uint32.o)
 .bss           0x40004d5c        0x0 C:/Program Files/Rowley Associates Limited/CrossWorks for ARM 2.0/lib/libm_v4t_a_le.a(__float64_to_int32.o)
 .bss           0x40004d5c        0x0 C:/Program Files/Rowley Associates Limited/CrossWorks for ARM 2.0/lib/libm_v4t_a_le.a(__float32_mul.o)
 .bss           0x40004d5c        0x0 C:/Program Files/Rowley Associates Limited/CrossWorks for ARM 2.0/lib/libm_v4t_a_le.a(__float32_div.o)
 .bss           0x40004d5c        0x0 C:/Program Files/Rowley Associates Limited/CrossWorks for ARM 2.0/lib/libm_v4t_a_le.a(log.o)
 .bss           0x40004d5c        0x0 C:/Program Files/Rowley Associates Limited/CrossWorks for ARM 2.0/lib/libm_v4t_a_le.a(__float64_add.o)
 .bss           0x40004d5c        0x0 C:/Program Files/Rowley Associates Limited/CrossWorks for ARM 2.0/lib/libm_v4t_a_le.a(__float64_mul.o)
 .bss           0x40004d5c        0x0 C:/Program Files/Rowley Associates Limited/CrossWorks for ARM 2.0/lib/libm_v4t_a_le.a(__float64_div.o)
 .bss           0x40004d5c        0x0 C:/Program Files/Rowley Associates Limited/CrossWorks for ARM 2.0/lib/libm_v4t_a_le.a(__float64_cmp.o)
 .bss           0x40004d5c        0x0 C:/Program Files/Rowley Associates Limited/CrossWorks for ARM 2.0/lib/libm_v4t_a_le.a(__float64_isnan.o)
 .bss           0x40004d5c        0x0 C:/Program Files/Rowley Associates Limited/CrossWorks for ARM 2.0/lib/libm_v4t_a_le.a(__float64_infinity.o)
 .bss           0x40004d5c        0x0 C:/Program Files/Rowley Associates Limited/CrossWorks for ARM 2.0/lib/libm_v4t_a_le.a(__float64_nan.o)
 .bss           0x40004d5c        0x0 C:/Program Files/Rowley Associates Limited/CrossWorks for ARM 2.0/lib/libm_v4t_a_le.a(__poly1_eval.o)
 .bss           0x40004d5c        0x0 C:/Program Files/Rowley Associates Limited/CrossWorks for ARM 2.0/lib/libm_v4t_a_le.a(__poly_eval.o)
 .bss           0x40004d5c        0x0 C:/Program Files/Rowley Associates Limited/CrossWorks for ARM 2.0/lib/libm_v4t_a_le.a(frexp.o)
 .bss           0x40004d5c        0x0 C:/Program Files/Rowley Associates Limited/CrossWorks for ARM 2.0/lib/libm_v4t_a_le.a(ldexp.o)
 .bss           0x40004d5c        0x0 C:/Program Files/Rowley Associates Limited/CrossWorks for ARM 2.0/lib/libc_v4t_a_le.a(__int32_umod.o)
 .bss           0x40004d5c        0x0 C:/Program Files/Rowley Associates Limited/CrossWorks for ARM 2.0/lib/libc_v4t_a_le.a(__int32_div.o)
 .bss           0x40004d5c        0x0 C:/Program Files/Rowley Associates Limited/CrossWorks for ARM 2.0/lib/libc_v4t_a_le.a(__int32_udivmod.o)
 .bss           0x40004d5c        0x0 C:/Program Files/Rowley Associates Limited/CrossWorks for ARM 2.0/lib/libc_v4t_a_le.a(strlen.o)
 .bss           0x40004d5c        0x0 C:/Program Files/Rowley Associates Limited/CrossWorks for ARM 2.0/lib/libc_v4t_a_le.a(memcpy.o)
 .bss           0x40004d5c        0x0 C:/Program Files/Rowley Associates Limited/CrossWorks for ARM 2.0/lib/libc_v4t_a_le.a(memset.o)
 .bss           0x40004d5c        0x0 C:/Program Files/Rowley Associates Limited/CrossWorks for ARM 2.0/lib/libc_v4t_a_le.a(strcpy.o)
 .bss           0x40004d5c        0x0 C:/Program Files/Rowley Associates Limited/CrossWorks for ARM 2.0/lib/libc_v4t_a_le.a(strcmp.o)
 .bss           0x40004d5c        0x0 C:/Program Files/Rowley Associates Limited/CrossWorks for ARM 2.0/lib/libc_v4t_a_le.a(memcmp.o)
 .bss           0x40004d5c        0x0 C:/Program Files/Rowley Associates Limited/CrossWorks for ARM 2.0/lib/libc_v4t_a_le.a(strcat.o)
 .bss           0x40004d5c        0x0 C:/Program Files/Rowley Associates Limited/CrossWorks for ARM 2.0/lib/libc_v4t_a_le.a(strchr.o)
 .bss           0x40004d5c        0x0 C:/Program Files/Rowley Associates Limited/CrossWorks for ARM 2.0/lib/libc_v4t_a_le.a(strncmp.o)
 .bss           0x40004d5c        0x0 C:/Program Files/Rowley Associates Limited/CrossWorks for ARM 2.0/lib/libc_v4t_a_le.a(strncpy.o)
 .bss           0x40004d5c        0x0 C:/Program Files/Rowley Associates Limited/CrossWorks for ARM 2.0/lib/libc_v4t_a_le.a(strrchr.o)
 .bss           0x40004d5c        0x0 C:/Program Files/Rowley Associates Limited/CrossWorks for ARM 2.0/lib/libc_v4t_a_le.a(strstr.o)
 .bss           0x40004d5c        0x0 C:/Program Files/Rowley Associates Limited/CrossWorks for ARM 2.0/lib/libc_v4t_a_le.a(ctype.o)
 .bss           0x40004d5c        0x0 C:/Program Files/Rowley Associates Limited/CrossWorks for ARM 2.0/lib/libc_v4t_a_le.a(malloc.o)
 .bss           0x40004d5c        0x0 C:/Program Files/Rowley Associates Limited/CrossWorks for ARM 2.0/lib/libc_v4t_a_le.a(atoi.o)
 .bss           0x40004d5c        0x0 C:/Program Files/Rowley Associates Limited/CrossWorks for ARM 2.0/lib/libc_v4t_a_le.a(time.o)
 .bss.libc      0x40004d5c       0x24 C:/Program Files/Rowley Associates Limited/CrossWorks for ARM 2.0/lib/libc_v4t_a_le.a(time.o)
 .bss           0x40004d80        0x0 C:/Program Files/Rowley Associates Limited/CrossWorks for ARM 2.0/lib/libc_v4t_a_le.a(asctime.o)
 .bss.libc      0x40004d80       0x1c C:/Program Files/Rowley Associates Limited/CrossWorks for ARM 2.0/lib/libc_v4t_a_le.a(asctime.o)
 .bss           0x40004d9c        0x0 C:/Program Files/Rowley Associates Limited/CrossWorks for ARM 2.0/lib/libc_v4t_a_le.a(strftime.o)
 .bss           0x40004d9c        0x0 C:/Program Files/Rowley Associates Limited/CrossWorks for ARM 2.0/lib/libc_v4t_a_le.a(div.o)
 .bss           0x40004d9c        0x0 C:/Program Files/Rowley Associates Limited/CrossWorks for ARM 2.0/lib/libc_v4t_a_le.a(strtol.o)
 .bss           0x40004d9c        0x0 C:/Program Files/Rowley Associates Limited/CrossWorks for ARM 2.0/lib/libc_v4t_a_le.a(ldiv.o)
 .bss           0x40004d9c        0x0 C:/Program Files/Rowley Associates Limited/CrossWorks for ARM 2.0/lib/libc_v4t_a_le.a(__int32_mod.o)
 .bss           0x40004d9c        0x0 C:/Program Files/Rowley Associates Limited/CrossWorks for ARM 2.0/lib/libc_v4t_a_le.a(__strtoul.o)
 .bss           0x40004d9c        0x0 C:/Program Files/Rowley Associates Limited/CrossWorks for ARM 2.0/lib/libc_v4t_a_le.a(__digit.o)