Archive member included because of file (symbol)

C:/Users/lukas/AppData/Local/Rowley Associates Limited/CrossWorks for ARM/packages/lib/liblpc2000_v4t_a_le.a(liblpc2000_lpc21xx_get_cclk.o)
                              ARM Flash Release/LPC210x.o (liblpc2000_lpc21xx_get_cclk)
C:/Users/lukas/AppData/Local/Rowley Associates Limited/CrossWorks for ARM/packages/lib/liblpc2000_v4t_a_le.a(liblpc2000_lpc21xx_get_pclk.o)
                              ARM Flash Release/LPC210x.o (liblpc2000_lpc21xx_get_pclk)
C:/Program Files/Rowley Associates Limited/CrossWorks for ARM 2.0/lib/libm_v4t_a_le.a(__int32_to_float32.o)
                              ARM Flash Release/logging.o (__floatsisf)
C:/Program Files/Rowley Associates Limited/CrossWorks for ARM 2.0/lib/libm_v4t_a_le.a(__int32_to_float64.o)
                              ARM Flash Release/meas_sm.o (__floatsidf)
C:/Program Files/Rowley Associates Limited/CrossWorks for ARM 2.0/lib/libm_v4t_a_le.a(__uint32_to_float32.o)
                              ARM Flash Release/dac.o (__floatunsisf)
C:/Program Files/Rowley Associates Limited/CrossWorks for ARM 2.0/lib/libm_v4t_a_le.a(__float32_to_int32.o)
                              ARM Flash Release/logging.o (__fixsfsi)
C:/Program Files/Rowley Associates Limited/CrossWorks for ARM 2.0/lib/libm_v4t_a_le.a(__float32_to_uint32.o)
                              ARM Flash Release/dac.o (__fixunssfsi)
C:/Program Files/Rowley Associates Limited/CrossWorks for ARM 2.0/lib/libm_v4t_a_le.a(__float64_to_int32.o)
                              ARM Flash Release/meas_sm.o (__fixdfsi)
C:/Program Files/Rowley Associates Limited/CrossWorks for ARM 2.0/lib/libm_v4t_a_le.a(__float32_mul.o)
                              ARM Flash Release/dac.o (__mulsf3)
C:/Program Files/Rowley Associates Limited/CrossWorks for ARM 2.0/lib/libm_v4t_a_le.a(__float32_div.o)
                              ARM Flash Release/logging.o (__divsf3)
C:/Program Files/Rowley Associates Limited/CrossWorks for ARM 2.0/lib/libm_v4t_a_le.a(log.o)
                              ARM Flash Release/logging.o (log)
C:/Program Files/Rowley Associates Limited/CrossWorks for ARM 2.0/lib/libm_v4t_a_le.a(__float64_add.o)
                              C:/Program Files/Rowley Associates Limited/CrossWorks for ARM 2.0/lib/libm_v4t_a_le.a(log.o) (__subdf3)
C:/Program Files/Rowley Associates Limited/CrossWorks for ARM 2.0/lib/libm_v4t_a_le.a(__float64_mul.o)
                              C:/Program Files/Rowley Associates Limited/CrossWorks for ARM 2.0/lib/libm_v4t_a_le.a(log.o) (__muldf3)
C:/Program Files/Rowley Associates Limited/CrossWorks for ARM 2.0/lib/libm_v4t_a_le.a(__float64_div.o)
                              C:/Program Files/Rowley Associates Limited/CrossWorks for ARM 2.0/lib/libm_v4t_a_le.a(log.o) (__divdf3)
C:/Program Files/Rowley Associates Limited/CrossWorks for ARM 2.0/lib/libm_v4t_a_le.a(__float64_cmp.o)
                              C:/Program Files/Rowley Associates Limited/CrossWorks for ARM 2.0/lib/libm_v4t_a_le.a(log.o) (__eqdf2)
C:/Program Files/Rowley Associates Limited/CrossWorks for ARM 2.0/lib/libm_v4t_a_le.a(__float64_isnan.o)
                              C:/Program Files/Rowley Associates Limited/CrossWorks for ARM 2.0/lib/libm_v4t_a_le.a(log.o) (__float64_isnan)
C:/Program Files/Rowley Associates Limited/CrossWorks for ARM 2.0/lib/libm_v4t_a_le.a(__float64_infinity.o)
                              C:/Program Files/Rowley Associates Limited/CrossWorks for ARM 2.0/lib/libm_v4t_a_le.a(log.o) (__float64_infinity)
C:/Program Files/Rowley Associates Limited/CrossWorks for ARM 2.0/lib/libm_v4t_a_le.a(__float64_nan.o)
                              C:/Program Files/Rowley Associates Limited/CrossWorks for ARM 2.0/lib/libm_v4t_a_le.a(log.o) (__float64_nan)
C:/Program Files/Rowley Associates Limited/CrossWorks for ARM 2.0/lib/libm_v4t_a_le.a(__poly1_eval.o)
                              C:/Program Files/Rowley Associates Limited/CrossWorks for ARM 2.0/lib/libm_v4t_a_le.a(log.o) (__poly1_eval)
C:/Program Files/Rowley Associates Limited/CrossWorks for ARM 2.0/lib/libm_v4t_a_le.a(__poly_eval.o)
                              C:/Program Files/Rowley Associates Limited/CrossWorks for ARM 2.0/lib/libm_v4t_a_le.a(log.o) (__poly_eval)
C:/Program Files/Rowley Associates Limited/CrossWorks for ARM 2.0/lib/libm_v4t_a_le.a(frexp.o)
                              C:/Program Files/Rowley Associates Limited/CrossWorks for ARM 2.0/lib/libm_v4t_a_le.a(log.o) (frexp)
C:/Program Files/Rowley Associates Limited/CrossWorks for ARM 2.0/lib/libm_v4t_a_le.a(ldexp.o)
                              C:/Program Files/Rowley Associates Limited/CrossWorks for ARM 2.0/lib/libm_v4t_a_le.a(log.o) (ldexp)
C:/Program Files/Rowley Associates Limited/CrossWorks for ARM 2.0/lib/libc_v4t_a_le.a(__int32_umod.o)
                              ARM Flash Release/printf-stdarg.o (__umodsi3)
[...]
Memory Configuration

Name             Origin             Length             Attributes
UNPLACED_SECTIONS 0xffffffff         0x00000000         xw
AHB_Peripherals  0xffe00000         0x00200000         xw
APB_Peripherals  0xe0000000         0x00200000         xw
USB_DMA_RAM      0x7fd00000         0x00002000         xw
SRAM             0x40000000         0x00008000         xw
FLASH            0x00000000         0x00080000         xr
*default*        0x00000000         0xffffffff

Linker script and memory map

                0xffe00000                __AHB_Peripherals_segment_start__ = 0xffe00000
                0x00000000                __AHB_Peripherals_segment_end__ = 0x0
                0xe0000000                __APB_Peripherals_segment_start__ = 0xe0000000
                0xe0200000                __APB_Peripherals_segment_end__ = 0xe0200000
                0x7fd00000                __USB_DMA_RAM_segment_start__ = 0x7fd00000
                0x7fd02000                __USB_DMA_RAM_segment_end__ = 0x7fd02000
                0x40000000                __SRAM_segment_start__ = 0x40000000
                0x40008000                __SRAM_segment_end__ = 0x40008000
                0x00000000                __FLASH_segment_start__ = 0x0
                0x00080000                __FLASH_segment_end__ = 0x80000
                0x00000400                __STACKSIZE__ = 0x400
                0x00000400                __STACKSIZE_IRQ__ = 0x400
                0x00000020                __STACKSIZE_FIQ__ = 0x20
                0x00000100                __STACKSIZE_SVC__ = 0x100
                0x00000008                __STACKSIZE_ABT__ = 0x8
                0x00000008                __STACKSIZE_UND__ = 0x8
                0x00000400                __HEAPSIZE__ = 0x400
                0x40000000                __vectors_ram_load_start__ = __SRAM_segment_start__

.vectors_ram    0x40000000       0x3c
                0x40000000                __vectors_ram_start__ = .
 *(.vectors_ram .vectors_ram.*)
                0x4000003c                . = MAX ((__vectors_ram_start__ + 0x3c), .)
 *fill*         0x40000000       0x3c 00
                0x4000003c                __vectors_ram_end__ = (__vectors_ram_start__ + SIZEOF (.vectors_ram))
                0x4000003c                __vectors_ram_load_end__ = __vectors_ram_end__
                0x00000001                . = ASSERT (((__vectors_ram_end__ >= __SRAM_segment_start__) && (__vectors_ram_end__ <= (__SRAM_segment_start__ + 0x8000))), error: .vectors_ram is too large to fit in SRAM memory segment)
                0x00000000                __vectors_load_start__ = __FLASH_segment_start__

.vectors        0x00000000       0x38
                0x00000000                __vectors_start__ = .
 *(.vectors .vectors.*)
 .vectors       0x00000000       0x38 ARM Flash Release/Philips_LPC210X_Startup.o
                0x00000000                _vectors
                0x00000038                __vectors_end__ = (__vectors_start__ + SIZEOF (.vectors))
                0x00000038                __vectors_load_end__ = __vectors_end__
                0x00000001                . = ASSERT (((__vectors_end__ >= __FLASH_segment_start__) && (__vectors_end__ <= (__FLASH_segment_start__ + 0x80000))), error: .vectors is too large to fit in FLASH memory segment)
                0x00000038                __init_load_start__ = ALIGN (__vectors_end__, 0x4)

.init           0x00000038      0x260
                0x00000038                __init_start__ = .
 *(.init .init.*)
 *fill*         0x00000038        0x8 00
 .init          0x00000040      0x1d0 ARM Flash Release/crt0.o
                0x00000040                _start
                0x00000040                __start
 .init          0x00000210       0x88 ARM Flash Release/Philips_LPC210X_Startup.o
                0x00000210                reset_handler
                0x0000027c                undef_handler
                0x00000284                pabort_handler
                0x00000288                dabort_handler
                0x0000028c                fiq_handler
                0x00000298                __init_end__ = (__init_start__ + SIZEOF (.init))
                0x00000298                __init_load_end__ = __init_end__
                0x00000001                . = ASSERT (((__init_end__ >= __FLASH_segment_start__) && (__init_end__ <= (__FLASH_segment_start__ + 0x80000))), error: .init is too large to fit in FLASH memory segment)
                0x00000298                __text_load_start__ = ALIGN (__init_end__, 0x4)

.text           0x00000298    0x173f8
                0x00000298                __text_start__ = .
 *(.text .text.* .glue_7t .glue_7 .gnu.linkonce.t.* .gcc_except_table)
 .glue_7        0x00000000        0x0 linker stubs
 .glue_7t       0x00000000        0x0 linker stubs
 .text          0x00000298       0xdc ARM Flash Release/main.o
                0x00000298                vApplicationStackOverflowHook
                0x0000029c                __putchar
                0x000002b8                main
 .text          0x00000374      0x3cc ARM Flash Release/adc.o
                0x00000374                adcRead0_1
                0x000003d4                adcRead0_2
                0x00000434                adcRead0_3
                0x00000494                adcRead1_1
                0x000004f4                adcRead1_6
                0x00000554                adcRead1_7
                0x000005b4                adcInit0_1
                0x000005f8                adcInit0_2
                0x0000063c                adcInit0_3
                0x00000680                adcInit1_1
                0x000006c0                adcInit1_6
                0x00000700                adcInit1_7
 .text          0x00000740       0xd8 ARM Flash Release/cpu.o
                0x00000740                cpuSetupHardware
                0x000007f0                cpuPLLDisable
 .text          0x00000818       0x60 ARM Flash Release/i2c.o
                0x00000818                i2cGetErrno
                0x00000828                i2cStrerror
 .text          0x00000878      0x9b0 ARM Flash Release/i2cInt.o
                0x00000cb8                i2cInit
                0x00000de4                i2cSetTimeout
                0x00000f58                i2cWriteReadBuffer
                0x00000fa0                i2cReadBuffer
                0x00000fec                i2cWriteBuffer
                0x0000112c                i2cWriteReadBufferPoll
                0x00001178                i2cWriteBufferPoll
                0x000011c4                i2cDump
 .text          0x00001228      0x1a4 ARM Flash Release/pwm.o
                0x00001228                pwmDutyCycle
                0x00001290                pwmPulseWidthInMicroseconds
                0x000012c8                pwmFrequency
                0x00001340                pwmInit
 .text          0x000013cc       0x9c ARM Flash Release/spi.o
                0x000013cc                spiInit
                0x00001434                spiPut
 .text          0x00001468      0x2ac ARM Flash Release/uart0.o
                0x00001468                uart0Deinit
                0x0000149c                uart0GetRxQueue
                0x000014b0                uart0GetChar
                0x000014e4                uart0PutChar
                0x000015a8                uart0PutString
                0x000015f0                uart0Init
 .text          0x00001714      0x290 ARM Flash Release/uart0ISR.o
                0x00001714                uart0ISRCreateQueues
                0x000018f4                uart0ISR
 .text          0x000019a4      0x2ac ARM Flash Release/uart1.o
                0x000019a4                uart1Deinit
                0x000019d8                uart1GetRxQueue
                0x000019ec                uart1GetChar
                0x00001a20                uart1PutChar
                0x00001ae4                uart1PutString
                0x00001b2c                uart1Init
 .text          0x00001c50      0x290 ARM Flash Release/uart1ISR.o
                0x00001c50                uart1ISRCreateQueues
                0x00001e30                uart1ISR
 .text          0x00001ee0      0x21c ARM Flash Release/usbcontrol.o
                0x00001f14                usbRegisterRequestHandler
                0x00001f8c                usbHandleControlTransfer
 .text          0x000020fc       0x74 ARM Flash Release/usbinit.o
                0x00002100                usbRegisterHandlers
 .text          0x00002170      0x6c0 ARM Flash Release/usbISR.o
                0x00002240                usbHardwareEndpointConfig
                0x00002298                usbHardwareRegisterEPIntHandler
                0x000022dc                usbHardwareRegisterDevIntHandler
                0x00002300                usbHardwareRegisterFrameHandler
                0x00002324                usbHardwareSetAddress
                0x00002344                usbHardwareConnect
                0x00002360                usbHardwareNakIntEnable
                0x00002378                usbHardwareEndpointIsStalled
                0x0000239c                usbHardwareEndpointStall
                0x000023c8                usbHardwareEndpointWrite
                0x00002468                usbHardwareEndpointRead
                0x0000251c                usbHardwareConfigDevice
                0x00002538                usbSetupInterruptHandler
                0x00002568                usbHardwareInit
                0x0000263c                usbISR
 .text          0x00002830      0x354 ARM Flash Release/usbstdreq.o
                0x00002830                usbRegisterDescriptors
                0x00002840                usbGetDescriptor
                0x000028cc                usbRegisterCustomReqHandler
                0x000028dc                usbHandleStandardRequest
 .text          0x00002b84      0x388 ARM Flash Release/usbser.o
                0x00002b84                usbserGetRxQueue
                0x00002bc0                usbserInit
                0x00002df8                usbserGetChar
                0x00002e40                usbserPutChar
                0x00002e9c                usbserPutString
 .text          0x00002f0c      0x8e0 ARM Flash Release/rtc.o
                0x00002f0c                rtcSetAlarm
                0x00002fb0                rtcSetAlarmCIIR
                0x00003004                rtcPeriodicAlarm
                0x0000308c                rtcIs5minInt
                0x000030a0                getMonthLength
                0x00003298                getRtcRead
                0x000032ac                rtcGetEpochSecondsLuk
                0x000032d8                rtcGetEpochSeconds
                0x00003434                time
                0x00003448                rtcGetAlarmTm
                0x00003530                rtcGetAlarmEpochSeconds
                0x00003550                rtcSetEpochSeconds
                0x00003630                rtcInit
 .text          0x000037ec      0x1e8 ARM Flash Release/rtcISR.o
                0x000037ec                rtcISRInit
                0x00003924                rtcISR
 .text          0x000039d4       0x28 ARM Flash Release/reset.o
                0x000039d4                reset
 .text          0x000039fc       0xa4 ARM Flash Release/eint0.o
                0x000039fc                eint0Deinit
                0x00003a20                eint0Init
 .text          0x00003aa0       0xc4 ARM Flash Release/eint0ISR.o
                0x00003aa0                eint0ISR
 .text          0x00003b64       0xa4 ARM Flash Release/eint2.o
                0x00003b64                eint2Deinit
                0x00003b88                eint2Init
 .text          0x00003c08       0xd8 ARM Flash Release/eint2ISR.o
                0x00003c30                eint2ISR
 .text          0x00003ce0       0xa8 ARM Flash Release/eint3.o
                0x00003ce0                eint3Deinit
                0x00003d08                eint3Init
 .text          0x00003d88       0xc8 ARM Flash Release/eint3ISR.o
                0x00003d88                eint3ISR
 .text          0x00003e50       0xa0 ARM Flash Release/eint1.o
                0x00003e50                eint1Deinit
                0x00003e74                eint1Init
 .text          0x00003ef0      0x108 ARM Flash Release/eint1ISR.o
                0x00003ef0                eint1ISR
 .text          0x00003ff8      0x174 ARM Flash Release/beep.o
                0x00003ff8                beepOn
                0x00004080                beepOff
                0x00004118                beepA_TEAM_THEME
                0x00004134                beepSMOTW
                0x00004150                beepMHALL
 .text          0x0000416c      0x2b8 ARM Flash Release/timer.o
                0x0000416c                timer1Init
                0x00004184                getWindPeriod
                0x0000419c                clrWindPeriod
                0x000041b0                setWindPeriod
                0x000041c8                timer1ISR
                0x00004378                capture13Init
 .text          0x00004424       0xb8 ARM Flash Release/dac.o
                0x00004424                dacInit
                0x0000444c                dacSet
                0x00004488                dacSetMV
 .text          0x000044dc      0x2d4 ARM Flash Release/args.o
                0x000044dc                argsParse
                0x00004648                argsGetLine
 .text          0x000047b0      0x11c ARM Flash Release/argsdispatch.o
                0x000047b0                argsDispatch
 .text          0x000048cc     0x16c0 ARM Flash Release/monitor.o
                0x000048e4                monitorTaskStart
                0x00005f24                get_fattime
 .text          0x00005f8c      0x524 ARM Flash Release/printf-stdarg.o
                0x00005f8c                write
                0x00006418                snprintf
                0x0000644c                sprintf
                0x00006480                printf
 .text          0x000064b0      0x124 ARM Flash Release/leds.o
                0x000064b0                ledsSetDelay
                0x000064c8                ledsGetDelay
                0x000064d8                ledsTaskStop
                0x0000652c                ledsTaskStart
 .text          0x000065d4      0x22c ARM Flash Release/tcs3414.o
                0x000065d8                tcs3414TaskStart
                0x0000667c                tcs3414GetICRevision
                0x000066a0                tcs3414GetColour
                0x000067b4                tcs3414Init
 .text          0x00006800      0x984 ARM Flash Release/mmc.o
                0x00006800                mmcWriteProtect
                0x00006810                mmcDecodeCSD
                0x00006828                mmcDumpCSD
                0x00006840                mmcCardPresent
                0x00006a1c                mmcVerify
                0x00006b5c                mmcReadCardInfo
                0x00006c38                mmcInitMedia
                0x00006f84                mmcWrite
                0x0000708c                mmcRead
                0x00007168                mmcWaitReady
 .text          0x00007184      0x3b0 ARM Flash Release/ssp.o
                0x00007184                sspHardwareCardPresent
                0x000071a0                sspHardwareWriteProtected
                0x000071cc                sspChipSelect
                0x0000725c                sspSetClockFreq
                0x000072b0                sspInit
                0x00007368                sspTransferByte
                0x000073b0                sspWaitReady
                0x000073e4                sspSendBlock
                0x00007438                sspReceiveBlock
                0x000074ec                sspDelay1ms
 .text          0x00007534        0x0 ARM Flash Release/Lcd204_4.o
 .text          0x00007534      0x584 ARM Flash Release/logging.o
                0x00007534                setWsPrice
                0x00007544                init_daysLogging
                0x00007558                incr_daysLogging
                0x0000757c                b_itoab
                0x0000764c                luk_strcpy
                0x0000766c                setWindFrequency
                0x00007690                getWindFrequency
                0x000076cc                clrWindFrequency
                0x000076e0                nrOfDigits
                0x00007714                getDateTime
                0x00007768                fs_init
                0x000077b8                appendToLog
                0x00007898                initLog
                0x00007914                trackLogTaskStop
                0x00007948                trackLogTaskStart
                0x00007994                trackLog
                0x000079d8                getLogFilename
                0x00007a78                fillSlogEntryItem
 .text          0x00007ab8      0x760 ARM Flash Release/meas_sm.o
                0x00007ab8                set_measure
                0x00007acc                clr_measure
                0x00007ae0                get_measure
                0x00007af0                set_trackLog
                0x00007b04                clr_trackLog
                0x00007b18                get_trackLog
                0x00007b28                get_pumpLastControlSignalOn
                0x00007b44                clr_pumpLastControlSignalOn
                0x00007b58                getMeasure_timestamp_diff
                0x00007b74                clr_valuesReceived
                0x00007b88                set_valuesReceived
                0x00007b9c                valuesReceived
                0x00007bac                stopMeasure
                0x00007bc0                startMeasure
                0x00007bd4                updateMeasure_timestamp
                0x00007c10                set_pumpLastControlSignalOn
                0x00007c38                MeasSMTaskStop
                0x00007c6c                measSMTaskStart
                0x00007cb8                meas_sm
 .text          0x00008218      0x2f0 ARM Flash Release/meas_task.o
                0x00008218                meas_task_init
                0x0000827c                measTaskStop
                0x000082b0                measTaskStart
                0x000082fc                doMeasure
                0x000083a8                meas_wind
 .text          0x00008508        0x0 ARM Flash Release/crt0.o
 .text          0x00008508        0x0 ARM Flash Release/Philips_LPC210X_Startup.o
 .text          0x00008508       0xc8 ARM Flash Release/LPC210x.o
                0x00008538                ctl_get_ticks_per_second
                0x00008540                ctl_start_timer
 .text          0x000085d0      0x1b0 ARM Flash Release/VIC.o
                0x000085d0                ctl_set_isr
                0x00008750                ctl_unmask_isr
                0x00008768                ctl_mask_isr
 .text          0x00008780       0x44 ARM Flash Release/VIC_irq_handler.o
                0x00008780                irq_handler
 .text          0x000087c4      0x22c ARM Flash Release/portISR.o
                0x000087c4                vPortISRStartFirstTask
                0x00008810                vTickISR
                0x000088d0                vPortEnterCritical
                0x000088fc                vPortExitCritical
                0x00008944                swi_handler
 .text          0x000089f0      0x18c ARM Flash Release/port.o
                0x000089f0                pxPortInitialiseStack
                0x00008afc                vPortEndScheduler
                0x00008b00                xPortStartScheduler
 .text          0x00008b7c      0x1b4 ARM Flash Release/heap_2.o
                0x00008b7c                xPortGetFreeHeapSize
                0x00008b8c                vPortInitialiseBlocks
                0x00008b90                vPortFree
                0x00008bf4                pvPortMalloc
 .text          0x00008d30     0x1410 ARM Flash Release/tasks.o
                0x00008d30                xTaskIsTaskSuspended
                0x00008d6c                vTaskSuspendAll
                0x00008d84                uxTaskGetNumberOfTasks
                0x00008d94                vTaskSetTimeOutState
                0x00008db0                vTaskMissedYield
                0x00008dc4                usTaskCheckFreeStackSpace
                0x00008df8                uxTaskGetStackHighWaterMark
                0x00008e1c                xTaskGetCurrentTaskHandle
                0x00008e2c                vTaskPriorityDisinherit
                0x00008ea0                vTaskPriorityInherit
                0x00008f54                xTaskRemoveFromEventList
                0x00009004                vTaskIncrementTick
                0x00009110                xTaskResumeFromISR
                0x000091b8                prvDeleteTCB
                0x000091d8                prvListTaskWithinSingleList
                0x00009294                prvAllocateTCBAndStack
                0x000092f0                xTaskCheckForTimeOut
                0x0000938c                ulTaskEndTrace
                0x000093cc                vTaskStartTrace
                0x00009424                xTaskGetTickCount
                0x00009448                xTaskResumeAll
                0x0000958c                vTaskList
                0x000096a0                prvCheckTasksWaitingTermination
                0x0000972c                prvIdleTask
                0x0000973c                vTaskResume
                0x000097d8                vTaskSuspend
                0x00009854                vTaskPrioritySet
                0x00009944                uxTaskPriorityGet
                0x00009974                vTaskDelete
                0x00009a18                prvInitialiseTaskLists
                0x00009aa0                prvInitialiseTCBVariables
                0x00009af8                vTaskPlaceOnEventList
                0x00009ba4                vTaskDelay
                0x00009c34                vTaskDelayUntil
                0x00009d24                vTaskSwitchContext
                0x00009f10                vTaskEndScheduler
                0x00009f44                xTaskGenericCreate
                0x0000a0c8                vTaskStartScheduler
 .text          0x0000a140      0xb54 ARM Flash Release/queue.o
                0x0000a140                uxQueueMessagesWaitingFromISR
                0x0000a148                xQueueIsQueueEmptyFromISR
                0x0000a158                xQueueIsQueueFullFromISR
                0x0000a170                vQueueAddToRegistry
                0x0000a1bc                vQueueDelete
                0x0000a228                uxQueueMessagesWaiting
                0x0000a2e8                xQueueReceiveFromISR
                0x0000a360                xQueueAltGenericReceive
                0x0000a5a0                xQueueGenericReceive
                0x0000a758                xQueueTakeMutexRecursive
                0x0000a868                xQueueGenericSendFromISR
                0x0000a8dc                xQueueAltGenericSend
                0x0000a9e4                xQueueGenericSend
                0x0000ab30                xQueueGiveMutexRecursive
                0x0000ab84                xQueueCreateMutex
                0x0000abf8                xQueueCreate
 .text          0x0000ac94      0x108 ARM Flash Release/list.o
                0x0000ac94                vListInitialise
                0x0000acb8                vListInitialiseItem
                0x0000acc4                vListInsertEnd
                0x0000acfc                vListInsert
                0x0000ad5c                vListRemove
 .text          0x0000ad9c      0x71c ARM Flash Release/dhcpc.o
                0x0000adc0                dhcpc_request
                0x0000b0e0                dhcpc_appcall
                0x0000b440                dhcpc_init
 .text          0x0000b4b8      0x2b4 ARM Flash Release/sntp.o
                0x0000b4b8                sntp_appcall
                0x0000b6fc                sntpSync
 .text          0x0000b76c      0x604 ARM Flash Release/telnetd.o
                0x0000b788                telnetdDisconnect
                0x0000b944                telnetd_appcall
                0x0000bc70                telnetd_init
                0x0000bcd4                telnetdPutChar
 .text          0x0000bd70      0x9c4 ARM Flash Release/httpd.o
                0x0000bd70                httpd_init
                0x0000c618                httpd_appcall
 .text          0x0000c734      0x448 ARM Flash Release/httpd-cgi.o
                0x0000c744                httpd_cgi
 .text          0x0000cb7c      0x174 ARM Flash Release/httpd-fs.o
                0x0000cbf0                httpd_fs_open
                0x0000cc70                httpd_fs_init
                0x0000cc94                httpd_fs_count
 .text          0x0000ccf0        0x0 ARM Flash Release/http-strings.o
 .text          0x0000ccf0      0x88c ARM Flash Release/enc28j60.o
                0x0000cd94                enc28j60WaitForData
                0x0000cf18                enc28j60Send
                0x0000d094                enc28j60Deinit
                0x0000d0b4                enc28j60Init
                0x0000d414                enc28j60Receive
 .text          0x0000d57c      0x124 ARM Flash Release/memb.o
                0x0000d57c                memb_alloc
                0x0000d5ec                memb_free
                0x0000d668                memb_init
 .text          0x0000d6a0      0x608 ARM Flash Release/psock.o
                0x0000d738                psock_datalen
                0x0000d750                psock_newdata
                0x0000d78c                psock_readto
                0x0000d8f8                psock_init
                0x0000d934                psock_readbuf
                0x0000db40                psock_generator_send
                0x0000dc10                psock_send
 .text          0x0000dca8     0x1e30 ARM Flash Release/uip.o
                0x0000dca8                uip_setipid
                0x0000dcb8                uip_init
                0x0000dd24                uip_unlisten
                0x0000ddd0                uip_listen
                0x0000de78                htons
                0x0000de90                uip_connect
                0x0000e058                htonl
                0x0000e080                uip_iszeroaddr
                0x0000e0a0                uip_send
                0x0000e144                uip_process
                0x0000f798                uip_udp_new
                0x0000f904                uip_printstats
 .text          0x0000fad8      0x444 ARM Flash Release/uip_arch.o
                0x0000fad8                uip_add32
                0x0000fc44                uip_udpchksum
                0x0000fca0                uip_chksum
                0x0000fd8c                uip_ipchksum
                0x0000fda8                uip_tcpchksum
 .text          0x0000ff1c      0x768 ARM Flash Release/uip_arp.o
                0x000100b8                uip_arp_ipin
                0x00010150                uip_arp_arpin
                0x00010310                uip_arp_out
                0x0001058c                uip_arp_timer
                0x00010628                uip_arp_init
 .text          0x00010684       0x70 ARM Flash Release/uip_timer.o
                0x00010684                timer_reset
                0x00010694                timer_expired
                0x000106c0                timer_restart
                0x000106d8                timer_set
 .text          0x000106f4      0x41c ARM Flash Release/uip-fw.o
                0x000106f4                uip_fw_init
                0x00010730                uip_fw_output
                0x00010870                uip_fw_register
                0x00010888                uip_fw_default
                0x00010898                uip_fw_periodic
                0x000108e0                uip_fw_forward
 .text          0x00010b10       0x98 ARM Flash Release/uiplib.o
                0x00010b10                uiplib_ipaddrconv
 .text          0x00010ba8      0x1e4 ARM Flash Release/uip-neighbor.o
                0x00010ba8                uip_neighbor_init
                0x00010bcc                uip_neighbor_periodic
                0x00010c4c                uip_neighbor_update
                0x00010c68                uip_neighbor_lookup
                0x00010c84                uip_neighbor_add
 .text          0x00010d8c       0x10 ARM Flash Release/clock.o
                0x00010d8c                clock_time
 .text          0x00010d9c      0x3d0 ARM Flash Release/uiptask.o
                0x00010d9c                uipIsRunning
                0x00010db4                dispatch_tcp_appcall
                0x00010db8                dispatch_udp_appcall
                0x00010dbc                dhcpc_configured
                0x00010dc0                uipStop
                0x00010dfc                uipStart
                0x00011134                uipFastPoll
 .text          0x0001116c      0x3ac ARM Flash Release/disk.o
                0x0001116c                diskShutdown
                0x00011188                diskStatus
                0x00011198                diskErrorText
                0x000111e8                diskErrorTextPrint
                0x00011210                diskPresent
                0x00011220                diskIoctl
                0x00011398                diskWrite
                0x000113f8                diskRead
                0x00011444                diskInitialize
 .text          0x00011518     0x2dc8 ARM Flash Release/ff.o
                0x0001168c                f_ferrorlookup
                0x000116dc                f_mount
                0x00011738                f_mkfs
                0x00012738                f_readdir
                0x000127f4                f_lseek
                0x000129ec                f_write
                0x00012c9c                f_read
                0x00013378                f_getfree
                0x000137e0                f_rename
                0x00013908                f_chmod
                0x00013998                f_unlink
                0x00013b14                f_stat
                0x00013b88                f_opendir
                0x00013c44                f_mkdir
                0x00013eac                f_sync
                0x00013fb8                f_close
                0x00013fd8                f_open
                0x000142b8                f_printerror
 .text          0x000142e0        0x0 C:/Users/lukas/AppData/Local/Rowley Associates Limited/CrossWorks for ARM/packages/lib/liblpc2000_v4t_a_le.a(liblpc2000_lpc21xx_get_cclk.o)
 .text.liblpc2000
                0x000142e0       0x30 C:/Users/lukas/AppData/Local/Rowley Associates Limited/CrossWorks for ARM/packages/lib/liblpc2000_v4t_a_le.a(liblpc2000_lpc21xx_get_cclk.o)
                0x000142e0                liblpc2000_lpc21xx_get_cclk
                0x000142e0                liblpc2000_get_cclk
 .text          0x00014310        0x0 C:/Users/lukas/AppData/Local/Rowley Associates Limited/CrossWorks for ARM/packages/lib/liblpc2000_v4t_a_le.a(liblpc2000_lpc21xx_get_pclk.o)
 .text.liblpc2000
                0x00014310       0x2c C:/Users/lukas/AppData/Local/Rowley Associates Limited/CrossWorks for ARM/packages/lib/liblpc2000_v4t_a_le.a(liblpc2000_lpc21xx_get_pclk.o)
                0x00014310                liblpc2000_lpc21xx_get_pclk
                0x00014310                liblpc2000_get_pclk
 .text          0x0001433c        0x0 C:/Program Files/Rowley Associates Limited/CrossWorks for ARM 2.0/lib/libm_v4t_a_le.a(__int32_to_float32.o)
 *fill*         0x0001433c        0x4 00
 .text.libc     0x00014340       0x70 C:/Program Files/Rowley Associates Limited/CrossWorks for ARM 2.0/lib/libm_v4t_a_le.a(__int32_to_float32.o)
                0x00014340                __int32_to_float32
                0x00014340                __floatsisf
                0x00014340                __aeabi_i2f
                0x00014354                __int32_to_float32_common
 .text          0x000143b0        0x0 C:/Program Files/Rowley Associates Limited/CrossWorks for ARM 2.0/lib/libm_v4t_a_le.a(__int32_to_float64.o)
 .text.libc     0x000143b0       0x70 C:/Program Files/Rowley Associates Limited/CrossWorks for ARM 2.0/lib/libm_v4t_a_le.a(__int32_to_float64.o)
                0x000143b0                __aeabi_i2d
                0x000143b0                __int32_to_float64
                0x000143b0                __floatsidf
 .text          0x00014420        0x0 C:/Program Files/Rowley Associates Limited/CrossWorks for ARM 2.0/lib/libm_v4t_a_le.a(__uint32_to_float32.o)
 .text.libc     0x00014420       0x10 C:/Program Files/Rowley Associates Limited/CrossWorks for ARM 2.0/lib/libm_v4t_a_le.a(__uint32_to_float32.o)
                0x00014420                __aeabi_ui2f
                0x00014420                __floatunsisf
                0x00014420                __uint32_to_float32
 .text          0x00014430        0x0 C:/Program Files/Rowley Associates Limited/CrossWorks for ARM 2.0/lib/libm_v4t_a_le.a(__float32_to_int32.o)
 .text.libc     0x00014430       0x50 C:/Program Files/Rowley Associates Limited/CrossWorks for ARM 2.0/lib/libm_v4t_a_le.a(__float32_to_int32.o)
                0x00014430                __float32_to_int32
                0x00014430                __aeabi_f2iz
                0x00014430                __fixsfsi
 .text          0x00014480        0x0 C:/Program Files/Rowley Associates Limited/CrossWorks for ARM 2.0/lib/libm_v4t_a_le.a(__float32_to_uint32.o)
 .text.libc     0x00014480       0x40 C:/Program Files/Rowley Associates Limited/CrossWorks for ARM 2.0/lib/libm_v4t_a_le.a(__float32_to_uint32.o)
                0x00014480                __aeabi_f2uiz
                0x00014480                __fixunssfsi
                0x00014480                __float32_to_uint32
 .text          0x000144c0        0x0 C:/Program Files/Rowley Associates Limited/CrossWorks for ARM 2.0/lib/libm_v4t_a_le.a(__float64_to_int32.o)
 .text.libc     0x000144c0       0x60 C:/Program Files/Rowley Associates Limited/CrossWorks for ARM 2.0/lib/libm_v4t_a_le.a(__float64_to_int32.o)
                0x000144c0                __aeabi_d2iz
                0x000144c0                __float64_to_int32
                0x000144c0                __fixdfsi
 .text          0x00014520        0x0 C:/Program Files/Rowley Associates Limited/CrossWorks for ARM 2.0/lib/libm_v4t_a_le.a(__float32_mul.o)
 .text.libc     0x00014520      0x100 C:/Program Files/Rowley Associates Limited/CrossWorks for ARM 2.0/lib/libm_v4t_a_le.a(__float32_mul.o)
                0x00014520                __mulsf3
                0x00014520                __float32_mul
 .text          0x00014620        0x0 C:/Program Files/Rowley Associates Limited/CrossWorks for ARM 2.0/lib/libm_v4t_a_le.a(__float32_div.o)
 .text.libc     0x00014620      0x210 C:/Program Files/Rowley Associates Limited/CrossWorks for ARM 2.0/lib/libm_v4t_a_le.a(__float32_div.o)
                0x00014620                __float32_div
                0x00014620                __divsf3
 .text          0x00014830        0x0 C:/Program Files/Rowley Associates Limited/CrossWorks for ARM 2.0/lib/libm_v4t_a_le.a(log.o)
 .text.libc     0x00014830      0x2c0 C:/Program Files/Rowley Associates Limited/CrossWorks for ARM 2.0/lib/libm_v4t_a_le.a(log.o)
                0x00014830                log
 .text          0x00014af0        0x0 C:/Program Files/Rowley Associates Limited/CrossWorks for ARM 2.0/lib/libm_v4t_a_le.a(__float64_add.o)
 .text.libc     0x00014af0      0x350 C:/Program Files/Rowley Associates Limited/CrossWorks for ARM 2.0/lib/libm_v4t_a_le.a(__float64_add.o)
                0x00014af0                __aeabi_drsub
                0x00014af8                __aeabi_dsub
                0x00014af8                __float64_sub
                0x00014af8                __subdf3
                0x00014afc                __aeabi_dadd
                0x00014afc                __float64_add
                0x00014afc                __adddf3
 .text          0x00014e40        0x0 C:/Program Files/Rowley Associates Limited/CrossWorks for ARM 2.0/lib/libm_v4t_a_le.a(__float64_mul.o)
 .text.libc     0x00014e40      0x1b0 C:/Program Files/Rowley Associates Limited/CrossWorks for ARM 2.0/lib/libm_v4t_a_le.a(__float64_mul.o)
                0x00014e40                __muldf3
                0x00014e40                __float64_mul
 .text          0x00014ff0        0x0 C:/Program Files/Rowley Associates Limited/CrossWorks for ARM 2.0/lib/libm_v4t_a_le.a(__float64_div.o)
 .text.libc     0x00014ff0      0x330 C:/Program Files/Rowley Associates Limited/CrossWorks for ARM 2.0/lib/libm_v4t_a_le.a(__float64_div.o)
                0x00014ff0                __divdf3
                0x00014ff0                __float64_div
                0x00014ff0                __aeabi_ddiv
 .text          0x00015320        0x0 C:/Program Files/Rowley Associates Limited/CrossWorks for ARM 2.0/lib/libm_v4t_a_le.a(__float64_cmp.o)
 .text.libc     0x00015320       0x70 C:/Program Files/Rowley Associates Limited/CrossWorks for ARM 2.0/lib/libm_v4t_a_le.a(__float64_cmp.o)
                0x00015320                __eqdf2
                0x00015320                __gtdf2
                0x00015320                __ltdf2
                0x00015320                __ledf2
                0x00015320                __nedf2
                0x00015320                __gedf2
                0x00015320                __cmpdf2
 .text          0x00015390        0x0 C:/Program Files/Rowley Associates Limited/CrossWorks for ARM 2.0/lib/libm_v4t_a_le.a(__float64_isnan.o)
 .text.libc     0x00015390       0x20 C:/Program Files/Rowley Associates Limited/CrossWorks for ARM 2.0/lib/libm_v4t_a_le.a(__float64_isnan.o)
                0x00015390                __float64_isnan
 .text          0x000153b0        0x0 C:/Program Files/Rowley Associates Limited/CrossWorks for ARM 2.0/lib/libm_v4t_a_le.a(__float64_infinity.o)
 .text.libc     0x000153b0        0x0 C:/Program Files/Rowley Associates Limited/CrossWorks for ARM 2.0/lib/libm_v4t_a_le.a(__float64_infinity.o)
 .text          0x000153b0        0x0 C:/Program Files/Rowley Associates Limited/CrossWorks for ARM 2.0/lib/libm_v4t_a_le.a(__float64_nan.o)
 .text.libc     0x000153b0        0x0 C:/Program Files/Rowley Associates Limited/CrossWorks for ARM 2.0/lib/libm_v4t_a_le.a(__float64_nan.o)
 .text          0x000153b0        0x0 C:/Program Files/Rowley Associates Limited/CrossWorks for ARM 2.0/lib/libm_v4t_a_le.a(__poly1_eval.o)
 .text.libc     0x000153b0       0x70 C:/Program Files/Rowley Associates Limited/CrossWorks for ARM 2.0/lib/libm_v4t_a_le.a(__poly1_eval.o)
                0x000153b0                __poly1_eval
 .text          0x00015420        0x0 C:/Program Files/Rowley Associates Limited/CrossWorks for ARM 2.0/lib/libm_v4t_a_le.a(__poly_eval.o)
 .text.libc     0x00015420       0x5c C:/Program Files/Rowley Associates Limited/CrossWorks for ARM 2.0/lib/libm_v4t_a_le.a(__poly_eval.o)
                0x00015420                __poly_eval
 .text          0x0001547c        0x0 C:/Program Files/Rowley Associates Limited/CrossWorks for ARM 2.0/lib/libm_v4t_a_le.a(frexp.o)
 .text.libc     0x0001547c       0x60 C:/Program Files/Rowley Associates Limited/CrossWorks for ARM 2.0/lib/libm_v4t_a_le.a(frexp.o)
                0x0001547c                frexp
 .text          0x000154dc        0x0 C:/Program Files/Rowley Associates Limited/CrossWorks for ARM 2.0/lib/libm_v4t_a_le.a(ldexp.o)
 .text.libc     0x000154dc       0x84 C:/Program Files/Rowley Associates Limited/CrossWorks for ARM 2.0/lib/libm_v4t_a_le.a(ldexp.o)
                0x000154dc                ldexp
 .text          0x00015560        0x0 C:/Program Files/Rowley Associates Limited/CrossWorks for ARM 2.0/lib/libc_v4t_a_le.a(__int32_umod.o)
 .text.libc     0x00015560       0x20 C:/Program Files/Rowley Associates Limited/CrossWorks for ARM 2.0/lib/libc_v4t_a_le.a(__int32_umod.o)
                0x00015560                __int32_umod
                0x00015560                __umodsi3
 .text          0x00015580        0x0 C:/Program Files/Rowley Associates Limited/CrossWorks for ARM 2.0/lib/libc_v4t_a_le.a(__int32_div.o)
 .text.libc     0x00015580       0x50 C:/Program Files/Rowley Associates Limited/CrossWorks for ARM 2.0/lib/libc_v4t_a_le.a(__int32_div.o)
                0x00015580                __divsi3
                0x00015580                __int32_div
 .text          0x000155d0        0x0 C:/Program Files/Rowley Associates Limited/CrossWorks for ARM 2.0/lib/libc_v4t_a_le.a(__int32_udivmod.o)
 .text.libc     0x000155d0       0x30 C:/Program Files/Rowley Associates Limited/CrossWorks for ARM 2.0/lib/libc_v4t_a_le.a(__int32_udivmod.o)
                0x000155d0                __int32_udivmod
                0x000155d0                __udivsi3
                0x000155d0                __int32_udiv
 .text          0x00015600        0x0 C:/Program Files/Rowley Associates Limited/CrossWorks for ARM 2.0/lib/libc_v4t_a_le.a(strlen.o)
 .text.libc     0x00015600       0x90 C:/Program Files/Rowley Associates Limited/CrossWorks for ARM 2.0/lib/libc_v4t_a_le.a(strlen.o)
                0x00015600                strlen
 .text          0x00015690        0x0 C:/Program Files/Rowley Associates Limited/CrossWorks for ARM 2.0/lib/libc_v4t_a_le.a(memcpy.o)
 .text.libc     0x00015690       0x60 C:/Program Files/Rowley Associates Limited/CrossWorks for ARM 2.0/lib/libc_v4t_a_le.a(memcpy.o)
                0x00015690                memcpy
 .text          0x000156f0        0x0 C:/Program Files/Rowley Associates Limited/CrossWorks for ARM 2.0/lib/libc_v4t_a_le.a(memset.o)
 .text.libc     0x000156f0       0xa0 C:/Program Files/Rowley Associates Limited/CrossWorks for ARM 2.0/lib/libc_v4t_a_le.a(memset.o)
                0x000156f0                memset
 .text          0x00015790        0x0 C:/Program Files/Rowley Associates Limited/CrossWorks for ARM 2.0/lib/libc_v4t_a_le.a(strcpy.o)
 .text.libc     0x00015790       0x60 C:/Program Files/Rowley Associates Limited/CrossWorks for ARM 2.0/lib/libc_v4t_a_le.a(strcpy.o)
                0x00015790                strcpy
 .text          0x000157f0        0x0 C:/Program Files/Rowley Associates Limited/CrossWorks for ARM 2.0/lib/libc_v4t_a_le.a(strcmp.o)
 .text.libc     0x000157f0       0x70 C:/Program Files/Rowley Associates Limited/CrossWorks for ARM 2.0/lib/libc_v4t_a_le.a(strcmp.o)
                0x000157f0                strcmp
 .text          0x00015860        0x0 C:/Program Files/Rowley Associates Limited/CrossWorks for ARM 2.0/lib/libc_v4t_a_le.a(memcmp.o)
 .text.libc     0x00015860       0x54 C:/Program Files/Rowley Associates Limited/CrossWorks for ARM 2.0/lib/libc_v4t_a_le.a(memcmp.o)
                0x00015860                memcmp
 .text          0x000158b4        0x0 C:/Program Files/Rowley Associates Limited/CrossWorks for ARM 2.0/lib/libc_v4t_a_le.a(strcat.o)
 .text.libc     0x000158b4       0x3c C:/Program Files/Rowley Associates Limited/CrossWorks for ARM 2.0/lib/libc_v4t_a_le.a(strcat.o)
                0x000158b4                strcat
 .text          0x000158f0        0x0 C:/Program Files/Rowley Associates Limited/CrossWorks for ARM 2.0/lib/libc_v4t_a_le.a(strchr.o)
 .text.libc     0x000158f0       0x40 C:/Program Files/Rowley Associates Limited/CrossWorks for ARM 2.0/lib/libc_v4t_a_le.a(strchr.o)
                0x000158f0                strchr
 .text          0x00015930        0x0 C:/Program Files/Rowley Associates Limited/CrossWorks for ARM 2.0/lib/libc_v4t_a_le.a(strncmp.o)
 .text.libc     0x00015930       0x64 C:/Program Files/Rowley Associates Limited/CrossWorks for ARM 2.0/lib/libc_v4t_a_le.a(strncmp.o)
                0x00015930                strncmp
 .text          0x00015994        0x0 C:/Program Files/Rowley Associates Limited/CrossWorks for ARM 2.0/lib/libc_v4t_a_le.a(strncpy.o)
 .text.libc     0x00015994       0x74 C:/Program Files/Rowley Associates Limited/CrossWorks for ARM 2.0/lib/libc_v4t_a_le.a(strncpy.o)
                0x00015994                strncpy
 .text          0x00015a08        0x0 C:/Program Files/Rowley Associates Limited/CrossWorks for ARM 2.0/lib/libc_v4t_a_le.a(strrchr.o)
 .text.libc     0x00015a08       0x44 C:/Program Files/Rowley Associates Limited/CrossWorks for ARM 2.0/lib/libc_v4t_a_le.a(strrchr.o)
                0x00015a08                strrchr
 .text          0x00015a4c        0x0 C:/Program Files/Rowley Associates Limited/CrossWorks for ARM 2.0/lib/libc_v4t_a_le.a(strstr.o)
 .text.libc     0x00015a4c       0x98 C:/Program Files/Rowley Associates Limited/CrossWorks for ARM 2.0/lib/libc_v4t_a_le.a(strstr.o)
                0x00015a4c                strstr
 .text          0x00015ae4        0x0 C:/Program Files/Rowley Associates Limited/CrossWorks for ARM 2.0/lib/libc_v4t_a_le.a(ctype.o)
 .text.libc     0x00015ae4      0x17c C:/Program Files/Rowley Associates Limited/CrossWorks for ARM 2.0/lib/libc_v4t_a_le.a(ctype.o)
                0x00015ae4                isalpha
                0x00015b00                isupper
                0x00015b14                islower
                0x00015b28                isdigit
                0x00015b3c                isxdigit
                0x00015b68                isspace
                0x00015b80                ispunct
                0x00015bbc                isalnum
                0x00015be8                isprint
                0x00015bfc                isgraph
                0x00015c10                iscntrl
                0x00015c24                tolower
                0x00015c38                toupper
                0x00015c4c                isblank
 .text          0x00015c60        0x0 C:/Program Files/Rowley Associates Limited/CrossWorks for ARM 2.0/lib/libc_v4t_a_le.a(malloc.o)
 .text.libc     0x00015c60      0x250 C:/Program Files/Rowley Associates Limited/CrossWorks for ARM 2.0/lib/libc_v4t_a_le.a(malloc.o)
                0x00015c60                free
                0x00015d54                malloc
                0x00015e38                realloc
                0x00015e80                calloc
 .text          0x00015eb0        0x0 C:/Program Files/Rowley Associates Limited/CrossWorks for ARM 2.0/lib/libc_v4t_a_le.a(atoi.o)
 .text.libc     0x00015eb0       0x38 C:/Program Files/Rowley Associates Limited/CrossWorks for ARM 2.0/lib/libc_v4t_a_le.a(atoi.o)
                0x00015eb0                atoi
 .text          0x00015ee8        0x0 C:/Program Files/Rowley Associates Limited/CrossWorks for ARM 2.0/lib/libc_v4t_a_le.a(time.o)
 .text.libc     0x00015ee8      0x75c C:/Program Files/Rowley Associates Limited/CrossWorks for ARM 2.0/lib/libc_v4t_a_le.a(time.o)
                0x00015ee8                difftime
                0x00015efc                checktm
                0x00016144                mktime
                0x0001638c                localtime_r
                0x00016598                localtime
                0x000165b8                gmtime_r
                0x000165d0                gmtime
                0x000165f0                ctime_r
                0x00016620                ctime
 .text          0x00016644        0x0 C:/Program Files/Rowley Associates Limited/CrossWorks for ARM 2.0/lib/libc_v4t_a_le.a(asctime.o)
 .text.libc     0x00016644      0x18c C:/Program Files/Rowley Associates Limited/CrossWorks for ARM 2.0/lib/libc_v4t_a_le.a(asctime.o)
                0x00016670                asctime_r
                0x000167b8                asctime
 .text          0x000167d0        0x0 C:/Program Files/Rowley Associates Limited/CrossWorks for ARM 2.0/lib/libc_v4t_a_le.a(strftime.o)
 .text.libc     0x000167d0      0x82c C:/Program Files/Rowley Associates Limited/CrossWorks for ARM 2.0/lib/libc_v4t_a_le.a(strftime.o)
                0x00016fa8                strftime
 .text          0x00016ffc        0x0 C:/Program Files/Rowley Associates Limited/CrossWorks for ARM 2.0/lib/libc_v4t_a_le.a(div.o)
 .text.libc     0x00016ffc       0x54 C:/Program Files/Rowley Associates Limited/CrossWorks for ARM 2.0/lib/libc_v4t_a_le.a(div.o)
                0x00016ffc                div
 .text          0x00017050        0x0 C:/Program Files/Rowley Associates Limited/CrossWorks for ARM 2.0/lib/libc_v4t_a_le.a(strtol.o)
 .text.libc     0x00017050       0xd4 C:/Program Files/Rowley Associates Limited/CrossWorks for ARM 2.0/lib/libc_v4t_a_le.a(strtol.o)
                0x00017050                strtol
 .text          0x00017124        0x0 C:/Program Files/Rowley Associates Limited/CrossWorks for ARM 2.0/lib/libc_v4t_a_le.a(ldiv.o)
 .text.libc     0x00017124       0x54 C:/Program Files/Rowley Associates Limited/CrossWorks for ARM 2.0/lib/libc_v4t_a_le.a(ldiv.o)
                0x00017124                ldiv
 .text          0x00017178        0x0 C:/Program Files/Rowley Associates Limited/CrossWorks for ARM 2.0/lib/libc_v4t_a_le.a(__int32_mod.o)
 *fill*         0x00017178        0x8 00
 .text.libc     0x00017180       0x50 C:/Program Files/Rowley Associates Limited/CrossWorks for ARM 2.0/lib/libc_v4t_a_le.a(__int32_mod.o)
                0x00017180                __modsi3
                0x00017180                __int32_mod
 .text          0x000171d0        0x0 C:/Program Files/Rowley Associates Limited/CrossWorks for ARM 2.0/lib/libc_v4t_a_le.a(__strtoul.o)
 .text.libc     0x000171d0      0x128 C:/Program Files/Rowley Associates Limited/CrossWorks for ARM 2.0/lib/libc_v4t_a_le.a(__strtoul.o)
                0x000171d0                __strtoul
 .text          0x000172f8        0x0 C:/Program Files/Rowley Associates Limited/CrossWorks for ARM 2.0/lib/libc_v4t_a_le.a(__digit.o)
 .text.libc     0x000172f8       0x54 C:/Program Files/Rowley Associates Limited/CrossWorks for ARM 2.0/lib/libc_v4t_a_le.a(__digit.o)
                0x000172f8                __digit
 .text          0x0001734c        0x0 C:/Program Files/Rowley Associates Limited/CrossWorks for ARM 2.0/lib/libdebugio_v4t_a_le.a(debug_printf.o)
 .text.libc     0x0001734c       0x20 C:/Program Files/Rowley Associates Limited/CrossWorks for ARM 2.0/lib/libdebugio_v4t_a_le.a(debug_printf.o)
                0x0001734c                debug_printf
 .text          0x0001736c        0x0 C:/Program Files/Rowley Associates Limited/CrossWorks for ARM 2.0/lib/libc_targetio_impl_v4t_a_le.a(putchar.o)
 .text.libc     0x0001736c       0x2c C:/Program Files/Rowley Associates Limited/CrossWorks for ARM 2.0/lib/libc_targetio_impl_v4t_a_le.a(putchar.o)
                0x0001736c                putchar
 .text          0x00017398        0x0 C:/Program Files/Rowley Associates Limited/CrossWorks for ARM 2.0/lib/libc_user_libc_v4t_a_le.a(user_libc.o)
 .text.libc     0x00017398       0x2c C:/Program Files/Rowley Associates Limited/CrossWorks for ARM 2.0/lib/libc_user_libc_v4t_a_le.a(user_libc.o)
                0x00017398                __errno
                0x000173a4                __heap_lock
                0x000173a8                __heap_unlock
                0x000173ac                __printf_lock
                0x000173b0                __printf_unlock
                0x000173b4                __scanf_lock
                0x000173b8                __scanf_unlock
                0x000173bc                __debug_io_lock
                0x000173c0                __debug_io_unlock
 .text          0x000173c4        0x0 C:/Program Files/Rowley Associates Limited/CrossWorks for ARM 2.0/lib/libdebugio_dcc_v4t_a_le.a(dcc_debug_operations.o)
 .text.libdebugio_dcc
                0x000173c4       0x4c C:/Program Files/Rowley Associates Limited/CrossWorks for ARM 2.0/lib/libdebugio_dcc_v4t_a_le.a(dcc_debug_operations.o)
                0x000173c4                __do_debug_operation
 .text          0x00017410        0x0 C:/Program Files/Rowley Associates Limited/CrossWorks for ARM 2.0/lib/libdebugio_dcc_v4t_a_le.a(libarmdi_dcc_write.o)
 .text.libdebugio_dcc
                0x00017410       0x20 C:/Program Files/Rowley Associates Limited/CrossWorks for ARM 2.0/lib/libdebugio_dcc_v4t_a_le.a(libarmdi_dcc_write.o)
                0x00017410                libarm_dcc_write
 .text          0x00017430        0x0 C:/Program Files/Rowley Associates Limited/CrossWorks for ARM 2.0/lib/libdebugio_dcc_v4t_a_le.a(libarm_run_dcc_port_server.o)
 .text.libdebugio_dcc
                0x00017430      0x234 C:/Program Files/Rowley Associates Limited/CrossWorks for ARM 2.0/lib/libdebugio_dcc_v4t_a_le.a(libarm_run_dcc_port_server.o)
                0x00017430                libarm_run_dcc_port_server
 .text          0x00017664        0x0 C:/Program Files/Rowley Associates Limited/CrossWorks for ARM 2.0/lib/libdebugio_dcc_v4t_a_le.a(libarmdi_dcc_read.o)
 *fill*         0x00017664        0xc 00
 .text.libdebugio_dcc
                0x00017670       0x20 C:/Program Files/Rowley Associates Limited/CrossWorks for ARM 2.0/lib/libdebugio_dcc_v4t_a_le.a(libarmdi_dcc_read.o)
                0x00017670                libarm_dcc_read
                0x00017690                __text_end__ = (__text_start__ + SIZEOF (.text))
                0x00017690                __text_load_end__ = __text_end__

.vfp11_veneer   0x00000000        0x0
 .vfp11_veneer  0x00000000        0x0 linker stubs

.v4_bx          0x00000000        0x0
 .v4_bx         0x00000000        0x0 linker stubs
                0x00000001                . = ASSERT (((__text_end__ >= __FLASH_segment_start__) && (__text_end__ <= (__FLASH_segment_start__ + 0x80000))), error: .text is too large to fit in FLASH memory segment)
                0x00017690                __dtors_load_start__ = ALIGN (__text_end__, 0x4)

.dtors          0x00017690        0x0
                0x00017690                __dtors_start__ = .
 *(SORT(.dtors.*))
 *(.dtors)
                0x00017690                __dtors_end__ = (__dtors_start__ + SIZEOF (.dtors))
                0x00017690                __dtors_load_end__ = __dtors_end__
                0x00000001                . = ASSERT (((__dtors_end__ >= __FLASH_segment_start__) && (__dtors_end__ <= (__FLASH_segment_start__ + 0x80000))), error: .dtors is too large to fit in FLASH memory segment)
                0x00017690                __ctors_load_start__ = ALIGN (__dtors_end__, 0x4)

.ctors          0x00017690        0x0
                0x00017690                __ctors_start__ = .
 *(SORT(.ctors.*))
 *(.ctors)
                0x00017690                __ctors_end__ = (__ctors_start__ + SIZEOF (.ctors))
                0x00017690                __ctors_load_end__ = __ctors_end__
                0x00000001                . = ASSERT (((__ctors_end__ >= __FLASH_segment_start__) && (__ctors_end__ <= (__FLASH_segment_start__ + 0x80000))), error: .ctors is too large to fit in FLASH memory segment)
                0x00017690                __rodata_load_start__ = ALIGN (__ctors_end__, 0x4)

.rodata         0x00017690     0x7bb4
                0x00017690                __rodata_start__ = .
 *(.rodata .rodata.* .gnu.linkonce.r.*)
 .rodata.str1.4
                0x00017690        0x8 ARM Flash Release/main.o
 .rodata        0x00017698       0xb0 ARM Flash Release/i2c.o
 .rodata.str1.4
                0x00017748      0x19e ARM Flash Release/i2c.o
                                0x1a0 (size before relaxing)
 *fill*         0x000178e6        0x2 00
 .rodata.str1.4
                0x000178e8        0x8 ARM Flash Release/i2cInt.o
                                  0xc (size before relaxing)
 .rodata        0x000178f0       0x90 ARM Flash Release/usbser.o
 .rodata        0x00017980        0xc ARM Flash Release/rtc.o
 .rodata        0x0001798c      0x2b4 ARM Flash Release/beep.o
 .rodata.str1.4
                0x00017c40        0x7 ARM Flash Release/args.o
                                 0x10 (size before relaxing)
 *fill*         0x00017c47        0x1 00
 .rodata.str1.4
                0x00017c48       0x7b ARM Flash Release/argsdispatch.o
                                 0x84 (size before relaxing)
 *fill*         0x00017cc3        0x1 00
 .rodata        0x00017cc4      0x3c0 ARM Flash Release/monitor.o
 .rodata.str1.4
                0x00018084      0xe93 ARM Flash Release/monitor.o
                                0xeb0 (size before relaxing)
 *fill*         0x00018f17        0x1 00
 .rodata.str1.4
                0x00018f18        0x7 ARM Flash Release/printf-stdarg.o
                                  0x8 (size before relaxing)
 .rodata.str1.4
                0x00000000        0x7 ARM Flash Release/leds.o
                                  0x4 (size before relaxing)
 *fill*         0x00018f1f        0x1 00
 .rodata.str1.4
                0x00018f20        0x8 ARM Flash Release/tcs3414.o
 .rodata        0x00018f28      0x210 ARM Flash Release/mmc.o
 .rodata.str1.4
                0x00019138       0x11 ARM Flash Release/mmc.o
                                 0x14 (size before relaxing)
 *fill*         0x00019149        0x3 00
 .rodata        0x0001914c        0xc ARM Flash Release/logging.o
 .rodata.str1.4
                0x00019158       0xa0 ARM Flash Release/logging.o
                                 0xa4 (size before relaxing)
 .rodata.str1.4
                0x000191f8      0x1e1 ARM Flash Release/meas_sm.o
                                0x1e4 (size before relaxing)
 *fill*         0x000193d9        0x3 00
 .rodata.str1.4
                0x000193dc       0x19 ARM Flash Release/meas_task.o
                                 0x1c (size before relaxing)
 *fill*         0x000193f5        0x3 00
 .rodata        0x000193f8       0x14 ARM Flash Release/tasks.o
 .rodata.str1.4
                0x0001940c       0x19 ARM Flash Release/tasks.o
                                 0x20 (size before relaxing)
 *fill*         0x00019425        0x3 00
 .rodata        0x00019428        0x8 ARM Flash Release/dhcpc.o
 .rodata.str1.4
                0x00000000        0xc ARM Flash Release/telnetd.o
 .rodata.str1.4
                0x00019430       0x13 ARM Flash Release/httpd.o
                                 0x18 (size before relaxing)
 *fill*         0x00019443        0x1 00
 .rodata        0x00019444       0xa8 ARM Flash Release/httpd-cgi.o
 .rodata.str1.4
                0x000194ec       0xdb ARM Flash Release/httpd-cgi.o
                                 0xe0 (size before relaxing)
 *fill*         0x000195c7        0x1 00
 .rodata        0x000195c8     0x51d8 ARM Flash Release/httpd-fs.o
                0x000195c8                file_tcp_shtml
                0x000195dc                file_404_html
                0x000195f0                file_fade_png
                0x00019604                file_files_shtml
                0x00019618                file_footer_html
                0x0001962c                file_header_html
                0x00019640                file_index_html
                0x00019654                file_led_shtml
                0x00019668                file_lpc2148_jpg
                0x0001967c                file_stats_shtml
                0x00019690                file_style_css
 .rodata        0x0001e7a0      0x288 ARM Flash Release/http-strings.o
                0x0001e7a0                http_http
                0x0001e7a8                http_200
                0x0001e7b0                http_301
                0x0001e7b8                http_302
                0x0001e7c0                http_get
                0x0001e7c8                http_10
                0x0001e7d4                http_11
                0x0001e7e0                http_content_type
                0x0001e7f0                http_texthtml
                0x0001e7fc                http_location
                0x0001e808                http_host
                0x0001e810                http_crnl
                0x0001e814                http_index_html
                0x0001e820                http_404_html
                0x0001e82c                http_referer
                0x0001e838                http_header_200
                0x0001e88c                http_header_404
                0x0001e8e8                http_content_type_plain
                0x0001e908                http_content_type_html
                0x0001e924                http_content_type_css
                0x0001e940                http_content_type_text
                0x0001e95c                http_content_type_png
                0x0001e978                http_content_type_gif
                0x0001e994                http_content_type_jpg
                0x0001e9b4                http_content_type_binary
                0x0001e9e0                http_html
                0x0001e9e8                http_shtml
                0x0001e9f0                http_htm
                0x0001e9f8                http_css
                0x0001ea00                http_png
                0x0001ea08                http_gif
                0x0001ea10                http_jpg
                0x0001ea18                http_text
                0x0001ea20                http_txt
 .rodata.str1.4
                0x0001ea28      0x30c ARM Flash Release/uip.o
 .rodata        0x0001ed34        0x8 ARM Flash Release/uip_arp.o
 .rodata.str1.4
                0x0001ed3c       0x41 ARM Flash Release/uip-neighbor.o
                                 0x44 (size before relaxing)
 *fill*         0x0001ed7d        0x3 00
 .rodata.str1.4
                0x0001ed80       0x1f ARM Flash Release/uiptask.o
                                 0x20 (size before relaxing)
 *fill*         0x0001ed9f        0x1 00
 .rodata        0x0001eda0       0x28 ARM Flash Release/disk.o
 .rodata.str1.4
                0x0001edc8       0x51 ARM Flash Release/disk.o
                                 0x54 (size before relaxing)
 *fill*         0x0001ee19        0x3 00
 .rodata        0x0001ee1c       0x70 ARM Flash Release/ff.o
 .rodata.str1.4
                0x0001ee8c       0xd5 ARM Flash Release/ff.o
                                 0xf8 (size before relaxing)
 *fill*         0x0001ef61        0x3 00
 .rodata.libc   0x0001ef64       0x28 C:/Program Files/Rowley Associates Limited/CrossWorks for ARM 2.0/lib/libm_v4t_a_le.a(log.o)
 .rodata.libc   0x0001ef8c        0x8 C:/Program Files/Rowley Associates Limited/CrossWorks for ARM 2.0/lib/libm_v4t_a_le.a(__float64_infinity.o)
                0x0001ef8c                __float64_infinity
 .rodata.libc   0x0001ef94        0x8 C:/Program Files/Rowley Associates Limited/CrossWorks for ARM 2.0/lib/libm_v4t_a_le.a(__float64_nan.o)
                0x0001ef94                __float64_nan
 .rodata.libc   0x0001ef9c       0x84 C:/Program Files/Rowley Associates Limited/CrossWorks for ARM 2.0/lib/libc_v4t_a_le.a(ctype.o)
                0x0001ef9c                __ctype
 .rodata.libc   0x0001f020       0x68 C:/Program Files/Rowley Associates Limited/CrossWorks for ARM 2.0/lib/libc_v4t_a_le.a(time.o)
 .rodata.libc   0x0001f088       0x4c C:/Program Files/Rowley Associates Limited/CrossWorks for ARM 2.0/lib/libc_v4t_a_le.a(asctime.o)
 .rodata.libc   0x0001f0d4       0x4c C:/Program Files/Rowley Associates Limited/CrossWorks for ARM 2.0/lib/libc_v4t_a_le.a(strftime.o)
 .rodata.libc.str1.4
                0x0001f120      0x124 C:/Program Files/Rowley Associates Limited/CrossWorks for ARM 2.0/lib/libc_v4t_a_le.a(strftime.o)
                                0x130 (size before relaxing)
                0x0001f244                __rodata_end__ = (__rodata_start__ + SIZEOF (.rodata))
                0x0001f244                __rodata_load_end__ = __rodata_end__
                0x00000001                . = ASSERT (((__rodata_end__ >= __FLASH_segment_start__) && (__rodata_end__ <= (__FLASH_segment_start__ + 0x80000))), error: .rodata is too large to fit in FLASH memory segment)
                0x0001f244                __fast_load_start__ = ALIGN (__rodata_end__, 0x4)

.fast           0x4000003c        0x0 load address 0x0001f244
                0x4000003c                __fast_start__ = .
 *(.fast .fast.*)
                0x4000003c                __fast_end__ = (__fast_start__ + SIZEOF (.fast))
                0x0001f244                __fast_load_end__ = (__fast_load_start__ + SIZEOF (.fast))
                0x00000001                . = ASSERT ((((__fast_load_start__ + SIZEOF (.fast)) >= __FLASH_segment_start__) && ((__fast_load_start__ + SIZEOF (.fast)) <= (__FLASH_segment_start__ + 0x80000))), error: .fast is too large to fit in FLASH memory segment)

.fast_run       0x4000003c        0x0
                0x4000003c                __fast_run_start__ = .
                0x4000003c                . = MAX ((__fast_run_start__ + SIZEOF (.fast)), .)
                0x4000003c                __fast_run_end__ = (__fast_run_start__ + SIZEOF (.fast_run))
                0x4000003c                __fast_run_load_end__ = __fast_run_end__
                0x00000001                . = ASSERT (((__fast_run_end__ >= __SRAM_segment_start__) && (__fast_run_end__ <= (__SRAM_segment_start__ + 0x8000))), error: .fast_run is too large to fit in SRAM memory segment)
                0x0001f244                __data_load_start__ = ALIGN ((__fast_load_start__ + SIZEOF (.fast)), 0x4)

.data           0x4000003c       0x64 load address 0x0001f244
                0x4000003c                __data_start__ = .
 *(.data .data.* .gnu.linkonce.d.*)
 .data          0x4000003c        0x0 ARM Flash Release/main.o
 .data          0x4000003c        0x0 ARM Flash Release/adc.o
 .data          0x4000003c        0x0 ARM Flash Release/cpu.o
 .data          0x4000003c        0x0 ARM Flash Release/i2c.o
 .data          0x4000003c        0x4 ARM Flash Release/i2cInt.o
 .data          0x40000040        0x8 ARM Flash Release/pwm.o
 .data          0x40000048        0x0 ARM Flash Release/spi.o
 .data          0x40000048        0x8 ARM Flash Release/uart0.o
 .data          0x40000050        0x0 ARM Flash Release/uart0ISR.o
 .data          0x40000050        0x8 ARM Flash Release/uart1.o
 .data          0x40000058        0x0 ARM Flash Release/uart1ISR.o
 .data          0x40000058        0x0 ARM Flash Release/usbcontrol.o
 .data          0x40000058        0x0 ARM Flash Release/usbinit.o
 .data          0x40000058        0x0 ARM Flash Release/usbISR.o
 .data          0x40000058        0x0 ARM Flash Release/usbstdreq.o
 .data          0x40000058        0x8 ARM Flash Release/usbser.o
 .data          0x40000060        0x0 ARM Flash Release/rtc.o
 .data          0x40000060        0x0 ARM Flash Release/rtcISR.o
 .data          0x40000060        0x0 ARM Flash Release/reset.o
 .data          0x40000060        0x0 ARM Flash Release/eint0.o
 .data          0x40000060        0x0 ARM Flash Release/eint0ISR.o
 .data          0x40000060        0x0 ARM Flash Release/eint2.o
 .data          0x40000060        0x0 ARM Flash Release/eint2ISR.o
 .data          0x40000060        0x0 ARM Flash Release/eint3.o
 .data          0x40000060        0x0 ARM Flash Release/eint3ISR.o
 .data          0x40000060        0x0 ARM Flash Release/eint1.o
 .data          0x40000060        0x0 ARM Flash Release/eint1ISR.o
 .data          0x40000060        0x0 ARM Flash Release/beep.o
 .data          0x40000060        0x8 ARM Flash Release/timer.o
 .data          0x40000068        0x0 ARM Flash Release/dac.o
 .data          0x40000068        0x0 ARM Flash Release/args.o
 .data          0x40000068        0x0 ARM Flash Release/argsdispatch.o
 .data          0x40000068        0x0 ARM Flash Release/monitor.o
 .data          0x40000068        0x0 ARM Flash Release/printf-stdarg.o
 .data          0x40000068        0x4 ARM Flash Release/leds.o
 .data          0x4000006c        0x0 ARM Flash Release/tcs3414.o
 .data          0x4000006c        0x0 ARM Flash Release/mmc.o
 .data          0x4000006c        0x0 ARM Flash Release/ssp.o
 .data          0x4000006c        0x0 ARM Flash Release/Lcd204_4.o
 .data          0x4000006c        0x4 ARM Flash Release/logging.o
 .data          0x40000070        0x8 ARM Flash Release/meas_sm.o
 .data          0x40000078        0x0 ARM Flash Release/meas_task.o
 .data          0x40000078        0x0 ARM Flash Release/crt0.o
 .data          0x40000078        0x0 ARM Flash Release/Philips_LPC210X_Startup.o
 .data          0x40000078        0x0 ARM Flash Release/LPC210x.o
 .data          0x40000078        0x0 ARM Flash Release/VIC.o
 .data          0x40000078        0x0 ARM Flash Release/VIC_irq_handler.o
 .data          0x40000078        0x4 ARM Flash Release/portISR.o
                0x40000078                ulCriticalNesting
 .data          0x4000007c        0x0 ARM Flash Release/port.o
 .data          0x4000007c        0x0 ARM Flash Release/heap_2.o
 .data          0x4000007c        0x4 ARM Flash Release/tasks.o
                0x4000007c                uxPreviousTask
 .data          0x40000080        0x0 ARM Flash Release/queue.o
 .data          0x40000080        0x0 ARM Flash Release/list.o
 .data          0x40000080        0x0 ARM Flash Release/dhcpc.o
 .data          0x40000080        0x0 ARM Flash Release/sntp.o
 .data          0x40000080        0x0 ARM Flash Release/telnetd.o
 .data          0x40000080        0x0 ARM Flash Release/httpd.o
 .data          0x40000080       0x14 ARM Flash Release/httpd-cgi.o
 .data          0x40000094        0x0 ARM Flash Release/httpd-fs.o
 .data          0x40000094        0x0 ARM Flash Release/http-strings.o
 .data          0x40000094        0x0 ARM Flash Release/enc28j60.o
 .data          0x40000094        0x0 ARM Flash Release/memb.o
 .data          0x40000094        0x0 ARM Flash Release/psock.o
 .data          0x40000094        0x0 ARM Flash Release/uip.o
 .data          0x40000094        0x0 ARM Flash Release/uip_arch.o
 .data          0x40000094        0x0 ARM Flash Release/uip_arp.o
 .data          0x40000094        0x0 ARM Flash Release/uip_timer.o
 .data          0x40000094        0x0 ARM Flash Release/uip-fw.o
 .data          0x40000094        0x0 ARM Flash Release/uiplib.o
 .data          0x40000094        0x0 ARM Flash Release/uip-neighbor.o
 .data          0x40000094        0x0 ARM Flash Release/clock.o
 .data          0x40000094        0x4 ARM Flash Release/uiptask.o
 .data          0x40000098        0x1 ARM Flash Release/disk.o
 .data          0x40000099        0x0 ARM Flash Release/ff.o
 .data          0x40000099        0x0 C:/Users/lukas/AppData/Local/Rowley Associates Limited/CrossWorks for ARM/packages/lib/liblpc2000_v4t_a_le.a(liblpc2000_lpc21xx_get_cclk.o)
 .data          0x40000099        0x0 C:/Users/lukas/AppData/Local/Rowley Associates Limited/CrossWorks for ARM/packages/lib/liblpc2000_v4t_a_le.a(liblpc2000_lpc21xx_get_pclk.o)
 .data          0x40000099        0x0 C:/Program Files/Rowley Associates Limited/CrossWorks for ARM 2.0/lib/libm_v4t_a_le.a(__int32_to_float32.o)
 .data          0x40000099        0x0 C:/Program Files/Rowley Associates Limited/CrossWorks for ARM 2.0/lib/libm_v4t_a_le.a(__int32_to_float64.o)
 .data          0x40000099        0x0 C:/Program Files/Rowley Associates Limited/CrossWorks for ARM 2.0/lib/libm_v4t_a_le.a(__uint32_to_float32.o)
 .data          0x40000099        0x0 C:/Program Files/Rowley Associates Limited/CrossWorks for ARM 2.0/lib/libm_v4t_a_le.a(__float32_to_int32.o)
 .data          0x40000099        0x0 C:/Program Files/Rowley Associates Limited/CrossWorks for ARM 2.0/lib/libm_v4t_a_le.a(__float32_to_uint32.o)
 .data          0x40000099        0x0 C:/Program Files/Rowley Associates Limited/CrossWorks for ARM 2.0/lib/libm_v4t_a_le.a(__float64_to_int32.o)
 .data          0x40000099        0x0 C:/Program Files/Rowley Associates Limited/CrossWorks for ARM 2.0/lib/libm_v4t_a_le.a(__float32_mul.o)
 .data          0x40000099        0x0 C:/Program Files/Rowley Associates Limited/CrossWorks for ARM 2.0/lib/libm_v4t_a_le.a(__float32_div.o)
 .data          0x40000099        0x0 C:/Program Files/Rowley Associates Limited/CrossWorks for ARM 2.0/lib/libm_v4t_a_le.a(log.o)
 .data          0x40000099        0x0 C:/Program Files/Rowley Associates Limited/CrossWorks for ARM 2.0/lib/libm_v4t_a_le.a(__float64_add.o)
 .data          0x40000099        0x0 C:/Program Files/Rowley Associates Limited/CrossWorks for ARM 2.0/lib/libm_v4t_a_le.a(__float64_mul.o)
 .data          0x40000099        0x0 C:/Program Files/Rowley Associates Limited/CrossWorks for ARM 2.0/lib/libm_v4t_a_le.a(__float64_div.o)
 .data          0x40000099        0x0 C:/Program Files/Rowley Associates Limited/CrossWorks for ARM 2.0/lib/libm_v4t_a_le.a(__float64_cmp.o)
 .data          0x40000099        0x0 C:/Program Files/Rowley Associates Limited/CrossWorks for ARM 2.0/lib/libm_v4t_a_le.a(__float64_isnan.o)
 .data          0x40000099        0x0 C:/Program Files/Rowley Associates Limited/CrossWorks for ARM 2.0/lib/libm_v4t_a_le.a(__float64_infinity.o)
 .data          0x40000099        0x0 C:/Program Files/Rowley Associates Limited/CrossWorks for ARM 2.0/lib/libm_v4t_a_le.a(__float64_nan.o)
 .data          0x40000099        0x0 C:/Program Files/Rowley Associates Limited/CrossWorks for ARM 2.0/lib/libm_v4t_a_le.a(__poly1_eval.o)
 .data          0x40000099        0x0 C:/Program Files/Rowley Associates Limited/CrossWorks for ARM 2.0/lib/libm_v4t_a_le.a(__poly_eval.o)
 .data          0x40000099        0x0 C:/Program Files/Rowley Associates Limited/CrossWorks for ARM 2.0/lib/libm_v4t_a_le.a(frexp.o)
 .data          0x40000099        0x0 C:/Program Files/Rowley Associates Limited/CrossWorks for ARM 2.0/lib/libm_v4t_a_le.a(ldexp.o)
 .data          0x40000099        0x0 C:/Program Files/Rowley Associates Limited/CrossWorks for ARM 2.0/lib/libc_v4t_a_le.a(__int32_umod.o)
 .data          0x40000099        0x0 C:/Program Files/Rowley Associates Limited/CrossWorks for ARM 2.0/lib/libc_v4t_a_le.a(__int32_div.o)
 .data          0x40000099        0x0 C:/Program Files/Rowley Associates Limited/CrossWorks for ARM 2.0/lib/libc_v4t_a_le.a(__int32_udivmod.o)
 .data          0x40000099        0x0 C:/Program Files/Rowley Associates Limited/CrossWorks for ARM 2.0/lib/libc_v4t_a_le.a(strlen.o)
 .data          0x40000099        0x0 C:/Program Files/Rowley Associates Limited/CrossWorks for ARM 2.0/lib/libc_v4t_a_le.a(memcpy.o)
 .data          0x40000099        0x0 C:/Program Files/Rowley Associates Limited/CrossWorks for ARM 2.0/lib/libc_v4t_a_le.a(memset.o)
 .data          0x40000099        0x0 C:/Program Files/Rowley Associates Limited/CrossWorks for ARM 2.0/lib/libc_v4t_a_le.a(strcpy.o)
 .data          0x40000099        0x0 C:/Program Files/Rowley Associates Limited/CrossWorks for ARM 2.0/lib/libc_v4t_a_le.a(strcmp.o)
 .data          0x40000099        0x0 C:/Program Files/Rowley Associates Limited/CrossWorks for ARM 2.0/lib/libc_v4t_a_le.a(memcmp.o)
 .data          0x40000099        0x0 C:/Program Files/Rowley Associates Limited/CrossWorks for ARM 2.0/lib/libc_v4t_a_le.a(strcat.o)
 .data          0x40000099        0x0 C:/Program Files/Rowley Associates Limited/CrossWorks for ARM 2.0/lib/libc_v4t_a_le.a(strchr.o)
 .data          0x40000099        0x0 C:/Program Files/Rowley Associates Limited/CrossWorks for ARM 2.0/lib/libc_v4t_a_le.a(strncmp.o)
 .data          0x40000099        0x0 C:/Program Files/Rowley Associates Limited/CrossWorks for ARM 2.0/lib/libc_v4t_a_le.a(strncpy.o)
 .data          0x40000099        0x0 C:/Program Files/Rowley Associates Limited/CrossWorks for ARM 2.0/lib/libc_v4t_a_le.a(strrchr.o)
 .data          0x40000099        0x0 C:/Program Files/Rowley Associates Limited/CrossWorks for ARM 2.0/lib/libc_v4t_a_le.a(strstr.o)
 .data          0x40000099        0x0 C:/Program Files/Rowley Associates Limited/CrossWorks for ARM 2.0/lib/libc_v4t_a_le.a(ctype.o)
 .data          0x40000099        0x0 C:/Program Files/Rowley Associates Limited/CrossWorks for ARM 2.0/lib/libc_v4t_a_le.a(malloc.o)
 *fill*         0x40000099        0x3 00
 .data.libc     0x4000009c        0x4 C:/Program Files/Rowley Associates Limited/CrossWorks for ARM 2.0/lib/libc_v4t_a_le.a(malloc.o)
 .data          0x400000a0        0x0 C:/Program Files/Rowley Associates Limited/CrossWorks for ARM 2.0/lib/libc_v4t_a_le.a(atoi.o)
 .data          0x400000a0        0x0 C:/Program Files/Rowley Associates Limited/CrossWorks for ARM 2.0/lib/libc_v4t_a_le.a(time.o)
 .data          0x400000a0        0x0 C:/Program Files/Rowley Associates Limited/CrossWorks for ARM 2.0/lib/libc_v4t_a_le.a(asctime.o)
 .data          0x400000a0        0x0 C:/Program Files/Rowley Associates Limited/CrossWorks for ARM 2.0/lib/libc_v4t_a_le.a(strftime.o)
 .data          0x400000a0        0x0 C:/Program Files/Rowley Associates Limited/CrossWorks for ARM 2.0/lib/libc_v4t_a_le.a(div.o)
 .data          0x400000a0        0x0 C:/Program Files/Rowley Associates Limited/CrossWorks for ARM 2.0/lib/libc_v4t_a_le.a(strtol.o)
 .data          0x400000a0        0x0 C:/Program Files/Rowley Associates Limited/CrossWorks for ARM 2.0/lib/libc_v4t_a_le.a(ldiv.o)
 .data          0x400000a0        0x0 C:/Program Files/Rowley Associates Limited/CrossWorks for ARM 2.0/lib/libc_v4t_a_le.a(__int32_mod.o)
 .data          0x400000a0        0x0 C:/Program Files/Rowley Associates Limited/CrossWorks for ARM 2.0/lib/libc_v4t_a_le.a(__strtoul.o)
 .data          0x400000a0        0x0 C:/Program Files/Rowley Associates Limited/CrossWorks for ARM 2.0/lib/libc_v4t_a_le.a(__digit.o)
 .data          0x400000a0        0x0 C:/Program Files/Rowley Associates Limited/CrossWorks for ARM 2.0/lib/libdebugio_v4t_a_le.a(debug_printf.o)
 .data          0x400000a0        0x0 C:/Program Files/Rowley Associates Limited/CrossWorks for ARM 2.0/lib/libc_targetio_impl_v4t_a_le.a(putchar.o)
 .data          0x400000a0        0x0 C:/Program Files/Rowley Associates Limited/CrossWorks for ARM 2.0/lib/libc_user_libc_v4t_a_le.a(user_libc.o)
 .data          0x400000a0        0x0 C:/Program Files/Rowley Associates Limited/CrossWorks for ARM 2.0/lib/libdebugio_dcc_v4t_a_le.a(dcc_debug_operations.o)
 .data          0x400000a0        0x0 C:/Program Files/Rowley Associates Limited/CrossWorks for ARM 2.0/lib/libdebugio_dcc_v4t_a_le.a(libarmdi_dcc_write.o)
 .data          0x400000a0        0x0 C:/Program Files/Rowley Associates Limited/CrossWorks for ARM 2.0/lib/libdebugio_dcc_v4t_a_le.a(libarm_run_dcc_port_server.o)
 .data          0x400000a0        0x0 C:/Program Files/Rowley Associates Limited/CrossWorks for ARM 2.0/lib/libdebugio_dcc_v4t_a_le.a(libarmdi_dcc_read.o)
                0x400000a0                __data_end__ = (__data_start__ + SIZEOF (.data))
                0x0001f2a8                __data_load_end__ = (__data_load_start__ + SIZEOF (.data))
                0x00000001                . = ASSERT ((((__data_load_start__ + SIZEOF (.data)) >= __FLASH_segment_start__) && ((__data_load_start__ + SIZEOF (.data)) <= (__FLASH_segment_start__ + 0x80000))), error: .data is too large to fit in FLASH memory segment)

.data_run       0x4000003c       0x64 load address 0x0001f244
                0x4000003c                __data_run_start__ = .
                0x400000a0                . = MAX ((__data_run_start__ + SIZEOF (.data)), .)
 *fill*         0x4000003c       0x64 00
                0x400000a0                __data_run_end__ = (__data_run_start__ + SIZEOF (.data_run))
                0x400000a0                __data_run_load_end__ = __data_run_end__
                0x00000001                . = ASSERT (((__data_run_end__ >= __SRAM_segment_start__) && (__data_run_end__ <= (__SRAM_segment_start__ + 0x8000))), error: .data_run is too large to fit in SRAM memory segment)
                0x400000a0                __bss_load_start__ = ALIGN (__data_run_end__, 0x4)

.bss            0x400000a0     0x6354
                0x400000a0                __bss_start__ = .
 *(.bss .bss.* .gnu.linkonce.b.*)
 .bss           0x400000a0        0x0 ARM Flash Release/main.o
 .bss           0x400000a0        0x0 ARM Flash Release/adc.o
 .bss           0x400000a0        0x0 ARM Flash Release/cpu.o
 .bss           0x400000a0        0x4 ARM Flash Release/i2c.o
                0x400000a0                i2cErrno
 .bss           0x400000a4       0x60 ARM Flash Release/i2cInt.o
 .bss           0x40000104        0x0 ARM Flash Release/pwm.o
 .bss           0x40000104        0x0 ARM Flash Release/spi.o
 .bss           0x40000104        0xc ARM Flash Release/uart0.o
 .bss           0x40000110        0xc ARM Flash Release/uart0ISR.o
 .bss           0x4000011c        0xc ARM Flash Release/uart1.o
 .bss           0x40000128        0xc ARM Flash Release/uart1ISR.o
 .bss           0x40000134       0x34 ARM Flash Release/usbcontrol.o
 .bss           0x40000168        0x8 ARM Flash Release/usbinit.o
 .bss           0x40000170       0x48 ARM Flash Release/usbISR.o
 .bss           0x400001b8        0xc ARM Flash Release/usbstdreq.o
 .bss           0x400001c4       0x58 ARM Flash Release/usbser.o
 .bss           0x4000021c        0x0 ARM Flash Release/rtc.o
 .bss           0x4000021c        0x4 ARM Flash Release/rtcISR.o
 .bss           0x40000220        0x0 ARM Flash Release/reset.o
 .bss           0x40000220        0x0 ARM Flash Release/eint0.o
 .bss           0x40000220        0x0 ARM Flash Release/eint0ISR.o
 .bss           0x40000220        0x0 ARM Flash Release/eint2.o
 .bss           0x40000220        0x0 ARM Flash Release/eint2ISR.o
 .bss           0x40000220        0x0 ARM Flash Release/eint3.o
 .bss           0x40000220        0x4 ARM Flash Release/eint3ISR.o
                0x40000220                count
 .bss           0x40000224        0x0 ARM Flash Release/eint1.o
 .bss           0x40000224        0x0 ARM Flash Release/eint1ISR.o
 .bss           0x40000224        0x0 ARM Flash Release/beep.o
 .bss           0x40000224        0x8 ARM Flash Release/timer.o
 .bss           0x4000022c        0x0 ARM Flash Release/dac.o
 .bss           0x4000022c        0x0 ARM Flash Release/args.o
 .bss           0x4000022c        0x0 ARM Flash Release/argsdispatch.o
 .bss           0x4000022c      0x3d8 ARM Flash Release/monitor.o
                0x40000600                activeCommandList
 .bss           0x40000604        0x0 ARM Flash Release/printf-stdarg.o
 .bss           0x40000604        0x0 ARM Flash Release/leds.o
 .bss           0x40000604        0x1 ARM Flash Release/tcs3414.o
 *fill*         0x40000605        0x3 00
 .bss           0x40000608       0x2c ARM Flash Release/mmc.o
 .bss           0x40000634        0x0 ARM Flash Release/ssp.o
 .bss           0x40000634        0x0 ARM Flash Release/Lcd204_4.o
 .bss           0x40000634      0x238 ARM Flash Release/logging.o
 .bss           0x4000086c       0x1c ARM Flash Release/meas_sm.o
 .bss           0x40000888        0x0 ARM Flash Release/meas_task.o
 .bss           0x40000888        0x0 ARM Flash Release/crt0.o
 .bss           0x40000888        0x0 ARM Flash Release/Philips_LPC210X_Startup.o
 .bss           0x40000888        0x4 ARM Flash Release/LPC210x.o
 .bss           0x4000088c       0x80 ARM Flash Release/VIC.o
 .bss           0x4000090c        0x0 ARM Flash Release/VIC_irq_handler.o
 .bss           0x4000090c        0x0 ARM Flash Release/portISR.o
 .bss           0x4000090c        0x0 ARM Flash Release/port.o
 .bss           0x4000090c     0x4018 ARM Flash Release/heap_2.o
 .bss           0x40004924       0x34 ARM Flash Release/tasks.o
                0x40004924                uxSchedulerSuspended
                0x40004928                uxCurrentNumberOfTasks
                0x4000492c                xNumOfOverflows
                0x40004930                xTickCount
                0x40004934                xMissedYield
                0x40004938                pxCurrentTCB
                0x4000493c                uxTopReadyPriority
                0x40004940                uxMissedTicks
                0x40004944                xTracing
                0x40004948                uxTopUsedPriority
                0x4000494c                uxTasksDeleted
                0x40004950                uxTaskNumber
                0x40004954                xSchedulerRunning
 .bss           0x40004958        0x0 ARM Flash Release/queue.o
 .bss           0x40004958        0x0 ARM Flash Release/list.o
 .bss           0x40004958        0x4 ARM Flash Release/dhcpc.o
 .bss           0x4000495c        0x4 ARM Flash Release/sntp.o
 .bss           0x40004960      0x294 ARM Flash Release/telnetd.o
 .bss           0x40004bf4        0x0 ARM Flash Release/httpd.o
 .bss           0x40004bf4        0x0 ARM Flash Release/httpd-cgi.o
 .bss           0x40004bf4       0x18 ARM Flash Release/httpd-fs.o
 .bss           0x40004c0c        0x0 ARM Flash Release/http-strings.o
 .bss           0x40004c0c        0x8 ARM Flash Release/enc28j60.o
                0x40004c0c                xENC28J60Semaphore
                0x40004c10                ethRxPointer
 .bss           0x40004c14        0x0 ARM Flash Release/memb.o
 .bss           0x40004c14        0x0 ARM Flash Release/psock.o
 .bss           0x40004c14       0x1c ARM Flash Release/uip.o
                0x40004c24                uip_timeoffset
                0x40004c28                uip_ethaddr
 .bss           0x40004c30        0x0 ARM Flash Release/uip_arch.o
 .bss           0x40004c30       0x64 ARM Flash Release/uip_arp.o
 .bss           0x40004c94        0x0 ARM Flash Release/uip_timer.o
 .bss           0x40004c94       0x28 ARM Flash Release/uip-fw.o
 .bss           0x40004cbc        0x0 ARM Flash Release/uiplib.o
 .bss           0x40004cbc       0x80 ARM Flash Release/uip-neighbor.o
 .bss           0x40004d3c        0x0 ARM Flash Release/clock.o
 .bss           0x40004d3c        0xc ARM Flash Release/uiptask.o
 .bss           0x40004d48        0xc ARM Flash Release/disk.o
 .bss           0x40004d54        0x8 ARM Flash Release/ff.o
 .bss           0x40004d5c        0x0 C:/Users/lukas/AppData/Local/Rowley Associates Limited/CrossWorks for ARM/packages/lib/liblpc2000_v4t_a_le.a(liblpc2000_lpc21xx_get_cclk.o)
 .bss           0x40004d5c        0x0 C:/Users/lukas/AppData/Local/Rowley Associates Limited/CrossWorks for ARM/packages/lib/liblpc2000_v4t_a_le.a(liblpc2000_lpc21xx_get_pclk.o)
 .bss           0x40004d5c        0x0 C:/Program Files/Rowley Associates Limited/CrossWorks for ARM 2.0/lib/libm_v4t_a_le.a(__int32_to_float32.o)
 .bss           0x40004d5c        0x0 C:/Program Files/Rowley Associates Limited/CrossWorks for ARM 2.0/lib/libm_v4t_a_le.a(__int32_to_float64.o)
 .bss           0x40004d5c        0x0 C:/Program Files/Rowley Associates Limited/CrossWorks for ARM 2.0/lib/libm_v4t_a_le.a(__uint32_to_float32.o)
 .bss           0x40004d5c        0x0 C:/Program Files/Rowley Associates Limited/CrossWorks for ARM 2.0/lib/libm_v4t_a_le.a(__float32_to_int32.o)
 .bss           0x40004d5c        0x0 C:/Program Files/Rowley Associates Limited/CrossWorks for ARM 2.0/lib/libm_v4t_a_le.a(__float32_to_uint32.o)
 .bss           0x40004d5c        0x0 C:/Program Files/Rowley Associates Limited/CrossWorks for ARM 2.0/lib/libm_v4t_a_le.a(__float64_to_int32.o)
 .bss           0x40004d5c        0x0 C:/Program Files/Rowley Associates Limited/CrossWorks for ARM 2.0/lib/libm_v4t_a_le.a(__float32_mul.o)
 .bss           0x40004d5c        0x0 C:/Program Files/Rowley Associates Limited/CrossWorks for ARM 2.0/lib/libm_v4t_a_le.a(__float32_div.o)
 .bss           0x40004d5c        0x0 C:/Program Files/Rowley Associates Limited/CrossWorks for ARM 2.0/lib/libm_v4t_a_le.a(log.o)
 .bss           0x40004d5c        0x0 C:/Program Files/Rowley Associates Limited/CrossWorks for ARM 2.0/lib/libm_v4t_a_le.a(__float64_add.o)
 .bss           0x40004d5c        0x0 C:/Program Files/Rowley Associates Limited/CrossWorks for ARM 2.0/lib/libm_v4t_a_le.a(__float64_mul.o)
 .bss           0x40004d5c        0x0 C:/Program Files/Rowley Associates Limited/CrossWorks for ARM 2.0/lib/libm_v4t_a_le.a(__float64_div.o)
 .bss           0x40004d5c        0x0 C:/Program Files/Rowley Associates Limited/CrossWorks for ARM 2.0/lib/libm_v4t_a_le.a(__float64_cmp.o)
 .bss           0x40004d5c        0x0 C:/Program Files/Rowley Associates Limited/CrossWorks for ARM 2.0/lib/libm_v4t_a_le.a(__float64_isnan.o)
 .bss           0x40004d5c        0x0 C:/Program Files/Rowley Associates Limited/CrossWorks for ARM 2.0/lib/libm_v4t_a_le.a(__float64_infinity.o)
 .bss           0x40004d5c        0x0 C:/Program Files/Rowley Associates Limited/CrossWorks for ARM 2.0/lib/libm_v4t_a_le.a(__float64_nan.o)
 .bss           0x40004d5c        0x0 C:/Program Files/Rowley Associates Limited/CrossWorks for ARM 2.0/lib/libm_v4t_a_le.a(__poly1_eval.o)
 .bss           0x40004d5c        0x0 C:/Program Files/Rowley Associates Limited/CrossWorks for ARM 2.0/lib/libm_v4t_a_le.a(__poly_eval.o)
 .bss           0x40004d5c        0x0 C:/Program Files/Rowley Associates Limited/CrossWorks for ARM 2.0/lib/libm_v4t_a_le.a(frexp.o)
 .bss           0x40004d5c        0x0 C:/Program Files/Rowley Associates Limited/CrossWorks for ARM 2.0/lib/libm_v4t_a_le.a(ldexp.o)
 .bss           0x40004d5c        0x0 C:/Program Files/Rowley Associates Limited/CrossWorks for ARM 2.0/lib/libc_v4t_a_le.a(__int32_umod.o)
 .bss           0x40004d5c        0x0 C:/Program Files/Rowley Associates Limited/CrossWorks for ARM 2.0/lib/libc_v4t_a_le.a(__int32_div.o)
 .bss           0x40004d5c        0x0 C:/Program Files/Rowley Associates Limited/CrossWorks for ARM 2.0/lib/libc_v4t_a_le.a(__int32_udivmod.o)
 .bss           0x40004d5c        0x0 C:/Program Files/Rowley Associates Limited/CrossWorks for ARM 2.0/lib/libc_v4t_a_le.a(strlen.o)
 .bss           0x40004d5c        0x0 C:/Program Files/Rowley Associates Limited/CrossWorks for ARM 2.0/lib/libc_v4t_a_le.a(memcpy.o)
 .bss           0x40004d5c        0x0 C:/Program Files/Rowley Associates Limited/CrossWorks for ARM 2.0/lib/libc_v4t_a_le.a(memset.o)
 .bss           0x40004d5c        0x0 C:/Program Files/Rowley Associates Limited/CrossWorks for ARM 2.0/lib/libc_v4t_a_le.a(strcpy.o)
 .bss           0x40004d5c        0x0 C:/Program Files/Rowley Associates Limited/CrossWorks for ARM 2.0/lib/libc_v4t_a_le.a(strcmp.o)
 .bss           0x40004d5c        0x0 C:/Program Files/Rowley Associates Limited/CrossWorks for ARM 2.0/lib/libc_v4t_a_le.a(memcmp.o)
 .bss           0x40004d5c        0x0 C:/Program Files/Rowley Associates Limited/CrossWorks for ARM 2.0/lib/libc_v4t_a_le.a(strcat.o)
 .bss           0x40004d5c        0x0 C:/Program Files/Rowley Associates Limited/CrossWorks for ARM 2.0/lib/libc_v4t_a_le.a(strchr.o)
 .bss           0x40004d5c        0x0 C:/Program Files/Rowley Associates Limited/CrossWorks for ARM 2.0/lib/libc_v4t_a_le.a(strncmp.o)
 .bss           0x40004d5c        0x0 C:/Program Files/Rowley Associates Limited/CrossWorks for ARM 2.0/lib/libc_v4t_a_le.a(strncpy.o)
 .bss           0x40004d5c        0x0 C:/Program Files/Rowley Associates Limited/CrossWorks for ARM 2.0/lib/libc_v4t_a_le.a(strrchr.o)
 .bss           0x40004d5c        0x0 C:/Program Files/Rowley Associates Limited/CrossWorks for ARM 2.0/lib/libc_v4t_a_le.a(strstr.o)
 .bss           0x40004d5c        0x0 C:/Program Files/Rowley Associates Limited/CrossWorks for ARM 2.0/lib/libc_v4t_a_le.a(ctype.o)
 .bss           0x40004d5c        0x0 C:/Program Files/Rowley Associates Limited/CrossWorks for ARM 2.0/lib/libc_v4t_a_le.a(malloc.o)
 .bss           0x40004d5c        0x0 C:/Program Files/Rowley Associates Limited/CrossWorks for ARM 2.0/lib/libc_v4t_a_le.a(atoi.o)
 .bss           0x40004d5c        0x0 C:/Program Files/Rowley Associates Limited/CrossWorks for ARM 2.0/lib/libc_v4t_a_le.a(time.o)
 .bss.libc      0x40004d5c       0x24 C:/Program Files/Rowley Associates Limited/CrossWorks for ARM 2.0/lib/libc_v4t_a_le.a(time.o)
 .bss           0x40004d80        0x0 C:/Program Files/Rowley Associates Limited/CrossWorks for ARM 2.0/lib/libc_v4t_a_le.a(asctime.o)
 .bss.libc      0x40004d80       0x1c C:/Program Files/Rowley Associates Limited/CrossWorks for ARM 2.0/lib/libc_v4t_a_le.a(asctime.o)
 .bss           0x40004d9c        0x0 C:/Program Files/Rowley Associates Limited/CrossWorks for ARM 2.0/lib/libc_v4t_a_le.a(strftime.o)
 .bss           0x40004d9c        0x0 C:/Program Files/Rowley Associates Limited/CrossWorks for ARM 2.0/lib/libc_v4t_a_le.a(div.o)
 .bss           0x40004d9c        0x0 C:/Program Files/Rowley Associates Limited/CrossWorks for ARM 2.0/lib/libc_v4t_a_le.a(strtol.o)
 .bss           0x40004d9c        0x0 C:/Program Files/Rowley Associates Limited/CrossWorks for ARM 2.0/lib/libc_v4t_a_le.a(ldiv.o)
 .bss           0x40004d9c        0x0 C:/Program Files/Rowley Associates Limited/CrossWorks for ARM 2.0/lib/libc_v4t_a_le.a(__int32_mod.o)
 .bss           0x40004d9c        0x0 C:/Program Files/Rowley Associates Limited/CrossWorks for ARM 2.0/lib/libc_v4t_a_le.a(__strtoul.o)
 .bss           0x40004d9c        0x0 C:/Program Files/Rowley Associates Limited/CrossWorks for ARM 2.0/lib/libc_v4t_a_le.a(__digit.o)