Archive member included because of file (symbol)

C:/Users/lukas/AppData/Local/Rowley Associates Limited/CrossWorks for ARM/packages/lib/liblpc2000_v4t_a_le.a(liblpc2000_lpc21xx_get_cclk.o)
                              ARM Flash Release/LPC210x.o (liblpc2000_lpc21xx_get_cclk)
C:/Users/lukas/AppData/Local/Rowley Associates Limited/CrossWorks for ARM/packages/lib/liblpc2000_v4t_a_le.a(liblpc2000_lpc21xx_get_pclk.o)
                              ARM Flash Release/LPC210x.o (liblpc2000_lpc21xx_get_pclk)
C:/Program Files/Rowley Associates Limited/CrossWorks for ARM 2.0/lib/libm_v4t_a_le.a(__int32_to_float32.o)
                              ARM Flash Release/meas_sm.o (__floatsisf)
C:/Program Files/Rowley Associates Limited/CrossWorks for ARM 2.0/lib/libm_v4t_a_le.a(__int32_to_float64.o)
                              ARM Flash Release/timer.o (__floatsidf)
C:/Program Files/Rowley Associates Limited/CrossWorks for ARM 2.0/lib/libm_v4t_a_le.a(__uint32_to_float32.o)
                              ARM Flash Release/dac.o (__floatunsisf)
C:/Program Files/Rowley Associates Limited/CrossWorks for ARM 2.0/lib/libm_v4t_a_le.a(__float32_to_int32.o)
                              ARM Flash Release/timer.o (__fixsfsi)
C:/Program Files/Rowley Associates Limited/CrossWorks for ARM 2.0/lib/libm_v4t_a_le.a(__float32_to_uint32.o)
                              ARM Flash Release/dac.o (__fixunssfsi)
C:/Program Files/Rowley Associates Limited/CrossWorks for ARM 2.0/lib/libm_v4t_a_le.a(__float64_to_int32.o)
                              ARM Flash Release/meas_sm.o (__fixdfsi)
C:/Program Files/Rowley Associates Limited/CrossWorks for ARM 2.0/lib/libm_v4t_a_le.a(__float64_to_float32.o)
                              ARM Flash Release/timer.o (__truncdfsf2)
C:/Program Files/Rowley Associates Limited/CrossWorks for ARM 2.0/lib/libm_v4t_a_le.a(__float32_mul.o)
                              ARM Flash Release/dac.o (__mulsf3)
C:/Program Files/Rowley Associates Limited/CrossWorks for ARM 2.0/lib/libm_v4t_a_le.a(__float64_div.o)
                              ARM Flash Release/timer.o (__divdf3)
C:/Program Files/Rowley Associates Limited/CrossWorks for ARM 2.0/lib/libm_v4t_a_le.a(log.o)
                              ARM Flash Release/logging.o (log)
C:/Program Files/Rowley Associates Limited/CrossWorks for ARM 2.0/lib/libm_v4t_a_le.a(__float64_add.o)
                              C:/Program Files/Rowley Associates Limited/CrossWorks for ARM 2.0/lib/libm_v4t_a_le.a(log.o) (__subdf3)
C:/Program Files/Rowley Associates Limited/CrossWorks for ARM 2.0/lib/libm_v4t_a_le.a(__float64_mul.o)
                              C:/Program Files/Rowley Associates Limited/CrossWorks for ARM 2.0/lib/libm_v4t_a_le.a(log.o) (__muldf3)
C:/Program Files/Rowley Associates Limited/CrossWorks for ARM 2.0/lib/libm_v4t_a_le.a(__float64_cmp.o)
                              C:/Program Files/Rowley Associates Limited/CrossWorks for ARM 2.0/lib/libm_v4t_a_le.a(log.o) (__eqdf2)
C:/Program Files/Rowley Associates Limited/CrossWorks for ARM 2.0/lib/libm_v4t_a_le.a(__float64_isnan.o)
                              C:/Program Files/Rowley Associates Limited/CrossWorks for ARM 2.0/lib/libm_v4t_a_le.a(log.o) (__float64_isnan)
C:/Program Files/Rowley Associates Limited/CrossWorks for ARM 2.0/lib/libm_v4t_a_le.a(__float64_infinity.o)
                              C:/Program Files/Rowley Associates Limited/CrossWorks for ARM 2.0/lib/libm_v4t_a_le.a(log.o) (__float64_infinity)
C:/Program Files/Rowley Associates Limited/CrossWorks for ARM 2.0/lib/libm_v4t_a_le.a(__float64_nan.o)
                              C:/Program Files/Rowley Associates Limited/CrossWorks for ARM 2.0/lib/libm_v4t_a_le.a(log.o) (__float64_nan)
C:/Program Files/Rowley Associates Limited/CrossWorks for ARM 2.0/lib/libm_v4t_a_le.a(__poly1_eval.o)
                              C:/Program Files/Rowley Associates Limited/CrossWorks for ARM 2.0/lib/libm_v4t_a_le.a(log.o) (__poly1_eval)
C:/Program Files/Rowley Associates Limited/CrossWorks for ARM 2.0/lib/libm_v4t_a_le.a(__poly_eval.o)
                              C:/Program Files/Rowley Associates Limited/CrossWorks for ARM 2.0/lib/libm_v4t_a_le.a(log.o) (__poly_eval)
C:/Program Files/Rowley Associates Limited/CrossWorks for ARM 2.0/lib/libm_v4t_a_le.a(frexp.o)
                              C:/Program Files/Rowley Associates Limited/CrossWorks for ARM 2.0/lib/libm_v4t_a_le.a(log.o) (frexp)
C:/Program Files/Rowley Associates Limited/CrossWorks for ARM 2.0/lib/libm_v4t_a_le.a(ldexp.o)
                              C:/Program Files/Rowley Associates Limited/CrossWorks for ARM 2.0/lib/libm_v4t_a_le.a(log.o) (ldexp)
C:/Program Files/Rowley Associates Limited/CrossWorks for ARM 2.0/lib/libc_v4t_a_le.a(__int32_umod.o)
                              ARM Flash Release/printf-stdarg.o (__umodsi3)
C:/Program Files/Rowley Associates Limited/CrossWorks for ARM 2.0/lib/libc_v4t_a_le.a(__int32_div.o)
[...]
Memory Configuration

Name             Origin             Length             Attributes
UNPLACED_SECTIONS 0xffffffff         0x00000000         xw
AHB_Peripherals  0xffe00000         0x00200000         xw
APB_Peripherals  0xe0000000         0x00200000         xw
USB_DMA_RAM      0x7fd00000         0x00002000         xw
SRAM             0x40000000         0x00008000         xw
FLASH            0x00000000         0x00080000         xr
*default*        0x00000000         0xffffffff

Linker script and memory map

                0xffe00000                __AHB_Peripherals_segment_start__ = 0xffe00000
                0x00000000                __AHB_Peripherals_segment_end__ = 0x0
                0xe0000000                __APB_Peripherals_segment_start__ = 0xe0000000
                0xe0200000                __APB_Peripherals_segment_end__ = 0xe0200000
                0x7fd00000                __USB_DMA_RAM_segment_start__ = 0x7fd00000
                0x7fd02000                __USB_DMA_RAM_segment_end__ = 0x7fd02000
                0x40000000                __SRAM_segment_start__ = 0x40000000
                0x40008000                __SRAM_segment_end__ = 0x40008000
                0x00000000                __FLASH_segment_start__ = 0x0
                0x00080000                __FLASH_segment_end__ = 0x80000
                0x00000400                __STACKSIZE__ = 0x400
                0x00000400                __STACKSIZE_IRQ__ = 0x400
                0x00000020                __STACKSIZE_FIQ__ = 0x20
                0x00000100                __STACKSIZE_SVC__ = 0x100
                0x00000008                __STACKSIZE_ABT__ = 0x8
                0x00000008                __STACKSIZE_UND__ = 0x8
                0x00000400                __HEAPSIZE__ = 0x400
                0x40000000                __vectors_ram_load_start__ = __SRAM_segment_start__

.vectors_ram    0x40000000       0x3c
                0x40000000                __vectors_ram_start__ = .
 *(.vectors_ram .vectors_ram.*)
                0x4000003c                . = MAX ((__vectors_ram_start__ + 0x3c), .)
 *fill*         0x40000000       0x3c 00
                0x4000003c                __vectors_ram_end__ = (__vectors_ram_start__ + SIZEOF (.vectors_ram))
                0x4000003c                __vectors_ram_load_end__ = __vectors_ram_end__
                0x00000001                . = ASSERT (((__vectors_ram_end__ >= __SRAM_segment_start__) && (__vectors_ram_end__ <= (__SRAM_segment_start__ + 0x8000))), error: .vectors_ram is too large to fit in SRAM memory segment)
                0x00000000                __vectors_load_start__ = __FLASH_segment_start__

.vectors        0x00000000       0x38
                0x00000000                __vectors_start__ = .
 *(.vectors .vectors.*)
 .vectors       0x00000000       0x38 ARM Flash Release/Philips_LPC210X_Startup.o
                0x00000000                _vectors
                0x00000038                __vectors_end__ = (__vectors_start__ + SIZEOF (.vectors))
                0x00000038                __vectors_load_end__ = __vectors_end__
                0x00000001                . = ASSERT (((__vectors_end__ >= __FLASH_segment_start__) && (__vectors_end__ <= (__FLASH_segment_start__ + 0x80000))), error: .vectors is too large to fit in FLASH memory segment)
                0x00000038                __init_load_start__ = ALIGN (__vectors_end__, 0x4)

.init           0x00000038      0x260
                0x00000038                __init_start__ = .
 *(.init .init.*)
 *fill*         0x00000038        0x8 00
 .init          0x00000040      0x1d0 ARM Flash Release/crt0.o
                0x00000040                _start
                0x00000040                __start
 .init          0x00000210       0x88 ARM Flash Release/Philips_LPC210X_Startup.o
                0x00000210                reset_handler
                0x0000027c                undef_handler
                0x00000284                pabort_handler
                0x00000288                dabort_handler
                0x0000028c                fiq_handler
                0x00000298                __init_end__ = (__init_start__ + SIZEOF (.init))
                0x00000298                __init_load_end__ = __init_end__
                0x00000001                . = ASSERT (((__init_end__ >= __FLASH_segment_start__) && (__init_end__ <= (__FLASH_segment_start__ + 0x80000))), error: .init is too large to fit in FLASH memory segment)
                0x00000298                __text_load_start__ = ALIGN (__init_end__, 0x4)

.text           0x00000298    0x16dec
                0x00000298                __text_start__ = .
 *(.text .text.* .glue_7t .glue_7 .gnu.linkonce.t.* .gcc_except_table)
 .glue_7        0x00000000        0x0 linker stubs
 .glue_7t       0x00000000        0x0 linker stubs
 .text          0x00000298       0x74 ARM Flash Release/main.o
                0x00000298                vApplicationStackOverflowHook
                0x0000029c                __putchar
                0x000002b8                main
 .text          0x0000030c      0x3cc ARM Flash Release/adc.o
                0x0000030c                adcRead0_1
                0x0000036c                adcRead0_2
                0x000003cc                adcRead0_3
                0x0000042c                adcRead1_1
                0x0000048c                adcRead1_6
                0x000004ec                adcRead1_7
                0x0000054c                adcInit0_1
                0x00000590                adcInit0_2
                0x000005d4                adcInit0_3
                0x00000618                adcInit1_1
                0x00000658                adcInit1_6
                0x00000698                adcInit1_7
 .text          0x000006d8       0xd8 ARM Flash Release/cpu.o
                0x000006d8                cpuSetupHardware
                0x00000788                cpuPLLDisable
 .text          0x000007b0       0x60 ARM Flash Release/i2c.o
                0x000007b0                i2cGetErrno
                0x000007c0                i2cStrerror
 .text          0x00000810      0x9b0 ARM Flash Release/i2cInt.o
                0x00000c50                i2cInit
                0x00000d7c                i2cSetTimeout
                0x00000ef0                i2cWriteReadBuffer
                0x00000f38                i2cReadBuffer
                0x00000f84                i2cWriteBuffer
                0x000010c4                i2cWriteReadBufferPoll
                0x00001110                i2cWriteBufferPoll
                0x0000115c                i2cDump
 .text          0x000011c0      0x1a4 ARM Flash Release/pwm.o
                0x000011c0                pwmDutyCycle
                0x00001228                pwmPulseWidthInMicroseconds
                0x00001260                pwmFrequency
                0x000012d8                pwmInit
 .text          0x00001364       0x9c ARM Flash Release/spi.o
                0x00001364                spiInit
                0x000013cc                spiPut
 .text          0x00001400      0x2ac ARM Flash Release/uart0.o
                0x00001400                uart0Deinit
                0x00001434                uart0GetRxQueue
                0x00001448                uart0GetChar
                0x0000147c                uart0PutChar
                0x00001540                uart0PutString
                0x00001588                uart0Init
 .text          0x000016ac      0x290 ARM Flash Release/uart0ISR.o
                0x000016ac                uart0ISRCreateQueues
                0x0000188c                uart0ISR
 .text          0x0000193c      0x2ac ARM Flash Release/uart1.o
                0x0000193c                uart1Deinit
                0x00001970                uart1GetRxQueue
                0x00001984                uart1GetChar
                0x000019b8                uart1PutChar
                0x00001a7c                uart1PutString
                0x00001ac4                uart1Init
 .text          0x00001be8      0x290 ARM Flash Release/uart1ISR.o
                0x00001be8                uart1ISRCreateQueues
                0x00001dc8                uart1ISR
 .text          0x00001e78      0x21c ARM Flash Release/usbcontrol.o
                0x00001eac                usbRegisterRequestHandler
                0x00001f24                usbHandleControlTransfer
 .text          0x00002094       0x74 ARM Flash Release/usbinit.o
                0x00002098                usbRegisterHandlers
 .text          0x00002108      0x6c0 ARM Flash Release/usbISR.o
                0x000021d8                usbHardwareEndpointConfig
                0x00002230                usbHardwareRegisterEPIntHandler
                0x00002274                usbHardwareRegisterDevIntHandler
                0x00002298                usbHardwareRegisterFrameHandler
                0x000022bc                usbHardwareSetAddress
                0x000022dc                usbHardwareConnect
                0x000022f8                usbHardwareNakIntEnable
                0x00002310                usbHardwareEndpointIsStalled
                0x00002334                usbHardwareEndpointStall
                0x00002360                usbHardwareEndpointWrite
                0x00002400                usbHardwareEndpointRead
                0x000024b4                usbHardwareConfigDevice
                0x000024d0                usbSetupInterruptHandler
                0x00002500                usbHardwareInit
                0x000025d4                usbISR
 .text          0x000027c8      0x354 ARM Flash Release/usbstdreq.o
                0x000027c8                usbRegisterDescriptors
                0x000027d8                usbGetDescriptor
                0x00002864                usbRegisterCustomReqHandler
                0x00002874                usbHandleStandardRequest
 .text          0x00002b1c      0x388 ARM Flash Release/usbser.o
                0x00002b1c                usbserGetRxQueue
                0x00002b58                usbserInit
                0x00002d90                usbserGetChar
                0x00002dd8                usbserPutChar
                0x00002e34                usbserPutString
 .text          0x00002ea4      0x8e0 ARM Flash Release/rtc.o
                0x00002ea4                rtcSetAlarm
                0x00002f48                rtcSetAlarmCIIR
                0x00002f9c                rtcPeriodicAlarm
                0x00003024                rtcIs5minInt
                0x00003038                getMonthLength
                0x00003230                getRtcRead
                0x00003244                rtcGetEpochSecondsLuk
                0x00003270                rtcGetEpochSeconds
                0x000033cc                time
                0x000033e0                rtcGetAlarmTm
                0x000034c8                rtcGetAlarmEpochSeconds
                0x000034e8                rtcSetEpochSeconds
                0x000035c8                rtcInit
 .text          0x00003784      0x1d8 ARM Flash Release/rtcISR.o
                0x00003784                rtcISRInit
                0x000038ac                rtcISR
 .text          0x0000395c       0x28 ARM Flash Release/reset.o
                0x0000395c                reset
 .text          0x00003984       0xa4 ARM Flash Release/eint0.o
                0x00003984                eint0Deinit
                0x000039a8                eint0Init
 .text          0x00003a28       0xc4 ARM Flash Release/eint0ISR.o
                0x00003a28                eint0ISR
 .text          0x00003aec       0xa4 ARM Flash Release/eint2.o
                0x00003aec                eint2Deinit
                0x00003b10                eint2Init
 .text          0x00003b90       0xd8 ARM Flash Release/eint2ISR.o
                0x00003bb8                eint2ISR
 .text          0x00003c68       0xa8 ARM Flash Release/eint3.o
                0x00003c68                eint3Deinit
                0x00003c90                eint3Init
 .text          0x00003d10       0xc8 ARM Flash Release/eint3ISR.o
                0x00003d10                eint3ISR
 .text          0x00003dd8       0xa0 ARM Flash Release/eint1.o
                0x00003dd8                eint1Deinit
                0x00003dfc                eint1Init
 .text          0x00003e78      0x108 ARM Flash Release/eint1ISR.o
                0x00003e78                eint1ISR
 .text          0x00003f80      0x174 ARM Flash Release/beep.o
                0x00003f80                beepOn
                0x00004008                beepOff
                0x000040a0                beepA_TEAM_THEME
                0x000040bc                beepSMOTW
                0x000040d8                beepMHALL
 .text          0x000040f4      0x288 ARM Flash Release/timer.o
                0x000040f4                timer1Init
                0x0000410c                timer1ISR
                0x0000428c                getWindPeriod
                0x000042d4                clrWindPeriod
                0x000042e8                capture13Init
 .text          0x0000437c        0x0 ARM Flash Release/freqCounter.o
 .text          0x0000437c       0xb8 ARM Flash Release/dac.o
                0x0000437c                dacInit
                0x000043a4                dacSet
                0x000043e0                dacSetMV
 .text          0x00004434      0x2d4 ARM Flash Release/args.o
                0x00004434                argsParse
                0x000045a0                argsGetLine
 .text          0x00004708      0x11c ARM Flash Release/argsdispatch.o
                0x00004708                argsDispatch
 .text          0x00004824     0x16c4 ARM Flash Release/monitor.o
                0x0000483c                monitorTaskStart
                0x00005e80                get_fattime
 .text          0x00005ee8      0x524 ARM Flash Release/printf-stdarg.o
                0x00005ee8                write
                0x00006374                snprintf
                0x000063a8                sprintf
                0x000063dc                printf
 .text          0x0000640c      0x124 ARM Flash Release/leds.o
                0x0000640c                ledsSetDelay
                0x00006424                ledsGetDelay
                0x00006434                ledsTaskStop
                0x00006488                ledsTaskStart
 .text          0x00006530      0x22c ARM Flash Release/tcs3414.o
                0x00006534                tcs3414TaskStart
                0x000065d8                tcs3414GetICRevision
                0x000065fc                tcs3414GetColour
                0x00006710                tcs3414Init
 .text          0x0000675c      0x984 ARM Flash Release/mmc.o
                0x0000675c                mmcWriteProtect
                0x0000676c                mmcDecodeCSD
                0x00006784                mmcDumpCSD
                0x0000679c                mmcCardPresent
                0x00006978                mmcVerify
                0x00006ab8                mmcReadCardInfo
                0x00006b94                mmcInitMedia
                0x00006ee0                mmcWrite
                0x00006fe8                mmcRead
                0x000070c4                mmcWaitReady
 .text          0x000070e0      0x3b0 ARM Flash Release/ssp.o
                0x000070e0                sspHardwareCardPresent
                0x000070fc                sspHardwareWriteProtected
                0x00007128                sspChipSelect
                0x000071b8                sspSetClockFreq
                0x0000720c                sspInit
                0x000072c4                sspTransferByte
                0x0000730c                sspWaitReady
                0x00007340                sspSendBlock
                0x00007394                sspReceiveBlock
                0x00007448                sspDelay1ms
 .text          0x00007490        0x0 ARM Flash Release/Lcd204_4.o
 .text          0x00007490      0x510 ARM Flash Release/logging.o
                0x00007490                setWsPrice
                0x000074a0                init_daysLogging
                0x000074b4                incr_daysLogging
                0x000074d8                b_itoab
                0x000075a8                luk_strcpy
                0x000075c8                nrOfDigits
                0x000075fc                getDateTime
                0x00007650                fs_init
                0x000076a0                appendToLog
                0x00007780                initLog
                0x000077fc                trackLogTaskStop
                0x00007830                trackLogTaskStart
                0x0000787c                trackLog
                0x000078c0                getLogFilename
                0x00007960                fillSlogEntryItem
 .text          0x000079a0      0x744 ARM Flash Release/meas_sm.o
                0x000079a0                set_measure
                0x000079b4                clr_measure
                0x000079c8                get_measure
                0x000079d8                set_trackLog
                0x000079ec                clr_trackLog
                0x00007a00                get_trackLog
                0x00007a10                get_pumpLastControlSignalOn
                0x00007a2c                clr_pumpLastControlSignalOn
                0x00007a40                getMeasure_timestamp_diff
                0x00007a5c                clr_valuesReceived
                0x00007a70                set_valuesReceived
                0x00007a84                valuesReceived
                0x00007a94                stopMeasure
                0x00007aa8                startMeasure
                0x00007abc                updateMeasure_timestamp
                0x00007af8                set_pumpLastControlSignalOn
                0x00007b20                MeasSMTaskStop
                0x00007b54                measSMTaskStart
                0x00007ba0                meas_sm
 .text          0x000080e4      0x28c ARM Flash Release/meas_task.o
                0x000080e4                meas_task_init
                0x00008148                measTaskStop
                0x0000817c                measTaskStart
                0x000081c8                doMeasure
                0x0000824c                meas_wind
 .text          0x00008370        0x0 ARM Flash Release/crt0.o
 .text          0x00008370        0x0 ARM Flash Release/Philips_LPC210X_Startup.o
 .text          0x00008370       0xc8 ARM Flash Release/LPC210x.o
                0x000083a0                ctl_get_ticks_per_second
                0x000083a8                ctl_start_timer
 .text          0x00008438      0x1b0 ARM Flash Release/VIC.o
                0x00008438                ctl_set_isr
                0x000085b8                ctl_unmask_isr
                0x000085d0                ctl_mask_isr
 .text          0x000085e8       0x44 ARM Flash Release/VIC_irq_handler.o
                0x000085e8                irq_handler
 .text          0x0000862c      0x22c ARM Flash Release/portISR.o
                0x0000862c                vPortISRStartFirstTask
                0x00008678                vTickISR
                0x00008738                vPortEnterCritical
                0x00008764                vPortExitCritical
                0x000087ac                swi_handler
 .text          0x00008858      0x18c ARM Flash Release/port.o
                0x00008858                pxPortInitialiseStack
                0x00008964                vPortEndScheduler
                0x00008968                xPortStartScheduler
 .text          0x000089e4      0x1b4 ARM Flash Release/heap_2.o
                0x000089e4                xPortGetFreeHeapSize
                0x000089f4                vPortInitialiseBlocks
                0x000089f8                vPortFree
                0x00008a5c                pvPortMalloc
 .text          0x00008b98     0x1410 ARM Flash Release/tasks.o
                0x00008b98                xTaskIsTaskSuspended
                0x00008bd4                vTaskSuspendAll
                0x00008bec                uxTaskGetNumberOfTasks
                0x00008bfc                vTaskSetTimeOutState
                0x00008c18                vTaskMissedYield
                0x00008c2c                usTaskCheckFreeStackSpace
                0x00008c60                uxTaskGetStackHighWaterMark
                0x00008c84                xTaskGetCurrentTaskHandle
                0x00008c94                vTaskPriorityDisinherit
                0x00008d08                vTaskPriorityInherit
                0x00008dbc                xTaskRemoveFromEventList
                0x00008e6c                vTaskIncrementTick
                0x00008f78                xTaskResumeFromISR
                0x00009020                prvDeleteTCB
                0x00009040                prvListTaskWithinSingleList
                0x000090fc                prvAllocateTCBAndStack
                0x00009158                xTaskCheckForTimeOut
                0x000091f4                ulTaskEndTrace
                0x00009234                vTaskStartTrace
                0x0000928c                xTaskGetTickCount
                0x000092b0                xTaskResumeAll
                0x000093f4                vTaskList
                0x00009508                prvCheckTasksWaitingTermination
                0x00009594                prvIdleTask
                0x000095a4                vTaskResume
                0x00009640                vTaskSuspend
                0x000096bc                vTaskPrioritySet
                0x000097ac                uxTaskPriorityGet
                0x000097dc                vTaskDelete
                0x00009880                prvInitialiseTaskLists
                0x00009908                prvInitialiseTCBVariables
                0x00009960                vTaskPlaceOnEventList
                0x00009a0c                vTaskDelay
                0x00009a9c                vTaskDelayUntil
                0x00009b8c                vTaskSwitchContext
                0x00009d78                vTaskEndScheduler
                0x00009dac                xTaskGenericCreate
                0x00009f30                vTaskStartScheduler
 .text          0x00009fa8      0xb54 ARM Flash Release/queue.o
                0x00009fa8                uxQueueMessagesWaitingFromISR
                0x00009fb0                xQueueIsQueueEmptyFromISR
                0x00009fc0                xQueueIsQueueFullFromISR
                0x00009fd8                vQueueAddToRegistry
                0x0000a024                vQueueDelete
                0x0000a090                uxQueueMessagesWaiting
                0x0000a150                xQueueReceiveFromISR
                0x0000a1c8                xQueueAltGenericReceive
                0x0000a408                xQueueGenericReceive
                0x0000a5c0                xQueueTakeMutexRecursive
                0x0000a6d0                xQueueGenericSendFromISR
                0x0000a744                xQueueAltGenericSend
                0x0000a84c                xQueueGenericSend
                0x0000a998                xQueueGiveMutexRecursive
                0x0000a9ec                xQueueCreateMutex
                0x0000aa60                xQueueCreate
 .text          0x0000aafc      0x108 ARM Flash Release/list.o
                0x0000aafc                vListInitialise
                0x0000ab20                vListInitialiseItem
                0x0000ab2c                vListInsertEnd
                0x0000ab64                vListInsert
                0x0000abc4                vListRemove
 .text          0x0000ac04      0x71c ARM Flash Release/dhcpc.o
                0x0000ac28                dhcpc_request
                0x0000af48                dhcpc_appcall
                0x0000b2a8                dhcpc_init
 .text          0x0000b320      0x2b4 ARM Flash Release/sntp.o
                0x0000b320                sntp_appcall
                0x0000b564                sntpSync
 .text          0x0000b5d4      0x604 ARM Flash Release/telnetd.o
                0x0000b5f0                telnetdDisconnect
                0x0000b7ac                telnetd_appcall
                0x0000bad8                telnetd_init
                0x0000bb3c                telnetdPutChar
 .text          0x0000bbd8      0x9c4 ARM Flash Release/httpd.o
                0x0000bbd8                httpd_init
                0x0000c480                httpd_appcall
 .text          0x0000c59c      0x448 ARM Flash Release/httpd-cgi.o
                0x0000c5ac                httpd_cgi
 .text          0x0000c9e4      0x174 ARM Flash Release/httpd-fs.o
                0x0000ca58                httpd_fs_open
                0x0000cad8                httpd_fs_init
                0x0000cafc                httpd_fs_count
 .text          0x0000cb58        0x0 ARM Flash Release/http-strings.o
 .text          0x0000cb58      0x88c ARM Flash Release/enc28j60.o
                0x0000cbfc                enc28j60WaitForData
                0x0000cd80                enc28j60Send
                0x0000cefc                enc28j60Deinit
                0x0000cf1c                enc28j60Init
                0x0000d27c                enc28j60Receive
 .text          0x0000d3e4      0x124 ARM Flash Release/memb.o
                0x0000d3e4                memb_alloc
                0x0000d454                memb_free
                0x0000d4d0                memb_init
 .text          0x0000d508      0x608 ARM Flash Release/psock.o
                0x0000d5a0                psock_datalen
                0x0000d5b8                psock_newdata
                0x0000d5f4                psock_readto
                0x0000d760                psock_init
                0x0000d79c                psock_readbuf
                0x0000d9a8                psock_generator_send
                0x0000da78                psock_send
 .text          0x0000db10     0x1e30 ARM Flash Release/uip.o
                0x0000db10                uip_setipid
                0x0000db20                uip_init
                0x0000db8c                uip_unlisten
                0x0000dc38                uip_listen
                0x0000dce0                htons
                0x0000dcf8                uip_connect
                0x0000dec0                htonl
                0x0000dee8                uip_iszeroaddr
                0x0000df08                uip_send
                0x0000dfac                uip_process
                0x0000f600                uip_udp_new
                0x0000f76c                uip_printstats
 .text          0x0000f940      0x444 ARM Flash Release/uip_arch.o
                0x0000f940                uip_add32
                0x0000faac                uip_udpchksum
                0x0000fb08                uip_chksum
                0x0000fbf4                uip_ipchksum
                0x0000fc10                uip_tcpchksum
 .text          0x0000fd84      0x768 ARM Flash Release/uip_arp.o
                0x0000ff20                uip_arp_ipin
                0x0000ffb8                uip_arp_arpin
                0x00010178                uip_arp_out
                0x000103f4                uip_arp_timer
                0x00010490                uip_arp_init
 .text          0x000104ec       0x70 ARM Flash Release/uip_timer.o
                0x000104ec                timer_reset
                0x000104fc                timer_expired
                0x00010528                timer_restart
                0x00010540                timer_set
 .text          0x0001055c      0x41c ARM Flash Release/uip-fw.o
                0x0001055c                uip_fw_init
                0x00010598                uip_fw_output
                0x000106d8                uip_fw_register
                0x000106f0                uip_fw_default
                0x00010700                uip_fw_periodic
                0x00010748                uip_fw_forward
 .text          0x00010978       0x98 ARM Flash Release/uiplib.o
                0x00010978                uiplib_ipaddrconv
 .text          0x00010a10      0x1e4 ARM Flash Release/uip-neighbor.o
                0x00010a10                uip_neighbor_init
                0x00010a34                uip_neighbor_periodic
                0x00010ab4                uip_neighbor_update
                0x00010ad0                uip_neighbor_lookup
                0x00010aec                uip_neighbor_add
 .text          0x00010bf4       0x10 ARM Flash Release/clock.o
                0x00010bf4                clock_time
 .text          0x00010c04      0x3d0 ARM Flash Release/uiptask.o
                0x00010c04                uipIsRunning
                0x00010c1c                dispatch_tcp_appcall
                0x00010c20                dispatch_udp_appcall
                0x00010c24                dhcpc_configured
                0x00010c28                uipStop
                0x00010c64                uipStart
                0x00010f9c                uipFastPoll
 .text          0x00010fd4      0x3ac ARM Flash Release/disk.o
                0x00010fd4                diskShutdown
                0x00010ff0                diskStatus
                0x00011000                diskErrorText
                0x00011050                diskErrorTextPrint
                0x00011078                diskPresent
                0x00011088                diskIoctl
                0x00011200                diskWrite
                0x00011260                diskRead
                0x000112ac                diskInitialize
 .text          0x00011380     0x2dc8 ARM Flash Release/ff.o
                0x000114f4                f_ferrorlookup
                0x00011544                f_mount
                0x000115a0                f_mkfs
                0x000125a0                f_readdir
                0x0001265c                f_lseek
                0x00012854                f_write
                0x00012b04                f_read
                0x000131e0                f_getfree
                0x00013648                f_rename
                0x00013770                f_chmod
                0x00013800                f_unlink
                0x0001397c                f_stat
                0x000139f0                f_opendir
                0x00013aac                f_mkdir
                0x00013d14                f_sync
                0x00013e20                f_close
                0x00013e40                f_open
                0x00014120                f_printerror
 .text          0x00014148        0x0 C:/Users/lukas/AppData/Local/Rowley Associates Limited/CrossWorks for ARM/packages/lib/liblpc2000_v4t_a_le.a(liblpc2000_lpc21xx_get_cclk.o)
 .text.liblpc2000
                0x00014148       0x30 C:/Users/lukas/AppData/Local/Rowley Associates Limited/CrossWorks for ARM/packages/lib/liblpc2000_v4t_a_le.a(liblpc2000_lpc21xx_get_cclk.o)
                0x00014148                liblpc2000_lpc21xx_get_cclk
                0x00014148                liblpc2000_get_cclk
 .text          0x00014178        0x0 C:/Users/lukas/AppData/Local/Rowley Associates Limited/CrossWorks for ARM/packages/lib/liblpc2000_v4t_a_le.a(liblpc2000_lpc21xx_get_pclk.o)
 .text.liblpc2000
                0x00014178       0x2c C:/Users/lukas/AppData/Local/Rowley Associates Limited/CrossWorks for ARM/packages/lib/liblpc2000_v4t_a_le.a(liblpc2000_lpc21xx_get_pclk.o)
                0x00014178                liblpc2000_lpc21xx_get_pclk
                0x00014178                liblpc2000_get_pclk
 .text          0x000141a4        0x0 C:/Program Files/Rowley Associates Limited/CrossWorks for ARM 2.0/lib/libm_v4t_a_le.a(__int32_to_float32.o)
 *fill*         0x000141a4        0xc 00
 .text.libc     0x000141b0       0x70 C:/Program Files/Rowley Associates Limited/CrossWorks for ARM 2.0/lib/libm_v4t_a_le.a(__int32_to_float32.o)
                0x000141b0                __int32_to_float32
                0x000141b0                __floatsisf
                0x000141b0                __aeabi_i2f
                0x000141c4                __int32_to_float32_common
 .text          0x00014220        0x0 C:/Program Files/Rowley Associates Limited/CrossWorks for ARM 2.0/lib/libm_v4t_a_le.a(__int32_to_float64.o)
 .text.libc     0x00014220       0x70 C:/Program Files/Rowley Associates Limited/CrossWorks for ARM 2.0/lib/libm_v4t_a_le.a(__int32_to_float64.o)
                0x00014220                __aeabi_i2d
                0x00014220                __int32_to_float64
                0x00014220                __floatsidf
 .text          0x00014290        0x0 C:/Program Files/Rowley Associates Limited/CrossWorks for ARM 2.0/lib/libm_v4t_a_le.a(__uint32_to_float32.o)
 .text.libc     0x00014290       0x10 C:/Program Files/Rowley Associates Limited/CrossWorks for ARM 2.0/lib/libm_v4t_a_le.a(__uint32_to_float32.o)
                0x00014290                __aeabi_ui2f
                0x00014290                __floatunsisf
                0x00014290                __uint32_to_float32
 .text          0x000142a0        0x0 C:/Program Files/Rowley Associates Limited/CrossWorks for ARM 2.0/lib/libm_v4t_a_le.a(__float32_to_int32.o)
 .text.libc     0x000142a0       0x50 C:/Program Files/Rowley Associates Limited/CrossWorks for ARM 2.0/lib/libm_v4t_a_le.a(__float32_to_int32.o)
                0x000142a0                __float32_to_int32
                0x000142a0                __aeabi_f2iz
                0x000142a0                __fixsfsi
 .text          0x000142f0        0x0 C:/Program Files/Rowley Associates Limited/CrossWorks for ARM 2.0/lib/libm_v4t_a_le.a(__float32_to_uint32.o)
 .text.libc     0x000142f0       0x40 C:/Program Files/Rowley Associates Limited/CrossWorks for ARM 2.0/lib/libm_v4t_a_le.a(__float32_to_uint32.o)
                0x000142f0                __aeabi_f2uiz
                0x000142f0                __fixunssfsi
                0x000142f0                __float32_to_uint32
 .text          0x00014330        0x0 C:/Program Files/Rowley Associates Limited/CrossWorks for ARM 2.0/lib/libm_v4t_a_le.a(__float64_to_int32.o)
 .text.libc     0x00014330       0x60 C:/Program Files/Rowley Associates Limited/CrossWorks for ARM 2.0/lib/libm_v4t_a_le.a(__float64_to_int32.o)
                0x00014330                __aeabi_d2iz
                0x00014330                __float64_to_int32
                0x00014330                __fixdfsi
 .text          0x00014390        0x0 C:/Program Files/Rowley Associates Limited/CrossWorks for ARM 2.0/lib/libm_v4t_a_le.a(__float64_to_float32.o)
 .text.libc     0x00014390       0x80 C:/Program Files/Rowley Associates Limited/CrossWorks for ARM 2.0/lib/libm_v4t_a_le.a(__float64_to_float32.o)
                0x00014390                __truncdfsf2
                0x00014390                __float64_to_float32
                0x00014390                __aeabi_d2f
 .text          0x00014410        0x0 C:/Program Files/Rowley Associates Limited/CrossWorks for ARM 2.0/lib/libm_v4t_a_le.a(__float32_mul.o)
 .text.libc     0x00014410      0x100 C:/Program Files/Rowley Associates Limited/CrossWorks for ARM 2.0/lib/libm_v4t_a_le.a(__float32_mul.o)
                0x00014410                __mulsf3
                0x00014410                __float32_mul
 .text          0x00014510        0x0 C:/Program Files/Rowley Associates Limited/CrossWorks for ARM 2.0/lib/libm_v4t_a_le.a(__float64_div.o)
 .text.libc     0x00014510      0x330 C:/Program Files/Rowley Associates Limited/CrossWorks for ARM 2.0/lib/libm_v4t_a_le.a(__float64_div.o)
                0x00014510                __divdf3
                0x00014510                __float64_div
                0x00014510                __aeabi_ddiv
 .text          0x00014840        0x0 C:/Program Files/Rowley Associates Limited/CrossWorks for ARM 2.0/lib/libm_v4t_a_le.a(log.o)
 .text.libc     0x00014840      0x2c0 C:/Program Files/Rowley Associates Limited/CrossWorks for ARM 2.0/lib/libm_v4t_a_le.a(log.o)
                0x00014840                log
 .text          0x00014b00        0x0 C:/Program Files/Rowley Associates Limited/CrossWorks for ARM 2.0/lib/libm_v4t_a_le.a(__float64_add.o)
 .text.libc     0x00014b00      0x350 C:/Program Files/Rowley Associates Limited/CrossWorks for ARM 2.0/lib/libm_v4t_a_le.a(__float64_add.o)
                0x00014b00                __aeabi_drsub
                0x00014b08                __aeabi_dsub
                0x00014b08                __float64_sub
                0x00014b08                __subdf3
                0x00014b0c                __aeabi_dadd
                0x00014b0c                __float64_add
                0x00014b0c                __adddf3
 .text          0x00014e50        0x0 C:/Program Files/Rowley Associates Limited/CrossWorks for ARM 2.0/lib/libm_v4t_a_le.a(__float64_mul.o)
 .text.libc     0x00014e50      0x1b0 C:/Program Files/Rowley Associates Limited/CrossWorks for ARM 2.0/lib/libm_v4t_a_le.a(__float64_mul.o)
                0x00014e50                __muldf3
                0x00014e50                __float64_mul
 .text          0x00015000        0x0 C:/Program Files/Rowley Associates Limited/CrossWorks for ARM 2.0/lib/libm_v4t_a_le.a(__float64_cmp.o)
 .text.libc     0x00015000       0x70 C:/Program Files/Rowley Associates Limited/CrossWorks for ARM 2.0/lib/libm_v4t_a_le.a(__float64_cmp.o)
                0x00015000                __eqdf2
                0x00015000                __gtdf2
                0x00015000                __ltdf2
                0x00015000                __ledf2
                0x00015000                __nedf2
                0x00015000                __gedf2
                0x00015000                __cmpdf2
 .text          0x00015070        0x0 C:/Program Files/Rowley Associates Limited/CrossWorks for ARM 2.0/lib/libm_v4t_a_le.a(__float64_isnan.o)
 .text.libc     0x00015070       0x20 C:/Program Files/Rowley Associates Limited/CrossWorks for ARM 2.0/lib/libm_v4t_a_le.a(__float64_isnan.o)
                0x00015070                __float64_isnan
 .text          0x00015090        0x0 C:/Program Files/Rowley Associates Limited/CrossWorks for ARM 2.0/lib/libm_v4t_a_le.a(__float64_infinity.o)
 .text.libc     0x00015090        0x0 C:/Program Files/Rowley Associates Limited/CrossWorks for ARM 2.0/lib/libm_v4t_a_le.a(__float64_infinity.o)
 .text          0x00015090        0x0 C:/Program Files/Rowley Associates Limited/CrossWorks for ARM 2.0/lib/libm_v4t_a_le.a(__float64_nan.o)
 .text.libc     0x00015090        0x0 C:/Program Files/Rowley Associates Limited/CrossWorks for ARM 2.0/lib/libm_v4t_a_le.a(__float64_nan.o)
 .text          0x00015090        0x0 C:/Program Files/Rowley Associates Limited/CrossWorks for ARM 2.0/lib/libm_v4t_a_le.a(__poly1_eval.o)
 .text.libc     0x00015090       0x70 C:/Program Files/Rowley Associates Limited/CrossWorks for ARM 2.0/lib/libm_v4t_a_le.a(__poly1_eval.o)
                0x00015090                __poly1_eval
 .text          0x00015100        0x0 C:/Program Files/Rowley Associates Limited/CrossWorks for ARM 2.0/lib/libm_v4t_a_le.a(__poly_eval.o)
 .text.libc     0x00015100       0x5c C:/Program Files/Rowley Associates Limited/CrossWorks for ARM 2.0/lib/libm_v4t_a_le.a(__poly_eval.o)
                0x00015100                __poly_eval
 .text          0x0001515c        0x0 C:/Program Files/Rowley Associates Limited/CrossWorks for ARM 2.0/lib/libm_v4t_a_le.a(frexp.o)
 .text.libc     0x0001515c       0x60 C:/Program Files/Rowley Associates Limited/CrossWorks for ARM 2.0/lib/libm_v4t_a_le.a(frexp.o)
                0x0001515c                frexp
 .text          0x000151bc        0x0 C:/Program Files/Rowley Associates Limited/CrossWorks for ARM 2.0/lib/libm_v4t_a_le.a(ldexp.o)
 .text.libc     0x000151bc       0x84 C:/Program Files/Rowley Associates Limited/CrossWorks for ARM 2.0/lib/libm_v4t_a_le.a(ldexp.o)
                0x000151bc                ldexp
 .text          0x00015240        0x0 C:/Program Files/Rowley Associates Limited/CrossWorks for ARM 2.0/lib/libc_v4t_a_le.a(__int32_umod.o)
 .text.libc     0x00015240       0x20 C:/Program Files/Rowley Associates Limited/CrossWorks for ARM 2.0/lib/libc_v4t_a_le.a(__int32_umod.o)
                0x00015240                __int32_umod
                0x00015240                __umodsi3
 .text          0x00015260        0x0 C:/Program Files/Rowley Associates Limited/CrossWorks for ARM 2.0/lib/libc_v4t_a_le.a(__int32_div.o)
 .text.libc     0x00015260       0x50 C:/Program Files/Rowley Associates Limited/CrossWorks for ARM 2.0/lib/libc_v4t_a_le.a(__int32_div.o)
                0x00015260                __divsi3
                0x00015260                __int32_div
 .text          0x000152b0        0x0 C:/Program Files/Rowley Associates Limited/CrossWorks for ARM 2.0/lib/libc_v4t_a_le.a(__int32_udivmod.o)
 .text.libc     0x000152b0       0x30 C:/Program Files/Rowley Associates Limited/CrossWorks for ARM 2.0/lib/libc_v4t_a_le.a(__int32_udivmod.o)
                0x000152b0                __int32_udivmod
                0x000152b0                __udivsi3
                0x000152b0                __int32_udiv
 .text          0x000152e0        0x0 C:/Program Files/Rowley Associates Limited/CrossWorks for ARM 2.0/lib/libc_v4t_a_le.a(strlen.o)
 .text.libc     0x000152e0       0x90 C:/Program Files/Rowley Associates Limited/CrossWorks for ARM 2.0/lib/libc_v4t_a_le.a(strlen.o)
                0x000152e0                strlen
 .text          0x00015370        0x0 C:/Program Files/Rowley Associates Limited/CrossWorks for ARM 2.0/lib/libc_v4t_a_le.a(memcpy.o)
 .text.libc     0x00015370       0x60 C:/Program Files/Rowley Associates Limited/CrossWorks for ARM 2.0/lib/libc_v4t_a_le.a(memcpy.o)
                0x00015370                memcpy
 .text          0x000153d0        0x0 C:/Program Files/Rowley Associates Limited/CrossWorks for ARM 2.0/lib/libc_v4t_a_le.a(memset.o)
 .text.libc     0x000153d0       0xa0 C:/Program Files/Rowley Associates Limited/CrossWorks for ARM 2.0/lib/libc_v4t_a_le.a(memset.o)
                0x000153d0                memset
 .text          0x00015470        0x0 C:/Program Files/Rowley Associates Limited/CrossWorks for ARM 2.0/lib/libc_v4t_a_le.a(strcpy.o)
 .text.libc     0x00015470       0x60 C:/Program Files/Rowley Associates Limited/CrossWorks for ARM 2.0/lib/libc_v4t_a_le.a(strcpy.o)
                0x00015470                strcpy
 .text          0x000154d0        0x0 C:/Program Files/Rowley Associates Limited/CrossWorks for ARM 2.0/lib/libc_v4t_a_le.a(strcmp.o)
 .text.libc     0x000154d0       0x70 C:/Program Files/Rowley Associates Limited/CrossWorks for ARM 2.0/lib/libc_v4t_a_le.a(strcmp.o)
                0x000154d0                strcmp
 .text          0x00015540        0x0 C:/Program Files/Rowley Associates Limited/CrossWorks for ARM 2.0/lib/libc_v4t_a_le.a(memcmp.o)
 .text.libc     0x00015540       0x54 C:/Program Files/Rowley Associates Limited/CrossWorks for ARM 2.0/lib/libc_v4t_a_le.a(memcmp.o)
                0x00015540                memcmp
 .text          0x00015594        0x0 C:/Program Files/Rowley Associates Limited/CrossWorks for ARM 2.0/lib/libc_v4t_a_le.a(strcat.o)
 .text.libc     0x00015594       0x3c C:/Program Files/Rowley Associates Limited/CrossWorks for ARM 2.0/lib/libc_v4t_a_le.a(strcat.o)
                0x00015594                strcat
 .text          0x000155d0        0x0 C:/Program Files/Rowley Associates Limited/CrossWorks for ARM 2.0/lib/libc_v4t_a_le.a(strchr.o)
 .text.libc     0x000155d0       0x40 C:/Program Files/Rowley Associates Limited/CrossWorks for ARM 2.0/lib/libc_v4t_a_le.a(strchr.o)
                0x000155d0                strchr
 .text          0x00015610        0x0 C:/Program Files/Rowley Associates Limited/CrossWorks for ARM 2.0/lib/libc_v4t_a_le.a(strncmp.o)
 .text.libc     0x00015610       0x64 C:/Program Files/Rowley Associates Limited/CrossWorks for ARM 2.0/lib/libc_v4t_a_le.a(strncmp.o)
                0x00015610                strncmp
 .text          0x00015674        0x0 C:/Program Files/Rowley Associates Limited/CrossWorks for ARM 2.0/lib/libc_v4t_a_le.a(strncpy.o)
 .text.libc     0x00015674       0x74 C:/Program Files/Rowley Associates Limited/CrossWorks for ARM 2.0/lib/libc_v4t_a_le.a(strncpy.o)
                0x00015674                strncpy
 .text          0x000156e8        0x0 C:/Program Files/Rowley Associates Limited/CrossWorks for ARM 2.0/lib/libc_v4t_a_le.a(strrchr.o)
 .text.libc     0x000156e8       0x44 C:/Program Files/Rowley Associates Limited/CrossWorks for ARM 2.0/lib/libc_v4t_a_le.a(strrchr.o)
                0x000156e8                strrchr
 .text          0x0001572c        0x0 C:/Program Files/Rowley Associates Limited/CrossWorks for ARM 2.0/lib/libc_v4t_a_le.a(strstr.o)
 .text.libc     0x0001572c       0x98 C:/Program Files/Rowley Associates Limited/CrossWorks for ARM 2.0/lib/libc_v4t_a_le.a(strstr.o)
                0x0001572c                strstr
 .text          0x000157c4        0x0 C:/Program Files/Rowley Associates Limited/CrossWorks for ARM 2.0/lib/libc_v4t_a_le.a(ctype.o)
 .text.libc     0x000157c4      0x17c C:/Program Files/Rowley Associates Limited/CrossWorks for ARM 2.0/lib/libc_v4t_a_le.a(ctype.o)
                0x000157c4                isalpha
                0x000157e0                isupper
                0x000157f4                islower
                0x00015808                isdigit
                0x0001581c                isxdigit
                0x00015848                isspace
                0x00015860                ispunct
                0x0001589c                isalnum
                0x000158c8                isprint
                0x000158dc                isgraph
                0x000158f0                iscntrl
                0x00015904                tolower
                0x00015918                toupper
                0x0001592c                isblank
 .text          0x00015940        0x0 C:/Program Files/Rowley Associates Limited/CrossWorks for ARM 2.0/lib/libc_v4t_a_le.a(malloc.o)
 .text.libc     0x00015940      0x250 C:/Program Files/Rowley Associates Limited/CrossWorks for ARM 2.0/lib/libc_v4t_a_le.a(malloc.o)
                0x00015940                free
                0x00015a34                malloc
                0x00015b18                realloc
                0x00015b60                calloc
 .text          0x00015b90        0x0 C:/Program Files/Rowley Associates Limited/CrossWorks for ARM 2.0/lib/libc_v4t_a_le.a(atoi.o)
 .text.libc     0x00015b90       0x38 C:/Program Files/Rowley Associates Limited/CrossWorks for ARM 2.0/lib/libc_v4t_a_le.a(atoi.o)
                0x00015b90                atoi
 .text          0x00015bc8        0x0 C:/Program Files/Rowley Associates Limited/CrossWorks for ARM 2.0/lib/libc_v4t_a_le.a(time.o)
 .text.libc     0x00015bc8      0x75c C:/Program Files/Rowley Associates Limited/CrossWorks for ARM 2.0/lib/libc_v4t_a_le.a(time.o)
                0x00015bc8                difftime
                0x00015bdc                checktm
                0x00015e24                mktime
                0x0001606c                localtime_r
                0x00016278                localtime
                0x00016298                gmtime_r
                0x000162b0                gmtime
                0x000162d0                ctime_r
                0x00016300                ctime
 .text          0x00016324        0x0 C:/Program Files/Rowley Associates Limited/CrossWorks for ARM 2.0/lib/libc_v4t_a_le.a(asctime.o)
 .text.libc     0x00016324      0x18c C:/Program Files/Rowley Associates Limited/CrossWorks for ARM 2.0/lib/libc_v4t_a_le.a(asctime.o)
                0x00016350                asctime_r
                0x00016498                asctime
 .text          0x000164b0        0x0 C:/Program Files/Rowley Associates Limited/CrossWorks for ARM 2.0/lib/libc_v4t_a_le.a(strftime.o)
 .text.libc     0x000164b0      0x82c C:/Program Files/Rowley Associates Limited/CrossWorks for ARM 2.0/lib/libc_v4t_a_le.a(strftime.o)
                0x00016c88                strftime
 .text          0x00016cdc        0x0 C:/Program Files/Rowley Associates Limited/CrossWorks for ARM 2.0/lib/libc_v4t_a_le.a(div.o)
 .text.libc     0x00016cdc       0x54 C:/Program Files/Rowley Associates Limited/CrossWorks for ARM 2.0/lib/libc_v4t_a_le.a(div.o)
                0x00016cdc                div
 .text          0x00016d30        0x0 C:/Program Files/Rowley Associates Limited/CrossWorks for ARM 2.0/lib/libc_v4t_a_le.a(strtol.o)
 .text.libc     0x00016d30       0xd4 C:/Program Files/Rowley Associates Limited/CrossWorks for ARM 2.0/lib/libc_v4t_a_le.a(strtol.o)
                0x00016d30                strtol
 .text          0x00016e04        0x0 C:/Program Files/Rowley Associates Limited/CrossWorks for ARM 2.0/lib/libc_v4t_a_le.a(ldiv.o)
 .text.libc     0x00016e04       0x54 C:/Program Files/Rowley Associates Limited/CrossWorks for ARM 2.0/lib/libc_v4t_a_le.a(ldiv.o)
                0x00016e04                ldiv
 .text          0x00016e58        0x0 C:/Program Files/Rowley Associates Limited/CrossWorks for ARM 2.0/lib/libc_v4t_a_le.a(__int32_mod.o)
 *fill*         0x00016e58        0x8 00
 .text.libc     0x00016e60       0x50 C:/Program Files/Rowley Associates Limited/CrossWorks for ARM 2.0/lib/libc_v4t_a_le.a(__int32_mod.o)
                0x00016e60                __modsi3
                0x00016e60                __int32_mod
 .text          0x00016eb0        0x0 C:/Program Files/Rowley Associates Limited/CrossWorks for ARM 2.0/lib/libc_v4t_a_le.a(__strtoul.o)
 .text.libc     0x00016eb0      0x128 C:/Program Files/Rowley Associates Limited/CrossWorks for ARM 2.0/lib/libc_v4t_a_le.a(__strtoul.o)
                0x00016eb0                __strtoul
 .text          0x00016fd8        0x0 C:/Program Files/Rowley Associates Limited/CrossWorks for ARM 2.0/lib/libc_v4t_a_le.a(__digit.o)
 .text.libc     0x00016fd8       0x54 C:/Program Files/Rowley Associates Limited/CrossWorks for ARM 2.0/lib/libc_v4t_a_le.a(__digit.o)
                0x00016fd8                __digit
 .text          0x0001702c        0x0 C:/Program Files/Rowley Associates Limited/CrossWorks for ARM 2.0/lib/libc_targetio_impl_v4t_a_le.a(putchar.o)
 .text.libc     0x0001702c       0x2c C:/Program Files/Rowley Associates Limited/CrossWorks for ARM 2.0/lib/libc_targetio_impl_v4t_a_le.a(putchar.o)
                0x0001702c                putchar
 .text          0x00017058        0x0 C:/Program Files/Rowley Associates Limited/CrossWorks for ARM 2.0/lib/libc_user_libc_v4t_a_le.a(user_libc.o)
 .text.libc     0x00017058       0x2c C:/Program Files/Rowley Associates Limited/CrossWorks for ARM 2.0/lib/libc_user_libc_v4t_a_le.a(user_libc.o)
                0x00017058                __errno
                0x00017064                __heap_lock
                0x00017068                __heap_unlock
                0x0001706c                __printf_lock
                0x00017070                __printf_unlock
                0x00017074                __scanf_lock
                0x00017078                __scanf_unlock
                0x0001707c                __debug_io_lock
                0x00017080                __debug_io_unlock
                0x00017084                __text_end__ = (__text_start__ + SIZEOF (.text))
                0x00017084                __text_load_end__ = __text_end__

.vfp11_veneer   0x00000000        0x0
 .vfp11_veneer  0x00000000        0x0 linker stubs

.v4_bx          0x00000000        0x0
 .v4_bx         0x00000000        0x0 linker stubs
                0x00000001                . = ASSERT (((__text_end__ >= __FLASH_segment_start__) && (__text_end__ <= (__FLASH_segment_start__ + 0x80000))), error: .text is too large to fit in FLASH memory segment)
                0x00017084                __dtors_load_start__ = ALIGN (__text_end__, 0x4)

.dtors          0x00017084        0x0
                0x00017084                __dtors_start__ = .
 *(SORT(.dtors.*))
 *(.dtors)
                0x00017084                __dtors_end__ = (__dtors_start__ + SIZEOF (.dtors))
                0x00017084                __dtors_load_end__ = __dtors_end__
                0x00000001                . = ASSERT (((__dtors_end__ >= __FLASH_segment_start__) && (__dtors_end__ <= (__FLASH_segment_start__ + 0x80000))), error: .dtors is too large to fit in FLASH memory segment)
                0x00017084                __ctors_load_start__ = ALIGN (__dtors_end__, 0x4)

.ctors          0x00017084        0x0
                0x00017084                __ctors_start__ = .
 *(SORT(.ctors.*))
 *(.ctors)
                0x00017084                __ctors_end__ = (__ctors_start__ + SIZEOF (.ctors))
                0x00017084                __ctors_load_end__ = __ctors_end__
                0x00000001                . = ASSERT (((__ctors_end__ >= __FLASH_segment_start__) && (__ctors_end__ <= (__FLASH_segment_start__ + 0x80000))), error: .ctors is too large to fit in FLASH memory segment)
                0x00017084                __rodata_load_start__ = ALIGN (__ctors_end__, 0x4)

.rodata         0x00017084     0x7ba8
                0x00017084                __rodata_start__ = .
 *(.rodata .rodata.* .gnu.linkonce.r.*)
 .rodata.str1.4
                0x00017084       0x11 ARM Flash Release/main.o
                                 0x14 (size before relaxing)
 *fill*         0x00017095        0x3 00
 .rodata        0x00017098       0xb0 ARM Flash Release/i2c.o
 .rodata.str1.4
                0x00017148      0x19e ARM Flash Release/i2c.o
                                0x1a0 (size before relaxing)
 *fill*         0x000172e6        0x2 00
 .rodata.str1.4
                0x000172e8        0x8 ARM Flash Release/i2cInt.o
                                  0xc (size before relaxing)
 .rodata        0x000172f0       0x90 ARM Flash Release/usbser.o
 .rodata        0x00017380        0xc ARM Flash Release/rtc.o
 .rodata        0x0001738c      0x2b4 ARM Flash Release/beep.o
 .rodata.str1.4
                0x00017640        0x7 ARM Flash Release/args.o
                                 0x10 (size before relaxing)
 *fill*         0x00017647        0x1 00
 .rodata.str1.4
                0x00017648       0x7b ARM Flash Release/argsdispatch.o
                                 0x84 (size before relaxing)
 *fill*         0x000176c3        0x1 00
 .rodata        0x000176c4      0x3c0 ARM Flash Release/monitor.o
 .rodata.str1.4
                0x00017a84      0xe93 ARM Flash Release/monitor.o
                                0xeb0 (size before relaxing)
 *fill*         0x00018917        0x1 00
 .rodata.str1.4
                0x00018918        0x7 ARM Flash Release/printf-stdarg.o
                                  0x8 (size before relaxing)
 .rodata.str1.4
                0x00000000        0x7 ARM Flash Release/leds.o
                                  0x4 (size before relaxing)
 *fill*         0x0001891f        0x1 00
 .rodata.str1.4
                0x00018920        0x8 ARM Flash Release/tcs3414.o
 .rodata        0x00018928      0x210 ARM Flash Release/mmc.o
 .rodata.str1.4
                0x00018b38       0x11 ARM Flash Release/mmc.o
                                 0x14 (size before relaxing)
 *fill*         0x00018b49        0x3 00
 .rodata        0x00018b4c        0xc ARM Flash Release/logging.o
 .rodata.str1.4
                0x00018b58       0xa0 ARM Flash Release/logging.o
                                 0xa4 (size before relaxing)
 .rodata.str1.4
                0x00018bf8      0x1d5 ARM Flash Release/meas_sm.o
                                0x1d8 (size before relaxing)
 *fill*         0x00018dcd        0x3 00
 .rodata.str1.4
                0x00018dd0        0xd ARM Flash Release/meas_task.o
                                 0x10 (size before relaxing)
 *fill*         0x00018ddd        0x3 00
 .rodata        0x00018de0       0x14 ARM Flash Release/tasks.o
 .rodata.str1.4
                0x00018df4       0x19 ARM Flash Release/tasks.o
                                 0x20 (size before relaxing)
 *fill*         0x00018e0d        0x3 00
 .rodata        0x00018e10        0x8 ARM Flash Release/dhcpc.o
 .rodata.str1.4
                0x00000000        0xc ARM Flash Release/telnetd.o
 .rodata.str1.4
                0x00018e18       0x13 ARM Flash Release/httpd.o
                                 0x18 (size before relaxing)
 *fill*         0x00018e2b        0x1 00
 .rodata        0x00018e2c       0xa8 ARM Flash Release/httpd-cgi.o
 .rodata.str1.4
                0x00018ed4       0xdb ARM Flash Release/httpd-cgi.o
                                 0xe0 (size before relaxing)
 *fill*         0x00018faf        0x1 00
 .rodata        0x00018fb0     0x51d8 ARM Flash Release/httpd-fs.o
                0x00018fb0                file_tcp_shtml
                0x00018fc4                file_404_html
                0x00018fd8                file_fade_png
                0x00018fec                file_files_shtml
                0x00019000                file_footer_html
                0x00019014                file_header_html
                0x00019028                file_index_html
                0x0001903c                file_led_shtml
                0x00019050                file_lpc2148_jpg
                0x00019064                file_stats_shtml
                0x00019078                file_style_css
 .rodata        0x0001e188      0x288 ARM Flash Release/http-strings.o
                0x0001e188                http_http
                0x0001e190                http_200
                0x0001e198                http_301
                0x0001e1a0                http_302
                0x0001e1a8                http_get
                0x0001e1b0                http_10
                0x0001e1bc                http_11
                0x0001e1c8                http_content_type
                0x0001e1d8                http_texthtml
                0x0001e1e4                http_location
                0x0001e1f0                http_host
                0x0001e1f8                http_crnl
                0x0001e1fc                http_index_html
                0x0001e208                http_404_html
                0x0001e214                http_referer
                0x0001e220                http_header_200
                0x0001e274                http_header_404
                0x0001e2d0                http_content_type_plain
                0x0001e2f0                http_content_type_html
                0x0001e30c                http_content_type_css
                0x0001e328                http_content_type_text
                0x0001e344                http_content_type_png
                0x0001e360                http_content_type_gif
                0x0001e37c                http_content_type_jpg
                0x0001e39c                http_content_type_binary
                0x0001e3c8                http_html
                0x0001e3d0                http_shtml
                0x0001e3d8                http_htm
                0x0001e3e0                http_css
                0x0001e3e8                http_png
                0x0001e3f0                http_gif
                0x0001e3f8                http_jpg
                0x0001e400                http_text
                0x0001e408                http_txt
 .rodata.str1.4
                0x0001e410      0x30c ARM Flash Release/uip.o
 .rodata        0x0001e71c        0x8 ARM Flash Release/uip_arp.o
 .rodata.str1.4
                0x0001e724       0x41 ARM Flash Release/uip-neighbor.o
                                 0x44 (size before relaxing)
 *fill*         0x0001e765        0x3 00
 .rodata.str1.4
                0x0001e768       0x1f ARM Flash Release/uiptask.o
                                 0x20 (size before relaxing)
 *fill*         0x0001e787        0x1 00
 .rodata        0x0001e788       0x28 ARM Flash Release/disk.o
 .rodata.str1.4
                0x0001e7b0       0x51 ARM Flash Release/disk.o
                                 0x54 (size before relaxing)
 *fill*         0x0001e801        0x3 00
 .rodata        0x0001e804       0x70 ARM Flash Release/ff.o
 .rodata.str1.4
                0x0001e874       0xd5 ARM Flash Release/ff.o
                                 0xf8 (size before relaxing)
 *fill*         0x0001e949        0x3 00
 .rodata.libc   0x0001e94c       0x28 C:/Program Files/Rowley Associates Limited/CrossWorks for ARM 2.0/lib/libm_v4t_a_le.a(log.o)
 .rodata.libc   0x0001e974        0x8 C:/Program Files/Rowley Associates Limited/CrossWorks for ARM 2.0/lib/libm_v4t_a_le.a(__float64_infinity.o)
                0x0001e974                __float64_infinity
 .rodata.libc   0x0001e97c        0x8 C:/Program Files/Rowley Associates Limited/CrossWorks for ARM 2.0/lib/libm_v4t_a_le.a(__float64_nan.o)
                0x0001e97c                __float64_nan
 .rodata.libc   0x0001e984       0x84 C:/Program Files/Rowley Associates Limited/CrossWorks for ARM 2.0/lib/libc_v4t_a_le.a(ctype.o)
                0x0001e984                __ctype
 .rodata.libc   0x0001ea08       0x68 C:/Program Files/Rowley Associates Limited/CrossWorks for ARM 2.0/lib/libc_v4t_a_le.a(time.o)
 .rodata.libc   0x0001ea70       0x4c C:/Program Files/Rowley Associates Limited/CrossWorks for ARM 2.0/lib/libc_v4t_a_le.a(asctime.o)
 .rodata.libc   0x0001eabc       0x4c C:/Program Files/Rowley Associates Limited/CrossWorks for ARM 2.0/lib/libc_v4t_a_le.a(strftime.o)
 .rodata.libc.str1.4
                0x0001eb08      0x124 C:/Program Files/Rowley Associates Limited/CrossWorks for ARM 2.0/lib/libc_v4t_a_le.a(strftime.o)
                                0x130 (size before relaxing)
                0x0001ec2c                __rodata_end__ = (__rodata_start__ + SIZEOF (.rodata))
                0x0001ec2c                __rodata_load_end__ = __rodata_end__
                0x00000001                . = ASSERT (((__rodata_end__ >= __FLASH_segment_start__) && (__rodata_end__ <= (__FLASH_segment_start__ + 0x80000))), error: .rodata is too large to fit in FLASH memory segment)
                0x0001ec2c                __fast_load_start__ = ALIGN (__rodata_end__, 0x4)

.fast           0x4000003c        0x0 load address 0x0001ec2c
                0x4000003c                __fast_start__ = .
 *(.fast .fast.*)
                0x4000003c                __fast_end__ = (__fast_start__ + SIZEOF (.fast))
                0x0001ec2c                __fast_load_end__ = (__fast_load_start__ + SIZEOF (.fast))
                0x00000001                . = ASSERT ((((__fast_load_start__ + SIZEOF (.fast)) >= __FLASH_segment_start__) && ((__fast_load_start__ + SIZEOF (.fast)) <= (__FLASH_segment_start__ + 0x80000))), error: .fast is too large to fit in FLASH memory segment)

.fast_run       0x4000003c        0x0
                0x4000003c                __fast_run_start__ = .
                0x4000003c                . = MAX ((__fast_run_start__ + SIZEOF (.fast)), .)
                0x4000003c                __fast_run_end__ = (__fast_run_start__ + SIZEOF (.fast_run))
                0x4000003c                __fast_run_load_end__ = __fast_run_end__
                0x00000001                . = ASSERT (((__fast_run_end__ >= __SRAM_segment_start__) && (__fast_run_end__ <= (__SRAM_segment_start__ + 0x8000))), error: .fast_run is too large to fit in SRAM memory segment)
                0x0001ec2c                __data_load_start__ = ALIGN ((__fast_load_start__ + SIZEOF (.fast)), 0x4)

.data           0x4000003c       0x60 load address 0x0001ec2c
                0x4000003c                __data_start__ = .
 *(.data .data.* .gnu.linkonce.d.*)
 .data          0x4000003c        0x0 ARM Flash Release/main.o
 .data          0x4000003c        0x0 ARM Flash Release/adc.o
 .data          0x4000003c        0x0 ARM Flash Release/cpu.o
 .data          0x4000003c        0x0 ARM Flash Release/i2c.o
 .data          0x4000003c        0x4 ARM Flash Release/i2cInt.o
 .data          0x40000040        0x8 ARM Flash Release/pwm.o
 .data          0x40000048        0x0 ARM Flash Release/spi.o
 .data          0x40000048        0x8 ARM Flash Release/uart0.o
 .data          0x40000050        0x0 ARM Flash Release/uart0ISR.o
 .data          0x40000050        0x8 ARM Flash Release/uart1.o
 .data          0x40000058        0x0 ARM Flash Release/uart1ISR.o
 .data          0x40000058        0x0 ARM Flash Release/usbcontrol.o
 .data          0x40000058        0x0 ARM Flash Release/usbinit.o
 .data          0x40000058        0x0 ARM Flash Release/usbISR.o
 .data          0x40000058        0x0 ARM Flash Release/usbstdreq.o
 .data          0x40000058        0x8 ARM Flash Release/usbser.o
 .data          0x40000060        0x0 ARM Flash Release/rtc.o
 .data          0x40000060        0x0 ARM Flash Release/rtcISR.o
 .data          0x40000060        0x0 ARM Flash Release/reset.o
 .data          0x40000060        0x0 ARM Flash Release/eint0.o
 .data          0x40000060        0x0 ARM Flash Release/eint0ISR.o
 .data          0x40000060        0x0 ARM Flash Release/eint2.o
 .data          0x40000060        0x0 ARM Flash Release/eint2ISR.o
 .data          0x40000060        0x0 ARM Flash Release/eint3.o
 .data          0x40000060        0x0 ARM Flash Release/eint3ISR.o
 .data          0x40000060        0x0 ARM Flash Release/eint1.o
 .data          0x40000060        0x0 ARM Flash Release/eint1ISR.o
 .data          0x40000060        0x0 ARM Flash Release/beep.o
 .data          0x40000060        0x8 ARM Flash Release/timer.o
 .data          0x40000068        0x0 ARM Flash Release/freqCounter.o
 .data          0x40000068        0x0 ARM Flash Release/dac.o
 .data          0x40000068        0x0 ARM Flash Release/args.o
 .data          0x40000068        0x0 ARM Flash Release/argsdispatch.o
 .data          0x40000068        0x0 ARM Flash Release/monitor.o
 .data          0x40000068        0x0 ARM Flash Release/printf-stdarg.o
 .data          0x40000068        0x4 ARM Flash Release/leds.o
 .data          0x4000006c        0x0 ARM Flash Release/tcs3414.o
 .data          0x4000006c        0x0 ARM Flash Release/mmc.o
 .data          0x4000006c        0x0 ARM Flash Release/ssp.o
 .data          0x4000006c        0x0 ARM Flash Release/Lcd204_4.o
 .data          0x4000006c        0x0 ARM Flash Release/logging.o
 .data          0x4000006c        0x8 ARM Flash Release/meas_sm.o
 .data          0x40000074        0x0 ARM Flash Release/meas_task.o
 .data          0x40000074        0x0 ARM Flash Release/crt0.o
 .data          0x40000074        0x0 ARM Flash Release/Philips_LPC210X_Startup.o
 .data          0x40000074        0x0 ARM Flash Release/LPC210x.o
 .data          0x40000074        0x0 ARM Flash Release/VIC.o
 .data          0x40000074        0x0 ARM Flash Release/VIC_irq_handler.o
 .data          0x40000074        0x4 ARM Flash Release/portISR.o
                0x40000074                ulCriticalNesting
 .data          0x40000078        0x0 ARM Flash Release/port.o
 .data          0x40000078        0x0 ARM Flash Release/heap_2.o
 .data          0x40000078        0x4 ARM Flash Release/tasks.o
                0x40000078                uxPreviousTask
 .data          0x4000007c        0x0 ARM Flash Release/queue.o
 .data          0x4000007c        0x0 ARM Flash Release/list.o
 .data          0x4000007c        0x0 ARM Flash Release/dhcpc.o
 .data          0x4000007c        0x0 ARM Flash Release/sntp.o
 .data          0x4000007c        0x0 ARM Flash Release/telnetd.o
 .data          0x4000007c        0x0 ARM Flash Release/httpd.o
 .data          0x4000007c       0x14 ARM Flash Release/httpd-cgi.o
 .data          0x40000090        0x0 ARM Flash Release/httpd-fs.o
 .data          0x40000090        0x0 ARM Flash Release/http-strings.o
 .data          0x40000090        0x0 ARM Flash Release/enc28j60.o
 .data          0x40000090        0x0 ARM Flash Release/memb.o
 .data          0x40000090        0x0 ARM Flash Release/psock.o
 .data          0x40000090        0x0 ARM Flash Release/uip.o
 .data          0x40000090        0x0 ARM Flash Release/uip_arch.o
 .data          0x40000090        0x0 ARM Flash Release/uip_arp.o
 .data          0x40000090        0x0 ARM Flash Release/uip_timer.o
 .data          0x40000090        0x0 ARM Flash Release/uip-fw.o
 .data          0x40000090        0x0 ARM Flash Release/uiplib.o
 .data          0x40000090        0x0 ARM Flash Release/uip-neighbor.o
 .data          0x40000090        0x0 ARM Flash Release/clock.o
 .data          0x40000090        0x4 ARM Flash Release/uiptask.o
 .data          0x40000094        0x1 ARM Flash Release/disk.o
 .data          0x40000095        0x0 ARM Flash Release/ff.o
 .data          0x40000095        0x0 C:/Users/lukas/AppData/Local/Rowley Associates Limited/CrossWorks for ARM/packages/lib/liblpc2000_v4t_a_le.a(liblpc2000_lpc21xx_get_cclk.o)
 .data          0x40000095        0x0 C:/Users/lukas/AppData/Local/Rowley Associates Limited/CrossWorks for ARM/packages/lib/liblpc2000_v4t_a_le.a(liblpc2000_lpc21xx_get_pclk.o)
 .data          0x40000095        0x0 C:/Program Files/Rowley Associates Limited/CrossWorks for ARM 2.0/lib/libm_v4t_a_le.a(__int32_to_float32.o)
 .data          0x40000095        0x0 C:/Program Files/Rowley Associates Limited/CrossWorks for ARM 2.0/lib/libm_v4t_a_le.a(__int32_to_float64.o)
 .data          0x40000095        0x0 C:/Program Files/Rowley Associates Limited/CrossWorks for ARM 2.0/lib/libm_v4t_a_le.a(__uint32_to_float32.o)
 .data          0x40000095        0x0 C:/Program Files/Rowley Associates Limited/CrossWorks for ARM 2.0/lib/libm_v4t_a_le.a(__float32_to_int32.o)
 .data          0x40000095        0x0 C:/Program Files/Rowley Associates Limited/CrossWorks for ARM 2.0/lib/libm_v4t_a_le.a(__float32_to_uint32.o)
 .data          0x40000095        0x0 C:/Program Files/Rowley Associates Limited/CrossWorks for ARM 2.0/lib/libm_v4t_a_le.a(__float64_to_int32.o)
 .data          0x40000095        0x0 C:/Program Files/Rowley Associates Limited/CrossWorks for ARM 2.0/lib/libm_v4t_a_le.a(__float64_to_float32.o)
 .data          0x40000095        0x0 C:/Program Files/Rowley Associates Limited/CrossWorks for ARM 2.0/lib/libm_v4t_a_le.a(__float32_mul.o)
 .data          0x40000095        0x0 C:/Program Files/Rowley Associates Limited/CrossWorks for ARM 2.0/lib/libm_v4t_a_le.a(__float64_div.o)
 .data          0x40000095        0x0 C:/Program Files/Rowley Associates Limited/CrossWorks for ARM 2.0/lib/libm_v4t_a_le.a(log.o)
 .data          0x40000095        0x0 C:/Program Files/Rowley Associates Limited/CrossWorks for ARM 2.0/lib/libm_v4t_a_le.a(__float64_add.o)
 .data          0x40000095        0x0 C:/Program Files/Rowley Associates Limited/CrossWorks for ARM 2.0/lib/libm_v4t_a_le.a(__float64_mul.o)
 .data          0x40000095        0x0 C:/Program Files/Rowley Associates Limited/CrossWorks for ARM 2.0/lib/libm_v4t_a_le.a(__float64_cmp.o)
 .data          0x40000095        0x0 C:/Program Files/Rowley Associates Limited/CrossWorks for ARM 2.0/lib/libm_v4t_a_le.a(__float64_isnan.o)
 .data          0x40000095        0x0 C:/Program Files/Rowley Associates Limited/CrossWorks for ARM 2.0/lib/libm_v4t_a_le.a(__float64_infinity.o)
 .data          0x40000095        0x0 C:/Program Files/Rowley Associates Limited/CrossWorks for ARM 2.0/lib/libm_v4t_a_le.a(__float64_nan.o)
 .data          0x40000095        0x0 C:/Program Files/Rowley Associates Limited/CrossWorks for ARM 2.0/lib/libm_v4t_a_le.a(__poly1_eval.o)
 .data          0x40000095        0x0 C:/Program Files/Rowley Associates Limited/CrossWorks for ARM 2.0/lib/libm_v4t_a_le.a(__poly_eval.o)
 .data          0x40000095        0x0 C:/Program Files/Rowley Associates Limited/CrossWorks for ARM 2.0/lib/libm_v4t_a_le.a(frexp.o)
 .data          0x40000095        0x0 C:/Program Files/Rowley Associates Limited/CrossWorks for ARM 2.0/lib/libm_v4t_a_le.a(ldexp.o)
 .data          0x40000095        0x0 C:/Program Files/Rowley Associates Limited/CrossWorks for ARM 2.0/lib/libc_v4t_a_le.a(__int32_umod.o)
 .data          0x40000095        0x0 C:/Program Files/Rowley Associates Limited/CrossWorks for ARM 2.0/lib/libc_v4t_a_le.a(__int32_div.o)
 .data          0x40000095        0x0 C:/Program Files/Rowley Associates Limited/CrossWorks for ARM 2.0/lib/libc_v4t_a_le.a(__int32_udivmod.o)
 .data          0x40000095        0x0 C:/Program Files/Rowley Associates Limited/CrossWorks for ARM 2.0/lib/libc_v4t_a_le.a(strlen.o)
 .data          0x40000095        0x0 C:/Program Files/Rowley Associates Limited/CrossWorks for ARM 2.0/lib/libc_v4t_a_le.a(memcpy.o)
 .data          0x40000095        0x0 C:/Program Files/Rowley Associates Limited/CrossWorks for ARM 2.0/lib/libc_v4t_a_le.a(memset.o)
 .data          0x40000095        0x0 C:/Program Files/Rowley Associates Limited/CrossWorks for ARM 2.0/lib/libc_v4t_a_le.a(strcpy.o)
 .data          0x40000095        0x0 C:/Program Files/Rowley Associates Limited/CrossWorks for ARM 2.0/lib/libc_v4t_a_le.a(strcmp.o)
 .data          0x40000095        0x0 C:/Program Files/Rowley Associates Limited/CrossWorks for ARM 2.0/lib/libc_v4t_a_le.a(memcmp.o)
 .data          0x40000095        0x0 C:/Program Files/Rowley Associates Limited/CrossWorks for ARM 2.0/lib/libc_v4t_a_le.a(strcat.o)
 .data          0x40000095        0x0 C:/Program Files/Rowley Associates Limited/CrossWorks for ARM 2.0/lib/libc_v4t_a_le.a(strchr.o)
 .data          0x40000095        0x0 C:/Program Files/Rowley Associates Limited/CrossWorks for ARM 2.0/lib/libc_v4t_a_le.a(strncmp.o)
 .data          0x40000095        0x0 C:/Program Files/Rowley Associates Limited/CrossWorks for ARM 2.0/lib/libc_v4t_a_le.a(strncpy.o)
 .data          0x40000095        0x0 C:/Program Files/Rowley Associates Limited/CrossWorks for ARM 2.0/lib/libc_v4t_a_le.a(strrchr.o)
 .data          0x40000095        0x0 C:/Program Files/Rowley Associates Limited/CrossWorks for ARM 2.0/lib/libc_v4t_a_le.a(strstr.o)
 .data          0x40000095        0x0 C:/Program Files/Rowley Associates Limited/CrossWorks for ARM 2.0/lib/libc_v4t_a_le.a(ctype.o)
 .data          0x40000095        0x0 C:/Program Files/Rowley Associates Limited/CrossWorks for ARM 2.0/lib/libc_v4t_a_le.a(malloc.o)
 *fill*         0x40000095        0x3 00
 .data.libc     0x40000098        0x4 C:/Program Files/Rowley Associates Limited/CrossWorks for ARM 2.0/lib/libc_v4t_a_le.a(malloc.o)
 .data          0x4000009c        0x0 C:/Program Files/Rowley Associates Limited/CrossWorks for ARM 2.0/lib/libc_v4t_a_le.a(atoi.o)
 .data          0x4000009c        0x0 C:/Program Files/Rowley Associates Limited/CrossWorks for ARM 2.0/lib/libc_v4t_a_le.a(time.o)
 .data          0x4000009c        0x0 C:/Program Files/Rowley Associates Limited/CrossWorks for ARM 2.0/lib/libc_v4t_a_le.a(asctime.o)
 .data          0x4000009c        0x0 C:/Program Files/Rowley Associates Limited/CrossWorks for ARM 2.0/lib/libc_v4t_a_le.a(strftime.o)
 .data          0x4000009c        0x0 C:/Program Files/Rowley Associates Limited/CrossWorks for ARM 2.0/lib/libc_v4t_a_le.a(div.o)
 .data          0x4000009c        0x0 C:/Program Files/Rowley Associates Limited/CrossWorks for ARM 2.0/lib/libc_v4t_a_le.a(strtol.o)
 .data          0x4000009c        0x0 C:/Program Files/Rowley Associates Limited/CrossWorks for ARM 2.0/lib/libc_v4t_a_le.a(ldiv.o)
 .data          0x4000009c        0x0 C:/Program Files/Rowley Associates Limited/CrossWorks for ARM 2.0/lib/libc_v4t_a_le.a(__int32_mod.o)
 .data          0x4000009c        0x0 C:/Program Files/Rowley Associates Limited/CrossWorks for ARM 2.0/lib/libc_v4t_a_le.a(__strtoul.o)
 .data          0x4000009c        0x0 C:/Program Files/Rowley Associates Limited/CrossWorks for ARM 2.0/lib/libc_v4t_a_le.a(__digit.o)
 .data          0x4000009c        0x0 C:/Program Files/Rowley Associates Limited/CrossWorks for ARM 2.0/lib/libc_targetio_impl_v4t_a_le.a(putchar.o)
 .data          0x4000009c        0x0 C:/Program Files/Rowley Associates Limited/CrossWorks for ARM 2.0/lib/libc_user_libc_v4t_a_le.a(user_libc.o)
                0x4000009c                __data_end__ = (__data_start__ + SIZEOF (.data))
                0x0001ec8c                __data_load_end__ = (__data_load_start__ + SIZEOF (.data))
                0x00000001                . = ASSERT ((((__data_load_start__ + SIZEOF (.data)) >= __FLASH_segment_start__) && ((__data_load_start__ + SIZEOF (.data)) <= (__FLASH_segment_start__ + 0x80000))), error: .data is too large to fit in FLASH memory segment)

.data_run       0x4000003c       0x60 load address 0x0001ec2c
                0x4000003c                __data_run_start__ = .
                0x4000009c                . = MAX ((__data_run_start__ + SIZEOF (.data)), .)
 *fill*         0x4000003c       0x60 00
                0x4000009c                __data_run_end__ = (__data_run_start__ + SIZEOF (.data_run))
                0x4000009c                __data_run_load_end__ = __data_run_end__
                0x00000001                . = ASSERT (((__data_run_end__ >= __SRAM_segment_start__) && (__data_run_end__ <= (__SRAM_segment_start__ + 0x8000))), error: .data_run is too large to fit in SRAM memory segment)
                0x4000009c                __bss_load_start__ = ALIGN (__data_run_end__, 0x4)

.bss            0x4000009c     0x634c
                0x4000009c                __bss_start__ = .
 *(.bss .bss.* .gnu.linkonce.b.*)
 .bss           0x4000009c        0x0 ARM Flash Release/main.o
 .bss           0x4000009c        0x0 ARM Flash Release/adc.o
 .bss           0x4000009c        0x0 ARM Flash Release/cpu.o
 .bss           0x4000009c        0x4 ARM Flash Release/i2c.o
                0x4000009c                i2cErrno
 .bss           0x400000a0       0x60 ARM Flash Release/i2cInt.o
 .bss           0x40000100        0x0 ARM Flash Release/pwm.o
 .bss           0x40000100        0x0 ARM Flash Release/spi.o
 .bss           0x40000100        0xc ARM Flash Release/uart0.o
 .bss           0x4000010c        0xc ARM Flash Release/uart0ISR.o
 .bss           0x40000118        0xc ARM Flash Release/uart1.o
 .bss           0x40000124        0xc ARM Flash Release/uart1ISR.o
 .bss           0x40000130       0x34 ARM Flash Release/usbcontrol.o
 .bss           0x40000164        0x8 ARM Flash Release/usbinit.o
 .bss           0x4000016c       0x48 ARM Flash Release/usbISR.o
 .bss           0x400001b4        0xc ARM Flash Release/usbstdreq.o
 .bss           0x400001c0       0x58 ARM Flash Release/usbser.o
 .bss           0x40000218        0x0 ARM Flash Release/rtc.o
 .bss           0x40000218        0x4 ARM Flash Release/rtcISR.o
 .bss           0x4000021c        0x0 ARM Flash Release/reset.o
 .bss           0x4000021c        0x0 ARM Flash Release/eint0.o
 .bss           0x4000021c        0x0 ARM Flash Release/eint0ISR.o
 .bss           0x4000021c        0x0 ARM Flash Release/eint2.o
 .bss           0x4000021c        0x0 ARM Flash Release/eint2ISR.o
 .bss           0x4000021c        0x0 ARM Flash Release/eint3.o
 .bss           0x4000021c        0x4 ARM Flash Release/eint3ISR.o
                0x4000021c                count
 .bss           0x40000220        0x0 ARM Flash Release/eint1.o
 .bss           0x40000220        0x0 ARM Flash Release/eint1ISR.o
 .bss           0x40000220        0x0 ARM Flash Release/beep.o
 .bss           0x40000220        0x0 ARM Flash Release/timer.o
 .bss           0x40000220        0x0 ARM Flash Release/freqCounter.o
 .bss           0x40000220        0x0 ARM Flash Release/dac.o
 .bss           0x40000220        0x0 ARM Flash Release/args.o
 .bss           0x40000220        0x0 ARM Flash Release/argsdispatch.o
 .bss           0x40000220      0x3d8 ARM Flash Release/monitor.o
                0x400005f4                activeCommandList
 .bss           0x400005f8        0x0 ARM Flash Release/printf-stdarg.o
 .bss           0x400005f8        0x0 ARM Flash Release/leds.o
 .bss           0x400005f8        0x1 ARM Flash Release/tcs3414.o
 *fill*         0x400005f9        0x3 00
 .bss           0x400005fc       0x2c ARM Flash Release/mmc.o
 .bss           0x40000628        0x0 ARM Flash Release/ssp.o
 .bss           0x40000628        0x0 ARM Flash Release/Lcd204_4.o
 .bss           0x40000628      0x238 ARM Flash Release/logging.o
 .bss           0x40000860       0x1c ARM Flash Release/meas_sm.o
 .bss           0x4000087c        0x0 ARM Flash Release/meas_task.o
 .bss           0x4000087c        0x0 ARM Flash Release/crt0.o
 .bss           0x4000087c        0x0 ARM Flash Release/Philips_LPC210X_Startup.o
 .bss           0x4000087c        0x4 ARM Flash Release/LPC210x.o
 .bss           0x40000880       0x80 ARM Flash Release/VIC.o
 .bss           0x40000900        0x0 ARM Flash Release/VIC_irq_handler.o
 .bss           0x40000900        0x0 ARM Flash Release/portISR.o
 .bss           0x40000900        0x0 ARM Flash Release/port.o
 .bss           0x40000900     0x4018 ARM Flash Release/heap_2.o
 .bss           0x40004918       0x34 ARM Flash Release/tasks.o
                0x40004918                uxSchedulerSuspended
                0x4000491c                uxCurrentNumberOfTasks
                0x40004920                xNumOfOverflows
                0x40004924                xTickCount
                0x40004928                xMissedYield
                0x4000492c                pxCurrentTCB
                0x40004930                uxTopReadyPriority
                0x40004934                uxMissedTicks
                0x40004938                xTracing
                0x4000493c                uxTopUsedPriority
                0x40004940                uxTasksDeleted
                0x40004944                uxTaskNumber
                0x40004948                xSchedulerRunning
 .bss           0x4000494c        0x0 ARM Flash Release/queue.o
 .bss           0x4000494c        0x0 ARM Flash Release/list.o
 .bss           0x4000494c        0x4 ARM Flash Release/dhcpc.o
 .bss           0x40004950        0x4 ARM Flash Release/sntp.o
 .bss           0x40004954      0x294 ARM Flash Release/telnetd.o
 .bss           0x40004be8        0x0 ARM Flash Release/httpd.o
 .bss           0x40004be8        0x0 ARM Flash Release/httpd-cgi.o
 .bss           0x40004be8       0x18 ARM Flash Release/httpd-fs.o
 .bss           0x40004c00        0x0 ARM Flash Release/http-strings.o
 .bss           0x40004c00        0x8 ARM Flash Release/enc28j60.o
                0x40004c00                xENC28J60Semaphore
                0x40004c04                ethRxPointer
 .bss           0x40004c08        0x0 ARM Flash Release/memb.o
 .bss           0x40004c08        0x0 ARM Flash Release/psock.o
 .bss           0x40004c08       0x1c ARM Flash Release/uip.o
                0x40004c18                uip_timeoffset
                0x40004c1c                uip_ethaddr
 .bss           0x40004c24        0x0 ARM Flash Release/uip_arch.o
 .bss           0x40004c24       0x64 ARM Flash Release/uip_arp.o
 .bss           0x40004c88        0x0 ARM Flash Release/uip_timer.o
 .bss           0x40004c88       0x28 ARM Flash Release/uip-fw.o
 .bss           0x40004cb0        0x0 ARM Flash Release/uiplib.o
 .bss           0x40004cb0       0x80 ARM Flash Release/uip-neighbor.o
 .bss           0x40004d30        0x0 ARM Flash Release/clock.o
 .bss           0x40004d30        0xc ARM Flash Release/uiptask.o
 .bss           0x40004d3c        0xc ARM Flash Release/disk.o
 .bss           0x40004d48        0x8 ARM Flash Release/ff.o
 .bss           0x40004d50        0x0 C:/Users/lukas/AppData/Local/Rowley Associates Limited/CrossWorks for ARM/packages/lib/liblpc2000_v4t_a_le.a(liblpc2000_lpc21xx_get_cclk.o)
 .bss           0x40004d50        0x0 C:/Users/lukas/AppData/Local/Rowley Associates Limited/CrossWorks for ARM/packages/lib/liblpc2000_v4t_a_le.a(liblpc2000_lpc21xx_get_pclk.o)
 .bss           0x40004d50        0x0 C:/Program Files/Rowley Associates Limited/CrossWorks for ARM 2.0/lib/libm_v4t_a_le.a(__int32_to_float32.o)
 .bss           0x40004d50        0x0 C:/Program Files/Rowley Associates Limited/CrossWorks for ARM 2.0/lib/libm_v4t_a_le.a(__int32_to_float64.o)
 .bss           0x40004d50        0x0 C:/Program Files/Rowley Associates Limited/CrossWorks for ARM 2.0/lib/libm_v4t_a_le.a(__uint32_to_float32.o)
 .bss           0x40004d50        0x0 C:/Program Files/Rowley Associates Limited/CrossWorks for ARM 2.0/lib/libm_v4t_a_le.a(__float32_to_int32.o)
 .bss           0x40004d50        0x0 C:/Program Files/Rowley Associates Limited/CrossWorks for ARM 2.0/lib/libm_v4t_a_le.a(__float32_to_uint32.o)
 .bss           0x40004d50        0x0 C:/Program Files/Rowley Associates Limited/CrossWorks for ARM 2.0/lib/libm_v4t_a_le.a(__float64_to_int32.o)
 .bss           0x40004d50        0x0 C:/Program Files/Rowley Associates Limited/CrossWorks for ARM 2.0/lib/libm_v4t_a_le.a(__float64_to_float32.o)
 .bss           0x40004d50        0x0 C:/Program Files/Rowley Associates Limited/CrossWorks for ARM 2.0/lib/libm_v4t_a_le.a(__float32_mul.o)
 .bss           0x40004d50        0x0 C:/Program Files/Rowley Associates Limited/CrossWorks for ARM 2.0/lib/libm_v4t_a_le.a(__float64_div.o)
 .bss           0x40004d50        0x0 C:/Program Files/Rowley Associates Limited/CrossWorks for ARM 2.0/lib/libm_v4t_a_le.a(log.o)
 .bss           0x40004d50        0x0 C:/Program Files/Rowley Associates Limited/CrossWorks for ARM 2.0/lib/libm_v4t_a_le.a(__float64_add.o)
 .bss           0x40004d50        0x0 C:/Program Files/Rowley Associates Limited/CrossWorks for ARM 2.0/lib/libm_v4t_a_le.a(__float64_mul.o)
 .bss           0x40004d50        0x0 C:/Program Files/Rowley Associates Limited/CrossWorks for ARM 2.0/lib/libm_v4t_a_le.a(__float64_cmp.o)
 .bss           0x40004d50        0x0 C:/Program Files/Rowley Associates Limited/CrossWorks for ARM 2.0/lib/libm_v4t_a_le.a(__float64_isnan.o)
 .bss           0x40004d50        0x0 C:/Program Files/Rowley Associates Limited/CrossWorks for ARM 2.0/lib/libm_v4t_a_le.a(__float64_infinity.o)
 .bss           0x40004d50        0x0 C:/Program Files/Rowley Associates Limited/CrossWorks for ARM 2.0/lib/libm_v4t_a_le.a(__float64_nan.o)
 .bss           0x40004d50        0x0 C:/Program Files/Rowley Associates Limited/CrossWorks for ARM 2.0/lib/libm_v4t_a_le.a(__poly1_eval.o)
 .bss           0x40004d50        0x0 C:/Program Files/Rowley Associates Limited/CrossWorks for ARM 2.0/lib/libm_v4t_a_le.a(__poly_eval.o)
 .bss           0x40004d50        0x0 C:/Program Files/Rowley Associates Limited/CrossWorks for ARM 2.0/lib/libm_v4t_a_le.a(frexp.o)
 .bss           0x40004d50        0x0 C:/Program Files/Rowley Associates Limited/CrossWorks for ARM 2.0/lib/libm_v4t_a_le.a(ldexp.o)
 .bss           0x40004d50        0x0 C:/Program Files/Rowley Associates Limited/CrossWorks for ARM 2.0/lib/libc_v4t_a_le.a(__int32_umod.o)
 .bss           0x40004d50        0x0 C:/Program Files/Rowley Associates Limited/CrossWorks for ARM 2.0/lib/libc_v4t_a_le.a(__int32_div.o)
 .bss           0x40004d50        0x0 C:/Program Files/Rowley Associates Limited/CrossWorks for ARM 2.0/lib/libc_v4t_a_le.a(__int32_udivmod.o)
 .bss           0x40004d50        0x0 C:/Program Files/Rowley Associates Limited/CrossWorks for ARM 2.0/lib/libc_v4t_a_le.a(strlen.o)
 .bss           0x40004d50        0x0 C:/Program Files/Rowley Associates Limited/CrossWorks for ARM 2.0/lib/libc_v4t_a_le.a(memcpy.o)
 .bss           0x40004d50        0x0 C:/Program Files/Rowley Associates Limited/CrossWorks for ARM 2.0/lib/libc_v4t_a_le.a(memset.o)
 .bss           0x40004d50        0x0 C:/Program Files/Rowley Associates Limited/CrossWorks for ARM 2.0/lib/libc_v4t_a_le.a(strcpy.o)
 .bss           0x40004d50        0x0 C:/Program Files/Rowley Associates Limited/CrossWorks for ARM 2.0/lib/libc_v4t_a_le.a(strcmp.o)
 .bss           0x40004d50        0x0 C:/Program Files/Rowley Associates Limited/CrossWorks for ARM 2.0/lib/libc_v4t_a_le.a(memcmp.o)
 .bss           0x40004d50        0x0 C:/Program Files/Rowley Associates Limited/CrossWorks for ARM 2.0/lib/libc_v4t_a_le.a(strcat.o)
 .bss           0x40004d50        0x0 C:/Program Files/Rowley Associates Limited/CrossWorks for ARM 2.0/lib/libc_v4t_a_le.a(strchr.o)
 .bss           0x40004d50        0x0 C:/Program Files/Rowley Associates Limited/CrossWorks for ARM 2.0/lib/libc_v4t_a_le.a(strncmp.o)
 .bss           0x40004d50        0x0 C:/Program Files/Rowley Associates Limited/CrossWorks for ARM 2.0/lib/libc_v4t_a_le.a(strncpy.o)
 .bss           0x40004d50        0x0 C:/Program Files/Rowley Associates Limited/CrossWorks for ARM 2.0/lib/libc_v4t_a_le.a(strrchr.o)
 .bss           0x40004d50        0x0 C:/Program Files/Rowley Associates Limited/CrossWorks for ARM 2.0/lib/libc_v4t_a_le.a(strstr.o)
 .bss           0x40004d50        0x0 C:/Program Files/Rowley Associates Limited/CrossWorks for ARM 2.0/lib/libc_v4t_a_le.a(ctype.o)
 .bss           0x40004d50        0x0 C:/Program Files/Rowley Associates Limited/CrossWorks for ARM 2.0/lib/libc_v4t_a_le.a(malloc.o)
 .bss           0x40004d50        0x0 C:/Program Files/Rowley Associates Limited/CrossWorks for ARM 2.0/lib/libc_v4t_a_le.a(atoi.o)
 .bss           0x40004d50        0x0 C:/Program Files/Rowley Associates Limited/CrossWorks for ARM 2.0/lib/libc_v4t_a_le.a(time.o)
 .bss.libc      0x40004d50       0x24 C:/Program Files/Rowley Associates Limited/CrossWorks for ARM 2.0/lib/libc_v4t_a_le.a(time.o)
 .bss           0x40004d74        0x0 C:/Program Files/Rowley Associates Limited/CrossWorks for ARM 2.0/lib/libc_v4t_a_le.a(asctime.o)
 .bss.libc      0x40004d74       0x1c C:/Program Files/Rowley Associates Limited/CrossWorks for ARM 2.0/lib/libc_v4t_a_le.a(asctime.o)
 .bss           0x40004d90        0x0 C:/Program Files/Rowley Associates Limited/CrossWorks for ARM 2.0/lib/libc_v4t_a_le.a(strftime.o)
 .bss           0x40004d90        0x0 C:/Program Files/Rowley Associates Limited/CrossWorks for ARM 2.0/lib/libc_v4t_a_le.a(div.o)
 .bss           0x40004d90        0x0 C:/Program Files/Rowley Associates Limited/CrossWorks for ARM 2.0/lib/libc_v4t_a_le.a(strtol.o)
 .bss           0x40004d90        0x0 C:/Program Files/Rowley Associates Limited/CrossWorks for ARM 2.0/lib/libc_v4t_a_le.a(ldiv.o)
 .bss           0x40004d90        0x0 C:/Program Files/Rowley Associates Limited/CrossWorks for ARM 2.0/lib/libc_v4t_a_le.a(__int32_mod.o)
 .bss           0x40004d90        0x0 C:/Program Files/Rowley Associates Limited/CrossWorks for ARM 2.0/lib/libc_v4t_a_le.a(__strtoul.o)
 .bss           0x40004d90        0x0 C:/Program Files/Rowley Associates Limited/CrossWorks for ARM 2.0/lib/libc_v4t_a_le.a(__digit.o)
 .bss           0x40004d90        0x0 C:/Program Files/Rowley Associates Limited/CrossWorks for ARM 2.0/lib/libc_targetio_impl_v4t_a_le.a(putchar.o)
 .bss           0x40004d90        0x0 C:/Program Files/Rowley Associates Limited/CrossWorks for ARM 2.0/lib/libc_user_libc_v4t_a_le.a(user_libc.o)
 .bss.libc      0x40004d90        0x4 C:/Program Files/Rowley Associates Limited/CrossWorks for ARM 2.0/lib/libc_user_libc_v4t_a_le.a(user_libc.o)
 *(COMMON)
 COMMON         0x40004d94      0x91c ARM Flash Release/main.o
                0x40004d94                Fatfs
                0x40004fc4                ts
                0x40004fc8                LOG_ITEM_STATE
                0x40004fcc                FileAllTimeLog
                0x400051f0                FileContLog
                0x40005414                FileDayLog
                0x40005638                xSemaphoreSDCard
                0x4000563c                slog_entry_item
                0x40005644                buf
                0x4000565c                measure_timestamp
                0x40005668                meas_op_item
                0x40005690                taskHandles
                0x400056ac                log_file
 COMMON         0x400056b0       0x1e ARM Flash Release/logging.o
                0x400056b0                time_buf
 *fill*         0x400056ce        0x2 00
 COMMON         0x400056d0      0x110 ARM Flash Release/tasks.o
                0x400056d0                pxReadyTasksLists
                0x40005734                xPendingReadyList
                0x40005748                pcTraceBuffer
                0x4000574c                xSuspendedTaskList
                0x40005760                pxDelayedTaskList
                0x40005764                pxOverflowDelayedTaskList
                0x40005768                pcTraceBufferEnd
                0x4000576c                pcTraceBufferStart
                0x40005770                xDelayedTaskList1
                0x40005784                xTasksWaitingTermination
                0x40005798                pcStatusString
                0x400057cc                xDelayedTaskList2
 COMMON         0x400057e0       0x50 ARM Flash Release/queue.o
                0x400057e0                xQueueRegistry
 COMMON         0x40005830      0xbb8 ARM Flash Release/uip.o
                0x40005830                uip_len
                0x40005834                uip_sappdata
                0x40005838                uip_acc32
                0x4000583c                uip_flags
                0x40005840                uip_udp_conn
                0x40005844                uip_appdata