Archive member included because of file (symbol)

C:/Users/lukas/AppData/Local/Rowley Associates Limited/CrossWorks for ARM/packages/lib/liblpc2000_v4t_a_le.a(liblpc2000_lpc21xx_get_cclk.o)
                              ARM Flash Release/LPC210x.o (liblpc2000_lpc21xx_get_cclk)
C:/Users/lukas/AppData/Local/Rowley Associates Limited/CrossWorks for ARM/packages/lib/liblpc2000_v4t_a_le.a(liblpc2000_lpc21xx_get_pclk.o)
                              ARM Flash Release/LPC210x.o (liblpc2000_lpc21xx_get_pclk)
C:/Program Files/Rowley Associates Limited/CrossWorks for ARM 2.0/lib/libm_v4t_a_le.a(__int32_to_float32.o)
                              ARM Flash Release/logging.o (__floatsisf)
C:/Program Files/Rowley Associates Limited/CrossWorks for ARM 2.0/lib/libm_v4t_a_le.a(__int32_to_float64.o)
                              ARM Flash Release/meas_sm.o (__floatsidf)
C:/Program Files/Rowley Associates Limited/CrossWorks for ARM 2.0/lib/libm_v4t_a_le.a(__uint32_to_float32.o)
                              ARM Flash Release/dac.o (__floatunsisf)
C:/Program Files/Rowley Associates Limited/CrossWorks for ARM 2.0/lib/libm_v4t_a_le.a(__uint32_to_float64.o)
                              ARM Flash Release/timer.o (__floatunsidf)
C:/Program Files/Rowley Associates Limited/CrossWorks for ARM 2.0/lib/libm_v4t_a_le.a(__float32_to_int32.o)
                              ARM Flash Release/logging.o (__fixsfsi)
C:/Program Files/Rowley Associates Limited/CrossWorks for ARM 2.0/lib/libm_v4t_a_le.a(__float32_to_uint32.o)
                              ARM Flash Release/dac.o (__fixunssfsi)
C:/Program Files/Rowley Associates Limited/CrossWorks for ARM 2.0/lib/libm_v4t_a_le.a(__float64_to_int32.o)
                              ARM Flash Release/meas_sm.o (__fixdfsi)
C:/Program Files/Rowley Associates Limited/CrossWorks for ARM 2.0/lib/libm_v4t_a_le.a(__float32_to_float64.o)
                              ARM Flash Release/logging.o (__extendsfdf2)
C:/Program Files/Rowley Associates Limited/CrossWorks for ARM 2.0/lib/libm_v4t_a_le.a(__float32_add.o)
                              ARM Flash Release/logging.o (__subsf3)
C:/Program Files/Rowley Associates Limited/CrossWorks for ARM 2.0/lib/libm_v4t_a_le.a(__float32_mul.o)
                              ARM Flash Release/dac.o (__mulsf3)
C:/Program Files/Rowley Associates Limited/CrossWorks for ARM 2.0/lib/libm_v4t_a_le.a(__float32_div.o)
                              ARM Flash Release/logging.o (__divsf3)
C:/Program Files/Rowley Associates Limited/CrossWorks for ARM 2.0/lib/libm_v4t_a_le.a(__float32_cmp.o)
                              ARM Flash Release/logging.o (__nesf2)
C:/Program Files/Rowley Associates Limited/CrossWorks for ARM 2.0/lib/libm_v4t_a_le.a(log.o)
                              ARM Flash Release/logging.o (log)
C:/Program Files/Rowley Associates Limited/CrossWorks for ARM 2.0/lib/libm_v4t_a_le.a(__float64_add.o)
                              C:/Program Files/Rowley Associates Limited/CrossWorks for ARM 2.0/lib/libm_v4t_a_le.a(log.o) (__subdf3)
C:/Program Files/Rowley Associates Limited/CrossWorks for ARM 2.0/lib/libm_v4t_a_le.a(__float64_mul.o)
                              C:/Program Files/Rowley Associates Limited/CrossWorks for ARM 2.0/lib/libm_v4t_a_le.a(log.o) (__muldf3)
C:/Program Files/Rowley Associates Limited/CrossWorks for ARM 2.0/lib/libm_v4t_a_le.a(__float64_div.o)
                              C:/Program Files/Rowley Associates Limited/CrossWorks for ARM 2.0/lib/libm_v4t_a_le.a(log.o) (__divdf3)
C:/Program Files/Rowley Associates Limited/CrossWorks for ARM 2.0/lib/libm_v4t_a_le.a(__float64_cmp.o)
                              C:/Program Files/Rowley Associates Limited/CrossWorks for ARM 2.0/lib/libm_v4t_a_le.a(log.o) (__eqdf2)
C:/Program Files/Rowley Associates Limited/CrossWorks for ARM 2.0/lib/libm_v4t_a_le.a(__float64_isnan.o)
                              C:/Program Files/Rowley Associates Limited/CrossWorks for ARM 2.0/lib/libm_v4t_a_le.a(log.o) (__float64_isnan)
C:/Program Files/Rowley Associates Limited/CrossWorks for ARM 2.0/lib/libm_v4t_a_le.a(__float64_infinity.o)
                              C:/Program Files/Rowley Associates Limited/CrossWorks for ARM 2.0/lib/libm_v4t_a_le.a(log.o) (__float64_infinity)
C:/Program Files/Rowley Associates Limited/CrossWorks for ARM 2.0/lib/libm_v4t_a_le.a(__float64_nan.o)
                              C:/Program Files/Rowley Associates Limited/CrossWorks for ARM 2.0/lib/libm_v4t_a_le.a(log.o) (__float64_nan)
C:/Program Files/Rowley Associates Limited/CrossWorks for ARM 2.0/lib/libm_v4t_a_le.a(__poly1_eval.o)
                              C:/Program Files/Rowley Associates Limited/CrossWorks for ARM 2.0/lib/libm_v4t_a_le.a(log.o) (__poly1_eval)
C:/Program Files/Rowley Associates Limited/CrossWorks for ARM 2.0/lib/libm_v4t_a_le.a(__poly_eval.o)
                              C:/Program Files/Rowley Associates Limited/CrossWorks for ARM 2.0/lib/libm_v4t_a_le.a(log.o) (__poly_eval)
[...]
Memory Configuration

Name             Origin             Length             Attributes
UNPLACED_SECTIONS 0xffffffff         0x00000000         xw
AHB_Peripherals  0xffe00000         0x00200000         xw
APB_Peripherals  0xe0000000         0x00200000         xw
USB_DMA_RAM      0x7fd00000         0x00002000         xw
SRAM             0x40000000         0x00008000         xw
FLASH            0x00000000         0x00080000         xr
*default*        0x00000000         0xffffffff

Linker script and memory map

                0xffe00000                __AHB_Peripherals_segment_start__ = 0xffe00000
                0x00000000                __AHB_Peripherals_segment_end__ = 0x0
                0xe0000000                __APB_Peripherals_segment_start__ = 0xe0000000
                0xe0200000                __APB_Peripherals_segment_end__ = 0xe0200000
                0x7fd00000                __USB_DMA_RAM_segment_start__ = 0x7fd00000
                0x7fd02000                __USB_DMA_RAM_segment_end__ = 0x7fd02000
                0x40000000                __SRAM_segment_start__ = 0x40000000
                0x40008000                __SRAM_segment_end__ = 0x40008000
                0x00000000                __FLASH_segment_start__ = 0x0
                0x00080000                __FLASH_segment_end__ = 0x80000
                0x00000400                __STACKSIZE__ = 0x400
                0x00000400                __STACKSIZE_IRQ__ = 0x400
                0x00000020                __STACKSIZE_FIQ__ = 0x20
                0x00000100                __STACKSIZE_SVC__ = 0x100
                0x00000008                __STACKSIZE_ABT__ = 0x8
                0x00000008                __STACKSIZE_UND__ = 0x8
                0x00000400                __HEAPSIZE__ = 0x400
                0x40000000                __vectors_ram_load_start__ = __SRAM_segment_start__

.vectors_ram    0x40000000       0x3c
                0x40000000                __vectors_ram_start__ = .
 *(.vectors_ram .vectors_ram.*)
                0x4000003c                . = MAX ((__vectors_ram_start__ + 0x3c), .)
 *fill*         0x40000000       0x3c 00
                0x4000003c                __vectors_ram_end__ = (__vectors_ram_start__ + SIZEOF (.vectors_ram))
                0x4000003c                __vectors_ram_load_end__ = __vectors_ram_end__
                0x00000001                . = ASSERT (((__vectors_ram_end__ >= __SRAM_segment_start__) && (__vectors_ram_end__ <= (__SRAM_segment_start__ + 0x8000))), error: .vectors_ram is too large to fit in SRAM memory segment)
                0x00000000                __vectors_load_start__ = __FLASH_segment_start__

.vectors        0x00000000       0x38
                0x00000000                __vectors_start__ = .
 *(.vectors .vectors.*)
 .vectors       0x00000000       0x38 ARM Flash Release/Philips_LPC210X_Startup.o
                0x00000000                _vectors
                0x00000038                __vectors_end__ = (__vectors_start__ + SIZEOF (.vectors))
                0x00000038                __vectors_load_end__ = __vectors_end__
                0x00000001                . = ASSERT (((__vectors_end__ >= __FLASH_segment_start__) && (__vectors_end__ <= (__FLASH_segment_start__ + 0x80000))), error: .vectors is too large to fit in FLASH memory segment)
                0x00000038                __init_load_start__ = ALIGN (__vectors_end__, 0x4)

.init           0x00000038      0x260
                0x00000038                __init_start__ = .
 *(.init .init.*)
 *fill*         0x00000038        0x8 00
 .init          0x00000040      0x1d0 ARM Flash Release/crt0.o
                0x00000040                _start
                0x00000040                __start
 .init          0x00000210       0x88 ARM Flash Release/Philips_LPC210X_Startup.o
                0x00000210                reset_handler
                0x0000027c                undef_handler
                0x00000284                pabort_handler
                0x00000288                dabort_handler
                0x0000028c                fiq_handler
                0x00000298                __init_end__ = (__init_start__ + SIZEOF (.init))
                0x00000298                __init_load_end__ = __init_end__
                0x00000001                . = ASSERT (((__init_end__ >= __FLASH_segment_start__) && (__init_end__ <= (__FLASH_segment_start__ + 0x80000))), error: .init is too large to fit in FLASH memory segment)
                0x00000298                __text_load_start__ = ALIGN (__init_end__, 0x4)

.text           0x00000298    0x185f8
                0x00000298                __text_start__ = .
 *(.text .text.* .glue_7t .glue_7 .gnu.linkonce.t.* .gcc_except_table)
 .glue_7        0x00000000        0x0 linker stubs
 .glue_7t       0x00000000        0x0 linker stubs
 .text          0x00000298       0xfc ARM Flash Release/main.o
                0x00000298                vApplicationStackOverflowHook
                0x0000029c                __putchar
                0x000002b8                main
 .text          0x00000394      0x3cc ARM Flash Release/adc.o
                0x00000394                adcRead0_1
                0x000003f4                adcRead0_2
                0x00000454                adcRead0_3
                0x000004b4                adcRead1_1
                0x00000514                adcRead1_6
                0x00000574                adcRead1_7
                0x000005d4                adcInit0_1
                0x00000618                adcInit0_2
                0x0000065c                adcInit0_3
                0x000006a0                adcInit1_1
                0x000006e0                adcInit1_6
                0x00000720                adcInit1_7
 .text          0x00000760       0xd8 ARM Flash Release/cpu.o
                0x00000760                cpuSetupHardware
                0x00000810                cpuPLLDisable
 .text          0x00000838       0x60 ARM Flash Release/i2c.o
                0x00000838                i2cGetErrno
                0x00000848                i2cStrerror
 .text          0x00000898      0x9b0 ARM Flash Release/i2cInt.o
                0x00000cd8                i2cInit
                0x00000e04                i2cSetTimeout
                0x00000f78                i2cWriteReadBuffer
                0x00000fc0                i2cReadBuffer
                0x0000100c                i2cWriteBuffer
                0x0000114c                i2cWriteReadBufferPoll
                0x00001198                i2cWriteBufferPoll
                0x000011e4                i2cDump
 .text          0x00001248      0x1a4 ARM Flash Release/pwm.o
                0x00001248                pwmDutyCycle
                0x000012b0                pwmPulseWidthInMicroseconds
                0x000012e8                pwmFrequency
                0x00001360                pwmInit
 .text          0x000013ec       0x9c ARM Flash Release/spi.o
                0x000013ec                spiInit
                0x00001454                spiPut
 .text          0x00001488      0x2ac ARM Flash Release/uart0.o
                0x00001488                uart0Deinit
                0x000014bc                uart0GetRxQueue
                0x000014d0                uart0GetChar
                0x00001504                uart0PutChar
                0x000015c8                uart0PutString
                0x00001610                uart0Init
 .text          0x00001734      0x290 ARM Flash Release/uart0ISR.o
                0x00001734                uart0ISRCreateQueues
                0x00001914                uart0ISR
 .text          0x000019c4      0x2ac ARM Flash Release/uart1.o
                0x000019c4                uart1Deinit
                0x000019f8                uart1GetRxQueue
                0x00001a0c                uart1GetChar
                0x00001a40                uart1PutChar
                0x00001b04                uart1PutString
                0x00001b4c                uart1Init
 .text          0x00001c70      0x290 ARM Flash Release/uart1ISR.o
                0x00001c70                uart1ISRCreateQueues
                0x00001e50                uart1ISR
 .text          0x00001f00      0x21c ARM Flash Release/usbcontrol.o
                0x00001f34                usbRegisterRequestHandler
                0x00001fac                usbHandleControlTransfer
 .text          0x0000211c       0x74 ARM Flash Release/usbinit.o
                0x00002120                usbRegisterHandlers
 .text          0x00002190      0x6c0 ARM Flash Release/usbISR.o
                0x00002260                usbHardwareEndpointConfig
                0x000022b8                usbHardwareRegisterEPIntHandler
                0x000022fc                usbHardwareRegisterDevIntHandler
                0x00002320                usbHardwareRegisterFrameHandler
                0x00002344                usbHardwareSetAddress
                0x00002364                usbHardwareConnect
                0x00002380                usbHardwareNakIntEnable
                0x00002398                usbHardwareEndpointIsStalled
                0x000023bc                usbHardwareEndpointStall
                0x000023e8                usbHardwareEndpointWrite
                0x00002488                usbHardwareEndpointRead
                0x0000253c                usbHardwareConfigDevice
                0x00002558                usbSetupInterruptHandler
                0x00002588                usbHardwareInit
                0x0000265c                usbISR
 .text          0x00002850      0x354 ARM Flash Release/usbstdreq.o
                0x00002850                usbRegisterDescriptors
                0x00002860                usbGetDescriptor
                0x000028ec                usbRegisterCustomReqHandler
                0x000028fc                usbHandleStandardRequest
 .text          0x00002ba4      0x388 ARM Flash Release/usbser.o
                0x00002ba4                usbserGetRxQueue
                0x00002be0                usbserInit
                0x00002e18                usbserGetChar
                0x00002e60                usbserPutChar
                0x00002ebc                usbserPutString
 .text          0x00002f2c      0x8e0 ARM Flash Release/rtc.o
                0x00002f2c                rtcSetAlarm
                0x00002fd0                rtcSetAlarmCIIR
                0x00003024                rtcPeriodicAlarm
                0x000030ac                rtcIs5minInt
                0x000030c0                getMonthLength
                0x000032b8                getRtcRead
                0x000032cc                rtcGetEpochSecondsLuk
                0x000032f8                rtcGetEpochSeconds
                0x00003454                time
                0x00003468                rtcGetAlarmTm
                0x00003550                rtcGetAlarmEpochSeconds
                0x00003570                rtcSetEpochSeconds
                0x00003650                rtcInit
 .text          0x0000380c      0x39c ARM Flash Release/rtcISR.o
                0x0000380c                rtcISRInit
                0x00003af8                rtcISR
 .text          0x00003ba8       0x28 ARM Flash Release/reset.o
                0x00003ba8                reset
 .text          0x00003bd0       0xa4 ARM Flash Release/eint0.o
                0x00003bd0                eint0Deinit
                0x00003bf4                eint0Init
 .text          0x00003c74       0xc4 ARM Flash Release/eint0ISR.o
                0x00003c74                eint0ISR
 .text          0x00003d38       0xa4 ARM Flash Release/eint2.o
                0x00003d38                eint2Deinit
                0x00003d5c                eint2Init
 .text          0x00003ddc       0xd8 ARM Flash Release/eint2ISR.o
                0x00003e04                eint2ISR
 .text          0x00003eb4       0xa8 ARM Flash Release/eint3.o
                0x00003eb4                eint3Deinit
                0x00003edc                eint3Init
 .text          0x00003f5c      0x168 ARM Flash Release/eint3ISR.o
                0x00003f5c                eint3ISR
 .text          0x000040c4       0xa0 ARM Flash Release/eint1.o
                0x000040c4                eint1Deinit
                0x000040e8                eint1Init
 .text          0x00004164      0x108 ARM Flash Release/eint1ISR.o
                0x00004164                eint1ISR
 .text          0x0000426c      0x174 ARM Flash Release/beep.o
                0x0000426c                beepOn
                0x000042f4                beepOff
                0x0000438c                beepA_TEAM_THEME
                0x000043a8                beepSMOTW
                0x000043c4                beepMHALL
 .text          0x000043e0      0x3b8 ARM Flash Release/timer.o
                0x000043e0                timer0Init
                0x000043f8                timer0FlowRateStart
                0x00004414                timer0FlowRateContinue
                0x00004428                timer0FlowRateStop
                0x00004458                timer0ISR
                0x00004514                timer1Init
                0x0000452c                timer1FlowRateStart
                0x00004548                timer1FlowRateContinue
                0x0000455c                timer1FlowRateStop
                0x0000458c                timer1ISR
                0x00004654                timer1FlowRateInit
                0x000046e0                capture00Init
 .text          0x00004798       0xb8 ARM Flash Release/dac.o
                0x00004798                dacInit
                0x000047c0                dacSet
                0x000047fc                dacSetMV
 .text          0x00004850      0x2d4 ARM Flash Release/args.o
                0x00004850                argsParse
                0x000049bc                argsGetLine
 .text          0x00004b24      0x11c ARM Flash Release/argsdispatch.o
                0x00004b24                argsDispatch
 .text          0x00004c40     0x16c4 ARM Flash Release/monitor.o
                0x00004c58                monitorTaskStart
                0x0000629c                get_fattime
 .text          0x00006304      0x524 ARM Flash Release/printf-stdarg.o
                0x00006304                write
                0x00006790                snprintf
                0x000067c4                sprintf
                0x000067f8                printf
 .text          0x00006828      0x124 ARM Flash Release/leds.o
                0x00006828                ledsSetDelay
                0x00006840                ledsGetDelay
                0x00006850                ledsTaskStop
                0x000068a4                ledsTaskStart
 .text          0x0000694c      0x22c ARM Flash Release/tcs3414.o
                0x00006950                tcs3414TaskStart
                0x000069f4                tcs3414GetICRevision
                0x00006a18                tcs3414GetColour
                0x00006b2c                tcs3414Init
 .text          0x00006b78      0x984 ARM Flash Release/mmc.o
                0x00006b78                mmcWriteProtect
                0x00006b88                mmcDecodeCSD
                0x00006ba0                mmcDumpCSD
                0x00006bb8                mmcCardPresent
                0x00006d94                mmcVerify
                0x00006ed4                mmcReadCardInfo
                0x00006fb0                mmcInitMedia
                0x000072fc                mmcWrite
                0x00007404                mmcRead
                0x000074e0                mmcWaitReady
 .text          0x000074fc      0x3b0 ARM Flash Release/ssp.o
                0x000074fc                sspHardwareCardPresent
                0x00007518                sspHardwareWriteProtected
                0x00007544                sspChipSelect
                0x000075d4                sspSetClockFreq
                0x00007628                sspInit
                0x000076e0                sspTransferByte
                0x00007728                sspWaitReady
                0x0000775c                sspSendBlock
                0x000077b0                sspReceiveBlock
                0x00007864                sspDelay1ms
 .text          0x000078ac      0x790 ARM Flash Release/Lcd204_4.o
                0x000078ac                delay_us
                0x000078c8                delay
                0x00007914                write_lcd
                0x00007c14                write_byte_lcd
                0x00007c64                blink_lcd
                0x00007cdc                init_screenpool
                0x00007ce0                lcdTaskStop
                0x00007d14                lcdTaskStart
                0x00007d60                init_system
                0x00007e10                clear_lcd
                0x00007e30                init_lcd
                0x00007f78                printf_lcd
 .text          0x0000803c      0xc3c ARM Flash Release/logging.o
                0x0000803c                setWsPrice
                0x0000804c                incr_SumFlowvolume
                0x00008090                init_daysLogging
                0x000080a4                incr_daysLogging
                0x000080c8                b_itoab
                0x00008198                luk_strcpy
                0x000081b8                nrOfDigits
                0x000081ec                updateCDayLogEntryItem
                0x00008298                fillSlogEntryItem
                0x000082f0                feedLCD
                0x0000880c                getDateTime
                0x00008860                fs_init
                0x000088b0                appendToLog
                0x00008990                initLog
                0x00008a0c                trackLogTaskStop
                0x00008a40                trackLogTaskStart
                0x00008a8c                getLogFilename
                0x00008b2c                trackLog
 .text          0x00008c78      0x5cc ARM Flash Release/meas_sm.o
                0x00008c78                set_measure
                0x00008c8c                clr_measure
                0x00008ca0                get_measure
                0x00008cb0                set_trackLog
                0x00008cc4                clr_trackLog
                0x00008cd8                get_trackLog
                0x00008ce8                get_pumpLastControlSignalOn
                0x00008d04                clr_pumpLastControlSignalOn
                0x00008d18                getMeasure_timestamp_diff
                0x00008d34                clr_valuesReceived
                0x00008d48                set_valuesReceived
                0x00008d5c                valuesReceived
                0x00008d6c                stopMeasure
                0x00008d80                startMeasure
                0x00008d94                get_FlowCount
                0x00008db8                incr_FlowCount
                0x00008e08                clr_FlowCount
                0x00008e34                initFlowrateSensor
                0x00008e6c                updateMeasure_timestamp
                0x00008ea8                set_pumpLastControlSignalOn
                0x00008ed0                MeasSMTaskStop
                0x00008f04                measSMTaskStart
                0x00008f50                meas_sm
 .text          0x00009244      0x22c ARM Flash Release/meas_task.o
                0x00009244                meas_task_init
                0x00009284                measTaskStop
                0x000092b8                measTaskStart
                0x00009304                doMeasure
                0x000093b0                meas_winddirection
 .text          0x00009470        0x0 ARM Flash Release/crt0.o
 .text          0x00009470        0x0 ARM Flash Release/Philips_LPC210X_Startup.o
 .text          0x00009470       0xc8 ARM Flash Release/LPC210x.o
                0x000094a0                ctl_get_ticks_per_second
                0x000094a8                ctl_start_timer
 .text          0x00009538      0x1b0 ARM Flash Release/VIC.o
                0x00009538                ctl_set_isr
                0x000096b8                ctl_unmask_isr
                0x000096d0                ctl_mask_isr
 .text          0x000096e8       0x44 ARM Flash Release/VIC_irq_handler.o
                0x000096e8                irq_handler
 .text          0x0000972c      0x22c ARM Flash Release/portISR.o
                0x0000972c                vPortISRStartFirstTask
                0x00009778                vTickISR
                0x00009838                vPortEnterCritical
                0x00009864                vPortExitCritical
                0x000098ac                swi_handler
 .text          0x00009958      0x18c ARM Flash Release/port.o
                0x00009958                pxPortInitialiseStack
                0x00009a64                vPortEndScheduler
                0x00009a68                xPortStartScheduler
 .text          0x00009ae4      0x1b4 ARM Flash Release/heap_2.o
                0x00009ae4                xPortGetFreeHeapSize
                0x00009af4                vPortInitialiseBlocks
                0x00009af8                vPortFree
                0x00009b5c                pvPortMalloc
 .text          0x00009c98     0x1410 ARM Flash Release/tasks.o
                0x00009c98                xTaskIsTaskSuspended
                0x00009cd4                vTaskSuspendAll
                0x00009cec                uxTaskGetNumberOfTasks
                0x00009cfc                vTaskSetTimeOutState
                0x00009d18                vTaskMissedYield
                0x00009d2c                usTaskCheckFreeStackSpace
                0x00009d60                uxTaskGetStackHighWaterMark
                0x00009d84                xTaskGetCurrentTaskHandle
                0x00009d94                vTaskPriorityDisinherit
                0x00009e08                vTaskPriorityInherit
                0x00009ebc                xTaskRemoveFromEventList
                0x00009f6c                vTaskIncrementTick
                0x0000a078                xTaskResumeFromISR
                0x0000a120                prvDeleteTCB
                0x0000a140                prvListTaskWithinSingleList
                0x0000a1fc                prvAllocateTCBAndStack
                0x0000a258                xTaskCheckForTimeOut
                0x0000a2f4                ulTaskEndTrace
                0x0000a334                vTaskStartTrace
                0x0000a38c                xTaskGetTickCount
                0x0000a3b0                xTaskResumeAll
                0x0000a4f4                vTaskList
                0x0000a608                prvCheckTasksWaitingTermination
                0x0000a694                prvIdleTask
                0x0000a6a4                vTaskResume
                0x0000a740                vTaskSuspend
                0x0000a7bc                vTaskPrioritySet
                0x0000a8ac                uxTaskPriorityGet
                0x0000a8dc                vTaskDelete
                0x0000a980                prvInitialiseTaskLists
                0x0000aa08                prvInitialiseTCBVariables
                0x0000aa60                vTaskPlaceOnEventList
                0x0000ab0c                vTaskDelay
                0x0000ab9c                vTaskDelayUntil
                0x0000ac8c                vTaskSwitchContext
                0x0000ae78                vTaskEndScheduler
                0x0000aeac                xTaskGenericCreate
                0x0000b030                vTaskStartScheduler
 .text          0x0000b0a8      0xb54 ARM Flash Release/queue.o
                0x0000b0a8                uxQueueMessagesWaitingFromISR
                0x0000b0b0                xQueueIsQueueEmptyFromISR
                0x0000b0c0                xQueueIsQueueFullFromISR
                0x0000b0d8                vQueueAddToRegistry
                0x0000b124                vQueueDelete
                0x0000b190                uxQueueMessagesWaiting
                0x0000b250                xQueueReceiveFromISR
                0x0000b2c8                xQueueAltGenericReceive
                0x0000b508                xQueueGenericReceive
                0x0000b6c0                xQueueTakeMutexRecursive
                0x0000b7d0                xQueueGenericSendFromISR
                0x0000b844                xQueueAltGenericSend
                0x0000b94c                xQueueGenericSend
                0x0000ba98                xQueueGiveMutexRecursive
                0x0000baec                xQueueCreateMutex
                0x0000bb60                xQueueCreate
 .text          0x0000bbfc      0x108 ARM Flash Release/list.o
                0x0000bbfc                vListInitialise
                0x0000bc20                vListInitialiseItem
                0x0000bc2c                vListInsertEnd
                0x0000bc64                vListInsert
                0x0000bcc4                vListRemove
 .text          0x0000bd04      0x71c ARM Flash Release/dhcpc.o
                0x0000bd28                dhcpc_request
                0x0000c048                dhcpc_appcall
                0x0000c3a8                dhcpc_init
 .text          0x0000c420      0x2b4 ARM Flash Release/sntp.o
                0x0000c420                sntp_appcall
                0x0000c664                sntpSync
 .text          0x0000c6d4      0x604 ARM Flash Release/telnetd.o
                0x0000c6f0                telnetdDisconnect
                0x0000c8ac                telnetd_appcall
                0x0000cbd8                telnetd_init
                0x0000cc3c                telnetdPutChar
 .text          0x0000ccd8      0x9c4 ARM Flash Release/httpd.o
                0x0000ccd8                httpd_init
                0x0000d580                httpd_appcall
 .text          0x0000d69c      0x448 ARM Flash Release/httpd-cgi.o
                0x0000d6ac                httpd_cgi
 .text          0x0000dae4      0x174 ARM Flash Release/httpd-fs.o
                0x0000db58                httpd_fs_open
                0x0000dbd8                httpd_fs_init
                0x0000dbfc                httpd_fs_count
 .text          0x0000dc58        0x0 ARM Flash Release/http-strings.o
 .text          0x0000dc58      0x88c ARM Flash Release/enc28j60.o
                0x0000dcfc                enc28j60WaitForData
                0x0000de80                enc28j60Send
                0x0000dffc                enc28j60Deinit
                0x0000e01c                enc28j60Init
                0x0000e37c                enc28j60Receive
 .text          0x0000e4e4      0x124 ARM Flash Release/memb.o
                0x0000e4e4                memb_alloc
                0x0000e554                memb_free
                0x0000e5d0                memb_init
 .text          0x0000e608      0x608 ARM Flash Release/psock.o
                0x0000e6a0                psock_datalen
                0x0000e6b8                psock_newdata
                0x0000e6f4                psock_readto
                0x0000e860                psock_init
                0x0000e89c                psock_readbuf
                0x0000eaa8                psock_generator_send
                0x0000eb78                psock_send
 .text          0x0000ec10     0x1e30 ARM Flash Release/uip.o
                0x0000ec10                uip_setipid
                0x0000ec20                uip_init
                0x0000ec8c                uip_unlisten
                0x0000ed38                uip_listen
                0x0000ede0                htons
                0x0000edf8                uip_connect
                0x0000efc0                htonl
                0x0000efe8                uip_iszeroaddr
                0x0000f008                uip_send
                0x0000f0ac                uip_process
                0x00010700                uip_udp_new
                0x0001086c                uip_printstats
 .text          0x00010a40      0x444 ARM Flash Release/uip_arch.o
                0x00010a40                uip_add32
                0x00010bac                uip_udpchksum
                0x00010c08                uip_chksum
                0x00010cf4                uip_ipchksum
                0x00010d10                uip_tcpchksum
 .text          0x00010e84      0x768 ARM Flash Release/uip_arp.o
                0x00011020                uip_arp_ipin
                0x000110b8                uip_arp_arpin
                0x00011278                uip_arp_out
                0x000114f4                uip_arp_timer
                0x00011590                uip_arp_init
 .text          0x000115ec       0x70 ARM Flash Release/uip_timer.o
                0x000115ec                timer_reset
                0x000115fc                timer_expired
                0x00011628                timer_restart
                0x00011640                timer_set
 .text          0x0001165c      0x41c ARM Flash Release/uip-fw.o
                0x0001165c                uip_fw_init
                0x00011698                uip_fw_output
                0x000117d8                uip_fw_register
                0x000117f0                uip_fw_default
                0x00011800                uip_fw_periodic
                0x00011848                uip_fw_forward
 .text          0x00011a78       0x98 ARM Flash Release/uiplib.o
                0x00011a78                uiplib_ipaddrconv
 .text          0x00011b10      0x1e4 ARM Flash Release/uip-neighbor.o
                0x00011b10                uip_neighbor_init
                0x00011b34                uip_neighbor_periodic
                0x00011bb4                uip_neighbor_update
                0x00011bd0                uip_neighbor_lookup
                0x00011bec                uip_neighbor_add
 .text          0x00011cf4       0x10 ARM Flash Release/clock.o
                0x00011cf4                clock_time
 .text          0x00011d04      0x3d0 ARM Flash Release/uiptask.o
                0x00011d04                uipIsRunning
                0x00011d1c                dispatch_tcp_appcall
                0x00011d20                dispatch_udp_appcall
                0x00011d24                dhcpc_configured
                0x00011d28                uipStop
                0x00011d64                uipStart
                0x0001209c                uipFastPoll
 .text          0x000120d4      0x3ac ARM Flash Release/disk.o
                0x000120d4                diskShutdown
                0x000120f0                diskStatus
                0x00012100                diskErrorText
                0x00012150                diskErrorTextPrint
                0x00012178                diskPresent
                0x00012188                diskIoctl
                0x00012300                diskWrite
                0x00012360                diskRead
                0x000123ac                diskInitialize
 .text          0x00012480     0x2dc8 ARM Flash Release/ff.o
                0x000125f4                f_ferrorlookup
                0x00012644                f_mount
                0x000126a0                f_mkfs
                0x000136a0                f_readdir
                0x0001375c                f_lseek
                0x00013954                f_write
                0x00013c04                f_read
                0x000142e0                f_getfree
                0x00014748                f_rename
                0x00014870                f_chmod
                0x00014900                f_unlink
                0x00014a7c                f_stat
                0x00014af0                f_opendir
                0x00014bac                f_mkdir
                0x00014e14                f_sync
                0x00014f20                f_close
                0x00014f40                f_open
                0x00015220                f_printerror
 .text          0x00015248        0x0 C:/Users/lukas/AppData/Local/Rowley Associates Limited/CrossWorks for ARM/packages/lib/liblpc2000_v4t_a_le.a(liblpc2000_lpc21xx_get_cclk.o)
 .text.liblpc2000
                0x00015248       0x30 C:/Users/lukas/AppData/Local/Rowley Associates Limited/CrossWorks for ARM/packages/lib/liblpc2000_v4t_a_le.a(liblpc2000_lpc21xx_get_cclk.o)
                0x00015248                liblpc2000_lpc21xx_get_cclk
                0x00015248                liblpc2000_get_cclk
 .text          0x00015278        0x0 C:/Users/lukas/AppData/Local/Rowley Associates Limited/CrossWorks for ARM/packages/lib/liblpc2000_v4t_a_le.a(liblpc2000_lpc21xx_get_pclk.o)
 .text.liblpc2000
                0x00015278       0x2c C:/Users/lukas/AppData/Local/Rowley Associates Limited/CrossWorks for ARM/packages/lib/liblpc2000_v4t_a_le.a(liblpc2000_lpc21xx_get_pclk.o)
                0x00015278                liblpc2000_lpc21xx_get_pclk
                0x00015278                liblpc2000_get_pclk
 .text          0x000152a4        0x0 C:/Program Files/Rowley Associates Limited/CrossWorks for ARM 2.0/lib/libm_v4t_a_le.a(__int32_to_float32.o)
 *fill*         0x000152a4        0xc 00
 .text.libc     0x000152b0       0x70 C:/Program Files/Rowley Associates Limited/CrossWorks for ARM 2.0/lib/libm_v4t_a_le.a(__int32_to_float32.o)
                0x000152b0                __int32_to_float32
                0x000152b0                __floatsisf
                0x000152b0                __aeabi_i2f
                0x000152c4                __int32_to_float32_common
 .text          0x00015320        0x0 C:/Program Files/Rowley Associates Limited/CrossWorks for ARM 2.0/lib/libm_v4t_a_le.a(__int32_to_float64.o)
 .text.libc     0x00015320       0x70 C:/Program Files/Rowley Associates Limited/CrossWorks for ARM 2.0/lib/libm_v4t_a_le.a(__int32_to_float64.o)
                0x00015320                __aeabi_i2d
                0x00015320                __int32_to_float64
                0x00015320                __floatsidf
 .text          0x00015390        0x0 C:/Program Files/Rowley Associates Limited/CrossWorks for ARM 2.0/lib/libm_v4t_a_le.a(__uint32_to_float32.o)
 .text.libc     0x00015390       0x10 C:/Program Files/Rowley Associates Limited/CrossWorks for ARM 2.0/lib/libm_v4t_a_le.a(__uint32_to_float32.o)
                0x00015390                __aeabi_ui2f
                0x00015390                __floatunsisf
                0x00015390                __uint32_to_float32
 .text          0x000153a0        0x0 C:/Program Files/Rowley Associates Limited/CrossWorks for ARM 2.0/lib/libm_v4t_a_le.a(__uint32_to_float64.o)
 .text.libc     0x000153a0       0x60 C:/Program Files/Rowley Associates Limited/CrossWorks for ARM 2.0/lib/libm_v4t_a_le.a(__uint32_to_float64.o)
                0x000153a0                __aeabi_ui2d
                0x000153a0                __floatunsidf
                0x000153a0                __uint32_to_float64
 .text          0x00015400        0x0 C:/Program Files/Rowley Associates Limited/CrossWorks for ARM 2.0/lib/libm_v4t_a_le.a(__float32_to_int32.o)
 .text.libc     0x00015400       0x50 C:/Program Files/Rowley Associates Limited/CrossWorks for ARM 2.0/lib/libm_v4t_a_le.a(__float32_to_int32.o)
                0x00015400                __float32_to_int32
                0x00015400                __aeabi_f2iz
                0x00015400                __fixsfsi
 .text          0x00015450        0x0 C:/Program Files/Rowley Associates Limited/CrossWorks for ARM 2.0/lib/libm_v4t_a_le.a(__float32_to_uint32.o)
 .text.libc     0x00015450       0x40 C:/Program Files/Rowley Associates Limited/CrossWorks for ARM 2.0/lib/libm_v4t_a_le.a(__float32_to_uint32.o)
                0x00015450                __aeabi_f2uiz
                0x00015450                __fixunssfsi
                0x00015450                __float32_to_uint32
 .text          0x00015490        0x0 C:/Program Files/Rowley Associates Limited/CrossWorks for ARM 2.0/lib/libm_v4t_a_le.a(__float64_to_int32.o)
 .text.libc     0x00015490       0x60 C:/Program Files/Rowley Associates Limited/CrossWorks for ARM 2.0/lib/libm_v4t_a_le.a(__float64_to_int32.o)
                0x00015490                __aeabi_d2iz
                0x00015490                __float64_to_int32
                0x00015490                __fixdfsi
 .text          0x000154f0        0x0 C:/Program Files/Rowley Associates Limited/CrossWorks for ARM 2.0/lib/libm_v4t_a_le.a(__float32_to_float64.o)
 .text.libc     0x000154f0       0x40 C:/Program Files/Rowley Associates Limited/CrossWorks for ARM 2.0/lib/libm_v4t_a_le.a(__float32_to_float64.o)
                0x000154f0                __float32_to_float64
                0x000154f0                __aeabi_f2d
                0x000154f0                __extendsfdf2
 .text          0x00015530        0x0 C:/Program Files/Rowley Associates Limited/CrossWorks for ARM 2.0/lib/libm_v4t_a_le.a(__float32_add.o)
 .text.libc     0x00015530      0x1a0 C:/Program Files/Rowley Associates Limited/CrossWorks for ARM 2.0/lib/libm_v4t_a_le.a(__float32_add.o)
                0x00015530                __aeabi_frsub
                0x00015538                __subsf3
                0x00015538                __aeabi_fsub
                0x00015538                __float32_sub
                0x0001553c                __addsf3
                0x0001553c                __float32_add
                0x0001553c                __aeabi_fadd
 .text          0x000156d0        0x0 C:/Program Files/Rowley Associates Limited/CrossWorks for ARM 2.0/lib/libm_v4t_a_le.a(__float32_mul.o)
 .text.libc     0x000156d0      0x100 C:/Program Files/Rowley Associates Limited/CrossWorks for ARM 2.0/lib/libm_v4t_a_le.a(__float32_mul.o)
                0x000156d0                __mulsf3
                0x000156d0                __float32_mul
 .text          0x000157d0        0x0 C:/Program Files/Rowley Associates Limited/CrossWorks for ARM 2.0/lib/libm_v4t_a_le.a(__float32_div.o)
 .text.libc     0x000157d0      0x210 C:/Program Files/Rowley Associates Limited/CrossWorks for ARM 2.0/lib/libm_v4t_a_le.a(__float32_div.o)
                0x000157d0                __float32_div
                0x000157d0                __divsf3
 .text          0x000159e0        0x0 C:/Program Files/Rowley Associates Limited/CrossWorks for ARM 2.0/lib/libm_v4t_a_le.a(__float32_cmp.o)
 .text.libc     0x000159e0       0x50 C:/Program Files/Rowley Associates Limited/CrossWorks for ARM 2.0/lib/libm_v4t_a_le.a(__float32_cmp.o)
                0x000159e0                __nesf2
                0x000159e0                __gtsf2
                0x000159e0                __eqsf2
                0x000159e0                __cmpsf2
                0x000159e0                __ltsf2
                0x000159e0                __gesf2
                0x000159e0                __lesf2
 .text          0x00015a30        0x0 C:/Program Files/Rowley Associates Limited/CrossWorks for ARM 2.0/lib/libm_v4t_a_le.a(log.o)
 .text.libc     0x00015a30      0x2c0 C:/Program Files/Rowley Associates Limited/CrossWorks for ARM 2.0/lib/libm_v4t_a_le.a(log.o)
                0x00015a30                log
 .text          0x00015cf0        0x0 C:/Program Files/Rowley Associates Limited/CrossWorks for ARM 2.0/lib/libm_v4t_a_le.a(__float64_add.o)
 .text.libc     0x00015cf0      0x350 C:/Program Files/Rowley Associates Limited/CrossWorks for ARM 2.0/lib/libm_v4t_a_le.a(__float64_add.o)
                0x00015cf0                __aeabi_drsub
                0x00015cf8                __aeabi_dsub
                0x00015cf8                __float64_sub
                0x00015cf8                __subdf3
                0x00015cfc                __aeabi_dadd
                0x00015cfc                __float64_add
                0x00015cfc                __adddf3
 .text          0x00016040        0x0 C:/Program Files/Rowley Associates Limited/CrossWorks for ARM 2.0/lib/libm_v4t_a_le.a(__float64_mul.o)
 .text.libc     0x00016040      0x1b0 C:/Program Files/Rowley Associates Limited/CrossWorks for ARM 2.0/lib/libm_v4t_a_le.a(__float64_mul.o)
                0x00016040                __muldf3
                0x00016040                __float64_mul
 .text          0x000161f0        0x0 C:/Program Files/Rowley Associates Limited/CrossWorks for ARM 2.0/lib/libm_v4t_a_le.a(__float64_div.o)
 .text.libc     0x000161f0      0x330 C:/Program Files/Rowley Associates Limited/CrossWorks for ARM 2.0/lib/libm_v4t_a_le.a(__float64_div.o)
                0x000161f0                __divdf3
                0x000161f0                __float64_div
                0x000161f0                __aeabi_ddiv
 .text          0x00016520        0x0 C:/Program Files/Rowley Associates Limited/CrossWorks for ARM 2.0/lib/libm_v4t_a_le.a(__float64_cmp.o)
 .text.libc     0x00016520       0x70 C:/Program Files/Rowley Associates Limited/CrossWorks for ARM 2.0/lib/libm_v4t_a_le.a(__float64_cmp.o)
                0x00016520                __eqdf2
                0x00016520                __gtdf2
                0x00016520                __ltdf2
                0x00016520                __ledf2
                0x00016520                __nedf2
                0x00016520                __gedf2
                0x00016520                __cmpdf2
 .text          0x00016590        0x0 C:/Program Files/Rowley Associates Limited/CrossWorks for ARM 2.0/lib/libm_v4t_a_le.a(__float64_isnan.o)
 .text.libc     0x00016590       0x20 C:/Program Files/Rowley Associates Limited/CrossWorks for ARM 2.0/lib/libm_v4t_a_le.a(__float64_isnan.o)
                0x00016590                __float64_isnan
 .text          0x000165b0        0x0 C:/Program Files/Rowley Associates Limited/CrossWorks for ARM 2.0/lib/libm_v4t_a_le.a(__float64_infinity.o)
 .text.libc     0x000165b0        0x0 C:/Program Files/Rowley Associates Limited/CrossWorks for ARM 2.0/lib/libm_v4t_a_le.a(__float64_infinity.o)
 .text          0x000165b0        0x0 C:/Program Files/Rowley Associates Limited/CrossWorks for ARM 2.0/lib/libm_v4t_a_le.a(__float64_nan.o)
 .text.libc     0x000165b0        0x0 C:/Program Files/Rowley Associates Limited/CrossWorks for ARM 2.0/lib/libm_v4t_a_le.a(__float64_nan.o)
 .text          0x000165b0        0x0 C:/Program Files/Rowley Associates Limited/CrossWorks for ARM 2.0/lib/libm_v4t_a_le.a(__poly1_eval.o)
 .text.libc     0x000165b0       0x70 C:/Program Files/Rowley Associates Limited/CrossWorks for ARM 2.0/lib/libm_v4t_a_le.a(__poly1_eval.o)
                0x000165b0                __poly1_eval
 .text          0x00016620        0x0 C:/Program Files/Rowley Associates Limited/CrossWorks for ARM 2.0/lib/libm_v4t_a_le.a(__poly_eval.o)
 .text.libc     0x00016620       0x5c C:/Program Files/Rowley Associates Limited/CrossWorks for ARM 2.0/lib/libm_v4t_a_le.a(__poly_eval.o)
                0x00016620                __poly_eval
 .text          0x0001667c        0x0 C:/Program Files/Rowley Associates Limited/CrossWorks for ARM 2.0/lib/libm_v4t_a_le.a(frexp.o)
 .text.libc     0x0001667c       0x60 C:/Program Files/Rowley Associates Limited/CrossWorks for ARM 2.0/lib/libm_v4t_a_le.a(frexp.o)
                0x0001667c                frexp
 .text          0x000166dc        0x0 C:/Program Files/Rowley Associates Limited/CrossWorks for ARM 2.0/lib/libm_v4t_a_le.a(ldexp.o)
 .text.libc     0x000166dc       0x84 C:/Program Files/Rowley Associates Limited/CrossWorks for ARM 2.0/lib/libm_v4t_a_le.a(ldexp.o)
                0x000166dc                ldexp
 .text          0x00016760        0x0 C:/Program Files/Rowley Associates Limited/CrossWorks for ARM 2.0/lib/libc_v4t_a_le.a(__int32_umod.o)
 .text.libc     0x00016760       0x20 C:/Program Files/Rowley Associates Limited/CrossWorks for ARM 2.0/lib/libc_v4t_a_le.a(__int32_umod.o)
                0x00016760                __int32_umod
                0x00016760                __umodsi3
 .text          0x00016780        0x0 C:/Program Files/Rowley Associates Limited/CrossWorks for ARM 2.0/lib/libc_v4t_a_le.a(__int32_div.o)
 .text.libc     0x00016780       0x50 C:/Program Files/Rowley Associates Limited/CrossWorks for ARM 2.0/lib/libc_v4t_a_le.a(__int32_div.o)
                0x00016780                __divsi3
                0x00016780                __int32_div
 .text          0x000167d0        0x0 C:/Program Files/Rowley Associates Limited/CrossWorks for ARM 2.0/lib/libc_v4t_a_le.a(__int32_udivmod.o)
 .text.libc     0x000167d0       0x30 C:/Program Files/Rowley Associates Limited/CrossWorks for ARM 2.0/lib/libc_v4t_a_le.a(__int32_udivmod.o)
                0x000167d0                __int32_udivmod
                0x000167d0                __udivsi3
                0x000167d0                __int32_udiv
 .text          0x00016800        0x0 C:/Program Files/Rowley Associates Limited/CrossWorks for ARM 2.0/lib/libc_v4t_a_le.a(strlen.o)
 .text.libc     0x00016800       0x90 C:/Program Files/Rowley Associates Limited/CrossWorks for ARM 2.0/lib/libc_v4t_a_le.a(strlen.o)
                0x00016800                strlen
 .text          0x00016890        0x0 C:/Program Files/Rowley Associates Limited/CrossWorks for ARM 2.0/lib/libc_v4t_a_le.a(memcpy.o)
 .text.libc     0x00016890       0x60 C:/Program Files/Rowley Associates Limited/CrossWorks for ARM 2.0/lib/libc_v4t_a_le.a(memcpy.o)
                0x00016890                memcpy
 .text          0x000168f0        0x0 C:/Program Files/Rowley Associates Limited/CrossWorks for ARM 2.0/lib/libc_v4t_a_le.a(memset.o)
 .text.libc     0x000168f0       0xa0 C:/Program Files/Rowley Associates Limited/CrossWorks for ARM 2.0/lib/libc_v4t_a_le.a(memset.o)
                0x000168f0                memset
 .text          0x00016990        0x0 C:/Program Files/Rowley Associates Limited/CrossWorks for ARM 2.0/lib/libc_v4t_a_le.a(strcpy.o)
 .text.libc     0x00016990       0x60 C:/Program Files/Rowley Associates Limited/CrossWorks for ARM 2.0/lib/libc_v4t_a_le.a(strcpy.o)
                0x00016990                strcpy
 .text          0x000169f0        0x0 C:/Program Files/Rowley Associates Limited/CrossWorks for ARM 2.0/lib/libc_v4t_a_le.a(strcmp.o)
 .text.libc     0x000169f0       0x70 C:/Program Files/Rowley Associates Limited/CrossWorks for ARM 2.0/lib/libc_v4t_a_le.a(strcmp.o)
                0x000169f0                strcmp
 .text          0x00016a60        0x0 C:/Program Files/Rowley Associates Limited/CrossWorks for ARM 2.0/lib/libc_v4t_a_le.a(memcmp.o)
 .text.libc     0x00016a60       0x54 C:/Program Files/Rowley Associates Limited/CrossWorks for ARM 2.0/lib/libc_v4t_a_le.a(memcmp.o)
                0x00016a60                memcmp
 .text          0x00016ab4        0x0 C:/Program Files/Rowley Associates Limited/CrossWorks for ARM 2.0/lib/libc_v4t_a_le.a(strcat.o)
 .text.libc     0x00016ab4       0x3c C:/Program Files/Rowley Associates Limited/CrossWorks for ARM 2.0/lib/libc_v4t_a_le.a(strcat.o)
                0x00016ab4                strcat
 .text          0x00016af0        0x0 C:/Program Files/Rowley Associates Limited/CrossWorks for ARM 2.0/lib/libc_v4t_a_le.a(strchr.o)
 .text.libc     0x00016af0       0x40 C:/Program Files/Rowley Associates Limited/CrossWorks for ARM 2.0/lib/libc_v4t_a_le.a(strchr.o)
                0x00016af0                strchr
 .text          0x00016b30        0x0 C:/Program Files/Rowley Associates Limited/CrossWorks for ARM 2.0/lib/libc_v4t_a_le.a(strncmp.o)
 .text.libc     0x00016b30       0x64 C:/Program Files/Rowley Associates Limited/CrossWorks for ARM 2.0/lib/libc_v4t_a_le.a(strncmp.o)
                0x00016b30                strncmp
 .text          0x00016b94        0x0 C:/Program Files/Rowley Associates Limited/CrossWorks for ARM 2.0/lib/libc_v4t_a_le.a(strncpy.o)
 .text.libc     0x00016b94       0x74 C:/Program Files/Rowley Associates Limited/CrossWorks for ARM 2.0/lib/libc_v4t_a_le.a(strncpy.o)
                0x00016b94                strncpy
 .text          0x00016c08        0x0 C:/Program Files/Rowley Associates Limited/CrossWorks for ARM 2.0/lib/libc_v4t_a_le.a(strrchr.o)
 .text.libc     0x00016c08       0x44 C:/Program Files/Rowley Associates Limited/CrossWorks for ARM 2.0/lib/libc_v4t_a_le.a(strrchr.o)
                0x00016c08                strrchr
 .text          0x00016c4c        0x0 C:/Program Files/Rowley Associates Limited/CrossWorks for ARM 2.0/lib/libc_v4t_a_le.a(strstr.o)
 .text.libc     0x00016c4c       0x98 C:/Program Files/Rowley Associates Limited/CrossWorks for ARM 2.0/lib/libc_v4t_a_le.a(strstr.o)
                0x00016c4c                strstr
 .text          0x00016ce4        0x0 C:/Program Files/Rowley Associates Limited/CrossWorks for ARM 2.0/lib/libc_v4t_a_le.a(ctype.o)
 .text.libc     0x00016ce4      0x17c C:/Program Files/Rowley Associates Limited/CrossWorks for ARM 2.0/lib/libc_v4t_a_le.a(ctype.o)
                0x00016ce4                isalpha
                0x00016d00                isupper
                0x00016d14                islower
                0x00016d28                isdigit
                0x00016d3c                isxdigit
                0x00016d68                isspace
                0x00016d80                ispunct
                0x00016dbc                isalnum
                0x00016de8                isprint
                0x00016dfc                isgraph
                0x00016e10                iscntrl
                0x00016e24                tolower
                0x00016e38                toupper
                0x00016e4c                isblank
 .text          0x00016e60        0x0 C:/Program Files/Rowley Associates Limited/CrossWorks for ARM 2.0/lib/libc_v4t_a_le.a(malloc.o)
 .text.libc     0x00016e60      0x250 C:/Program Files/Rowley Associates Limited/CrossWorks for ARM 2.0/lib/libc_v4t_a_le.a(malloc.o)
                0x00016e60                free
                0x00016f54                malloc
                0x00017038                realloc
                0x00017080                calloc
 .text          0x000170b0        0x0 C:/Program Files/Rowley Associates Limited/CrossWorks for ARM 2.0/lib/libc_v4t_a_le.a(atoi.o)
 .text.libc     0x000170b0       0x38 C:/Program Files/Rowley Associates Limited/CrossWorks for ARM 2.0/lib/libc_v4t_a_le.a(atoi.o)
                0x000170b0                atoi
 .text          0x000170e8        0x0 C:/Program Files/Rowley Associates Limited/CrossWorks for ARM 2.0/lib/libc_v4t_a_le.a(time.o)
 .text.libc     0x000170e8      0x75c C:/Program Files/Rowley Associates Limited/CrossWorks for ARM 2.0/lib/libc_v4t_a_le.a(time.o)
                0x000170e8                difftime
                0x000170fc                checktm
                0x00017344                mktime
                0x0001758c                localtime_r
                0x00017798                localtime
                0x000177b8                gmtime_r
                0x000177d0                gmtime
                0x000177f0                ctime_r
                0x00017820                ctime
 .text          0x00017844        0x0 C:/Program Files/Rowley Associates Limited/CrossWorks for ARM 2.0/lib/libc_v4t_a_le.a(asctime.o)
 .text.libc     0x00017844      0x18c C:/Program Files/Rowley Associates Limited/CrossWorks for ARM 2.0/lib/libc_v4t_a_le.a(asctime.o)
                0x00017870                asctime_r
                0x000179b8                asctime
 .text          0x000179d0        0x0 C:/Program Files/Rowley Associates Limited/CrossWorks for ARM 2.0/lib/libc_v4t_a_le.a(strftime.o)
 .text.libc     0x000179d0      0x82c C:/Program Files/Rowley Associates Limited/CrossWorks for ARM 2.0/lib/libc_v4t_a_le.a(strftime.o)
                0x000181a8                strftime
 .text          0x000181fc        0x0 C:/Program Files/Rowley Associates Limited/CrossWorks for ARM 2.0/lib/libc_v4t_a_le.a(div.o)
 .text.libc     0x000181fc       0x54 C:/Program Files/Rowley Associates Limited/CrossWorks for ARM 2.0/lib/libc_v4t_a_le.a(div.o)
                0x000181fc                div
 .text          0x00018250        0x0 C:/Program Files/Rowley Associates Limited/CrossWorks for ARM 2.0/lib/libc_v4t_a_le.a(strtol.o)
 .text.libc     0x00018250       0xd4 C:/Program Files/Rowley Associates Limited/CrossWorks for ARM 2.0/lib/libc_v4t_a_le.a(strtol.o)
                0x00018250                strtol
 .text          0x00018324        0x0 C:/Program Files/Rowley Associates Limited/CrossWorks for ARM 2.0/lib/libc_v4t_a_le.a(ldiv.o)
 .text.libc     0x00018324       0x54 C:/Program Files/Rowley Associates Limited/CrossWorks for ARM 2.0/lib/libc_v4t_a_le.a(ldiv.o)
                0x00018324                ldiv
 .text          0x00018378        0x0 C:/Program Files/Rowley Associates Limited/CrossWorks for ARM 2.0/lib/libc_v4t_a_le.a(__int32_mod.o)
 *fill*         0x00018378        0x8 00
 .text.libc     0x00018380       0x50 C:/Program Files/Rowley Associates Limited/CrossWorks for ARM 2.0/lib/libc_v4t_a_le.a(__int32_mod.o)
                0x00018380                __modsi3
                0x00018380                __int32_mod
 .text          0x000183d0        0x0 C:/Program Files/Rowley Associates Limited/CrossWorks for ARM 2.0/lib/libc_v4t_a_le.a(__strtoul.o)
 .text.libc     0x000183d0      0x128 C:/Program Files/Rowley Associates Limited/CrossWorks for ARM 2.0/lib/libc_v4t_a_le.a(__strtoul.o)
                0x000183d0                __strtoul
 .text          0x000184f8        0x0 C:/Program Files/Rowley Associates Limited/CrossWorks for ARM 2.0/lib/libc_v4t_a_le.a(__digit.o)
 .text.libc     0x000184f8       0x54 C:/Program Files/Rowley Associates Limited/CrossWorks for ARM 2.0/lib/libc_v4t_a_le.a(__digit.o)
                0x000184f8                __digit
 .text          0x0001854c        0x0 C:/Program Files/Rowley Associates Limited/CrossWorks for ARM 2.0/lib/libdebugio_v4t_a_le.a(debug_printf.o)
 .text.libc     0x0001854c       0x20 C:/Program Files/Rowley Associates Limited/CrossWorks for ARM 2.0/lib/libdebugio_v4t_a_le.a(debug_printf.o)
                0x0001854c                debug_printf
 .text          0x0001856c        0x0 C:/Program Files/Rowley Associates Limited/CrossWorks for ARM 2.0/lib/libc_targetio_impl_v4t_a_le.a(putchar.o)
 .text.libc     0x0001856c       0x2c C:/Program Files/Rowley Associates Limited/CrossWorks for ARM 2.0/lib/libc_targetio_impl_v4t_a_le.a(putchar.o)
                0x0001856c                putchar
 .text          0x00018598        0x0 C:/Program Files/Rowley Associates Limited/CrossWorks for ARM 2.0/lib/libc_user_libc_v4t_a_le.a(user_libc.o)
 .text.libc     0x00018598       0x2c C:/Program Files/Rowley Associates Limited/CrossWorks for ARM 2.0/lib/libc_user_libc_v4t_a_le.a(user_libc.o)
                0x00018598                __errno
                0x000185a4                __heap_lock
                0x000185a8                __heap_unlock
                0x000185ac                __printf_lock
                0x000185b0                __printf_unlock
                0x000185b4                __scanf_lock
                0x000185b8                __scanf_unlock
                0x000185bc                __debug_io_lock
                0x000185c0                __debug_io_unlock
 .text          0x000185c4        0x0 C:/Program Files/Rowley Associates Limited/CrossWorks for ARM 2.0/lib/libdebugio_dcc_v4t_a_le.a(dcc_debug_operations.o)
 .text.libdebugio_dcc
                0x000185c4       0x4c C:/Program Files/Rowley Associates Limited/CrossWorks for ARM 2.0/lib/libdebugio_dcc_v4t_a_le.a(dcc_debug_operations.o)
                0x000185c4                __do_debug_operation
 .text          0x00018610        0x0 C:/Program Files/Rowley Associates Limited/CrossWorks for ARM 2.0/lib/libdebugio_dcc_v4t_a_le.a(libarmdi_dcc_write.o)
 .text.libdebugio_dcc
                0x00018610       0x20 C:/Program Files/Rowley Associates Limited/CrossWorks for ARM 2.0/lib/libdebugio_dcc_v4t_a_le.a(libarmdi_dcc_write.o)
                0x00018610                libarm_dcc_write
 .text          0x00018630        0x0 C:/Program Files/Rowley Associates Limited/CrossWorks for ARM 2.0/lib/libdebugio_dcc_v4t_a_le.a(libarm_run_dcc_port_server.o)
 .text.libdebugio_dcc
                0x00018630      0x234 C:/Program Files/Rowley Associates Limited/CrossWorks for ARM 2.0/lib/libdebugio_dcc_v4t_a_le.a(libarm_run_dcc_port_server.o)
                0x00018630                libarm_run_dcc_port_server
 .text          0x00018864        0x0 C:/Program Files/Rowley Associates Limited/CrossWorks for ARM 2.0/lib/libdebugio_dcc_v4t_a_le.a(libarmdi_dcc_read.o)
 *fill*         0x00018864        0xc 00
 .text.libdebugio_dcc
                0x00018870       0x20 C:/Program Files/Rowley Associates Limited/CrossWorks for ARM 2.0/lib/libdebugio_dcc_v4t_a_le.a(libarmdi_dcc_read.o)
                0x00018870                libarm_dcc_read
                0x00018890                __text_end__ = (__text_start__ + SIZEOF (.text))
                0x00018890                __text_load_end__ = __text_end__

.vfp11_veneer   0x00000000        0x0
 .vfp11_veneer  0x00000000        0x0 linker stubs

.v4_bx          0x00000000        0x0
 .v4_bx         0x00000000        0x0 linker stubs
                0x00000001                . = ASSERT (((__text_end__ >= __FLASH_segment_start__) && (__text_end__ <= (__FLASH_segment_start__ + 0x80000))), error: .text is too large to fit in FLASH memory segment)
                0x00018890                __dtors_load_start__ = ALIGN (__text_end__, 0x4)

.dtors          0x00018890        0x0
                0x00018890                __dtors_start__ = .
 *(SORT(.dtors.*))
 *(.dtors)
                0x00018890                __dtors_end__ = (__dtors_start__ + SIZEOF (.dtors))
                0x00018890                __dtors_load_end__ = __dtors_end__
                0x00000001                . = ASSERT (((__dtors_end__ >= __FLASH_segment_start__) && (__dtors_end__ <= (__FLASH_segment_start__ + 0x80000))), error: .dtors is too large to fit in FLASH memory segment)
                0x00018890                __ctors_load_start__ = ALIGN (__dtors_end__, 0x4)

.ctors          0x00018890        0x0
                0x00018890                __ctors_start__ = .
 *(SORT(.ctors.*))
 *(.ctors)
                0x00018890                __ctors_end__ = (__ctors_start__ + SIZEOF (.ctors))
                0x00018890                __ctors_load_end__ = __ctors_end__
                0x00000001                . = ASSERT (((__ctors_end__ >= __FLASH_segment_start__) && (__ctors_end__ <= (__FLASH_segment_start__ + 0x80000))), error: .ctors is too large to fit in FLASH memory segment)
                0x00018890                __rodata_load_start__ = ALIGN (__ctors_end__, 0x4)

.rodata         0x00018890     0x7e20
                0x00018890                __rodata_start__ = .
 *(.rodata .rodata.* .gnu.linkonce.r.*)
 .rodata.str1.4
                0x00018890       0x24 ARM Flash Release/main.o
 .rodata        0x000188b4       0xb0 ARM Flash Release/i2c.o
 .rodata.str1.4
                0x00018964      0x19e ARM Flash Release/i2c.o
                                0x1a0 (size before relaxing)
 *fill*         0x00018b02        0x2 00
 .rodata.str1.4
                0x00018b04        0x8 ARM Flash Release/i2cInt.o
                                  0xc (size before relaxing)
 .rodata        0x00018b0c       0x90 ARM Flash Release/usbser.o
 .rodata        0x00018b9c        0xc ARM Flash Release/rtc.o
 .rodata.str1.4
                0x00018ba8        0x7 ARM Flash Release/eint3ISR.o
                                  0x8 (size before relaxing)
 *fill*         0x00018baf        0x1 00
 .rodata        0x00018bb0      0x2b4 ARM Flash Release/beep.o
 .rodata.str1.4
                0x00018e64        0x7 ARM Flash Release/args.o
                                 0x10 (size before relaxing)
 *fill*         0x00018e6b        0x1 00
 .rodata.str1.4
                0x00018e6c       0x7b ARM Flash Release/argsdispatch.o
                                 0x84 (size before relaxing)
 *fill*         0x00018ee7        0x1 00
 .rodata        0x00018ee8      0x3c0 ARM Flash Release/monitor.o
 .rodata.str1.4
                0x000192a8      0xe93 ARM Flash Release/monitor.o
                                0xeb0 (size before relaxing)
 *fill*         0x0001a13b        0x1 00
 .rodata.str1.4
                0x0001a13c        0x7 ARM Flash Release/printf-stdarg.o
                                  0x8 (size before relaxing)
 .rodata.str1.4
                0x00000000        0x7 ARM Flash Release/leds.o
                                  0x4 (size before relaxing)
 *fill*         0x0001a143        0x1 00
 .rodata.str1.4
                0x0001a144        0x8 ARM Flash Release/tcs3414.o
 .rodata        0x0001a14c      0x210 ARM Flash Release/mmc.o
 .rodata.str1.4
                0x0001a35c       0x11 ARM Flash Release/mmc.o
                                 0x14 (size before relaxing)
 *fill*         0x0001a36d        0x3 00
 .rodata        0x0001a370        0xc ARM Flash Release/Lcd204_4.o
 .rodata.str1.4
                0x0001a37c        0x9 ARM Flash Release/Lcd204_4.o
                                  0xc (size before relaxing)
 *fill*         0x0001a385        0x3 00
 .rodata        0x0001a388      0x3d4 ARM Flash Release/logging.o
 .rodata.str1.4
                0x0001a75c       0xc3 ARM Flash Release/logging.o
                                 0xc8 (size before relaxing)
 *fill*         0x0001a81f        0x1 00
 .rodata.str1.4
                0x0001a820       0x34 ARM Flash Release/meas_sm.o
 .rodata.str1.4
                0x0001a854        0xd ARM Flash Release/meas_task.o
                                 0x10 (size before relaxing)
 *fill*         0x0001a861        0x3 00
 .rodata        0x0001a864       0x14 ARM Flash Release/tasks.o
 .rodata.str1.4
                0x0001a878       0x19 ARM Flash Release/tasks.o
                                 0x20 (size before relaxing)
 *fill*         0x0001a891        0x3 00
 .rodata        0x0001a894        0x8 ARM Flash Release/dhcpc.o
 .rodata.str1.4
                0x00000000        0xc ARM Flash Release/telnetd.o
 .rodata.str1.4
                0x0001a89c       0x13 ARM Flash Release/httpd.o
                                 0x18 (size before relaxing)
 *fill*         0x0001a8af        0x1 00
 .rodata        0x0001a8b0       0xa8 ARM Flash Release/httpd-cgi.o
 .rodata.str1.4
                0x0001a958       0xdb ARM Flash Release/httpd-cgi.o
                                 0xe0 (size before relaxing)
 *fill*         0x0001aa33        0x1 00
 .rodata        0x0001aa34     0x51d8 ARM Flash Release/httpd-fs.o
                0x0001aa34                file_tcp_shtml
                0x0001aa48                file_404_html
                0x0001aa5c                file_fade_png
                0x0001aa70                file_files_shtml
                0x0001aa84                file_footer_html
                0x0001aa98                file_header_html
                0x0001aaac                file_index_html
                0x0001aac0                file_led_shtml
                0x0001aad4                file_lpc2148_jpg
                0x0001aae8                file_stats_shtml
                0x0001aafc                file_style_css
 .rodata        0x0001fc0c      0x288 ARM Flash Release/http-strings.o
                0x0001fc0c                http_http
                0x0001fc14                http_200
                0x0001fc1c                http_301
                0x0001fc24                http_302
                0x0001fc2c                http_get
                0x0001fc34                http_10
                0x0001fc40                http_11
                0x0001fc4c                http_content_type
                0x0001fc5c                http_texthtml
                0x0001fc68                http_location
                0x0001fc74                http_host
                0x0001fc7c                http_crnl
                0x0001fc80                http_index_html
                0x0001fc8c                http_404_html
                0x0001fc98                http_referer
                0x0001fca4                http_header_200
                0x0001fcf8                http_header_404
                0x0001fd54                http_content_type_plain
                0x0001fd74                http_content_type_html
                0x0001fd90                http_content_type_css
                0x0001fdac                http_content_type_text
                0x0001fdc8                http_content_type_png
                0x0001fde4                http_content_type_gif
                0x0001fe00                http_content_type_jpg
                0x0001fe20                http_content_type_binary
                0x0001fe4c                http_html
                0x0001fe54                http_shtml
                0x0001fe5c                http_htm
                0x0001fe64                http_css
                0x0001fe6c                http_png
                0x0001fe74                http_gif
                0x0001fe7c                http_jpg
                0x0001fe84                http_text
                0x0001fe8c                http_txt
 .rodata.str1.4
                0x0001fe94      0x30c ARM Flash Release/uip.o
 .rodata        0x000201a0        0x8 ARM Flash Release/uip_arp.o
 .rodata.str1.4
                0x000201a8       0x41 ARM Flash Release/uip-neighbor.o
                                 0x44 (size before relaxing)
 *fill*         0x000201e9        0x3 00
 .rodata.str1.4
                0x000201ec       0x1f ARM Flash Release/uiptask.o
                                 0x20 (size before relaxing)
 *fill*         0x0002020b        0x1 00
 .rodata        0x0002020c       0x28 ARM Flash Release/disk.o
 .rodata.str1.4
                0x00020234       0x51 ARM Flash Release/disk.o
                                 0x54 (size before relaxing)
 *fill*         0x00020285        0x3 00
 .rodata        0x00020288       0x70 ARM Flash Release/ff.o
 .rodata.str1.4
                0x000202f8       0xd5 ARM Flash Release/ff.o
                                 0xf8 (size before relaxing)
 *fill*         0x000203cd        0x3 00
 .rodata.libc   0x000203d0       0x28 C:/Program Files/Rowley Associates Limited/CrossWorks for ARM 2.0/lib/libm_v4t_a_le.a(log.o)
 .rodata.libc   0x000203f8        0x8 C:/Program Files/Rowley Associates Limited/CrossWorks for ARM 2.0/lib/libm_v4t_a_le.a(__float64_infinity.o)
                0x000203f8                __float64_infinity
 .rodata.libc   0x00020400        0x8 C:/Program Files/Rowley Associates Limited/CrossWorks for ARM 2.0/lib/libm_v4t_a_le.a(__float64_nan.o)
                0x00020400                __float64_nan
 .rodata.libc   0x00020408       0x84 C:/Program Files/Rowley Associates Limited/CrossWorks for ARM 2.0/lib/libc_v4t_a_le.a(ctype.o)
                0x00020408                __ctype
 .rodata.libc   0x0002048c       0x68 C:/Program Files/Rowley Associates Limited/CrossWorks for ARM 2.0/lib/libc_v4t_a_le.a(time.o)
 .rodata.libc   0x000204f4       0x4c C:/Program Files/Rowley Associates Limited/CrossWorks for ARM 2.0/lib/libc_v4t_a_le.a(asctime.o)
 .rodata.libc   0x00020540       0x4c C:/Program Files/Rowley Associates Limited/CrossWorks for ARM 2.0/lib/libc_v4t_a_le.a(strftime.o)
 .rodata.libc.str1.4
                0x0002058c      0x124 C:/Program Files/Rowley Associates Limited/CrossWorks for ARM 2.0/lib/libc_v4t_a_le.a(strftime.o)
                                0x130 (size before relaxing)
                0x000206b0                __rodata_end__ = (__rodata_start__ + SIZEOF (.rodata))
                0x000206b0                __rodata_load_end__ = __rodata_end__
                0x00000001                . = ASSERT (((__rodata_end__ >= __FLASH_segment_start__) && (__rodata_end__ <= (__FLASH_segment_start__ + 0x80000))), error: .rodata is too large to fit in FLASH memory segment)
                0x000206b0                __fast_load_start__ = ALIGN (__rodata_end__, 0x4)

.fast           0x4000003c        0x0 load address 0x000206b0
                0x4000003c                __fast_start__ = .
 *(.fast .fast.*)
                0x4000003c                __fast_end__ = (__fast_start__ + SIZEOF (.fast))
                0x000206b0                __fast_load_end__ = (__fast_load_start__ + SIZEOF (.fast))
                0x00000001                . = ASSERT ((((__fast_load_start__ + SIZEOF (.fast)) >= __FLASH_segment_start__) && ((__fast_load_start__ + SIZEOF (.fast)) <= (__FLASH_segment_start__ + 0x80000))), error: .fast is too large to fit in FLASH memory segment)

.fast_run       0x4000003c        0x0
                0x4000003c                __fast_run_start__ = .
                0x4000003c                . = MAX ((__fast_run_start__ + SIZEOF (.fast)), .)
                0x4000003c                __fast_run_end__ = (__fast_run_start__ + SIZEOF (.fast_run))
                0x4000003c                __fast_run_load_end__ = __fast_run_end__
                0x00000001                . = ASSERT (((__fast_run_end__ >= __SRAM_segment_start__) && (__fast_run_end__ <= (__SRAM_segment_start__ + 0x8000))), error: .fast_run is too large to fit in SRAM memory segment)
                0x000206b0                __data_load_start__ = ALIGN ((__fast_load_start__ + SIZEOF (.fast)), 0x4)

.data           0x4000003c       0x58 load address 0x000206b0
                0x4000003c                __data_start__ = .
 *(.data .data.* .gnu.linkonce.d.*)
 .data          0x4000003c        0x0 ARM Flash Release/main.o
 .data          0x4000003c        0x0 ARM Flash Release/adc.o
 .data          0x4000003c        0x0 ARM Flash Release/cpu.o
 .data          0x4000003c        0x0 ARM Flash Release/i2c.o
 .data          0x4000003c        0x4 ARM Flash Release/i2cInt.o
 .data          0x40000040        0x8 ARM Flash Release/pwm.o
 .data          0x40000048        0x0 ARM Flash Release/spi.o
 .data          0x40000048        0x8 ARM Flash Release/uart0.o
 .data          0x40000050        0x0 ARM Flash Release/uart0ISR.o
 .data          0x40000050        0x8 ARM Flash Release/uart1.o
 .data          0x40000058        0x0 ARM Flash Release/uart1ISR.o
 .data          0x40000058        0x0 ARM Flash Release/usbcontrol.o
 .data          0x40000058        0x0 ARM Flash Release/usbinit.o
 .data          0x40000058        0x0 ARM Flash Release/usbISR.o
 .data          0x40000058        0x0 ARM Flash Release/usbstdreq.o
 .data          0x40000058        0x8 ARM Flash Release/usbser.o
 .data          0x40000060        0x0 ARM Flash Release/rtc.o
 .data          0x40000060        0x0 ARM Flash Release/rtcISR.o
 .data          0x40000060        0x0 ARM Flash Release/reset.o
 .data          0x40000060        0x0 ARM Flash Release/eint0.o
 .data          0x40000060        0x0 ARM Flash Release/eint0ISR.o
 .data          0x40000060        0x0 ARM Flash Release/eint2.o
 .data          0x40000060        0x0 ARM Flash Release/eint2ISR.o
 .data          0x40000060        0x0 ARM Flash Release/eint3.o
 .data          0x40000060        0x0 ARM Flash Release/eint3ISR.o
 .data          0x40000060        0x0 ARM Flash Release/eint1.o
 .data          0x40000060        0x0 ARM Flash Release/eint1ISR.o
 .data          0x40000060        0x0 ARM Flash Release/beep.o
 .data          0x40000060        0x0 ARM Flash Release/timer.o
 .data          0x40000060        0x0 ARM Flash Release/dac.o
 .data          0x40000060        0x0 ARM Flash Release/args.o
 .data          0x40000060        0x0 ARM Flash Release/argsdispatch.o
 .data          0x40000060        0x0 ARM Flash Release/monitor.o
 .data          0x40000060        0x0 ARM Flash Release/printf-stdarg.o
 .data          0x40000060        0x4 ARM Flash Release/leds.o
 .data          0x40000064        0x0 ARM Flash Release/tcs3414.o
 .data          0x40000064        0x0 ARM Flash Release/mmc.o
 .data          0x40000064        0x0 ARM Flash Release/ssp.o
 .data          0x40000064        0x0 ARM Flash Release/Lcd204_4.o
 .data          0x40000064        0x0 ARM Flash Release/logging.o
 .data          0x40000064        0x8 ARM Flash Release/meas_sm.o
 .data          0x4000006c        0x0 ARM Flash Release/meas_task.o
 .data          0x4000006c        0x0 ARM Flash Release/crt0.o
 .data          0x4000006c        0x0 ARM Flash Release/Philips_LPC210X_Startup.o
 .data          0x4000006c        0x0 ARM Flash Release/LPC210x.o
 .data          0x4000006c        0x0 ARM Flash Release/VIC.o
 .data          0x4000006c        0x0 ARM Flash Release/VIC_irq_handler.o
 .data          0x4000006c        0x4 ARM Flash Release/portISR.o
                0x4000006c                ulCriticalNesting
 .data          0x40000070        0x0 ARM Flash Release/port.o
 .data          0x40000070        0x0 ARM Flash Release/heap_2.o
 .data          0x40000070        0x4 ARM Flash Release/tasks.o
                0x40000070                uxPreviousTask
 .data          0x40000074        0x0 ARM Flash Release/queue.o
 .data          0x40000074        0x0 ARM Flash Release/list.o
 .data          0x40000074        0x0 ARM Flash Release/dhcpc.o
 .data          0x40000074        0x0 ARM Flash Release/sntp.o
 .data          0x40000074        0x0 ARM Flash Release/telnetd.o
 .data          0x40000074        0x0 ARM Flash Release/httpd.o
 .data          0x40000074       0x14 ARM Flash Release/httpd-cgi.o
 .data          0x40000088        0x0 ARM Flash Release/httpd-fs.o
 .data          0x40000088        0x0 ARM Flash Release/http-strings.o
 .data          0x40000088        0x0 ARM Flash Release/enc28j60.o
 .data          0x40000088        0x0 ARM Flash Release/memb.o
 .data          0x40000088        0x0 ARM Flash Release/psock.o
 .data          0x40000088        0x0 ARM Flash Release/uip.o
 .data          0x40000088        0x0 ARM Flash Release/uip_arch.o
 .data          0x40000088        0x0 ARM Flash Release/uip_arp.o
 .data          0x40000088        0x0 ARM Flash Release/uip_timer.o
 .data          0x40000088        0x0 ARM Flash Release/uip-fw.o
 .data          0x40000088        0x0 ARM Flash Release/uiplib.o
 .data          0x40000088        0x0 ARM Flash Release/uip-neighbor.o
 .data          0x40000088        0x0 ARM Flash Release/clock.o
 .data          0x40000088        0x4 ARM Flash Release/uiptask.o
 .data          0x4000008c        0x1 ARM Flash Release/disk.o
 .data          0x4000008d        0x0 ARM Flash Release/ff.o
 .data          0x4000008d        0x0 C:/Users/lukas/AppData/Local/Rowley Associates Limited/CrossWorks for ARM/packages/lib/liblpc2000_v4t_a_le.a(liblpc2000_lpc21xx_get_cclk.o)
 .data          0x4000008d        0x0 C:/Users/lukas/AppData/Local/Rowley Associates Limited/CrossWorks for ARM/packages/lib/liblpc2000_v4t_a_le.a(liblpc2000_lpc21xx_get_pclk.o)
 .data          0x4000008d        0x0 C:/Program Files/Rowley Associates Limited/CrossWorks for ARM 2.0/lib/libm_v4t_a_le.a(__int32_to_float32.o)
 .data          0x4000008d        0x0 C:/Program Files/Rowley Associates Limited/CrossWorks for ARM 2.0/lib/libm_v4t_a_le.a(__int32_to_float64.o)
 .data          0x4000008d        0x0 C:/Program Files/Rowley Associates Limited/CrossWorks for ARM 2.0/lib/libm_v4t_a_le.a(__uint32_to_float32.o)
 .data          0x4000008d        0x0 C:/Program Files/Rowley Associates Limited/CrossWorks for ARM 2.0/lib/libm_v4t_a_le.a(__uint32_to_float64.o)
 .data          0x4000008d        0x0 C:/Program Files/Rowley Associates Limited/CrossWorks for ARM 2.0/lib/libm_v4t_a_le.a(__float32_to_int32.o)
 .data          0x4000008d        0x0 C:/Program Files/Rowley Associates Limited/CrossWorks for ARM 2.0/lib/libm_v4t_a_le.a(__float32_to_uint32.o)
 .data          0x4000008d        0x0 C:/Program Files/Rowley Associates Limited/CrossWorks for ARM 2.0/lib/libm_v4t_a_le.a(__float64_to_int32.o)
 .data          0x4000008d        0x0 C:/Program Files/Rowley Associates Limited/CrossWorks for ARM 2.0/lib/libm_v4t_a_le.a(__float32_to_float64.o)
 .data          0x4000008d        0x0 C:/Program Files/Rowley Associates Limited/CrossWorks for ARM 2.0/lib/libm_v4t_a_le.a(__float32_add.o)
 .data          0x4000008d        0x0 C:/Program Files/Rowley Associates Limited/CrossWorks for ARM 2.0/lib/libm_v4t_a_le.a(__float32_mul.o)
 .data          0x4000008d        0x0 C:/Program Files/Rowley Associates Limited/CrossWorks for ARM 2.0/lib/libm_v4t_a_le.a(__float32_div.o)
 .data          0x4000008d        0x0 C:/Program Files/Rowley Associates Limited/CrossWorks for ARM 2.0/lib/libm_v4t_a_le.a(__float32_cmp.o)
 .data          0x4000008d        0x0 C:/Program Files/Rowley Associates Limited/CrossWorks for ARM 2.0/lib/libm_v4t_a_le.a(log.o)
 .data          0x4000008d        0x0 C:/Program Files/Rowley Associates Limited/CrossWorks for ARM 2.0/lib/libm_v4t_a_le.a(__float64_add.o)
 .data          0x4000008d        0x0 C:/Program Files/Rowley Associates Limited/CrossWorks for ARM 2.0/lib/libm_v4t_a_le.a(__float64_mul.o)
 .data          0x4000008d        0x0 C:/Program Files/Rowley Associates Limited/CrossWorks for ARM 2.0/lib/libm_v4t_a_le.a(__float64_div.o)
 .data          0x4000008d        0x0 C:/Program Files/Rowley Associates Limited/CrossWorks for ARM 2.0/lib/libm_v4t_a_le.a(__float64_cmp.o)
 .data          0x4000008d        0x0 C:/Program Files/Rowley Associates Limited/CrossWorks for ARM 2.0/lib/libm_v4t_a_le.a(__float64_isnan.o)
 .data          0x4000008d        0x0 C:/Program Files/Rowley Associates Limited/CrossWorks for ARM 2.0/lib/libm_v4t_a_le.a(__float64_infinity.o)
 .data          0x4000008d        0x0 C:/Program Files/Rowley Associates Limited/CrossWorks for ARM 2.0/lib/libm_v4t_a_le.a(__float64_nan.o)
 .data          0x4000008d        0x0 C:/Program Files/Rowley Associates Limited/CrossWorks for ARM 2.0/lib/libm_v4t_a_le.a(__poly1_eval.o)
 .data          0x4000008d        0x0 C:/Program Files/Rowley Associates Limited/CrossWorks for ARM 2.0/lib/libm_v4t_a_le.a(__poly_eval.o)
 .data          0x4000008d        0x0 C:/Program Files/Rowley Associates Limited/CrossWorks for ARM 2.0/lib/libm_v4t_a_le.a(frexp.o)
 .data          0x4000008d        0x0 C:/Program Files/Rowley Associates Limited/CrossWorks for ARM 2.0/lib/libm_v4t_a_le.a(ldexp.o)
 .data          0x4000008d        0x0 C:/Program Files/Rowley Associates Limited/CrossWorks for ARM 2.0/lib/libc_v4t_a_le.a(__int32_umod.o)
 .data          0x4000008d        0x0 C:/Program Files/Rowley Associates Limited/CrossWorks for ARM 2.0/lib/libc_v4t_a_le.a(__int32_div.o)
 .data          0x4000008d        0x0 C:/Program Files/Rowley Associates Limited/CrossWorks for ARM 2.0/lib/libc_v4t_a_le.a(__int32_udivmod.o)
 .data          0x4000008d        0x0 C:/Program Files/Rowley Associates Limited/CrossWorks for ARM 2.0/lib/libc_v4t_a_le.a(strlen.o)
 .data          0x4000008d        0x0 C:/Program Files/Rowley Associates Limited/CrossWorks for ARM 2.0/lib/libc_v4t_a_le.a(memcpy.o)
 .data          0x4000008d        0x0 C:/Program Files/Rowley Associates Limited/CrossWorks for ARM 2.0/lib/libc_v4t_a_le.a(memset.o)
 .data          0x4000008d        0x0 C:/Program Files/Rowley Associates Limited/CrossWorks for ARM 2.0/lib/libc_v4t_a_le.a(strcpy.o)
 .data          0x4000008d        0x0 C:/Program Files/Rowley Associates Limited/CrossWorks for ARM 2.0/lib/libc_v4t_a_le.a(strcmp.o)
 .data          0x4000008d        0x0 C:/Program Files/Rowley Associates Limited/CrossWorks for ARM 2.0/lib/libc_v4t_a_le.a(memcmp.o)
 .data          0x4000008d        0x0 C:/Program Files/Rowley Associates Limited/CrossWorks for ARM 2.0/lib/libc_v4t_a_le.a(strcat.o)
 .data          0x4000008d        0x0 C:/Program Files/Rowley Associates Limited/CrossWorks for ARM 2.0/lib/libc_v4t_a_le.a(strchr.o)
 .data          0x4000008d        0x0 C:/Program Files/Rowley Associates Limited/CrossWorks for ARM 2.0/lib/libc_v4t_a_le.a(strncmp.o)
 .data          0x4000008d        0x0 C:/Program Files/Rowley Associates Limited/CrossWorks for ARM 2.0/lib/libc_v4t_a_le.a(strncpy.o)
 .data          0x4000008d        0x0 C:/Program Files/Rowley Associates Limited/CrossWorks for ARM 2.0/lib/libc_v4t_a_le.a(strrchr.o)
 .data          0x4000008d        0x0 C:/Program Files/Rowley Associates Limited/CrossWorks for ARM 2.0/lib/libc_v4t_a_le.a(strstr.o)
 .data          0x4000008d        0x0 C:/Program Files/Rowley Associates Limited/CrossWorks for ARM 2.0/lib/libc_v4t_a_le.a(ctype.o)
 .data          0x4000008d        0x0 C:/Program Files/Rowley Associates Limited/CrossWorks for ARM 2.0/lib/libc_v4t_a_le.a(malloc.o)
 *fill*         0x4000008d        0x3 00
 .data.libc     0x40000090        0x4 C:/Program Files/Rowley Associates Limited/CrossWorks for ARM 2.0/lib/libc_v4t_a_le.a(malloc.o)
 .data          0x40000094        0x0 C:/Program Files/Rowley Associates Limited/CrossWorks for ARM 2.0/lib/libc_v4t_a_le.a(atoi.o)
 .data          0x40000094        0x0 C:/Program Files/Rowley Associates Limited/CrossWorks for ARM 2.0/lib/libc_v4t_a_le.a(time.o)
 .data          0x40000094        0x0 C:/Program Files/Rowley Associates Limited/CrossWorks for ARM 2.0/lib/libc_v4t_a_le.a(asctime.o)
 .data          0x40000094        0x0 C:/Program Files/Rowley Associates Limited/CrossWorks for ARM 2.0/lib/libc_v4t_a_le.a(strftime.o)
 .data          0x40000094        0x0 C:/Program Files/Rowley Associates Limited/CrossWorks for ARM 2.0/lib/libc_v4t_a_le.a(div.o)
 .data          0x40000094        0x0 C:/Program Files/Rowley Associates Limited/CrossWorks for ARM 2.0/lib/libc_v4t_a_le.a(strtol.o)
 .data          0x40000094        0x0 C:/Program Files/Rowley Associates Limited/CrossWorks for ARM 2.0/lib/libc_v4t_a_le.a(ldiv.o)
 .data          0x40000094        0x0 C:/Program Files/Rowley Associates Limited/CrossWorks for ARM 2.0/lib/libc_v4t_a_le.a(__int32_mod.o)
 .data          0x40000094        0x0 C:/Program Files/Rowley Associates Limited/CrossWorks for ARM 2.0/lib/libc_v4t_a_le.a(__strtoul.o)
 .data          0x40000094        0x0 C:/Program Files/Rowley Associates Limited/CrossWorks for ARM 2.0/lib/libc_v4t_a_le.a(__digit.o)
 .data          0x40000094        0x0 C:/Program Files/Rowley Associates Limited/CrossWorks for ARM 2.0/lib/libdebugio_v4t_a_le.a(debug_printf.o)
 .data          0x40000094        0x0 C:/Program Files/Rowley Associates Limited/CrossWorks for ARM 2.0/lib/libc_targetio_impl_v4t_a_le.a(putchar.o)
 .data          0x40000094        0x0 C:/Program Files/Rowley Associates Limited/CrossWorks for ARM 2.0/lib/libc_user_libc_v4t_a_le.a(user_libc.o)
 .data          0x40000094        0x0 C:/Program Files/Rowley Associates Limited/CrossWorks for ARM 2.0/lib/libdebugio_dcc_v4t_a_le.a(dcc_debug_operations.o)
 .data          0x40000094        0x0 C:/Program Files/Rowley Associates Limited/CrossWorks for ARM 2.0/lib/libdebugio_dcc_v4t_a_le.a(libarmdi_dcc_write.o)
 .data          0x40000094        0x0 C:/Program Files/Rowley Associates Limited/CrossWorks for ARM 2.0/lib/libdebugio_dcc_v4t_a_le.a(libarm_run_dcc_port_server.o)
 .data          0x40000094        0x0 C:/Program Files/Rowley Associates Limited/CrossWorks for ARM 2.0/lib/libdebugio_dcc_v4t_a_le.a(libarmdi_dcc_read.o)
                0x40000094                __data_end__ = (__data_start__ + SIZEOF (.data))
                0x00020708                __data_load_end__ = (__data_load_start__ + SIZEOF (.data))
                0x00000001                . = ASSERT ((((__data_load_start__ + SIZEOF (.data)) >= __FLASH_segment_start__) && ((__data_load_start__ + SIZEOF (.data)) <= (__FLASH_segment_start__ + 0x80000))), error: .data is too large to fit in FLASH memory segment)

.data_run       0x4000003c       0x58 load address 0x000206b0
                0x4000003c                __data_run_start__ = .
                0x40000094                . = MAX ((__data_run_start__ + SIZEOF (.data)), .)
 *fill*         0x4000003c       0x58 00
                0x40000094                __data_run_end__ = (__data_run_start__ + SIZEOF (.data_run))
                0x40000094                __data_run_load_end__ = __data_run_end__
                0x00000001                . = ASSERT (((__data_run_end__ >= __SRAM_segment_start__) && (__data_run_end__ <= (__SRAM_segment_start__ + 0x8000))), error: .data_run is too large to fit in SRAM memory segment)
                0x40000094                __bss_load_start__ = ALIGN (__data_run_end__, 0x4)

.bss            0x40000094     0x63e0
                0x40000094                __bss_start__ = .
 *(.bss .bss.* .gnu.linkonce.b.*)
 .bss           0x40000094        0x0 ARM Flash Release/main.o
 .bss           0x40000094        0x0 ARM Flash Release/adc.o
 .bss           0x40000094        0x0 ARM Flash Release/cpu.o
 .bss           0x40000094        0x4 ARM Flash Release/i2c.o
                0x40000094                i2cErrno
 .bss           0x40000098       0x60 ARM Flash Release/i2cInt.o
 .bss           0x400000f8        0x0 ARM Flash Release/pwm.o
 .bss           0x400000f8        0x0 ARM Flash Release/spi.o
 .bss           0x400000f8        0xc ARM Flash Release/uart0.o
 .bss           0x40000104        0xc ARM Flash Release/uart0ISR.o
 .bss           0x40000110        0xc ARM Flash Release/uart1.o
 .bss           0x4000011c        0xc ARM Flash Release/uart1ISR.o
 .bss           0x40000128       0x34 ARM Flash Release/usbcontrol.o
 .bss           0x4000015c        0x8 ARM Flash Release/usbinit.o
 .bss           0x40000164       0x48 ARM Flash Release/usbISR.o
 .bss           0x400001ac        0xc ARM Flash Release/usbstdreq.o
 .bss           0x400001b8       0x58 ARM Flash Release/usbser.o
 .bss           0x40000210        0x0 ARM Flash Release/rtc.o
 .bss           0x40000210        0x4 ARM Flash Release/rtcISR.o
 .bss           0x40000214        0x0 ARM Flash Release/reset.o
 .bss           0x40000214        0x0 ARM Flash Release/eint0.o
 .bss           0x40000214        0x0 ARM Flash Release/eint0ISR.o
 .bss           0x40000214        0x0 ARM Flash Release/eint2.o
 .bss           0x40000214        0x0 ARM Flash Release/eint2ISR.o
 .bss           0x40000214        0x0 ARM Flash Release/eint3.o
 .bss           0x40000214        0x4 ARM Flash Release/eint3ISR.o
                0x40000214                count
 .bss           0x40000218        0x0 ARM Flash Release/eint1.o
 .bss           0x40000218        0x0 ARM Flash Release/eint1ISR.o
 .bss           0x40000218        0x0 ARM Flash Release/beep.o
 .bss           0x40000218        0x0 ARM Flash Release/timer.o
 .bss           0x40000218        0x0 ARM Flash Release/dac.o
 .bss           0x40000218        0x0 ARM Flash Release/args.o
 .bss           0x40000218        0x0 ARM Flash Release/argsdispatch.o
 .bss           0x40000218      0x3d8 ARM Flash Release/monitor.o
                0x400005ec                activeCommandList
 .bss           0x400005f0        0x0 ARM Flash Release/printf-stdarg.o
 .bss           0x400005f0        0x0 ARM Flash Release/leds.o
 .bss           0x400005f0        0x1 ARM Flash Release/tcs3414.o
 *fill*         0x400005f1        0x3 00
 .bss           0x400005f4       0x2c ARM Flash Release/mmc.o
 .bss           0x40000620        0x0 ARM Flash Release/ssp.o
 .bss           0x40000620        0x0 ARM Flash Release/Lcd204_4.o
 .bss           0x40000620      0x24c ARM Flash Release/logging.o
 .bss           0x4000086c       0x20 ARM Flash Release/meas_sm.o
 .bss           0x4000088c        0x0 ARM Flash Release/meas_task.o
 .bss           0x4000088c        0x0 ARM Flash Release/crt0.o
 .bss           0x4000088c        0x0 ARM Flash Release/Philips_LPC210X_Startup.o
 .bss           0x4000088c        0x4 ARM Flash Release/LPC210x.o
 .bss           0x40000890       0x80 ARM Flash Release/VIC.o
 .bss           0x40000910        0x0 ARM Flash Release/VIC_irq_handler.o
 .bss           0x40000910        0x0 ARM Flash Release/portISR.o
 .bss           0x40000910        0x0 ARM Flash Release/port.o
 .bss           0x40000910     0x4018 ARM Flash Release/heap_2.o
 .bss           0x40004928       0x34 ARM Flash Release/tasks.o
                0x40004928                uxSchedulerSuspended
                0x4000492c                uxCurrentNumberOfTasks
                0x40004930                xNumOfOverflows
                0x40004934                xTickCount
                0x40004938                xMissedYield
                0x4000493c                pxCurrentTCB
                0x40004940                uxTopReadyPriority
                0x40004944                uxMissedTicks
                0x40004948                xTracing
                0x4000494c                uxTopUsedPriority
                0x40004950                uxTasksDeleted
                0x40004954                uxTaskNumber
                0x40004958                xSchedulerRunning
 .bss           0x4000495c        0x0 ARM Flash Release/queue.o
 .bss           0x4000495c        0x0 ARM Flash Release/list.o
 .bss           0x4000495c        0x4 ARM Flash Release/dhcpc.o
 .bss           0x40004960        0x4 ARM Flash Release/sntp.o
 .bss           0x40004964      0x294 ARM Flash Release/telnetd.o
 .bss           0x40004bf8        0x0 ARM Flash Release/httpd.o
 .bss           0x40004bf8        0x0 ARM Flash Release/httpd-cgi.o
 .bss           0x40004bf8       0x18 ARM Flash Release/httpd-fs.o
 .bss           0x40004c10        0x0 ARM Flash Release/http-strings.o
 .bss           0x40004c10        0x8 ARM Flash Release/enc28j60.o
                0x40004c10                xENC28J60Semaphore
                0x40004c14                ethRxPointer
 .bss           0x40004c18        0x0 ARM Flash Release/memb.o
 .bss           0x40004c18        0x0 ARM Flash Release/psock.o
 .bss           0x40004c18       0x1c ARM Flash Release/uip.o
                0x40004c28                uip_timeoffset
                0x40004c2c                uip_ethaddr
 .bss           0x40004c34        0x0 ARM Flash Release/uip_arch.o
 .bss           0x40004c34       0x64 ARM Flash Release/uip_arp.o
 .bss           0x40004c98        0x0 ARM Flash Release/uip_timer.o
 .bss           0x40004c98       0x28 ARM Flash Release/uip-fw.o
 .bss           0x40004cc0        0x0 ARM Flash Release/uiplib.o
 .bss           0x40004cc0       0x80 ARM Flash Release/uip-neighbor.o
 .bss           0x40004d40        0x0 ARM Flash Release/clock.o
 .bss           0x40004d40        0xc ARM Flash Release/uiptask.o
 .bss           0x40004d4c        0xc ARM Flash Release/disk.o
 .bss           0x40004d58        0x8 ARM Flash Release/ff.o
 .bss           0x40004d60        0x0 C:/Users/lukas/AppData/Local/Rowley Associates Limited/CrossWorks for ARM/packages/lib/liblpc2000_v4t_a_le.a(liblpc2000_lpc21xx_get_cclk.o)
 .bss           0x40004d60        0x0 C:/Users/lukas/AppData/Local/Rowley Associates Limited/CrossWorks for ARM/packages/lib/liblpc2000_v4t_a_le.a(liblpc2000_lpc21xx_get_pclk.o)
 .bss           0x40004d60        0x0 C:/Program Files/Rowley Associates Limited/CrossWorks for ARM 2.0/lib/libm_v4t_a_le.a(__int32_to_float32.o)
 .bss           0x40004d60        0x0 C:/Program Files/Rowley Associates Limited/CrossWorks for ARM 2.0/lib/libm_v4t_a_le.a(__int32_to_float64.o)
 .bss           0x40004d60        0x0 C:/Program Files/Rowley Associates Limited/CrossWorks for ARM 2.0/lib/libm_v4t_a_le.a(__uint32_to_float32.o)
 .bss           0x40004d60        0x0 C:/Program Files/Rowley Associates Limited/CrossWorks for ARM 2.0/lib/libm_v4t_a_le.a(__uint32_to_float64.o)
 .bss           0x40004d60        0x0 C:/Program Files/Rowley Associates Limited/CrossWorks for ARM 2.0/lib/libm_v4t_a_le.a(__float32_to_int32.o)
 .bss           0x40004d60        0x0 C:/Program Files/Rowley Associates Limited/CrossWorks for ARM 2.0/lib/libm_v4t_a_le.a(__float32_to_uint32.o)
 .bss           0x40004d60        0x0 C:/Program Files/Rowley Associates Limited/CrossWorks for ARM 2.0/lib/libm_v4t_a_le.a(__float64_to_int32.o)
 .bss           0x40004d60        0x0 C:/Program Files/Rowley Associates Limited/CrossWorks for ARM 2.0/lib/libm_v4t_a_le.a(__float32_to_float64.o)
 .bss           0x40004d60        0x0 C:/Program Files/Rowley Associates Limited/CrossWorks for ARM 2.0/lib/libm_v4t_a_le.a(__float32_add.o)
 .bss           0x40004d60        0x0 C:/Program Files/Rowley Associates Limited/CrossWorks for ARM 2.0/lib/libm_v4t_a_le.a(__float32_mul.o)
 .bss           0x40004d60        0x0 C:/Program Files/Rowley Associates Limited/CrossWorks for ARM 2.0/lib/libm_v4t_a_le.a(__float32_div.o)
 .bss           0x40004d60        0x0 C:/Program Files/Rowley Associates Limited/CrossWorks for ARM 2.0/lib/libm_v4t_a_le.a(__float32_cmp.o)
 .bss           0x40004d60        0x0 C:/Program Files/Rowley Associates Limited/CrossWorks for ARM 2.0/lib/libm_v4t_a_le.a(log.o)
 .bss           0x40004d60        0x0 C:/Program Files/Rowley Associates Limited/CrossWorks for ARM 2.0/lib/libm_v4t_a_le.a(__float64_add.o)
 .bss           0x40004d60        0x0 C:/Program Files/Rowley Associates Limited/CrossWorks for ARM 2.0/lib/libm_v4t_a_le.a(__float64_mul.o)
 .bss           0x40004d60        0x0 C:/Program Files/Rowley Associates Limited/CrossWorks for ARM 2.0/lib/libm_v4t_a_le.a(__float64_div.o)