Archive member included because of file (symbol)

C:/Users/lukas/AppData/Local/Rowley Associates Limited/CrossWorks for ARM/packages/lib/liblpc2000_v4t_a_le.a(liblpc2000_lpc21xx_get_cclk.o)
                              ARM Flash Debug/LPC210x.o (liblpc2000_lpc21xx_get_cclk)
C:/Users/lukas/AppData/Local/Rowley Associates Limited/CrossWorks for ARM/packages/lib/liblpc2000_v4t_a_le.a(liblpc2000_lpc21xx_get_pclk.o)
                              ARM Flash Debug/LPC210x.o (liblpc2000_lpc21xx_get_pclk)
C:/Program Files/Rowley Associates Limited/CrossWorks for ARM 2.0/lib/libm_v4t_a_le.a(__int32_to_float32.o)
                              ARM Flash Debug/logging.o (__floatsisf)
C:/Program Files/Rowley Associates Limited/CrossWorks for ARM 2.0/lib/libm_v4t_a_le.a(__int32_to_float64.o)
                              ARM Flash Debug/meas_sm.o (__floatsidf)
C:/Program Files/Rowley Associates Limited/CrossWorks for ARM 2.0/lib/libm_v4t_a_le.a(__uint32_to_float32.o)
                              ARM Flash Debug/dac.o (__floatunsisf)
C:/Program Files/Rowley Associates Limited/CrossWorks for ARM 2.0/lib/libm_v4t_a_le.a(__float32_to_int32.o)
                              ARM Flash Debug/logging.o (__fixsfsi)
C:/Program Files/Rowley Associates Limited/CrossWorks for ARM 2.0/lib/libm_v4t_a_le.a(__float32_to_uint32.o)
                              ARM Flash Debug/dac.o (__fixunssfsi)
C:/Program Files/Rowley Associates Limited/CrossWorks for ARM 2.0/lib/libm_v4t_a_le.a(__float64_to_int32.o)
                              ARM Flash Debug/meas_sm.o (__fixdfsi)
C:/Program Files/Rowley Associates Limited/CrossWorks for ARM 2.0/lib/libm_v4t_a_le.a(__float32_to_float64.o)
                              ARM Flash Debug/logging.o (__extendsfdf2)
C:/Program Files/Rowley Associates Limited/CrossWorks for ARM 2.0/lib/libm_v4t_a_le.a(__float32_add.o)
                              ARM Flash Debug/logging.o (__subsf3)
C:/Program Files/Rowley Associates Limited/CrossWorks for ARM 2.0/lib/libm_v4t_a_le.a(__float32_mul.o)
                              ARM Flash Debug/dac.o (__mulsf3)
C:/Program Files/Rowley Associates Limited/CrossWorks for ARM 2.0/lib/libm_v4t_a_le.a(__float32_div.o)
                              ARM Flash Debug/logging.o (__divsf3)
C:/Program Files/Rowley Associates Limited/CrossWorks for ARM 2.0/lib/libm_v4t_a_le.a(__float32_cmp.o)
                              ARM Flash Debug/logging.o (__nesf2)
C:/Program Files/Rowley Associates Limited/CrossWorks for ARM 2.0/lib/libm_v4t_a_le.a(log.o)
                              ARM Flash Debug/logging.o (log)
C:/Program Files/Rowley Associates Limited/CrossWorks for ARM 2.0/lib/libm_v4t_a_le.a(__float64_add.o)
                              C:/Program Files/Rowley Associates Limited/CrossWorks for ARM 2.0/lib/libm_v4t_a_le.a(log.o) (__subdf3)
C:/Program Files/Rowley Associates Limited/CrossWorks for ARM 2.0/lib/libm_v4t_a_le.a(__float64_mul.o)
                              C:/Program Files/Rowley Associates Limited/CrossWorks for ARM 2.0/lib/libm_v4t_a_le.a(log.o) (__muldf3)
C:/Program Files/Rowley Associates Limited/CrossWorks for ARM 2.0/lib/libm_v4t_a_le.a(__float64_div.o)
                              C:/Program Files/Rowley Associates Limited/CrossWorks for ARM 2.0/lib/libm_v4t_a_le.a(log.o) (__divdf3)
C:/Program Files/Rowley Associates Limited/CrossWorks for ARM 2.0/lib/libm_v4t_a_le.a(__float64_cmp.o)
                              C:/Program Files/Rowley Associates Limited/CrossWorks for ARM 2.0/lib/libm_v4t_a_le.a(log.o) (__eqdf2)
C:/Program Files/Rowley Associates Limited/CrossWorks for ARM 2.0/lib/libm_v4t_a_le.a(__float64_isnan.o)
                              C:/Program Files/Rowley Associates Limited/CrossWorks for ARM 2.0/lib/libm_v4t_a_le.a(log.o) (__float64_isnan)
C:/Program Files/Rowley Associates Limited/CrossWorks for ARM 2.0/lib/libm_v4t_a_le.a(__float64_infinity.o)
                              C:/Program Files/Rowley Associates Limited/CrossWorks for ARM 2.0/lib/libm_v4t_a_le.a(log.o) (__float64_infinity)
C:/Program Files/Rowley Associates Limited/CrossWorks for ARM 2.0/lib/libm_v4t_a_le.a(__float64_nan.o)
                              C:/Program Files/Rowley Associates Limited/CrossWorks for ARM 2.0/lib/libm_v4t_a_le.a(log.o) (__float64_nan)
C:/Program Files/Rowley Associates Limited/CrossWorks for ARM 2.0/lib/libm_v4t_a_le.a(__poly1_eval.o)
                              C:/Program Files/Rowley Associates Limited/CrossWorks for ARM 2.0/lib/libm_v4t_a_le.a(log.o) (__poly1_eval)
C:/Program Files/Rowley Associates Limited/CrossWorks for ARM 2.0/lib/libm_v4t_a_le.a(__poly_eval.o)
                              C:/Program Files/Rowley Associates Limited/CrossWorks for ARM 2.0/lib/libm_v4t_a_le.a(log.o) (__poly_eval)
C:/Program Files/Rowley Associates Limited/CrossWorks for ARM 2.0/lib/libm_v4t_a_le.a(frexp.o)
[...]
Memory Configuration

Name             Origin             Length             Attributes
UNPLACED_SECTIONS 0xffffffff         0x00000000         xw
AHB_Peripherals  0xffe00000         0x00200000         xw
APB_Peripherals  0xe0000000         0x00200000         xw
USB_DMA_RAM      0x7fd00000         0x00002000         xw
SRAM             0x40000000         0x00008000         xw
FLASH            0x00000000         0x00080000         xr
*default*        0x00000000         0xffffffff

Linker script and memory map

                0xffe00000                __AHB_Peripherals_segment_start__ = 0xffe00000
                0x00000000                __AHB_Peripherals_segment_end__ = 0x0
                0xe0000000                __APB_Peripherals_segment_start__ = 0xe0000000
                0xe0200000                __APB_Peripherals_segment_end__ = 0xe0200000
                0x7fd00000                __USB_DMA_RAM_segment_start__ = 0x7fd00000
                0x7fd02000                __USB_DMA_RAM_segment_end__ = 0x7fd02000
                0x40000000                __SRAM_segment_start__ = 0x40000000
                0x40008000                __SRAM_segment_end__ = 0x40008000
                0x00000000                __FLASH_segment_start__ = 0x0
                0x00080000                __FLASH_segment_end__ = 0x80000
                0x00000400                __STACKSIZE__ = 0x400
                0x00000400                __STACKSIZE_IRQ__ = 0x400
                0x00000020                __STACKSIZE_FIQ__ = 0x20
                0x00000100                __STACKSIZE_SVC__ = 0x100
                0x00000008                __STACKSIZE_ABT__ = 0x8
                0x00000008                __STACKSIZE_UND__ = 0x8
                0x00000400                __HEAPSIZE__ = 0x400
                0x40000000                __vectors_ram_load_start__ = __SRAM_segment_start__

.vectors_ram    0x40000000       0x3c
                0x40000000                __vectors_ram_start__ = .
 *(.vectors_ram .vectors_ram.*)
                0x4000003c                . = MAX ((__vectors_ram_start__ + 0x3c), .)
 *fill*         0x40000000       0x3c 00
                0x4000003c                __vectors_ram_end__ = (__vectors_ram_start__ + SIZEOF (.vectors_ram))
                0x4000003c                __vectors_ram_load_end__ = __vectors_ram_end__
                0x00000001                . = ASSERT (((__vectors_ram_end__ >= __SRAM_segment_start__) && (__vectors_ram_end__ <= (__SRAM_segment_start__ + 0x8000))), error: .vectors_ram is too large to fit in SRAM memory segment)
                0x00000000                __vectors_load_start__ = __FLASH_segment_start__

.vectors        0x00000000       0x38
                0x00000000                __vectors_start__ = .
 *(.vectors .vectors.*)
 .vectors       0x00000000       0x38 ARM Flash Debug/Philips_LPC210X_Startup.o
                0x00000000                _vectors
                0x00000038                __vectors_end__ = (__vectors_start__ + SIZEOF (.vectors))
                0x00000038                __vectors_load_end__ = __vectors_end__
                0x00000001                . = ASSERT (((__vectors_end__ >= __FLASH_segment_start__) && (__vectors_end__ <= (__FLASH_segment_start__ + 0x80000))), error: .vectors is too large to fit in FLASH memory segment)
                0x00000038                __init_load_start__ = ALIGN (__vectors_end__, 0x4)

.init           0x00000038      0x264
                0x00000038                __init_start__ = .
 *(.init .init.*)
 *fill*         0x00000038        0x8 00
 .init          0x00000040      0x1d0 ARM Flash Debug/crt0.o
                0x00000040                _start
                0x00000040                __start
 .init          0x00000210       0x8c ARM Flash Debug/Philips_LPC210X_Startup.o
                0x00000210                reset_handler
                0x00000280                undef_handler
                0x00000288                pabort_handler
                0x0000028c                dabort_handler
                0x00000290                fiq_handler
                0x0000029c                __init_end__ = (__init_start__ + SIZEOF (.init))
                0x0000029c                __init_load_end__ = __init_end__
                0x00000001                . = ASSERT (((__init_end__ >= __FLASH_segment_start__) && (__init_end__ <= (__FLASH_segment_start__ + 0x80000))), error: .init is too large to fit in FLASH memory segment)
                0x0000029c                __text_load_start__ = ALIGN (__init_end__, 0x4)

.text           0x0000029c    0x1bd44
                0x0000029c                __text_start__ = .
 *(.text .text.* .glue_7t .glue_7 .gnu.linkonce.t.* .gcc_except_table)
 .glue_7        0x00000000        0x0 linker stubs
 .glue_7t       0x00000000        0x0 linker stubs
 .text          0x0000029c      0x120 ARM Flash Debug/main.o
                0x00000304                main
                0x00000378                vApplicationStackOverflowHook
                0x00000388                __putchar
 .text          0x000003bc      0x5f4 ARM Flash Debug/adc.o
                0x000003bc                adcRead0_1
                0x00000454                adcRead0_2
                0x000004ec                adcRead0_3
                0x00000584                adcRead1_1
                0x0000061c                adcRead1_6
                0x000006b4                adcRead1_7
                0x0000074c                adcInit0_1
                0x000007b4                adcInit0_2
                0x0000081c                adcInit0_3
                0x00000884                adcInit1_1
                0x000008e8                adcInit1_6
                0x0000094c                adcInit1_7
 .text          0x000009b0      0x1b0 ARM Flash Debug/cpu.o
                0x000009b0                cpuSetupHardware
                0x00000b0c                cpuPLLDisable
 .text          0x00000b60       0x84 ARM Flash Debug/i2c.o
                0x00000b60                i2cGetErrno
                0x00000b74                i2cStrerror
 .text          0x00000be4     0x10c4 ARM Flash Debug/i2cInt.o
                0x00001258                i2cInit
                0x000019bc                i2cSetTimeout
                0x00001a00                i2cDump
                0x00001a70                i2cWriteBuffer
                0x00001abc                i2cReadBuffer
                0x00001b08                i2cWriteReadBuffer
                0x00001b60                i2cWriteBufferPoll
                0x00001c00                i2cWriteReadBufferPoll
 .text          0x00001ca8      0x314 ARM Flash Debug/pwm.o
                0x00001ca8                pwmDutyCycle
                0x00001d58                pwmPulseWidthInMicroseconds
                0x00001dd4                pwmFrequency
                0x00001ebc                pwmInit
 .text          0x00001fbc      0x114 ARM Flash Debug/spi.o
                0x00001fbc                spiInit
                0x00002080                spiPut
 .text          0x000020d0      0x470 ARM Flash Debug/uart0.o
                0x000020d0                uart0Init
                0x000022e4                uart0Deinit
                0x00002338                uart0GetChar
                0x00002388                uart0PutChar
                0x000024a0                uart0PutString
                0x0000251c                uart0GetRxQueue
 .text          0x00002540      0x290 ARM Flash Debug/uart0ISR.o
                0x00002540                uart0ISRCreateQueues
                0x00002720                uart0ISR
 .text          0x000027d0      0x470 ARM Flash Debug/uart1.o
                0x000027d0                uart1Init
                0x000029e4                uart1Deinit
                0x00002a38                uart1GetChar
                0x00002a88                uart1PutChar
                0x00002ba0                uart1PutString
                0x00002c1c                uart1GetRxQueue
 .text          0x00002c40      0x290 ARM Flash Debug/uart1ISR.o
                0x00002c40                uart1ISRCreateQueues
                0x00002e20                uart1ISR
 .text          0x00002ed0      0x3cc ARM Flash Debug/usbcontrol.o
                0x00002ff0                usbHandleControlTransfer
                0x0000325c                usbRegisterRequestHandler
 .text          0x0000329c       0x84 ARM Flash Debug/usbinit.o
                0x000032b0                usbRegisterHandlers
 .text          0x00003320      0xd34 ARM Flash Debug/usbISR.o
                0x00003540                usbHardwareEndpointConfig
                0x000035a0                usbHardwareRegisterEPIntHandler
                0x00003648                usbHardwareRegisterDevIntHandler
                0x00003684                usbHardwareRegisterFrameHandler
                0x000036c0                usbHardwareSetAddress
                0x000036f8                usbHardwareConnect
                0x0000372c                usbHardwareNakIntEnable
                0x00003758                usbHardwareEndpointIsStalled
                0x000037b0                usbHardwareEndpointStall
                0x00003824                usbHardwareEndpointWrite
                0x00003950                usbHardwareEndpointRead
                0x00003ac8                usbHardwareConfigDevice
                0x00003afc                usbSetupInterruptHandler
                0x00003df4                usbISR
                0x00003e9c                usbHardwareInit
 .text          0x00004054      0x720 ARM Flash Debug/usbstdreq.o
                0x00004054                usbRegisterDescriptors
                0x00004074                usbGetDescriptor
                0x0000467c                usbHandleStandardRequest
                0x00004754                usbRegisterCustomReqHandler
 .text          0x00004774      0x518 ARM Flash Debug/usbser.o
                0x000049bc                usbserPutChar
                0x00004a44                usbserPutString
                0x00004afc                usbserGetChar
                0x00004b68                usbserGetRxQueue
                0x00004bb0                usbserInit
 .text          0x00004c8c      0xf3c ARM Flash Debug/rtc.o
                0x0000522c                rtcGetEpochSeconds
                0x00005268                rtcGetEpochSecondsLuk
                0x000052a4                rtcSetEpochSeconds
                0x0000551c                rtcInit
                0x00005610                rtcSetAlarm
                0x00005724                rtcSetAlarmCIIR
                0x0000578c                rtcGetAlarmTm
                0x000058c8                rtcGetAlarmEpochSeconds
                0x000058fc                rtcPeriodicAlarm
                0x00005998                time
                0x000059c0                rtcIs5minInt
                0x000059dc                getRtcRead
                0x00005a00                getMonthLength
 .text          0x00005bc8      0x39c ARM Flash Debug/rtcISR.o
                0x00005bc8                rtcISRInit
                0x00005eb4                rtcISR
 .text          0x00005f64       0x34 ARM Flash Debug/reset.o
                0x00005f64                reset
 .text          0x00005f98      0x120 ARM Flash Debug/eint0.o
                0x00005f98                eint0Init
                0x00006088                eint0Deinit
 .text          0x000060b8       0xe8 ARM Flash Debug/eint0ISR.o
                0x000060f0                eint0ISR
 .text          0x000061a0      0x120 ARM Flash Debug/eint2.o
                0x000061a0                eint2Init
                0x00006290                eint2Deinit
 .text          0x000062c0       0xd8 ARM Flash Debug/eint2ISR.o
                0x000062e8                eint2ISR
 .text          0x00006398      0x124 ARM Flash Debug/eint3.o
                0x00006398                eint3Init
                0x00006488                eint3Deinit
 .text          0x000064bc      0x1b8 ARM Flash Debug/eint3ISR.o
                0x000065b8                eint3ISR
 .text          0x00006674      0x11c ARM Flash Debug/eint1.o
                0x00006674                eint1Init
                0x00006760                eint1Deinit
 .text          0x00006790      0x15c ARM Flash Debug/eint1ISR.o
                0x0000683c                eint1ISR
 .text          0x000068ec      0x23c ARM Flash Debug/beep.o
                0x000068ec                beepOn
                0x000069ec                beepOff
                0x00006ad4                beepMHALL
                0x00006af0                beepSMOTW
                0x00006b0c                beepA_TEAM_THEME
 .text          0x00006b28      0x33c ARM Flash Debug/timer.o
                0x00006b28                timer1Init
                0x00006b50                capture13Init
                0x00006c4c                timer1ISR
                0x00006e24                getWindPeriod
                0x00006e48                clrWindPeriod
 .text          0x00006e64        0x0 ARM Flash Debug/freqCounter.o
 .text          0x00006e64      0x160 ARM Flash Debug/dac.o
                0x00006e64                dacInit
                0x00006e98                dacSet
                0x00006f0c                dacSetMV
 .text          0x00006fc4      0x4cc ARM Flash Debug/args.o
                0x000070a4                argsGetLine
                0x000072b4                argsParse
 .text          0x00007490      0x1dc ARM Flash Debug/argsdispatch.o
                0x00007490                argsDispatch
 .text          0x0000766c     0x2284 ARM Flash Debug/monitor.o
                0x00007844                get_fattime
                0x0000988c                monitorTaskStart
 .text          0x000098f0      0x774 ARM Flash Debug/printf-stdarg.o
                0x00009f70                printf
                0x00009fb0                sprintf
                0x00009ff8                snprintf
                0x0000a044                write
 .text          0x0000a064      0x214 ARM Flash Debug/leds.o
                0x0000a0a0                ledsSetDelay
                0x0000a180                ledsTaskStart
                0x0000a1e0                ledsTaskStop
                0x0000a264                ledsGetDelay
 .text          0x0000a278      0x404 ARM Flash Debug/tcs3414.o
                0x0000a3e0                tcs3414Init
                0x0000a414                tcs3414GetColour
                0x0000a5d0                tcs3414GetICRevision
                0x0000a61c                tcs3414TaskStart
 .text          0x0000a67c      0xe4c ARM Flash Debug/mmc.o
                0x0000ac04                mmcWriteProtect
                0x0000ac18                mmcWaitReady
                0x0000ac3c                mmcCardPresent
                0x0000ac54                mmcReadCardInfo
                0x0000ada8                mmcRead
                0x0000aeec                mmcWrite
                0x0000b04c                mmcVerify
                0x0000b1e4                mmcInitMedia
                0x0000b498                mmcDumpCSD
                0x0000b4b0                mmcDecodeCSD
 .text          0x0000b4c8      0x5c4 ARM Flash Debug/ssp.o
                0x0000b4c8                sspHardwareCardPresent
                0x0000b4ec                sspHardwareWriteProtected
                0x0000b534                sspChipSelect
                0x0000b5f4                sspSetClockFreq
                0x0000b694                sspInit
                0x0000b7e0                sspTransferByte
                0x0000b848                sspWaitReady
                0x0000b8a0                sspSendBlock
                0x0000b940                sspReceiveBlock
                0x0000ba3c                sspDelay1ms
 .text          0x0000ba8c      0xe6c ARM Flash Debug/Lcd204_4.o
                0x0000ba8c                delay_us
                0x0000bac8                delay
                0x0000bb30                write_lcd
                0x0000c10c                write_byte_lcd
                0x0000c1ec                printf_lcd
                0x0000c378                blink_lcd
                0x0000c47c                clear_lcd
                0x0000c49c                init_lcd
                0x0000c64c                init_system
                0x0000c7c8                init_screenpool
                0x0000c84c                lcdTaskStart
                0x0000c8ac                lcdTaskStop
 .text          0x0000c8f8     0x12ac ARM Flash Debug/logging.o
                0x0000c8f8                fillSlogEntryItem
                0x0000c980                setWsPrice
                0x0000c9a0                getLogFilename
                0x0000ca68                trackLog
                0x0000cc50                trackLogTaskStart
                0x0000ccb0                trackLogTaskStop
                0x0000ccfc                initLog
                0x0000cdb0                appendToLog
                0x0000cedc                fs_init
                0x0000cf54                getDateTime
                0x0000cfd8                updateCDayLogEntryItem
                0x0000d0f4                incr_SumFlowvolume
                0x0000d154                init_daysLogging
                0x0000d168                incr_daysLogging
                0x0000d1a8                feedLCD
                0x0000d990                b_itoab
                0x0000daf0                nrOfDigits
                0x0000db44                luk_strcpy
 .text          0x0000dba4      0x8f4 ARM Flash Debug/meas_sm.o
                0x0000dba4                meas_sm
                0x0000e030                measSMTaskStart
                0x0000e090                MeasSMTaskStop
                0x0000e0dc                set_measure
                0x0000e100                clr_measure
                0x0000e114                get_measure
                0x0000e12c                set_trackLog
                0x0000e140                clr_trackLog
                0x0000e154                get_trackLog
                0x0000e16c                get_pumpLastControlSignalOn
                0x0000e19c                set_pumpLastControlSignalOn
                0x0000e1cc                clr_pumpLastControlSignalOn
                0x0000e1e0                updateMeasure_timestamp
                0x0000e29c                getMeasure_timestamp_diff
                0x0000e2c4                clr_valuesReceived
                0x0000e2d8                set_valuesReceived
                0x0000e2ec                valuesReceived
                0x0000e304                stopMeasure
                0x0000e318                startMeasure
                0x0000e32c                get_FlowCount
                0x0000e364                incr_FlowCount
                0x0000e3f0                clr_FlowCount
                0x0000e444                initFlowrateSensor
 .text          0x0000e498      0x450 ARM Flash Debug/meas_task.o
                0x0000e498                meas_wind
                0x0000e684                meas_task_init
                0x0000e734                doMeasure
                0x0000e83c                measTaskStart
                0x0000e89c                measTaskStop
 .text          0x0000e8e8        0x0 ARM Flash Debug/crt0.o
 .text          0x0000e8e8        0x0 ARM Flash Debug/Philips_LPC210X_Startup.o
 .text          0x0000e8e8      0x110 ARM Flash Debug/LPC210x.o
                0x0000e918                ctl_start_timer
                0x0000e9ec                ctl_get_ticks_per_second
 .text          0x0000e9f8      0x318 ARM Flash Debug/VIC.o
                0x0000e9f8                ctl_set_isr
                0x0000ecb0                ctl_unmask_isr
                0x0000ece0                ctl_mask_isr
 .text          0x0000ed10       0x44 ARM Flash Debug/VIC_irq_handler.o
                0x0000ed10                irq_handler
 .text          0x0000ed54      0x24c ARM Flash Debug/portISR.o
                0x0000ed54                vPortISRStartFirstTask
                0x0000eda0                swi_handler
                0x0000ee4c                vTickISR
                0x0000ef18                vPortEnterCritical
                0x0000ef48                vPortExitCritical
 .text          0x0000efa0      0x354 ARM Flash Debug/port.o
                0x0000efa0                pxPortInitialiseStack
                0x0000f200                xPortStartScheduler
                0x0000f21c                vPortEndScheduler
 .text          0x0000f2f4      0x35c ARM Flash Debug/heap_2.o
                0x0000f2f4                pvPortMalloc
                0x0000f564                vPortFree
                0x0000f638                xPortGetFreeHeapSize
                0x0000f64c                vPortInitialiseBlocks
 .text          0x0000f650     0x1f5c ARM Flash Debug/tasks.o
                0x0000f650                xTaskGenericCreate
                0x0000f8a4                vTaskDelete
                0x0000f9a0                vTaskDelayUntil
                0x0000fb18                vTaskDelay
                0x0000fc04                uxTaskPriorityGet
                0x0000fc5c                vTaskPrioritySet
                0x0000fe2c                vTaskSuspend
                0x0000fee4                xTaskIsTaskSuspended
                0x0000ff54                vTaskResume
                0x0001004c                xTaskResumeFromISR
                0x00010160                vTaskStartScheduler
                0x00010200                vTaskEndScheduler
                0x00010234                vTaskSuspendAll
                0x00010250                xTaskResumeAll
                0x0001040c                xTaskGetTickCount
                0x00010440                uxTaskGetNumberOfTasks
                0x00010454                vTaskList
                0x000105c8                vTaskStartTrace
                0x00010638                ulTaskEndTrace
                0x00010690                vTaskIncrementTick
                0x00010810                vTaskSwitchContext
                0x00010aac                vTaskPlaceOnEventList
                0x00010bac                xTaskRemoveFromEventList
                0x00010ce0                vTaskSetTimeOutState
                0x00010d18                xTaskCheckForTimeOut
                0x00010e0c                vTaskMissedYield
                0x00010e20                prvIdleTask
                0x00010e38                prvInitialiseTCBVariables
                0x00010f04                prvInitialiseTaskLists
                0x00010fc4                prvCheckTasksWaitingTermination
                0x00011094                prvAllocateTCBAndStack
                0x0001113c                prvListTaskWithinSingleList
                0x0001128c                usTaskCheckFreeStackSpace
                0x000112e8                uxTaskGetStackHighWaterMark
                0x00011348                prvDeleteTCB
                0x00011378                xTaskGetCurrentTaskHandle
                0x0001139c                vTaskPriorityInherit
                0x000114cc                vTaskPriorityDisinherit
 .text          0x000115ac     0x1168 ARM Flash Debug/queue.o
                0x000115ac                xQueueCreate
                0x000116f4                xQueueCreateMutex
                0x000117cc                xQueueGiveMutexRecursive
                0x00011850                xQueueTakeMutexRecursive
                0x000118e8                xQueueGenericSend
                0x00011a94                xQueueAltGenericSend
                0x00011bd4                xQueueAltGenericReceive
                0x00011dc0                xQueueGenericSendFromISR
                0x00011e90                xQueueGenericReceive
                0x000120e8                xQueueReceiveFromISR
                0x000121bc                uxQueueMessagesWaiting
                0x000121f0                uxQueueMessagesWaitingFromISR
                0x00012214                vQueueDelete
                0x0001257c                xQueueIsQueueEmptyFromISR
                0x000125f4                xQueueIsQueueFullFromISR
                0x0001262c                vQueueAddToRegistry
 .text          0x00012714      0x258 ARM Flash Debug/list.o
                0x00012714                vListInitialise
                0x00012778                vListInitialiseItem
                0x00012794                vListInsertEnd
                0x0001281c                vListInsert
                0x000128e4                vListRemove
 .text          0x0001296c      0x62c ARM Flash Debug/disk.o
                0x0001296c                diskInitialize
                0x00012a9c                diskShutdown
                0x00012ad0                diskStatus
                0x00012af8                diskRead
                0x00012b94                diskWrite
                0x00012c50                diskIoctl
                0x00012ed4                diskPresent
                0x00012eec                diskErrorText
                0x00012f60                diskErrorTextPrint
 .text          0x00012f98     0x5b8c ARM Flash Debug/ff.o
                0x000154b8                f_ferrorlookup
                0x0001552c                f_printerror
                0x00015564                f_mount
                0x000155fc                f_open
                0x00015bb8                f_read
                0x00015fe4                f_write
                0x000164b8                f_sync
                0x00016788                f_close
                0x000167d0                f_lseek
                0x00016b70                f_opendir
                0x00016cec                f_readdir
                0x00016e3c                f_stat
                0x00016eec                f_getfree
                0x00017198                f_unlink
                0x00017434                f_mkdir
                0x000178d0                f_chmod
                0x000179d8                f_rename
                0x00017bac                f_mkfs
 .text          0x00018b24        0x0 C:/Users/lukas/AppData/Local/Rowley Associates Limited/CrossWorks for ARM/packages/lib/liblpc2000_v4t_a_le.a(liblpc2000_lpc21xx_get_cclk.o)
 .text.liblpc2000
                0x00018b24       0x30 C:/Users/lukas/AppData/Local/Rowley Associates Limited/CrossWorks for ARM/packages/lib/liblpc2000_v4t_a_le.a(liblpc2000_lpc21xx_get_cclk.o)
                0x00018b24                liblpc2000_lpc21xx_get_cclk
                0x00018b24                liblpc2000_get_cclk
 .text          0x00018b54        0x0 C:/Users/lukas/AppData/Local/Rowley Associates Limited/CrossWorks for ARM/packages/lib/liblpc2000_v4t_a_le.a(liblpc2000_lpc21xx_get_pclk.o)
 .text.liblpc2000
                0x00018b54       0x2c C:/Users/lukas/AppData/Local/Rowley Associates Limited/CrossWorks for ARM/packages/lib/liblpc2000_v4t_a_le.a(liblpc2000_lpc21xx_get_pclk.o)
                0x00018b54                liblpc2000_lpc21xx_get_pclk
                0x00018b54                liblpc2000_get_pclk
 .text          0x00018b80        0x0 C:/Program Files/Rowley Associates Limited/CrossWorks for ARM 2.0/lib/libm_v4t_a_le.a(__int32_to_float32.o)
 .text.libc     0x00018b80       0x70 C:/Program Files/Rowley Associates Limited/CrossWorks for ARM 2.0/lib/libm_v4t_a_le.a(__int32_to_float32.o)
                0x00018b80                __int32_to_float32
                0x00018b80                __floatsisf
                0x00018b80                __aeabi_i2f
                0x00018b94                __int32_to_float32_common
 .text          0x00018bf0        0x0 C:/Program Files/Rowley Associates Limited/CrossWorks for ARM 2.0/lib/libm_v4t_a_le.a(__int32_to_float64.o)
 .text.libc     0x00018bf0       0x70 C:/Program Files/Rowley Associates Limited/CrossWorks for ARM 2.0/lib/libm_v4t_a_le.a(__int32_to_float64.o)
                0x00018bf0                __aeabi_i2d
                0x00018bf0                __int32_to_float64
                0x00018bf0                __floatsidf
 .text          0x00018c60        0x0 C:/Program Files/Rowley Associates Limited/CrossWorks for ARM 2.0/lib/libm_v4t_a_le.a(__uint32_to_float32.o)
 .text.libc     0x00018c60       0x10 C:/Program Files/Rowley Associates Limited/CrossWorks for ARM 2.0/lib/libm_v4t_a_le.a(__uint32_to_float32.o)
                0x00018c60                __aeabi_ui2f
                0x00018c60                __floatunsisf
                0x00018c60                __uint32_to_float32
 .text          0x00018c70        0x0 C:/Program Files/Rowley Associates Limited/CrossWorks for ARM 2.0/lib/libm_v4t_a_le.a(__float32_to_int32.o)
 .text.libc     0x00018c70       0x50 C:/Program Files/Rowley Associates Limited/CrossWorks for ARM 2.0/lib/libm_v4t_a_le.a(__float32_to_int32.o)
                0x00018c70                __float32_to_int32
                0x00018c70                __aeabi_f2iz
                0x00018c70                __fixsfsi
 .text          0x00018cc0        0x0 C:/Program Files/Rowley Associates Limited/CrossWorks for ARM 2.0/lib/libm_v4t_a_le.a(__float32_to_uint32.o)
 .text.libc     0x00018cc0       0x40 C:/Program Files/Rowley Associates Limited/CrossWorks for ARM 2.0/lib/libm_v4t_a_le.a(__float32_to_uint32.o)
                0x00018cc0                __aeabi_f2uiz
                0x00018cc0                __fixunssfsi
                0x00018cc0                __float32_to_uint32
 .text          0x00018d00        0x0 C:/Program Files/Rowley Associates Limited/CrossWorks for ARM 2.0/lib/libm_v4t_a_le.a(__float64_to_int32.o)
 .text.libc     0x00018d00       0x60 C:/Program Files/Rowley Associates Limited/CrossWorks for ARM 2.0/lib/libm_v4t_a_le.a(__float64_to_int32.o)
                0x00018d00                __aeabi_d2iz
                0x00018d00                __float64_to_int32
                0x00018d00                __fixdfsi
 .text          0x00018d60        0x0 C:/Program Files/Rowley Associates Limited/CrossWorks for ARM 2.0/lib/libm_v4t_a_le.a(__float32_to_float64.o)
 .text.libc     0x00018d60       0x40 C:/Program Files/Rowley Associates Limited/CrossWorks for ARM 2.0/lib/libm_v4t_a_le.a(__float32_to_float64.o)
                0x00018d60                __float32_to_float64
                0x00018d60                __aeabi_f2d
                0x00018d60                __extendsfdf2
 .text          0x00018da0        0x0 C:/Program Files/Rowley Associates Limited/CrossWorks for ARM 2.0/lib/libm_v4t_a_le.a(__float32_add.o)
 .text.libc     0x00018da0      0x1a0 C:/Program Files/Rowley Associates Limited/CrossWorks for ARM 2.0/lib/libm_v4t_a_le.a(__float32_add.o)
                0x00018da0                __aeabi_frsub
                0x00018da8                __subsf3
                0x00018da8                __aeabi_fsub
                0x00018da8                __float32_sub
                0x00018dac                __addsf3
                0x00018dac                __float32_add
                0x00018dac                __aeabi_fadd
 .text          0x00018f40        0x0 C:/Program Files/Rowley Associates Limited/CrossWorks for ARM 2.0/lib/libm_v4t_a_le.a(__float32_mul.o)
 .text.libc     0x00018f40      0x100 C:/Program Files/Rowley Associates Limited/CrossWorks for ARM 2.0/lib/libm_v4t_a_le.a(__float32_mul.o)
                0x00018f40                __mulsf3
                0x00018f40                __float32_mul
 .text          0x00019040        0x0 C:/Program Files/Rowley Associates Limited/CrossWorks for ARM 2.0/lib/libm_v4t_a_le.a(__float32_div.o)
 .text.libc     0x00019040      0x210 C:/Program Files/Rowley Associates Limited/CrossWorks for ARM 2.0/lib/libm_v4t_a_le.a(__float32_div.o)
                0x00019040                __float32_div
                0x00019040                __divsf3
 .text          0x00019250        0x0 C:/Program Files/Rowley Associates Limited/CrossWorks for ARM 2.0/lib/libm_v4t_a_le.a(__float32_cmp.o)
 .text.libc     0x00019250       0x50 C:/Program Files/Rowley Associates Limited/CrossWorks for ARM 2.0/lib/libm_v4t_a_le.a(__float32_cmp.o)
                0x00019250                __nesf2
                0x00019250                __gtsf2
                0x00019250                __eqsf2
                0x00019250                __cmpsf2
                0x00019250                __ltsf2
                0x00019250                __gesf2
                0x00019250                __lesf2
 .text          0x000192a0        0x0 C:/Program Files/Rowley Associates Limited/CrossWorks for ARM 2.0/lib/libm_v4t_a_le.a(log.o)
 .text.libc     0x000192a0      0x2c0 C:/Program Files/Rowley Associates Limited/CrossWorks for ARM 2.0/lib/libm_v4t_a_le.a(log.o)
                0x000192a0                log
 .text          0x00019560        0x0 C:/Program Files/Rowley Associates Limited/CrossWorks for ARM 2.0/lib/libm_v4t_a_le.a(__float64_add.o)
 .text.libc     0x00019560      0x350 C:/Program Files/Rowley Associates Limited/CrossWorks for ARM 2.0/lib/libm_v4t_a_le.a(__float64_add.o)
                0x00019560                __aeabi_drsub
                0x00019568                __aeabi_dsub
                0x00019568                __float64_sub
                0x00019568                __subdf3
                0x0001956c                __aeabi_dadd
                0x0001956c                __float64_add
                0x0001956c                __adddf3
 .text          0x000198b0        0x0 C:/Program Files/Rowley Associates Limited/CrossWorks for ARM 2.0/lib/libm_v4t_a_le.a(__float64_mul.o)
 .text.libc     0x000198b0      0x1b0 C:/Program Files/Rowley Associates Limited/CrossWorks for ARM 2.0/lib/libm_v4t_a_le.a(__float64_mul.o)
                0x000198b0                __muldf3
                0x000198b0                __float64_mul
 .text          0x00019a60        0x0 C:/Program Files/Rowley Associates Limited/CrossWorks for ARM 2.0/lib/libm_v4t_a_le.a(__float64_div.o)
 .text.libc     0x00019a60      0x330 C:/Program Files/Rowley Associates Limited/CrossWorks for ARM 2.0/lib/libm_v4t_a_le.a(__float64_div.o)
                0x00019a60                __divdf3
                0x00019a60                __float64_div
                0x00019a60                __aeabi_ddiv
 .text          0x00019d90        0x0 C:/Program Files/Rowley Associates Limited/CrossWorks for ARM 2.0/lib/libm_v4t_a_le.a(__float64_cmp.o)
 .text.libc     0x00019d90       0x70 C:/Program Files/Rowley Associates Limited/CrossWorks for ARM 2.0/lib/libm_v4t_a_le.a(__float64_cmp.o)
                0x00019d90                __eqdf2
                0x00019d90                __gtdf2
                0x00019d90                __ltdf2
                0x00019d90                __ledf2
                0x00019d90                __nedf2
                0x00019d90                __gedf2
                0x00019d90                __cmpdf2
 .text          0x00019e00        0x0 C:/Program Files/Rowley Associates Limited/CrossWorks for ARM 2.0/lib/libm_v4t_a_le.a(__float64_isnan.o)
 .text.libc     0x00019e00       0x20 C:/Program Files/Rowley Associates Limited/CrossWorks for ARM 2.0/lib/libm_v4t_a_le.a(__float64_isnan.o)
                0x00019e00                __float64_isnan
 .text          0x00019e20        0x0 C:/Program Files/Rowley Associates Limited/CrossWorks for ARM 2.0/lib/libm_v4t_a_le.a(__float64_infinity.o)
 .text.libc     0x00019e20        0x0 C:/Program Files/Rowley Associates Limited/CrossWorks for ARM 2.0/lib/libm_v4t_a_le.a(__float64_infinity.o)
 .text          0x00019e20        0x0 C:/Program Files/Rowley Associates Limited/CrossWorks for ARM 2.0/lib/libm_v4t_a_le.a(__float64_nan.o)
 .text.libc     0x00019e20        0x0 C:/Program Files/Rowley Associates Limited/CrossWorks for ARM 2.0/lib/libm_v4t_a_le.a(__float64_nan.o)
 .text          0x00019e20        0x0 C:/Program Files/Rowley Associates Limited/CrossWorks for ARM 2.0/lib/libm_v4t_a_le.a(__poly1_eval.o)
 .text.libc     0x00019e20       0x70 C:/Program Files/Rowley Associates Limited/CrossWorks for ARM 2.0/lib/libm_v4t_a_le.a(__poly1_eval.o)
                0x00019e20                __poly1_eval
 .text          0x00019e90        0x0 C:/Program Files/Rowley Associates Limited/CrossWorks for ARM 2.0/lib/libm_v4t_a_le.a(__poly_eval.o)
 .text.libc     0x00019e90       0x5c C:/Program Files/Rowley Associates Limited/CrossWorks for ARM 2.0/lib/libm_v4t_a_le.a(__poly_eval.o)
                0x00019e90                __poly_eval
 .text          0x00019eec        0x0 C:/Program Files/Rowley Associates Limited/CrossWorks for ARM 2.0/lib/libm_v4t_a_le.a(frexp.o)
 .text.libc     0x00019eec       0x60 C:/Program Files/Rowley Associates Limited/CrossWorks for ARM 2.0/lib/libm_v4t_a_le.a(frexp.o)
                0x00019eec                frexp
 .text          0x00019f4c        0x0 C:/Program Files/Rowley Associates Limited/CrossWorks for ARM 2.0/lib/libm_v4t_a_le.a(ldexp.o)
 .text.libc     0x00019f4c       0x84 C:/Program Files/Rowley Associates Limited/CrossWorks for ARM 2.0/lib/libm_v4t_a_le.a(ldexp.o)
                0x00019f4c                ldexp
 .text          0x00019fd0        0x0 C:/Program Files/Rowley Associates Limited/CrossWorks for ARM 2.0/lib/libc_v4t_a_le.a(__int32_umod.o)
 .text.libc     0x00019fd0       0x20 C:/Program Files/Rowley Associates Limited/CrossWorks for ARM 2.0/lib/libc_v4t_a_le.a(__int32_umod.o)
                0x00019fd0                __int32_umod
                0x00019fd0                __umodsi3
 .text          0x00019ff0        0x0 C:/Program Files/Rowley Associates Limited/CrossWorks for ARM 2.0/lib/libc_v4t_a_le.a(__int32_div.o)
 .text.libc     0x00019ff0       0x50 C:/Program Files/Rowley Associates Limited/CrossWorks for ARM 2.0/lib/libc_v4t_a_le.a(__int32_div.o)
                0x00019ff0                __divsi3
                0x00019ff0                __int32_div
 .text          0x0001a040        0x0 C:/Program Files/Rowley Associates Limited/CrossWorks for ARM 2.0/lib/libc_v4t_a_le.a(__int32_udivmod.o)
 .text.libc     0x0001a040       0x30 C:/Program Files/Rowley Associates Limited/CrossWorks for ARM 2.0/lib/libc_v4t_a_le.a(__int32_udivmod.o)
                0x0001a040                __int32_udivmod
                0x0001a040                __udivsi3
                0x0001a040                __int32_udiv
 .text          0x0001a070        0x0 C:/Program Files/Rowley Associates Limited/CrossWorks for ARM 2.0/lib/libc_v4t_a_le.a(strlen.o)
 .text.libc     0x0001a070       0x90 C:/Program Files/Rowley Associates Limited/CrossWorks for ARM 2.0/lib/libc_v4t_a_le.a(strlen.o)
                0x0001a070                strlen
 .text          0x0001a100        0x0 C:/Program Files/Rowley Associates Limited/CrossWorks for ARM 2.0/lib/libc_v4t_a_le.a(memcpy.o)
 .text.libc     0x0001a100       0x60 C:/Program Files/Rowley Associates Limited/CrossWorks for ARM 2.0/lib/libc_v4t_a_le.a(memcpy.o)
                0x0001a100                memcpy
 .text          0x0001a160        0x0 C:/Program Files/Rowley Associates Limited/CrossWorks for ARM 2.0/lib/libc_v4t_a_le.a(memset.o)
 .text.libc     0x0001a160       0xa0 C:/Program Files/Rowley Associates Limited/CrossWorks for ARM 2.0/lib/libc_v4t_a_le.a(memset.o)
                0x0001a160                memset
 .text          0x0001a200        0x0 C:/Program Files/Rowley Associates Limited/CrossWorks for ARM 2.0/lib/libc_v4t_a_le.a(strcpy.o)
 .text.libc     0x0001a200       0x60 C:/Program Files/Rowley Associates Limited/CrossWorks for ARM 2.0/lib/libc_v4t_a_le.a(strcpy.o)
                0x0001a200                strcpy
 .text          0x0001a260        0x0 C:/Program Files/Rowley Associates Limited/CrossWorks for ARM 2.0/lib/libc_v4t_a_le.a(strcmp.o)
 .text.libc     0x0001a260       0x70 C:/Program Files/Rowley Associates Limited/CrossWorks for ARM 2.0/lib/libc_v4t_a_le.a(strcmp.o)
                0x0001a260                strcmp
 .text          0x0001a2d0        0x0 C:/Program Files/Rowley Associates Limited/CrossWorks for ARM 2.0/lib/libc_v4t_a_le.a(memcmp.o)
 .text.libc     0x0001a2d0       0x54 C:/Program Files/Rowley Associates Limited/CrossWorks for ARM 2.0/lib/libc_v4t_a_le.a(memcmp.o)
                0x0001a2d0                memcmp
 .text          0x0001a324        0x0 C:/Program Files/Rowley Associates Limited/CrossWorks for ARM 2.0/lib/libc_v4t_a_le.a(strcat.o)
 .text.libc     0x0001a324       0x3c C:/Program Files/Rowley Associates Limited/CrossWorks for ARM 2.0/lib/libc_v4t_a_le.a(strcat.o)
                0x0001a324                strcat
 .text          0x0001a360        0x0 C:/Program Files/Rowley Associates Limited/CrossWorks for ARM 2.0/lib/libc_v4t_a_le.a(strncmp.o)
 .text.libc     0x0001a360       0x64 C:/Program Files/Rowley Associates Limited/CrossWorks for ARM 2.0/lib/libc_v4t_a_le.a(strncmp.o)
                0x0001a360                strncmp
 .text          0x0001a3c4        0x0 C:/Program Files/Rowley Associates Limited/CrossWorks for ARM 2.0/lib/libc_v4t_a_le.a(strncpy.o)
 .text.libc     0x0001a3c4       0x74 C:/Program Files/Rowley Associates Limited/CrossWorks for ARM 2.0/lib/libc_v4t_a_le.a(strncpy.o)
                0x0001a3c4                strncpy
 .text          0x0001a438        0x0 C:/Program Files/Rowley Associates Limited/CrossWorks for ARM 2.0/lib/libc_v4t_a_le.a(ctype.o)
 .text.libc     0x0001a438      0x17c C:/Program Files/Rowley Associates Limited/CrossWorks for ARM 2.0/lib/libc_v4t_a_le.a(ctype.o)
                0x0001a438                isalpha
                0x0001a454                isupper
                0x0001a468                islower
                0x0001a47c                isdigit
                0x0001a490                isxdigit
                0x0001a4bc                isspace
                0x0001a4d4                ispunct
                0x0001a510                isalnum
                0x0001a53c                isprint
                0x0001a550                isgraph
                0x0001a564                iscntrl
                0x0001a578                tolower
                0x0001a58c                toupper
                0x0001a5a0                isblank
 .text          0x0001a5b4        0x0 C:/Program Files/Rowley Associates Limited/CrossWorks for ARM 2.0/lib/libc_v4t_a_le.a(malloc.o)
 .text.libc     0x0001a5b4      0x250 C:/Program Files/Rowley Associates Limited/CrossWorks for ARM 2.0/lib/libc_v4t_a_le.a(malloc.o)
                0x0001a5b4                free
                0x0001a6a8                malloc
                0x0001a78c                realloc
                0x0001a7d4                calloc
 .text          0x0001a804        0x0 C:/Program Files/Rowley Associates Limited/CrossWorks for ARM 2.0/lib/libc_v4t_a_le.a(atoi.o)
 .text.libc     0x0001a804       0x38 C:/Program Files/Rowley Associates Limited/CrossWorks for ARM 2.0/lib/libc_v4t_a_le.a(atoi.o)
                0x0001a804                atoi
 .text          0x0001a83c        0x0 C:/Program Files/Rowley Associates Limited/CrossWorks for ARM 2.0/lib/libc_v4t_a_le.a(time.o)
 .text.libc     0x0001a83c      0x75c C:/Program Files/Rowley Associates Limited/CrossWorks for ARM 2.0/lib/libc_v4t_a_le.a(time.o)
                0x0001a83c                difftime
                0x0001a850                checktm
                0x0001aa98                mktime
                0x0001ace0                localtime_r
                0x0001aeec                localtime
                0x0001af0c                gmtime_r
                0x0001af24                gmtime
                0x0001af44                ctime_r
                0x0001af74                ctime
 .text          0x0001af98        0x0 C:/Program Files/Rowley Associates Limited/CrossWorks for ARM 2.0/lib/libc_v4t_a_le.a(asctime.o)
 .text.libc     0x0001af98      0x18c C:/Program Files/Rowley Associates Limited/CrossWorks for ARM 2.0/lib/libc_v4t_a_le.a(asctime.o)
                0x0001afc4                asctime_r
                0x0001b10c                asctime
 .text          0x0001b124        0x0 C:/Program Files/Rowley Associates Limited/CrossWorks for ARM 2.0/lib/libc_v4t_a_le.a(strftime.o)
 .text.libc     0x0001b124      0x82c C:/Program Files/Rowley Associates Limited/CrossWorks for ARM 2.0/lib/libc_v4t_a_le.a(strftime.o)
                0x0001b8fc                strftime
 .text          0x0001b950        0x0 C:/Program Files/Rowley Associates Limited/CrossWorks for ARM 2.0/lib/libc_v4t_a_le.a(div.o)
 .text.libc     0x0001b950       0x54 C:/Program Files/Rowley Associates Limited/CrossWorks for ARM 2.0/lib/libc_v4t_a_le.a(div.o)
                0x0001b950                div
 .text          0x0001b9a4        0x0 C:/Program Files/Rowley Associates Limited/CrossWorks for ARM 2.0/lib/libc_v4t_a_le.a(strtol.o)
 .text.libc     0x0001b9a4       0xd4 C:/Program Files/Rowley Associates Limited/CrossWorks for ARM 2.0/lib/libc_v4t_a_le.a(strtol.o)
                0x0001b9a4                strtol
 .text          0x0001ba78        0x0 C:/Program Files/Rowley Associates Limited/CrossWorks for ARM 2.0/lib/libc_v4t_a_le.a(ldiv.o)
 .text.libc     0x0001ba78       0x54 C:/Program Files/Rowley Associates Limited/CrossWorks for ARM 2.0/lib/libc_v4t_a_le.a(ldiv.o)
                0x0001ba78                ldiv
 .text          0x0001bacc        0x0 C:/Program Files/Rowley Associates Limited/CrossWorks for ARM 2.0/lib/libc_v4t_a_le.a(__int32_mod.o)
 *fill*         0x0001bacc        0x4 00
 .text.libc     0x0001bad0       0x50 C:/Program Files/Rowley Associates Limited/CrossWorks for ARM 2.0/lib/libc_v4t_a_le.a(__int32_mod.o)
                0x0001bad0                __modsi3
                0x0001bad0                __int32_mod
 .text          0x0001bb20        0x0 C:/Program Files/Rowley Associates Limited/CrossWorks for ARM 2.0/lib/libc_v4t_a_le.a(__strtoul.o)
 .text.libc     0x0001bb20      0x128 C:/Program Files/Rowley Associates Limited/CrossWorks for ARM 2.0/lib/libc_v4t_a_le.a(__strtoul.o)
                0x0001bb20                __strtoul
 .text          0x0001bc48        0x0 C:/Program Files/Rowley Associates Limited/CrossWorks for ARM 2.0/lib/libc_v4t_a_le.a(__digit.o)
 .text.libc     0x0001bc48       0x54 C:/Program Files/Rowley Associates Limited/CrossWorks for ARM 2.0/lib/libc_v4t_a_le.a(__digit.o)
                0x0001bc48                __digit
 .text          0x0001bc9c        0x0 C:/Program Files/Rowley Associates Limited/CrossWorks for ARM 2.0/lib/libdebugio_v4t_a_le.a(debug_printf.o)
 .text.libc     0x0001bc9c       0x20 C:/Program Files/Rowley Associates Limited/CrossWorks for ARM 2.0/lib/libdebugio_v4t_a_le.a(debug_printf.o)
                0x0001bc9c                debug_printf
 .text          0x0001bcbc        0x0 C:/Program Files/Rowley Associates Limited/CrossWorks for ARM 2.0/lib/libc_targetio_impl_v4t_a_le.a(putchar.o)
 .text.libc     0x0001bcbc       0x2c C:/Program Files/Rowley Associates Limited/CrossWorks for ARM 2.0/lib/libc_targetio_impl_v4t_a_le.a(putchar.o)
                0x0001bcbc                putchar
 .text          0x0001bce8        0x0 C:/Program Files/Rowley Associates Limited/CrossWorks for ARM 2.0/lib/libc_user_libc_v4t_a_le.a(user_libc.o)
 .text.libc     0x0001bce8       0x2c C:/Program Files/Rowley Associates Limited/CrossWorks for ARM 2.0/lib/libc_user_libc_v4t_a_le.a(user_libc.o)
                0x0001bce8                __errno
                0x0001bcf4                __heap_lock
                0x0001bcf8                __heap_unlock
                0x0001bcfc                __printf_lock
                0x0001bd00                __printf_unlock
                0x0001bd04                __scanf_lock
                0x0001bd08                __scanf_unlock
                0x0001bd0c                __debug_io_lock
                0x0001bd10                __debug_io_unlock
 .text          0x0001bd14        0x0 C:/Program Files/Rowley Associates Limited/CrossWorks for ARM 2.0/lib/libdebugio_dcc_v4t_a_le.a(dcc_debug_operations.o)
 .text.libdebugio_dcc
                0x0001bd14       0x4c C:/Program Files/Rowley Associates Limited/CrossWorks for ARM 2.0/lib/libdebugio_dcc_v4t_a_le.a(dcc_debug_operations.o)
                0x0001bd14                __do_debug_operation
 .text          0x0001bd60        0x0 C:/Program Files/Rowley Associates Limited/CrossWorks for ARM 2.0/lib/libdebugio_dcc_v4t_a_le.a(libarmdi_dcc_write.o)
 .text.libdebugio_dcc
                0x0001bd60       0x20 C:/Program Files/Rowley Associates Limited/CrossWorks for ARM 2.0/lib/libdebugio_dcc_v4t_a_le.a(libarmdi_dcc_write.o)
                0x0001bd60                libarm_dcc_write
 .text          0x0001bd80        0x0 C:/Program Files/Rowley Associates Limited/CrossWorks for ARM 2.0/lib/libdebugio_dcc_v4t_a_le.a(libarm_run_dcc_port_server.o)
 .text.libdebugio_dcc
                0x0001bd80      0x234 C:/Program Files/Rowley Associates Limited/CrossWorks for ARM 2.0/lib/libdebugio_dcc_v4t_a_le.a(libarm_run_dcc_port_server.o)
                0x0001bd80                libarm_run_dcc_port_server
 .text          0x0001bfb4        0x0 C:/Program Files/Rowley Associates Limited/CrossWorks for ARM 2.0/lib/libdebugio_dcc_v4t_a_le.a(libarmdi_dcc_read.o)
 *fill*         0x0001bfb4        0xc 00
 .text.libdebugio_dcc
                0x0001bfc0       0x20 C:/Program Files/Rowley Associates Limited/CrossWorks for ARM 2.0/lib/libdebugio_dcc_v4t_a_le.a(libarmdi_dcc_read.o)
                0x0001bfc0                libarm_dcc_read
                0x0001bfe0                __text_end__ = (__text_start__ + SIZEOF (.text))
                0x0001bfe0                __text_load_end__ = __text_end__

.vfp11_veneer   0x00000000        0x0
 .vfp11_veneer  0x00000000        0x0 linker stubs

.v4_bx          0x00000000        0x0
 .v4_bx         0x00000000        0x0 linker stubs
                0x00000001                . = ASSERT (((__text_end__ >= __FLASH_segment_start__) && (__text_end__ <= (__FLASH_segment_start__ + 0x80000))), error: .text is too large to fit in FLASH memory segment)
                0x0001bfe0                __dtors_load_start__ = ALIGN (__text_end__, 0x4)

.dtors          0x0001bfe0        0x0
                0x0001bfe0                __dtors_start__ = .
 *(SORT(.dtors.*))
 *(.dtors)
                0x0001bfe0                __dtors_end__ = (__dtors_start__ + SIZEOF (.dtors))
                0x0001bfe0                __dtors_load_end__ = __dtors_end__
                0x00000001                . = ASSERT (((__dtors_end__ >= __FLASH_segment_start__) && (__dtors_end__ <= (__FLASH_segment_start__ + 0x80000))), error: .dtors is too large to fit in FLASH memory segment)
                0x0001bfe0                __ctors_load_start__ = ALIGN (__dtors_end__, 0x4)

.ctors          0x0001bfe0        0x0
                0x0001bfe0                __ctors_start__ = .
 *(SORT(.ctors.*))
 *(.ctors)
                0x0001bfe0                __ctors_end__ = (__ctors_start__ + SIZEOF (.ctors))
                0x0001bfe0                __ctors_load_end__ = __ctors_end__
                0x00000001                . = ASSERT (((__ctors_end__ >= __FLASH_segment_start__) && (__ctors_end__ <= (__FLASH_segment_start__ + 0x80000))), error: .ctors is too large to fit in FLASH memory segment)
                0x0001bfe0                __rodata_load_start__ = ALIGN (__ctors_end__, 0x4)

.rodata         0x0001bfe0     0x3aa4
                0x0001bfe0                __rodata_start__ = .
 *(.rodata .rodata.* .gnu.linkonce.r.*)
 .rodata        0x0001bfe0      0x548 ARM Flash Debug/main.o
 .rodata        0x0001c528      0x1a0 ARM Flash Debug/i2c.o
 .rodata        0x0001c6c8        0xc ARM Flash Debug/i2cInt.o
 .rodata        0x0001c6d4       0x90 ARM Flash Debug/usbser.o
 .rodata        0x0001c764      0x548 ARM Flash Debug/eint3ISR.o
 .rodata        0x0001ccac      0x2b4 ARM Flash Debug/beep.o
 .rodata        0x0001cf60       0x10 ARM Flash Debug/args.o
 .rodata        0x0001cf70       0x84 ARM Flash Debug/argsdispatch.o
 .rodata        0x0001cff4     0x1270 ARM Flash Debug/monitor.o
 .rodata        0x0001e264        0x8 ARM Flash Debug/printf-stdarg.o
 .rodata        0x0001e26c        0x4 ARM Flash Debug/leds.o
 .rodata        0x0001e270        0x8 ARM Flash Debug/tcs3414.o
 .rodata        0x0001e278      0x224 ARM Flash Debug/mmc.o
 .rodata        0x0001e49c        0xc ARM Flash Debug/Lcd204_4.o
 .rodata        0x0001e4a8      0x61c ARM Flash Debug/logging.o
 .rodata        0x0001eac4      0x574 ARM Flash Debug/meas_sm.o
 .rodata        0x0001f038      0x550 ARM Flash Debug/meas_task.o
 .rodata        0x0001f588        0x2 ARM Flash Debug/heap_2.o
 *fill*         0x0001f58a        0x2 00
 .rodata        0x0001f58c       0x34 ARM Flash Debug/tasks.o
 .rodata        0x0001f5c0       0x7c ARM Flash Debug/disk.o
 .rodata        0x0001f63c      0x168 ARM Flash Debug/ff.o
 .rodata.libc   0x0001f7a4       0x28 C:/Program Files/Rowley Associates Limited/CrossWorks for ARM 2.0/lib/libm_v4t_a_le.a(log.o)
 .rodata.libc   0x0001f7cc        0x8 C:/Program Files/Rowley Associates Limited/CrossWorks for ARM 2.0/lib/libm_v4t_a_le.a(__float64_infinity.o)
                0x0001f7cc                __float64_infinity
 .rodata.libc   0x0001f7d4        0x8 C:/Program Files/Rowley Associates Limited/CrossWorks for ARM 2.0/lib/libm_v4t_a_le.a(__float64_nan.o)
                0x0001f7d4                __float64_nan
 .rodata.libc   0x0001f7dc       0x84 C:/Program Files/Rowley Associates Limited/CrossWorks for ARM 2.0/lib/libc_v4t_a_le.a(ctype.o)
                0x0001f7dc                __ctype
 .rodata.libc   0x0001f860       0x68 C:/Program Files/Rowley Associates Limited/CrossWorks for ARM 2.0/lib/libc_v4t_a_le.a(time.o)
 .rodata.libc   0x0001f8c8       0x4c C:/Program Files/Rowley Associates Limited/CrossWorks for ARM 2.0/lib/libc_v4t_a_le.a(asctime.o)
 .rodata.libc   0x0001f914       0x4c C:/Program Files/Rowley Associates Limited/CrossWorks for ARM 2.0/lib/libc_v4t_a_le.a(strftime.o)
 .rodata.libc.str1.4
                0x0001f960      0x124 C:/Program Files/Rowley Associates Limited/CrossWorks for ARM 2.0/lib/libc_v4t_a_le.a(strftime.o)
                                0x130 (size before relaxing)
                0x0001fa84                __rodata_end__ = (__rodata_start__ + SIZEOF (.rodata))
                0x0001fa84                __rodata_load_end__ = __rodata_end__
                0x00000001                . = ASSERT (((__rodata_end__ >= __FLASH_segment_start__) && (__rodata_end__ <= (__FLASH_segment_start__ + 0x80000))), error: .rodata is too large to fit in FLASH memory segment)
                0x0001fa84                __fast_load_start__ = ALIGN (__rodata_end__, 0x4)

.fast           0x4000003c        0x0 load address 0x0001fa84
                0x4000003c                __fast_start__ = .
 *(.fast .fast.*)
                0x4000003c                __fast_end__ = (__fast_start__ + SIZEOF (.fast))
                0x0001fa84                __fast_load_end__ = (__fast_load_start__ + SIZEOF (.fast))
                0x00000001                . = ASSERT ((((__fast_load_start__ + SIZEOF (.fast)) >= __FLASH_segment_start__) && ((__fast_load_start__ + SIZEOF (.fast)) <= (__FLASH_segment_start__ + 0x80000))), error: .fast is too large to fit in FLASH memory segment)

.fast_run       0x4000003c        0x0
                0x4000003c                __fast_run_start__ = .
                0x4000003c                . = MAX ((__fast_run_start__ + SIZEOF (.fast)), .)
                0x4000003c                __fast_run_end__ = (__fast_run_start__ + SIZEOF (.fast_run))
                0x4000003c                __fast_run_load_end__ = __fast_run_end__
                0x00000001                . = ASSERT (((__fast_run_end__ >= __SRAM_segment_start__) && (__fast_run_end__ <= (__SRAM_segment_start__ + 0x8000))), error: .fast_run is too large to fit in SRAM memory segment)
                0x0001fa84                __data_load_start__ = ALIGN ((__fast_load_start__ + SIZEOF (.fast)), 0x4)

.data           0x4000003c      0x130 load address 0x0001fa84
                0x4000003c                __data_start__ = .
 *(.data .data.* .gnu.linkonce.d.*)
 .data          0x4000003c       0x10 ARM Flash Debug/main.o
 .data          0x4000004c        0x0 ARM Flash Debug/adc.o
 .data          0x4000004c        0x0 ARM Flash Debug/cpu.o
 .data          0x4000004c       0xb0 ARM Flash Debug/i2c.o
 .data          0x400000fc        0x4 ARM Flash Debug/i2cInt.o
 .data          0x40000100        0x8 ARM Flash Debug/pwm.o
 .data          0x40000108        0x0 ARM Flash Debug/spi.o
 .data          0x40000108        0x8 ARM Flash Debug/uart0.o
 .data          0x40000110        0x0 ARM Flash Debug/uart0ISR.o
 .data          0x40000110        0x8 ARM Flash Debug/uart1.o
 .data          0x40000118        0x0 ARM Flash Debug/uart1ISR.o
 .data          0x40000118        0x0 ARM Flash Debug/usbcontrol.o
 .data          0x40000118        0x0 ARM Flash Debug/usbinit.o
 .data          0x40000118        0x0 ARM Flash Debug/usbISR.o
 .data          0x40000118        0x0 ARM Flash Debug/usbstdreq.o
 .data          0x40000118        0x8 ARM Flash Debug/usbser.o
 .data          0x40000120        0x0 ARM Flash Debug/rtc.o
 .data          0x40000120        0x0 ARM Flash Debug/rtcISR.o
 .data          0x40000120        0x0 ARM Flash Debug/reset.o
 .data          0x40000120        0x0 ARM Flash Debug/eint0.o
 .data          0x40000120        0x0 ARM Flash Debug/eint0ISR.o
 .data          0x40000120        0x0 ARM Flash Debug/eint2.o
 .data          0x40000120        0x0 ARM Flash Debug/eint2ISR.o
 .data          0x40000120        0x0 ARM Flash Debug/eint3.o
 .data          0x40000120        0x8 ARM Flash Debug/eint3ISR.o
 .data          0x40000128        0x0 ARM Flash Debug/eint1.o
 .data          0x40000128        0x0 ARM Flash Debug/eint1ISR.o
 .data          0x40000128        0x0 ARM Flash Debug/beep.o
 .data          0x40000128        0x8 ARM Flash Debug/timer.o
 .data          0x40000130        0x0 ARM Flash Debug/freqCounter.o
 .data          0x40000130        0x0 ARM Flash Debug/dac.o
 .data          0x40000130        0x0 ARM Flash Debug/args.o
 .data          0x40000130        0x0 ARM Flash Debug/argsdispatch.o
 .data          0x40000130        0x0 ARM Flash Debug/monitor.o
 .data          0x40000130        0x0 ARM Flash Debug/printf-stdarg.o
 .data          0x40000130        0x8 ARM Flash Debug/leds.o
 .data          0x40000138        0x1 ARM Flash Debug/tcs3414.o
 .data          0x40000139        0x0 ARM Flash Debug/mmc.o
 .data          0x40000139        0x0 ARM Flash Debug/ssp.o
 .data          0x40000139        0x0 ARM Flash Debug/Lcd204_4.o
 *fill*         0x40000139        0x3 00
 .data          0x4000013c        0x8 ARM Flash Debug/logging.o
 .data          0x40000144       0x10 ARM Flash Debug/meas_sm.o
 .data          0x40000154        0x8 ARM Flash Debug/meas_task.o
 .data          0x4000015c        0x0 ARM Flash Debug/crt0.o
 .data          0x4000015c        0x0 ARM Flash Debug/Philips_LPC210X_Startup.o
 .data          0x4000015c        0x0 ARM Flash Debug/LPC210x.o
 .data          0x4000015c        0x0 ARM Flash Debug/VIC.o
 .data          0x4000015c        0x0 ARM Flash Debug/VIC_irq_handler.o
 .data          0x4000015c        0x4 ARM Flash Debug/portISR.o
                0x4000015c                ulCriticalNesting
 .data          0x40000160        0x0 ARM Flash Debug/port.o
 .data          0x40000160        0x0 ARM Flash Debug/heap_2.o
 .data          0x40000160        0x4 ARM Flash Debug/tasks.o
                0x40000160                uxPreviousTask
 .data          0x40000164        0x0 ARM Flash Debug/queue.o
 .data          0x40000164        0x0 ARM Flash Debug/list.o
 .data          0x40000164        0x1 ARM Flash Debug/disk.o
 .data          0x40000165        0x0 ARM Flash Debug/ff.o
 .data          0x40000165        0x0 C:/Users/lukas/AppData/Local/Rowley Associates Limited/CrossWorks for ARM/packages/lib/liblpc2000_v4t_a_le.a(liblpc2000_lpc21xx_get_cclk.o)
 .data          0x40000165        0x0 C:/Users/lukas/AppData/Local/Rowley Associates Limited/CrossWorks for ARM/packages/lib/liblpc2000_v4t_a_le.a(liblpc2000_lpc21xx_get_pclk.o)
 .data          0x40000165        0x0 C:/Program Files/Rowley Associates Limited/CrossWorks for ARM 2.0/lib/libm_v4t_a_le.a(__int32_to_float32.o)
 .data          0x40000165        0x0 C:/Program Files/Rowley Associates Limited/CrossWorks for ARM 2.0/lib/libm_v4t_a_le.a(__int32_to_float64.o)
 .data          0x40000165        0x0 C:/Program Files/Rowley Associates Limited/CrossWorks for ARM 2.0/lib/libm_v4t_a_le.a(__uint32_to_float32.o)
 .data          0x40000165        0x0 C:/Program Files/Rowley Associates Limited/CrossWorks for ARM 2.0/lib/libm_v4t_a_le.a(__float32_to_int32.o)
 .data          0x40000165        0x0 C:/Program Files/Rowley Associates Limited/CrossWorks for ARM 2.0/lib/libm_v4t_a_le.a(__float32_to_uint32.o)
 .data          0x40000165        0x0 C:/Program Files/Rowley Associates Limited/CrossWorks for ARM 2.0/lib/libm_v4t_a_le.a(__float64_to_int32.o)
 .data          0x40000165        0x0 C:/Program Files/Rowley Associates Limited/CrossWorks for ARM 2.0/lib/libm_v4t_a_le.a(__float32_to_float64.o)
 .data          0x40000165        0x0 C:/Program Files/Rowley Associates Limited/CrossWorks for ARM 2.0/lib/libm_v4t_a_le.a(__float32_add.o)
 .data          0x40000165        0x0 C:/Program Files/Rowley Associates Limited/CrossWorks for ARM 2.0/lib/libm_v4t_a_le.a(__float32_mul.o)
 .data          0x40000165        0x0 C:/Program Files/Rowley Associates Limited/CrossWorks for ARM 2.0/lib/libm_v4t_a_le.a(__float32_div.o)
 .data          0x40000165        0x0 C:/Program Files/Rowley Associates Limited/CrossWorks for ARM 2.0/lib/libm_v4t_a_le.a(__float32_cmp.o)
 .data          0x40000165        0x0 C:/Program Files/Rowley Associates Limited/CrossWorks for ARM 2.0/lib/libm_v4t_a_le.a(log.o)
 .data          0x40000165        0x0 C:/Program Files/Rowley Associates Limited/CrossWorks for ARM 2.0/lib/libm_v4t_a_le.a(__float64_add.o)
 .data          0x40000165        0x0 C:/Program Files/Rowley Associates Limited/CrossWorks for ARM 2.0/lib/libm_v4t_a_le.a(__float64_mul.o)
 .data          0x40000165        0x0 C:/Program Files/Rowley Associates Limited/CrossWorks for ARM 2.0/lib/libm_v4t_a_le.a(__float64_div.o)
 .data          0x40000165        0x0 C:/Program Files/Rowley Associates Limited/CrossWorks for ARM 2.0/lib/libm_v4t_a_le.a(__float64_cmp.o)
 .data          0x40000165        0x0 C:/Program Files/Rowley Associates Limited/CrossWorks for ARM 2.0/lib/libm_v4t_a_le.a(__float64_isnan.o)
 .data          0x40000165        0x0 C:/Program Files/Rowley Associates Limited/CrossWorks for ARM 2.0/lib/libm_v4t_a_le.a(__float64_infinity.o)
 .data          0x40000165        0x0 C:/Program Files/Rowley Associates Limited/CrossWorks for ARM 2.0/lib/libm_v4t_a_le.a(__float64_nan.o)
 .data          0x40000165        0x0 C:/Program Files/Rowley Associates Limited/CrossWorks for ARM 2.0/lib/libm_v4t_a_le.a(__poly1_eval.o)
 .data          0x40000165        0x0 C:/Program Files/Rowley Associates Limited/CrossWorks for ARM 2.0/lib/libm_v4t_a_le.a(__poly_eval.o)
 .data          0x40000165        0x0 C:/Program Files/Rowley Associates Limited/CrossWorks for ARM 2.0/lib/libm_v4t_a_le.a(frexp.o)
 .data          0x40000165        0x0 C:/Program Files/Rowley Associates Limited/CrossWorks for ARM 2.0/lib/libm_v4t_a_le.a(ldexp.o)
 .data          0x40000165        0x0 C:/Program Files/Rowley Associates Limited/CrossWorks for ARM 2.0/lib/libc_v4t_a_le.a(__int32_umod.o)
 .data          0x40000165        0x0 C:/Program Files/Rowley Associates Limited/CrossWorks for ARM 2.0/lib/libc_v4t_a_le.a(__int32_div.o)
 .data          0x40000165        0x0 C:/Program Files/Rowley Associates Limited/CrossWorks for ARM 2.0/lib/libc_v4t_a_le.a(__int32_udivmod.o)
 .data          0x40000165        0x0 C:/Program Files/Rowley Associates Limited/CrossWorks for ARM 2.0/lib/libc_v4t_a_le.a(strlen.o)
 .data          0x40000165        0x0 C:/Program Files/Rowley Associates Limited/CrossWorks for ARM 2.0/lib/libc_v4t_a_le.a(memcpy.o)
 .data          0x40000165        0x0 C:/Program Files/Rowley Associates Limited/CrossWorks for ARM 2.0/lib/libc_v4t_a_le.a(memset.o)
 .data          0x40000165        0x0 C:/Program Files/Rowley Associates Limited/CrossWorks for ARM 2.0/lib/libc_v4t_a_le.a(strcpy.o)
 .data          0x40000165        0x0 C:/Program Files/Rowley Associates Limited/CrossWorks for ARM 2.0/lib/libc_v4t_a_le.a(strcmp.o)
 .data          0x40000165        0x0 C:/Program Files/Rowley Associates Limited/CrossWorks for ARM 2.0/lib/libc_v4t_a_le.a(memcmp.o)
 .data          0x40000165        0x0 C:/Program Files/Rowley Associates Limited/CrossWorks for ARM 2.0/lib/libc_v4t_a_le.a(strcat.o)
 .data          0x40000165        0x0 C:/Program Files/Rowley Associates Limited/CrossWorks for ARM 2.0/lib/libc_v4t_a_le.a(strncmp.o)
 .data          0x40000165        0x0 C:/Program Files/Rowley Associates Limited/CrossWorks for ARM 2.0/lib/libc_v4t_a_le.a(strncpy.o)
 .data          0x40000165        0x0 C:/Program Files/Rowley Associates Limited/CrossWorks for ARM 2.0/lib/libc_v4t_a_le.a(ctype.o)
 .data          0x40000165        0x0 C:/Program Files/Rowley Associates Limited/CrossWorks for ARM 2.0/lib/libc_v4t_a_le.a(malloc.o)
 *fill*         0x40000165        0x3 00
 .data.libc     0x40000168        0x4 C:/Program Files/Rowley Associates Limited/CrossWorks for ARM 2.0/lib/libc_v4t_a_le.a(malloc.o)
 .data          0x4000016c        0x0 C:/Program Files/Rowley Associates Limited/CrossWorks for ARM 2.0/lib/libc_v4t_a_le.a(atoi.o)
 .data          0x4000016c        0x0 C:/Program Files/Rowley Associates Limited/CrossWorks for ARM 2.0/lib/libc_v4t_a_le.a(time.o)
 .data          0x4000016c        0x0 C:/Program Files/Rowley Associates Limited/CrossWorks for ARM 2.0/lib/libc_v4t_a_le.a(asctime.o)
 .data          0x4000016c        0x0 C:/Program Files/Rowley Associates Limited/CrossWorks for ARM 2.0/lib/libc_v4t_a_le.a(strftime.o)
 .data          0x4000016c        0x0 C:/Program Files/Rowley Associates Limited/CrossWorks for ARM 2.0/lib/libc_v4t_a_le.a(div.o)
 .data          0x4000016c        0x0 C:/Program Files/Rowley Associates Limited/CrossWorks for ARM 2.0/lib/libc_v4t_a_le.a(strtol.o)
 .data          0x4000016c        0x0 C:/Program Files/Rowley Associates Limited/CrossWorks for ARM 2.0/lib/libc_v4t_a_le.a(ldiv.o)
 .data          0x4000016c        0x0 C:/Program Files/Rowley Associates Limited/CrossWorks for ARM 2.0/lib/libc_v4t_a_le.a(__int32_mod.o)
 .data          0x4000016c        0x0 C:/Program Files/Rowley Associates Limited/CrossWorks for ARM 2.0/lib/libc_v4t_a_le.a(__strtoul.o)
 .data          0x4000016c        0x0 C:/Program Files/Rowley Associates Limited/CrossWorks for ARM 2.0/lib/libc_v4t_a_le.a(__digit.o)
 .data          0x4000016c        0x0 C:/Program Files/Rowley Associates Limited/CrossWorks for ARM 2.0/lib/libdebugio_v4t_a_le.a(debug_printf.o)
 .data          0x4000016c        0x0 C:/Program Files/Rowley Associates Limited/CrossWorks for ARM 2.0/lib/libc_targetio_impl_v4t_a_le.a(putchar.o)
 .data          0x4000016c        0x0 C:/Program Files/Rowley Associates Limited/CrossWorks for ARM 2.0/lib/libc_user_libc_v4t_a_le.a(user_libc.o)
 .data          0x4000016c        0x0 C:/Program Files/Rowley Associates Limited/CrossWorks for ARM 2.0/lib/libdebugio_dcc_v4t_a_le.a(dcc_debug_operations.o)
 .data          0x4000016c        0x0 C:/Program Files/Rowley Associates Limited/CrossWorks for ARM 2.0/lib/libdebugio_dcc_v4t_a_le.a(libarmdi_dcc_write.o)
 .data          0x4000016c        0x0 C:/Program Files/Rowley Associates Limited/CrossWorks for ARM 2.0/lib/libdebugio_dcc_v4t_a_le.a(libarm_run_dcc_port_server.o)
 .data          0x4000016c        0x0 C:/Program Files/Rowley Associates Limited/CrossWorks for ARM 2.0/lib/libdebugio_dcc_v4t_a_le.a(libarmdi_dcc_read.o)
                0x4000016c                __data_end__ = (__data_start__ + SIZEOF (.data))
                0x0001fbb4                __data_load_end__ = (__data_load_start__ + SIZEOF (.data))
                0x00000001                . = ASSERT ((((__data_load_start__ + SIZEOF (.data)) >= __FLASH_segment_start__) && ((__data_load_start__ + SIZEOF (.data)) <= (__FLASH_segment_start__ + 0x80000))), error: .data is too large to fit in FLASH memory segment)

.data_run       0x4000003c      0x130 load address 0x0001fa84
                0x4000003c                __data_run_start__ = .
                0x4000016c                . = MAX ((__data_run_start__ + SIZEOF (.data)), .)
 *fill*         0x4000003c      0x130 00
                0x4000016c                __data_run_end__ = (__data_run_start__ + SIZEOF (.data_run))
                0x4000016c                __data_run_load_end__ = __data_run_end__
                0x00000001                . = ASSERT (((__data_run_end__ >= __SRAM_segment_start__) && (__data_run_end__ <= (__SRAM_segment_start__ + 0x8000))), error: .data_run is too large to fit in SRAM memory segment)
                0x4000016c                __bss_load_start__ = ALIGN (__data_run_end__, 0x4)

.bss            0x4000016c     0x5464
                0x4000016c                __bss_start__ = .
 *(.bss .bss.* .gnu.linkonce.b.*)
 .bss           0x4000016c       0x2c ARM Flash Debug/main.o
 .bss           0x40000198        0x0 ARM Flash Debug/adc.o
 .bss           0x40000198        0x0 ARM Flash Debug/cpu.o
 .bss           0x40000198        0x4 ARM Flash Debug/i2c.o
                0x40000198                i2cErrno
 .bss           0x4000019c       0x60 ARM Flash Debug/i2cInt.o
 .bss           0x400001fc        0x0 ARM Flash Debug/pwm.o
 .bss           0x400001fc        0x0 ARM Flash Debug/spi.o
 .bss           0x400001fc        0xc ARM Flash Debug/uart0.o
 .bss           0x40000208        0xc ARM Flash Debug/uart0ISR.o
 .bss           0x40000214        0xc ARM Flash Debug/uart1.o
 .bss           0x40000220        0xc ARM Flash Debug/uart1ISR.o
 .bss           0x4000022c       0x34 ARM Flash Debug/usbcontrol.o
 .bss           0x40000260        0x8 ARM Flash Debug/usbinit.o
 .bss           0x40000268       0x48 ARM Flash Debug/usbISR.o
 .bss           0x400002b0        0xc ARM Flash Debug/usbstdreq.o
 .bss           0x400002bc       0x58 ARM Flash Debug/usbser.o
 .bss           0x40000314        0x0 ARM Flash Debug/rtc.o
 .bss           0x40000314        0x4 ARM Flash Debug/rtcISR.o
 .bss           0x40000318        0x0 ARM Flash Debug/reset.o
 .bss           0x40000318        0x0 ARM Flash Debug/eint0.o
 .bss           0x40000318        0x0 ARM Flash Debug/eint0ISR.o
 .bss           0x40000318        0x0 ARM Flash Debug/eint2.o
 .bss           0x40000318        0x0 ARM Flash Debug/eint2ISR.o
 .bss           0x40000318        0x0 ARM Flash Debug/eint3.o
 .bss           0x40000318       0x30 ARM Flash Debug/eint3ISR.o
                0x40000344                count
 .bss           0x40000348        0x0 ARM Flash Debug/eint1.o
 .bss           0x40000348        0x0 ARM Flash Debug/eint1ISR.o
 .bss           0x40000348        0x0 ARM Flash Debug/beep.o
 .bss           0x40000348        0x0 ARM Flash Debug/timer.o
 .bss           0x40000348        0x0 ARM Flash Debug/freqCounter.o
 .bss           0x40000348        0x0 ARM Flash Debug/dac.o
 .bss           0x40000348        0x0 ARM Flash Debug/args.o
 .bss           0x40000348        0x0 ARM Flash Debug/argsdispatch.o
 .bss           0x40000348      0x3d8 ARM Flash Debug/monitor.o
                0x40000590                activeCommandList
 .bss           0x40000720        0x0 ARM Flash Debug/printf-stdarg.o
 .bss           0x40000720        0x0 ARM Flash Debug/leds.o
 .bss           0x40000720        0x1 ARM Flash Debug/tcs3414.o
 *fill*         0x40000721        0x3 00
 .bss           0x40000724       0x2c ARM Flash Debug/mmc.o
 .bss           0x40000750        0x0 ARM Flash Debug/ssp.o
 .bss           0x40000750        0x0 ARM Flash Debug/Lcd204_4.o
 .bss           0x40000750      0x25c ARM Flash Debug/logging.o
 .bss           0x400009ac       0x2c ARM Flash Debug/meas_sm.o
 .bss           0x400009d8       0x1c ARM Flash Debug/meas_task.o
 .bss           0x400009f4        0x0 ARM Flash Debug/crt0.o
 .bss           0x400009f4        0x0 ARM Flash Debug/Philips_LPC210X_Startup.o
 .bss           0x400009f4        0x4 ARM Flash Debug/LPC210x.o
 .bss           0x400009f8       0x80 ARM Flash Debug/VIC.o
 .bss           0x40000a78        0x0 ARM Flash Debug/VIC_irq_handler.o
 .bss           0x40000a78        0x0 ARM Flash Debug/portISR.o
 .bss           0x40000a78        0x0 ARM Flash Debug/port.o
 .bss           0x40000a78     0x4018 ARM Flash Debug/heap_2.o
 .bss           0x40004a90       0x34 ARM Flash Debug/tasks.o
                0x40004a90                pxCurrentTCB
                0x40004a94                uxTasksDeleted
                0x40004a98                uxCurrentNumberOfTasks
                0x40004a9c                xTickCount
                0x40004aa0                uxTopUsedPriority
                0x40004aa4                uxTopReadyPriority
                0x40004aa8                xSchedulerRunning
                0x40004aac                uxSchedulerSuspended
                0x40004ab0                uxMissedTicks
                0x40004ab4                xMissedYield
                0x40004ab8                xNumOfOverflows
                0x40004abc                uxTaskNumber
                0x40004ac0                xTracing
 .bss           0x40004ac4        0x0 ARM Flash Debug/queue.o
 .bss           0x40004ac4        0x0 ARM Flash Debug/list.o
 .bss           0x40004ac4        0xc ARM Flash Debug/disk.o
 .bss           0x40004ad0        0x8 ARM Flash Debug/ff.o
 .bss           0x40004ad8        0x0 C:/Users/lukas/AppData/Local/Rowley Associates Limited/CrossWorks for ARM/packages/lib/liblpc2000_v4t_a_le.a(liblpc2000_lpc21xx_get_cclk.o)
 .bss           0x40004ad8        0x0 C:/Users/lukas/AppData/Local/Rowley Associates Limited/CrossWorks for ARM/packages/lib/liblpc2000_v4t_a_le.a(liblpc2000_lpc21xx_get_pclk.o)
 .bss           0x40004ad8        0x0 C:/Program Files/Rowley Associates Limited/CrossWorks for ARM 2.0/lib/libm_v4t_a_le.a(__int32_to_float32.o)
 .bss           0x40004ad8        0x0 C:/Program Files/Rowley Associates Limited/CrossWorks for ARM 2.0/lib/libm_v4t_a_le.a(__int32_to_float64.o)
 .bss           0x40004ad8        0x0 C:/Program Files/Rowley Associates Limited/CrossWorks for ARM 2.0/lib/libm_v4t_a_le.a(__uint32_to_float32.o)
 .bss           0x40004ad8        0x0 C:/Program Files/Rowley Associates Limited/CrossWorks for ARM 2.0/lib/libm_v4t_a_le.a(__float32_to_int32.o)
 .bss           0x40004ad8        0x0 C:/Program Files/Rowley Associates Limited/CrossWorks for ARM 2.0/lib/libm_v4t_a_le.a(__float32_to_uint32.o)
 .bss           0x40004ad8        0x0 C:/Program Files/Rowley Associates Limited/CrossWorks for ARM 2.0/lib/libm_v4t_a_le.a(__float64_to_int32.o)
 .bss           0x40004ad8        0x0 C:/Program Files/Rowley Associates Limited/CrossWorks for ARM 2.0/lib/libm_v4t_a_le.a(__float32_to_float64.o)
 .bss           0x40004ad8        0x0 C:/Program Files/Rowley Associates Limited/CrossWorks for ARM 2.0/lib/libm_v4t_a_le.a(__float32_add.o)
 .bss           0x40004ad8        0x0 C:/Program Files/Rowley Associates Limited/CrossWorks for ARM 2.0/lib/libm_v4t_a_le.a(__float32_mul.o)
 .bss           0x40004ad8        0x0 C:/Program Files/Rowley Associates Limited/CrossWorks for ARM 2.0/lib/libm_v4t_a_le.a(__float32_div.o)
 .bss           0x40004ad8        0x0 C:/Program Files/Rowley Associates Limited/CrossWorks for ARM 2.0/lib/libm_v4t_a_le.a(__float32_cmp.o)
 .bss           0x40004ad8        0x0 C:/Program Files/Rowley Associates Limited/CrossWorks for ARM 2.0/lib/libm_v4t_a_le.a(log.o)
 .bss           0x40004ad8        0x0 C:/Program Files/Rowley Associates Limited/CrossWorks for ARM 2.0/lib/libm_v4t_a_le.a(__float64_add.o)
 .bss           0x40004ad8        0x0 C:/Program Files/Rowley Associates Limited/CrossWorks for ARM 2.0/lib/libm_v4t_a_le.a(__float64_mul.o)
 .bss           0x40004ad8        0x0 C:/Program Files/Rowley Associates Limited/CrossWorks for ARM 2.0/lib/libm_v4t_a_le.a(__float64_div.o)
 .bss           0x40004ad8        0x0 C:/Program Files/Rowley Associates Limited/CrossWorks for ARM 2.0/lib/libm_v4t_a_le.a(__float64_cmp.o)
 .bss           0x40004ad8        0x0 C:/Program Files/Rowley Associates Limited/CrossWorks for ARM 2.0/lib/libm_v4t_a_le.a(__float64_isnan.o)
 .bss           0x40004ad8        0x0 C:/Program Files/Rowley Associates Limited/CrossWorks for ARM 2.0/lib/libm_v4t_a_le.a(__float64_infinity.o)
 .bss           0x40004ad8        0x0 C:/Program Files/Rowley Associates Limited/CrossWorks for ARM 2.0/lib/libm_v4t_a_le.a(__float64_nan.o)
 .bss           0x40004ad8        0x0 C:/Program Files/Rowley Associates Limited/CrossWorks for ARM 2.0/lib/libm_v4t_a_le.a(__poly1_eval.o)
 .bss           0x40004ad8        0x0 C:/Program Files/Rowley Associates Limited/CrossWorks for ARM 2.0/lib/libm_v4t_a_le.a(__poly_eval.o)
 .bss           0x40004ad8        0x0 C:/Program Files/Rowley Associates Limited/CrossWorks for ARM 2.0/lib/libm_v4t_a_le.a(frexp.o)
 .bss           0x40004ad8        0x0 C:/Program Files/Rowley Associates Limited/CrossWorks for ARM 2.0/lib/libm_v4t_a_le.a(ldexp.o)
 .bss           0x40004ad8        0x0 C:/Program Files/Rowley Associates Limited/CrossWorks for ARM 2.0/lib/libc_v4t_a_le.a(__int32_umod.o)
 .bss           0x40004ad8        0x0 C:/Program Files/Rowley Associates Limited/CrossWorks for ARM 2.0/lib/libc_v4t_a_le.a(__int32_div.o)
 .bss           0x40004ad8        0x0 C:/Program Files/Rowley Associates Limited/CrossWorks for ARM 2.0/lib/libc_v4t_a_le.a(__int32_udivmod.o)
 .bss           0x40004ad8        0x0 C:/Program Files/Rowley Associates Limited/CrossWorks for ARM 2.0/lib/libc_v4t_a_le.a(strlen.o)
 .bss           0x40004ad8        0x0 C:/Program Files/Rowley Associates Limited/CrossWorks for ARM 2.0/lib/libc_v4t_a_le.a(memcpy.o)
 .bss           0x40004ad8        0x0 C:/Program Files/Rowley Associates Limited/CrossWorks for ARM 2.0/lib/libc_v4t_a_le.a(memset.o)
 .bss           0x40004ad8        0x0 C:/Program Files/Rowley Associates Limited/CrossWorks for ARM 2.0/lib/libc_v4t_a_le.a(strcpy.o)
 .bss           0x40004ad8        0x0 C:/Program Files/Rowley Associates Limited/CrossWorks for ARM 2.0/lib/libc_v4t_a_le.a(strcmp.o)
 .bss           0x40004ad8        0x0 C:/Program Files/Rowley Associates Limited/CrossWorks for ARM 2.0/lib/libc_v4t_a_le.a(memcmp.o)
 .bss           0x40004ad8        0x0 C:/Program Files/Rowley Associates Limited/CrossWorks for ARM 2.0/lib/libc_v4t_a_le.a(strcat.o)
 .bss           0x40004ad8        0x0 C:/Program Files/Rowley Associates Limited/CrossWorks for ARM 2.0/lib/libc_v4t_a_le.a(strncmp.o)
 .bss           0x40004ad8        0x0 C:/Program Files/Rowley Associates Limited/CrossWorks for ARM 2.0/lib/libc_v4t_a_le.a(strncpy.o)
 .bss           0x40004ad8        0x0 C:/Program Files/Rowley Associates Limited/CrossWorks for ARM 2.0/lib/libc_v4t_a_le.a(ctype.o)
 .bss           0x40004ad8        0x0 C:/Program Files/Rowley Associates Limited/CrossWorks for ARM 2.0/lib/libc_v4t_a_le.a(malloc.o)
 .bss           0x40004ad8        0x0 C:/Program Files/Rowley Associates Limited/CrossWorks for ARM 2.0/lib/libc_v4t_a_le.a(atoi.o)
 .bss           0x40004ad8        0x0 C:/Program Files/Rowley Associates Limited/CrossWorks for ARM 2.0/lib/libc_v4t_a_le.a(time.o)
 .bss.libc      0x40004ad8       0x24 C:/Program Files/Rowley Associates Limited/CrossWorks for ARM 2.0/lib/libc_v4t_a_le.a(time.o)
 .bss           0x40004afc        0x0 C:/Program Files/Rowley Associates Limited/CrossWorks for ARM 2.0/lib/libc_v4t_a_le.a(asctime.o)
 .bss.libc      0x40004afc       0x1c C:/Program Files/Rowley Associates Limited/CrossWorks for ARM 2.0/lib/libc_v4t_a_le.a(asctime.o)
 .bss           0x40004b18        0x0 C:/Program Files/Rowley Associates Limited/CrossWorks for ARM 2.0/lib/libc_v4t_a_le.a(strftime.o)
 .bss           0x40004b18        0x0 C:/Program Files/Rowley Associates Limited/CrossWorks for ARM 2.0/lib/libc_v4t_a_le.a(div.o)
 .bss           0x40004b18        0x0 C:/Program Files/Rowley Associates Limited/CrossWorks for ARM 2.0/lib/libc_v4t_a_le.a(strtol.o)
 .bss           0x40004b18        0x0 C:/Program Files/Rowley Associates Limited/CrossWorks for ARM 2.0/lib/libc_v4t_a_le.a(ldiv.o)
 .bss           0x40004b18        0x0 C:/Program Files/Rowley Associates Limited/CrossWorks for ARM 2.0/lib/libc_v4t_a_le.a(__int32_mod.o)
 .bss           0x40004b18        0x0 C:/Program Files/Rowley Associates Limited/CrossWorks for ARM 2.0/lib/libc_v4t_a_le.a(__strtoul.o)
 .bss           0x40004b18        0x0 C:/Program Files/Rowley Associates Limited/CrossWorks for ARM 2.0/lib/libc_v4t_a_le.a(__digit.o)
 .bss           0x40004b18        0x0 C:/Program Files/Rowley Associates Limited/CrossWorks for ARM 2.0/lib/libdebugio_v4t_a_le.a(debug_printf.o)
 .bss           0x40004b18        0x0 C:/Program Files/Rowley Associates Limited/CrossWorks for ARM 2.0/lib/libc_targetio_impl_v4t_a_le.a(putchar.o)
 .bss           0x40004b18        0x0 C:/Program Files/Rowley Associates Limited/CrossWorks for ARM 2.0/lib/libc_user_libc_v4t_a_le.a(user_libc.o)
 .bss.libc      0x40004b18        0x4 C:/Program Files/Rowley Associates Limited/CrossWorks for ARM 2.0/lib/libc_user_libc_v4t_a_le.a(user_libc.o)
 .bss           0x40004b1c        0x0 C:/Program Files/Rowley Associates Limited/CrossWorks for ARM 2.0/lib/libdebugio_dcc_v4t_a_le.a(dcc_debug_operations.o)
 .bss           0x40004b1c        0x0 C:/Program Files/Rowley Associates Limited/CrossWorks for ARM 2.0/lib/libdebugio_dcc_v4t_a_le.a(libarmdi_dcc_write.o)
 .bss           0x40004b1c        0x0 C:/Program Files/Rowley Associates Limited/CrossWorks for ARM 2.0/lib/libdebugio_dcc_v4t_a_le.a(libarm_run_dcc_port_server.o)
 .bss           0x40004b1c        0x0 C:/Program Files/Rowley Associates Limited/CrossWorks for ARM 2.0/lib/libdebugio_dcc_v4t_a_le.a(libarmdi_dcc_read.o)
 *(COMMON)
 COMMON         0x40004b1c      0x934 ARM Flash Debug/main.o
                0x40004b1c                Fatfs
                0x40004d4c                ts
                0x40004d50                LOG_ITEM_STATE
                0x40004d54                FileAllTimeLog
                0x40004f78                FileContLog
                0x4000519c                FileDayLog
                0x400053c0                cdaylog_entry_item
                0x400053d0                slog_entry_item
                0x400053e4                buf
                0x400053fc                measure_timestamp
                0x40005408                meas_op_item
                0x40005430                taskHandles
                0x4000544c                log_file
 COMMON         0x40005450       0x1e ARM Flash Debug/logging.o
                0x40005450                time_buf
 *fill*         0x4000546e        0x2 00
 COMMON         0x40005470      0x110 ARM Flash Debug/tasks.o
                0x40005470                pxReadyTasksLists
                0x400054d4                xPendingReadyList
                0x400054e8                pcTraceBuffer
                0x400054ec                xSuspendedTaskList
                0x40005500                pxDelayedTaskList
                0x40005504                pxOverflowDelayedTaskList
                0x40005508                pcTraceBufferEnd
                0x4000550c                pcTraceBufferStart
                0x40005510                xDelayedTaskList1
                0x40005524                xTasksWaitingTermination
                0x40005538                pcStatusString
                0x4000556c                xDelayedTaskList2
 COMMON         0x40005580       0x50 ARM Flash Debug/queue.o
                0x40005580                xQueueRegistry
                0x400055d0                __bss_end__ = (__bss_start__ + SIZEOF (.bss))
                0x400055d0                __bss_load_end__ = __bss_end__
                0x00000001                . = ASSERT (((__bss_end__ >= __SRAM_segment_start__) && (__bss_end__ <= (__SRAM_segment_start__ + 0x8000))), error: .bss is too large to fit in SRAM memory segment)
                0x400055d0                __non_init_load_start__ = ALIGN (__bss_end__, 0x4)

.non_init       0x400055d0        0x0
                0x400055d0                __non_init_start__ = .
 *(.non_init .non_init.*)
                0x400055d0                __non_init_end__ = (__non_init_start__ + SIZEOF (.non_init))
                0x400055d0                __non_init_load_end__ = __non_init_end__
                0x00000001                . = ASSERT (((__non_init_end__ >= __SRAM_segment_start__) && (__non_init_end__ <= (__SRAM_segment_start__ + 0x8000))), error: .non_init is too large to fit in SRAM memory segment)
                0x400055d0                __heap_load_start__ = ALIGN (__non_init_end__, 0x4)

.heap           0x400055d0      0x400
                0x400055d0                __heap_start__ = .
 *(.heap .heap.*)
 .heap          0x400055d0        0x0 ARM Flash Debug/crt0.o
                0x400059d0                . = ALIGN (MAX ((__heap_start__ + __HEAPSIZE__), .), 0x4)
 *fill*         0x400055d0      0x400 00
                0x400059d0                __heap_end__ = (__heap_start__ + SIZEOF (.heap))
                0x400059d0                __heap_load_end__ = __heap_end__
                0x00000001                . = ASSERT (((__heap_end__ >= __SRAM_segment_start__) && (__heap_end__ <= (__SRAM_segment_start__ + 0x8000))), error: .heap is too large to fit in SRAM memory segment)
                0x400059d0                __stack_load_start__ = ALIGN (__heap_end__, 0x4)

.stack          0x400059d0      0x400
                0x400059d0                __stack_start__ = .
 *(.stack .stack.*)
 .stack         0x400059d0        0x0 ARM Flash Debug/crt0.o
                0x40005dd0                . = ALIGN (MAX ((__stack_start__ + __STACKSIZE__), .), 0x4)
 *fill*         0x400059d0      0x400 00
                0x40005dd0                __stack_end__ = (__stack_start__ + SIZEOF (.stack))
                0x40005dd0                __stack_load_end__ = __stack_end__
                0x00000001                . = ASSERT (((__stack_end__ >= __SRAM_segment_start__) && (__stack_end__ <= (__SRAM_segment_start__ + 0x8000))), error: .stack is too large to fit in SRAM memory segment)
                0x40005dd0                __stack_irq_load_start__ = ALIGN (__stack_end__, 0x4)

.stack_irq      0x40005dd0      0x400
                0x40005dd0                __stack_irq_start__ = .
 *(.stack_irq .stack_irq.*)
 .stack_irq     0x40005dd0        0x0 ARM Flash Debug/crt0.o
                0x400061d0                . = ALIGN (MAX ((__stack_irq_start__ + __STACKSIZE_IRQ__), .), 0x4)
 *fill*         0x40005dd0      0x400 00
                0x400061d0                __stack_irq_end__ = (__stack_irq_start__ + SIZEOF (.stack_irq))
                0x400061d0                __stack_irq_load_end__ = __stack_irq_end__
                0x00000001                . = ASSERT (((__stack_irq_end__ >= __SRAM_segment_start__) && (__stack_irq_end__ <= (__SRAM_segment_start__ + 0x8000))), error: .stack_irq is too large to fit in SRAM memory segment)
                0x400061d0                __stack_fiq_load_start__ = ALIGN (__stack_irq_end__, 0x4)

.stack_fiq      0x400061d0       0x20
                0x400061d0                __stack_fiq_start__ = .
 *(.stack_fiq .stack_fiq.*)
 .stack_fiq     0x400061d0        0x0 ARM Flash Debug/crt0.o
                0x400061f0                . = ALIGN (MAX ((__stack_fiq_start__ + __STACKSIZE_FIQ__), .), 0x4)
 *fill*         0x400061d0       0x20 00
                0x400061f0                __stack_fiq_end__ = (__stack_fiq_start__ + SIZEOF (.stack_fiq))
                0x400061f0                __stack_fiq_load_end__ = __stack_fiq_end__
                0x00000001                . = ASSERT (((__stack_fiq_end__ >= __SRAM_segment_start__) && (__stack_fiq_end__ <= (__SRAM_segment_start__ + 0x8000))), error: .stack_fiq is too large to fit in SRAM memory segment)
                0x400061f0                __stack_svc_load_start__ = ALIGN (__stack_fiq_end__, 0x4)

.stack_svc      0x400061f0      0x100
                0x400061f0                __stack_svc_start__ = .
 *(.stack_svc .stack_svc.*)
 .stack_svc     0x400061f0        0x0 ARM Flash Debug/crt0.o
                0x400062f0                . = ALIGN (MAX ((__stack_svc_start__ + __STACKSIZE_SVC__), .), 0x4)
 *fill*         0x400061f0      0x100 00
                0x400062f0                __stack_svc_end__ = (__stack_svc_start__ + SIZEOF (.stack_svc))
                0x400062f0                __stack_svc_load_end__ = __stack_svc_end__
                0x00000001                . = ASSERT (((__stack_svc_end__ >= __SRAM_segment_start__) && (__stack_svc_end__ <= (__SRAM_segment_start__ + 0x8000))), error: .stack_svc is too large to fit in SRAM memory segment)
                0x400062f0                __stack_abt_load_start__ = ALIGN (__stack_svc_end__, 0x4)

.stack_abt      0x400062f0        0x8
                0x400062f0                __stack_abt_start__ = .
 *(.stack_abt .stack_abt.*)
 .stack_abt     0x400062f0        0x0 ARM Flash Debug/crt0.o
                0x400062f8                . = ALIGN (MAX ((__stack_abt_start__ + __STACKSIZE_ABT__), .), 0x4)
 *fill*         0x400062f0        0x8 00
                0x400062f8                __stack_abt_end__ = (__stack_abt_start__ + SIZEOF (.stack_abt))
                0x400062f8                __stack_abt_load_end__ = __stack_abt_end__
                0x00000001                . = ASSERT (((__stack_abt_end__ >= __SRAM_segment_start__) && (__stack_abt_end__ <= (__SRAM_segment_start__ + 0x8000))), error: .stack_abt is too large to fit in SRAM memory segment)
                0x400062f8                __stack_und_load_start__ = ALIGN (__stack_abt_end__, 0x4)

.stack_und      0x400062f8        0x8
                0x400062f8                __stack_und_start__ = .
 *(.stack_und .stack_und.*)
 .stack_und     0x400062f8        0x0 ARM Flash Debug/crt0.o
                0x40006300                . = ALIGN (MAX ((__stack_und_start__ + __STACKSIZE_UND__), .), 0x4)
 *fill*         0x400062f8        0x8 00
                0x40006300                __stack_und_end__ = (__stack_und_start__ + SIZEOF (.stack_und))
                0x40006300                __stack_und_load_end__ = __stack_und_end__
                0x00000001                . = ASSERT (((__stack_und_end__ >= __SRAM_segment_start__) && (__stack_und_end__ <= (__SRAM_segment_start__ + 0x8000))), error: .stack_und is too large to fit in SRAM memory segment)
                0x40006300                __tbss_load_start__ = ALIGN (__stack_und_end__, 0x4)

.tbss           0x40006300        0x0
                0x40006300                __tbss_start__ = .
 *(.tbss .tbss.*)
                0x40006300                __tbss_end__ = (__tbss_start__ + SIZEOF (.tbss))
                0x40006300                __tbss_load_end__ = __tbss_end__
                0x00000001                . = ASSERT (((__tbss_end__ >= __SRAM_segment_start__) && (__tbss_end__ <= (__SRAM_segment_start__ + 0x8000))), error: .tbss is too large to fit in SRAM memory segment)
                0x0001fbb4                __tdata_load_start__ = ALIGN ((__data_load_start__ + SIZEOF (.data)), 0x4)

.tdata          0x40006300        0x0 load address 0x0001fbb4
                0x40006300                __tdata_start__ = .
 *(.tdata .tdata.*)
                0x40006300                __tdata_end__ = (__tdata_start__ + SIZEOF (.tdata))
                0x0001fbb4                __tdata_load_end__ = (__tdata_load_start__ + SIZEOF (.tdata))
                0x0001fbb4                __FLASH_segment_used_end__ = (ALIGN ((__data_load_start__ + SIZEOF (.data)), 0x4) + SIZEOF (.tdata))
                0x00000001                . = ASSERT ((((__tdata_load_start__ + SIZEOF (.tdata)) >= __FLASH_segment_start__) && ((__tdata_load_start__ + SIZEOF (.tdata)) <= (__FLASH_segment_start__ + 0x80000))), error: .tdata is too large to fit in FLASH memory segment)

.tdata_run      0x40006300        0x0
                0x40006300                __tdata_run_start__ = .
                0x40006300                . = MAX ((__tdata_run_start__ + SIZEOF (.tdata)), .)
                0x40006300                __tdata_run_end__ = (__tdata_run_start__ + SIZEOF (.tdata_run))
                0x40006300                __tdata_run_load_end__ = __tdata_run_end__
                0x40006300                __SRAM_segment_used_end__ = (ALIGN (__tbss_end__, 0x4) + SIZEOF (.tdata_run))
                0x00000001                . = ASSERT (((__tdata_run_end__ >= __SRAM_segment_start__) && (__tdata_run_end__ <= (__SRAM_segment_start__ + 0x8000))), error: .tdata_run is too large to fit in SRAM memory segment)
START GROUP
LOAD ARM Flash Debug/main.o
LOAD ARM Flash Debug/adc.o
LOAD ARM Flash Debug/cpu.o
LOAD ARM Flash Debug/i2c.o
LOAD ARM Flash Debug/i2cInt.o
LOAD ARM Flash Debug/pwm.o
LOAD ARM Flash Debug/spi.o
LOAD ARM Flash Debug/uart0.o
LOAD ARM Flash Debug/uart0ISR.o
LOAD ARM Flash Debug/uart1.o