Archive member included because of file (symbol)

C:/Users/lukas/AppData/Local/Rowley Associates Limited/CrossWorks for ARM/packages/lib/liblpc2000_v4t_a_le.a(liblpc2000_lpc21xx_get_cclk.o)
                              ARM Flash Debug/LPC210x.o (liblpc2000_lpc21xx_get_cclk)
C:/Users/lukas/AppData/Local/Rowley Associates Limited/CrossWorks for ARM/packages/lib/liblpc2000_v4t_a_le.a(liblpc2000_lpc21xx_get_pclk.o)
                              ARM Flash Debug/LPC210x.o (liblpc2000_lpc21xx_get_pclk)
C:/Program Files/Rowley Associates Limited/CrossWorks for ARM 2.0/lib/libm_v4t_a_le.a(__int32_to_float32.o)
                              ARM Flash Debug/meas_sm.o (__floatsisf)
C:/Program Files/Rowley Associates Limited/CrossWorks for ARM 2.0/lib/libm_v4t_a_le.a(__int32_to_float64.o)
                              ARM Flash Debug/timer.o (__floatsidf)
C:/Program Files/Rowley Associates Limited/CrossWorks for ARM 2.0/lib/libm_v4t_a_le.a(__uint32_to_float32.o)
                              ARM Flash Debug/dac.o (__floatunsisf)
C:/Program Files/Rowley Associates Limited/CrossWorks for ARM 2.0/lib/libm_v4t_a_le.a(__float32_to_int32.o)
                              ARM Flash Debug/timer.o (__fixsfsi)
C:/Program Files/Rowley Associates Limited/CrossWorks for ARM 2.0/lib/libm_v4t_a_le.a(__float32_to_uint32.o)
                              ARM Flash Debug/dac.o (__fixunssfsi)
C:/Program Files/Rowley Associates Limited/CrossWorks for ARM 2.0/lib/libm_v4t_a_le.a(__float64_to_int32.o)
                              ARM Flash Debug/meas_sm.o (__fixdfsi)
C:/Program Files/Rowley Associates Limited/CrossWorks for ARM 2.0/lib/libm_v4t_a_le.a(__float32_to_float64.o)
                              ARM Flash Debug/timer.o (__extendsfdf2)
C:/Program Files/Rowley Associates Limited/CrossWorks for ARM 2.0/lib/libm_v4t_a_le.a(__float64_to_float32.o)
                              ARM Flash Debug/timer.o (__truncdfsf2)
C:/Program Files/Rowley Associates Limited/CrossWorks for ARM 2.0/lib/libm_v4t_a_le.a(__float32_mul.o)
                              ARM Flash Debug/dac.o (__mulsf3)
C:/Program Files/Rowley Associates Limited/CrossWorks for ARM 2.0/lib/libm_v4t_a_le.a(__float64_add.o)
                              ARM Flash Debug/timer.o (__adddf3)
C:/Program Files/Rowley Associates Limited/CrossWorks for ARM 2.0/lib/libm_v4t_a_le.a(__float64_mul.o)
                              ARM Flash Debug/timer.o (__muldf3)
C:/Program Files/Rowley Associates Limited/CrossWorks for ARM 2.0/lib/libm_v4t_a_le.a(__float64_div.o)
                              ARM Flash Debug/timer.o (__divdf3)
C:/Program Files/Rowley Associates Limited/CrossWorks for ARM 2.0/lib/libm_v4t_a_le.a(log.o)
                              ARM Flash Debug/logging.o (log)
C:/Program Files/Rowley Associates Limited/CrossWorks for ARM 2.0/lib/libm_v4t_a_le.a(__float64_cmp.o)
                              C:/Program Files/Rowley Associates Limited/CrossWorks for ARM 2.0/lib/libm_v4t_a_le.a(log.o) (__eqdf2)
C:/Program Files/Rowley Associates Limited/CrossWorks for ARM 2.0/lib/libm_v4t_a_le.a(__float64_isnan.o)
                              C:/Program Files/Rowley Associates Limited/CrossWorks for ARM 2.0/lib/libm_v4t_a_le.a(log.o) (__float64_isnan)
C:/Program Files/Rowley Associates Limited/CrossWorks for ARM 2.0/lib/libm_v4t_a_le.a(__float64_infinity.o)
                              C:/Program Files/Rowley Associates Limited/CrossWorks for ARM 2.0/lib/libm_v4t_a_le.a(log.o) (__float64_infinity)
C:/Program Files/Rowley Associates Limited/CrossWorks for ARM 2.0/lib/libm_v4t_a_le.a(__float64_nan.o)
                              C:/Program Files/Rowley Associates Limited/CrossWorks for ARM 2.0/lib/libm_v4t_a_le.a(log.o) (__float64_nan)
C:/Program Files/Rowley Associates Limited/CrossWorks for ARM 2.0/lib/libm_v4t_a_le.a(__poly1_eval.o)
                              C:/Program Files/Rowley Associates Limited/CrossWorks for ARM 2.0/lib/libm_v4t_a_le.a(log.o) (__poly1_eval)
C:/Program Files/Rowley Associates Limited/CrossWorks for ARM 2.0/lib/libm_v4t_a_le.a(__poly_eval.o)
                              C:/Program Files/Rowley Associates Limited/CrossWorks for ARM 2.0/lib/libm_v4t_a_le.a(log.o) (__poly_eval)
C:/Program Files/Rowley Associates Limited/CrossWorks for ARM 2.0/lib/libm_v4t_a_le.a(frexp.o)
                              C:/Program Files/Rowley Associates Limited/CrossWorks for ARM 2.0/lib/libm_v4t_a_le.a(log.o) (frexp)
C:/Program Files/Rowley Associates Limited/CrossWorks for ARM 2.0/lib/libm_v4t_a_le.a(ldexp.o)
                              C:/Program Files/Rowley Associates Limited/CrossWorks for ARM 2.0/lib/libm_v4t_a_le.a(log.o) (ldexp)
C:/Program Files/Rowley Associates Limited/CrossWorks for ARM 2.0/lib/libc_v4t_a_le.a(__int32_umod.o)
                              ARM Flash Debug/printf-stdarg.o (__umodsi3)
C:/Program Files/Rowley Associates Limited/CrossWorks for ARM 2.0/lib/libc_v4t_a_le.a(__int32_div.o)
[...]
Memory Configuration

Name             Origin             Length             Attributes
UNPLACED_SECTIONS 0xffffffff         0x00000000         xw
AHB_Peripherals  0xffe00000         0x00200000         xw
APB_Peripherals  0xe0000000         0x00200000         xw
USB_DMA_RAM      0x7fd00000         0x00002000         xw
SRAM             0x40000000         0x00008000         xw
FLASH            0x00000000         0x00080000         xr
*default*        0x00000000         0xffffffff

Linker script and memory map

                0xffe00000                __AHB_Peripherals_segment_start__ = 0xffe00000
                0x00000000                __AHB_Peripherals_segment_end__ = 0x0
                0xe0000000                __APB_Peripherals_segment_start__ = 0xe0000000
                0xe0200000                __APB_Peripherals_segment_end__ = 0xe0200000
                0x7fd00000                __USB_DMA_RAM_segment_start__ = 0x7fd00000
                0x7fd02000                __USB_DMA_RAM_segment_end__ = 0x7fd02000
                0x40000000                __SRAM_segment_start__ = 0x40000000
                0x40008000                __SRAM_segment_end__ = 0x40008000
                0x00000000                __FLASH_segment_start__ = 0x0
                0x00080000                __FLASH_segment_end__ = 0x80000
                0x00000400                __STACKSIZE__ = 0x400
                0x00000400                __STACKSIZE_IRQ__ = 0x400
                0x00000080                __STACKSIZE_FIQ__ = 0x80
                0x00000100                __STACKSIZE_SVC__ = 0x100
                0x00000008                __STACKSIZE_ABT__ = 0x8
                0x00000008                __STACKSIZE_UND__ = 0x8
                0x00000400                __HEAPSIZE__ = 0x400
                0x40000000                __vectors_ram_load_start__ = __SRAM_segment_start__

.vectors_ram    0x40000000       0x3c
                0x40000000                __vectors_ram_start__ = .
 *(.vectors_ram .vectors_ram.*)
                0x4000003c                . = MAX ((__vectors_ram_start__ + 0x3c), .)
 *fill*         0x40000000       0x3c 00
                0x4000003c                __vectors_ram_end__ = (__vectors_ram_start__ + SIZEOF (.vectors_ram))
                0x4000003c                __vectors_ram_load_end__ = __vectors_ram_end__
                0x00000001                . = ASSERT (((__vectors_ram_end__ >= __SRAM_segment_start__) && (__vectors_ram_end__ <= (__SRAM_segment_start__ + 0x8000))), error: .vectors_ram is too large to fit in SRAM memory segment)
                0x00000000                __vectors_load_start__ = __FLASH_segment_start__

.vectors        0x00000000       0x38
                0x00000000                __vectors_start__ = .
 *(.vectors .vectors.*)
 .vectors       0x00000000       0x38 ARM Flash Debug/Philips_LPC210X_Startup.o
                0x00000000                _vectors
                0x00000038                __vectors_end__ = (__vectors_start__ + SIZEOF (.vectors))
                0x00000038                __vectors_load_end__ = __vectors_end__
                0x00000001                . = ASSERT (((__vectors_end__ >= __FLASH_segment_start__) && (__vectors_end__ <= (__FLASH_segment_start__ + 0x80000))), error: .vectors is too large to fit in FLASH memory segment)
                0x00000038                __init_load_start__ = ALIGN (__vectors_end__, 0x4)

.init           0x00000038      0x264
                0x00000038                __init_start__ = .
 *(.init .init.*)
 *fill*         0x00000038        0x8 00
 .init          0x00000040      0x1d0 ARM Flash Debug/crt0.o
                0x00000040                _start
                0x00000040                __start
 .init          0x00000210       0x8c ARM Flash Debug/Philips_LPC210X_Startup.o
                0x00000210                reset_handler
                0x00000280                undef_handler
                0x00000288                pabort_handler
                0x0000028c                dabort_handler
                0x00000290                fiq_handler
                0x0000029c                __init_end__ = (__init_start__ + SIZEOF (.init))
                0x0000029c                __init_load_end__ = __init_end__
                0x00000001                . = ASSERT (((__init_end__ >= __FLASH_segment_start__) && (__init_end__ <= (__FLASH_segment_start__ + 0x80000))), error: .init is too large to fit in FLASH memory segment)
                0x0000029c                __text_load_start__ = ALIGN (__init_end__, 0x4)

.text           0x0000029c    0x19e58
                0x0000029c                __text_start__ = .
 *(.text .text.* .glue_7t .glue_7 .gnu.linkonce.t.* .gcc_except_table)
 .glue_7        0x00000000        0x0 linker stubs
 .glue_7t       0x00000000        0x0 linker stubs
 .text          0x0000029c      0x120 ARM Flash Debug/main.o
                0x00000304                main
                0x00000378                vApplicationStackOverflowHook
                0x00000388                __putchar
 .text          0x000003bc      0x5f4 ARM Flash Debug/adc.o
                0x000003bc                adcRead0_1
                0x00000454                adcRead0_2
                0x000004ec                adcRead0_3
                0x00000584                adcRead1_1
                0x0000061c                adcRead1_6
                0x000006b4                adcRead1_7
                0x0000074c                adcInit0_1
                0x000007b4                adcInit0_2
                0x0000081c                adcInit0_3
                0x00000884                adcInit1_1
                0x000008e8                adcInit1_6
                0x0000094c                adcInit1_7
 .text          0x000009b0      0x1b0 ARM Flash Debug/cpu.o
                0x000009b0                cpuSetupHardware
                0x00000b0c                cpuPLLDisable
 .text          0x00000b60       0x84 ARM Flash Debug/i2c.o
                0x00000b60                i2cGetErrno
                0x00000b74                i2cStrerror
 .text          0x00000be4     0x10c4 ARM Flash Debug/i2cInt.o
                0x00001258                i2cInit
                0x000019bc                i2cSetTimeout
                0x00001a00                i2cDump
                0x00001a70                i2cWriteBuffer
                0x00001abc                i2cReadBuffer
                0x00001b08                i2cWriteReadBuffer
                0x00001b60                i2cWriteBufferPoll
                0x00001c00                i2cWriteReadBufferPoll
 .text          0x00001ca8      0x314 ARM Flash Debug/pwm.o
                0x00001ca8                pwmDutyCycle
                0x00001d58                pwmPulseWidthInMicroseconds
                0x00001dd4                pwmFrequency
                0x00001ebc                pwmInit
 .text          0x00001fbc      0x114 ARM Flash Debug/spi.o
                0x00001fbc                spiInit
                0x00002080                spiPut
 .text          0x000020d0      0x470 ARM Flash Debug/uart0.o
                0x000020d0                uart0Init
                0x000022e4                uart0Deinit
                0x00002338                uart0GetChar
                0x00002388                uart0PutChar
                0x000024a0                uart0PutString
                0x0000251c                uart0GetRxQueue
 .text          0x00002540      0x290 ARM Flash Debug/uart0ISR.o
                0x00002540                uart0ISRCreateQueues
                0x00002720                uart0ISR
 .text          0x000027d0      0x470 ARM Flash Debug/uart1.o
                0x000027d0                uart1Init
                0x000029e4                uart1Deinit
                0x00002a38                uart1GetChar
                0x00002a88                uart1PutChar
                0x00002ba0                uart1PutString
                0x00002c1c                uart1GetRxQueue
 .text          0x00002c40      0x290 ARM Flash Debug/uart1ISR.o
                0x00002c40                uart1ISRCreateQueues
                0x00002e20                uart1ISR
 .text          0x00002ed0      0x3cc ARM Flash Debug/usbcontrol.o
                0x00002ff0                usbHandleControlTransfer
                0x0000325c                usbRegisterRequestHandler
 .text          0x0000329c       0x84 ARM Flash Debug/usbinit.o
                0x000032b0                usbRegisterHandlers
 .text          0x00003320      0xd34 ARM Flash Debug/usbISR.o
                0x00003540                usbHardwareEndpointConfig
                0x000035a0                usbHardwareRegisterEPIntHandler
                0x00003648                usbHardwareRegisterDevIntHandler
                0x00003684                usbHardwareRegisterFrameHandler
                0x000036c0                usbHardwareSetAddress
                0x000036f8                usbHardwareConnect
                0x0000372c                usbHardwareNakIntEnable
                0x00003758                usbHardwareEndpointIsStalled
                0x000037b0                usbHardwareEndpointStall
                0x00003824                usbHardwareEndpointWrite
                0x00003950                usbHardwareEndpointRead
                0x00003ac8                usbHardwareConfigDevice
                0x00003afc                usbSetupInterruptHandler
                0x00003df4                usbISR
                0x00003e9c                usbHardwareInit
 .text          0x00004054      0x720 ARM Flash Debug/usbstdreq.o
                0x00004054                usbRegisterDescriptors
                0x00004074                usbGetDescriptor
                0x0000467c                usbHandleStandardRequest
                0x00004754                usbRegisterCustomReqHandler
 .text          0x00004774      0x518 ARM Flash Debug/usbser.o
                0x000049bc                usbserPutChar
                0x00004a44                usbserPutString
                0x00004afc                usbserGetChar
                0x00004b68                usbserGetRxQueue
                0x00004bb0                usbserInit
 .text          0x00004c8c      0xf3c ARM Flash Debug/rtc.o
                0x0000522c                rtcGetEpochSeconds
                0x00005268                rtcGetEpochSecondsLuk
                0x000052a4                rtcSetEpochSeconds
                0x0000551c                rtcInit
                0x00005610                rtcSetAlarm
                0x00005724                rtcSetAlarmCIIR
                0x0000578c                rtcGetAlarmTm
                0x000058c8                rtcGetAlarmEpochSeconds
                0x000058fc                rtcPeriodicAlarm
                0x00005998                time
                0x000059c0                rtcIs5minInt
                0x000059dc                getRtcRead
                0x00005a00                getMonthLength
 .text          0x00005bc8      0x1d8 ARM Flash Debug/rtcISR.o
                0x00005bc8                rtcISRInit
                0x00005cf0                rtcISR
 .text          0x00005da0       0x34 ARM Flash Debug/reset.o
                0x00005da0                reset
 .text          0x00005dd4      0x120 ARM Flash Debug/eint0.o
                0x00005dd4                eint0Init
                0x00005ec4                eint0Deinit
 .text          0x00005ef4       0xe8 ARM Flash Debug/eint0ISR.o
                0x00005f2c                eint0ISR
 .text          0x00005fdc      0x120 ARM Flash Debug/eint2.o
                0x00005fdc                eint2Init
                0x000060cc                eint2Deinit
 .text          0x000060fc       0xd8 ARM Flash Debug/eint2ISR.o
                0x00006124                eint2ISR
 .text          0x000061d4      0x124 ARM Flash Debug/eint3.o
                0x000061d4                eint3Init
                0x000062c4                eint3Deinit
 .text          0x000062f8       0xf4 ARM Flash Debug/eint3ISR.o
                0x00006330                eint3ISR
 .text          0x000063ec      0x11c ARM Flash Debug/eint1.o
                0x000063ec                eint1Init
                0x000064d8                eint1Deinit
 .text          0x00006508      0x15c ARM Flash Debug/eint1ISR.o
                0x000065b4                eint1ISR
 .text          0x00006664      0x23c ARM Flash Debug/beep.o
                0x00006664                beepOn
                0x00006764                beepOff
                0x0000684c                beepMHALL
                0x00006868                beepSMOTW
                0x00006884                beepA_TEAM_THEME
 .text          0x000068a0      0x4d4 ARM Flash Debug/timer.o
                0x000068a0                timer1Init
                0x000068c8                capture13Init
                0x00006a28                timer1ISR
                0x00006c64                getWindPeriod
                0x00006d58                clrWindPeriod
 .text          0x00006d74      0x160 ARM Flash Debug/dac.o
                0x00006d74                dacInit
                0x00006da8                dacSet
                0x00006e1c                dacSetMV
 .text          0x00006ed4      0x4cc ARM Flash Debug/args.o
                0x00006fb4                argsGetLine
                0x000071c4                argsParse
 .text          0x000073a0      0x1dc ARM Flash Debug/argsdispatch.o
                0x000073a0                argsDispatch
 .text          0x0000757c     0x2280 ARM Flash Debug/monitor.o
                0x00007754                get_fattime
                0x0000979c                monitorTaskStart
 .text          0x000097fc      0x774 ARM Flash Debug/printf-stdarg.o
                0x00009e7c                printf
                0x00009ebc                sprintf
                0x00009f04                snprintf
                0x00009f50                write
 .text          0x00009f70      0x214 ARM Flash Debug/leds.o
                0x00009fac                ledsSetDelay
                0x0000a08c                ledsTaskStart
                0x0000a0ec                ledsTaskStop
                0x0000a170                ledsGetDelay
 .text          0x0000a184      0x404 ARM Flash Debug/tcs3414.o
                0x0000a2ec                tcs3414Init
                0x0000a320                tcs3414GetColour
                0x0000a4dc                tcs3414GetICRevision
                0x0000a528                tcs3414TaskStart
 .text          0x0000a588      0xe4c ARM Flash Debug/mmc.o
                0x0000ab10                mmcWriteProtect
                0x0000ab24                mmcWaitReady
                0x0000ab48                mmcCardPresent
                0x0000ab60                mmcReadCardInfo
                0x0000acb4                mmcRead
                0x0000adf8                mmcWrite
                0x0000af58                mmcVerify
                0x0000b0f0                mmcInitMedia
                0x0000b3a4                mmcDumpCSD
                0x0000b3bc                mmcDecodeCSD
 .text          0x0000b3d4      0x5c4 ARM Flash Debug/ssp.o
                0x0000b3d4                sspHardwareCardPresent
                0x0000b3f8                sspHardwareWriteProtected
                0x0000b440                sspChipSelect
                0x0000b500                sspSetClockFreq
                0x0000b5a0                sspInit
                0x0000b6ec                sspTransferByte
                0x0000b754                sspWaitReady
                0x0000b7ac                sspSendBlock
                0x0000b84c                sspReceiveBlock
                0x0000b948                sspDelay1ms
 .text          0x0000b998        0x0 ARM Flash Debug/Lcd204_4.o
 .text          0x0000b998      0x7a8 ARM Flash Debug/logging.o
                0x0000b998                fillSlogEntryItem
                0x0000ba08                setWsPrice
                0x0000ba28                getLogFilename
                0x0000baf0                trackLog
                0x0000bb50                trackLogTaskStart
                0x0000bbb0                trackLogTaskStop
                0x0000bbfc                initLog
                0x0000bcb0                appendToLog
                0x0000bddc                fs_init
                0x0000be54                getDateTime
                0x0000bed8                init_daysLogging
                0x0000beec                incr_daysLogging
                0x0000bf2c                b_itoab
                0x0000c08c                nrOfDigits
                0x0000c0e0                luk_strcpy
 .text          0x0000c140      0xa7c ARM Flash Debug/meas_sm.o
                0x0000c140                meas_sm
                0x0000c8c0                measSMTaskStart
                0x0000c920                MeasSMTaskStop
                0x0000c96c                set_measure
                0x0000c990                clr_measure
                0x0000c9a4                get_measure
                0x0000c9bc                set_trackLog
                0x0000c9d0                clr_trackLog
                0x0000c9e4                get_trackLog
                0x0000c9fc                get_pumpLastControlSignalOn
                0x0000ca2c                set_pumpLastControlSignalOn
                0x0000ca5c                clr_pumpLastControlSignalOn
                0x0000ca70                updateMeasure_timestamp
                0x0000cb2c                getMeasure_timestamp_diff
                0x0000cb54                clr_valuesReceived
                0x0000cb68                set_valuesReceived
                0x0000cb7c                valuesReceived
                0x0000cb94                stopMeasure
                0x0000cba8                startMeasure
 .text          0x0000cbbc      0x4a0 ARM Flash Debug/meas_task.o
                0x0000cbbc                meas_wind
                0x0000ce14                meas_task_init
                0x0000cea8                doMeasure
                0x0000cfb0                measTaskStart
                0x0000d010                measTaskStop
 .text          0x0000d05c        0x0 ARM Flash Debug/crt0.o
 .text          0x0000d05c        0x0 ARM Flash Debug/Philips_LPC210X_Startup.o
 .text          0x0000d05c      0x110 ARM Flash Debug/LPC210x.o
                0x0000d08c                ctl_start_timer
                0x0000d160                ctl_get_ticks_per_second
 .text          0x0000d16c      0x318 ARM Flash Debug/VIC.o
                0x0000d16c                ctl_set_isr
                0x0000d424                ctl_unmask_isr
                0x0000d454                ctl_mask_isr
 .text          0x0000d484       0x44 ARM Flash Debug/VIC_irq_handler.o
                0x0000d484                irq_handler
 .text          0x0000d4c8      0x24c ARM Flash Debug/portISR.o
                0x0000d4c8                vPortISRStartFirstTask
                0x0000d514                swi_handler
                0x0000d5c0                vTickISR
                0x0000d68c                vPortEnterCritical
                0x0000d6bc                vPortExitCritical
 .text          0x0000d714      0x354 ARM Flash Debug/port.o
                0x0000d714                pxPortInitialiseStack
                0x0000d974                xPortStartScheduler
                0x0000d990                vPortEndScheduler
 .text          0x0000da68      0x35c ARM Flash Debug/heap_2.o
                0x0000da68                pvPortMalloc
                0x0000dcd8                vPortFree
                0x0000ddac                xPortGetFreeHeapSize
                0x0000ddc0                vPortInitialiseBlocks
 .text          0x0000ddc4     0x1f5c ARM Flash Debug/tasks.o
                0x0000ddc4                xTaskGenericCreate
                0x0000e018                vTaskDelete
                0x0000e114                vTaskDelayUntil
                0x0000e28c                vTaskDelay
                0x0000e378                uxTaskPriorityGet
                0x0000e3d0                vTaskPrioritySet
                0x0000e5a0                vTaskSuspend
                0x0000e658                xTaskIsTaskSuspended
                0x0000e6c8                vTaskResume
                0x0000e7c0                xTaskResumeFromISR
                0x0000e8d4                vTaskStartScheduler
                0x0000e974                vTaskEndScheduler
                0x0000e9a8                vTaskSuspendAll
                0x0000e9c4                xTaskResumeAll
                0x0000eb80                xTaskGetTickCount
                0x0000ebb4                uxTaskGetNumberOfTasks
                0x0000ebc8                vTaskList
                0x0000ed3c                vTaskStartTrace
                0x0000edac                ulTaskEndTrace
                0x0000ee04                vTaskIncrementTick
                0x0000ef84                vTaskSwitchContext
                0x0000f220                vTaskPlaceOnEventList
                0x0000f320                xTaskRemoveFromEventList
                0x0000f454                vTaskSetTimeOutState
                0x0000f48c                xTaskCheckForTimeOut
                0x0000f580                vTaskMissedYield
                0x0000f594                prvIdleTask
                0x0000f5ac                prvInitialiseTCBVariables
                0x0000f678                prvInitialiseTaskLists
                0x0000f738                prvCheckTasksWaitingTermination
                0x0000f808                prvAllocateTCBAndStack
                0x0000f8b0                prvListTaskWithinSingleList
                0x0000fa00                usTaskCheckFreeStackSpace
                0x0000fa5c                uxTaskGetStackHighWaterMark
                0x0000fabc                prvDeleteTCB
                0x0000faec                xTaskGetCurrentTaskHandle
                0x0000fb10                vTaskPriorityInherit
                0x0000fc40                vTaskPriorityDisinherit
 .text          0x0000fd20     0x1168 ARM Flash Debug/queue.o
                0x0000fd20                xQueueCreate
                0x0000fe68                xQueueCreateMutex
                0x0000ff40                xQueueGiveMutexRecursive
                0x0000ffc4                xQueueTakeMutexRecursive
                0x0001005c                xQueueGenericSend
                0x00010208                xQueueAltGenericSend
                0x00010348                xQueueAltGenericReceive
                0x00010534                xQueueGenericSendFromISR
                0x00010604                xQueueGenericReceive
                0x0001085c                xQueueReceiveFromISR
                0x00010930                uxQueueMessagesWaiting
                0x00010964                uxQueueMessagesWaitingFromISR
                0x00010988                vQueueDelete
                0x00010cf0                xQueueIsQueueEmptyFromISR
                0x00010d68                xQueueIsQueueFullFromISR
                0x00010da0                vQueueAddToRegistry
 .text          0x00010e88      0x258 ARM Flash Debug/list.o
                0x00010e88                vListInitialise
                0x00010eec                vListInitialiseItem
                0x00010f08                vListInsertEnd
                0x00010f90                vListInsert
                0x00011058                vListRemove
 .text          0x000110e0      0x62c ARM Flash Debug/disk.o
                0x000110e0                diskInitialize
                0x00011210                diskShutdown
                0x00011244                diskStatus
                0x0001126c                diskRead
                0x00011308                diskWrite
                0x000113c4                diskIoctl
                0x00011648                diskPresent
                0x00011660                diskErrorText
                0x000116d4                diskErrorTextPrint
 .text          0x0001170c     0x5b8c ARM Flash Debug/ff.o
                0x00013c2c                f_ferrorlookup
                0x00013ca0                f_printerror
                0x00013cd8                f_mount
                0x00013d70                f_open
                0x0001432c                f_read
                0x00014758                f_write
                0x00014c2c                f_sync
                0x00014efc                f_close
                0x00014f44                f_lseek
                0x000152e4                f_opendir
                0x00015460                f_readdir
                0x000155b0                f_stat
                0x00015660                f_getfree
                0x0001590c                f_unlink
                0x00015ba8                f_mkdir
                0x00016044                f_chmod
                0x0001614c                f_rename
                0x00016320                f_mkfs
 .text          0x00017298        0x0 C:/Users/lukas/AppData/Local/Rowley Associates Limited/CrossWorks for ARM/packages/lib/liblpc2000_v4t_a_le.a(liblpc2000_lpc21xx_get_cclk.o)
 .text.liblpc2000
                0x00017298       0x30 C:/Users/lukas/AppData/Local/Rowley Associates Limited/CrossWorks for ARM/packages/lib/liblpc2000_v4t_a_le.a(liblpc2000_lpc21xx_get_cclk.o)
                0x00017298                liblpc2000_lpc21xx_get_cclk
                0x00017298                liblpc2000_get_cclk
 .text          0x000172c8        0x0 C:/Users/lukas/AppData/Local/Rowley Associates Limited/CrossWorks for ARM/packages/lib/liblpc2000_v4t_a_le.a(liblpc2000_lpc21xx_get_pclk.o)
 .text.liblpc2000
                0x000172c8       0x2c C:/Users/lukas/AppData/Local/Rowley Associates Limited/CrossWorks for ARM/packages/lib/liblpc2000_v4t_a_le.a(liblpc2000_lpc21xx_get_pclk.o)
                0x000172c8                liblpc2000_lpc21xx_get_pclk
                0x000172c8                liblpc2000_get_pclk
 .text          0x000172f4        0x0 C:/Program Files/Rowley Associates Limited/CrossWorks for ARM 2.0/lib/libm_v4t_a_le.a(__int32_to_float32.o)
 *fill*         0x000172f4        0xc 00
 .text.libc     0x00017300       0x70 C:/Program Files/Rowley Associates Limited/CrossWorks for ARM 2.0/lib/libm_v4t_a_le.a(__int32_to_float32.o)
                0x00017300                __int32_to_float32
                0x00017300                __floatsisf
                0x00017300                __aeabi_i2f
                0x00017314                __int32_to_float32_common
 .text          0x00017370        0x0 C:/Program Files/Rowley Associates Limited/CrossWorks for ARM 2.0/lib/libm_v4t_a_le.a(__int32_to_float64.o)
 .text.libc     0x00017370       0x70 C:/Program Files/Rowley Associates Limited/CrossWorks for ARM 2.0/lib/libm_v4t_a_le.a(__int32_to_float64.o)
                0x00017370                __aeabi_i2d
                0x00017370                __int32_to_float64
                0x00017370                __floatsidf
 .text          0x000173e0        0x0 C:/Program Files/Rowley Associates Limited/CrossWorks for ARM 2.0/lib/libm_v4t_a_le.a(__uint32_to_float32.o)
 .text.libc     0x000173e0       0x10 C:/Program Files/Rowley Associates Limited/CrossWorks for ARM 2.0/lib/libm_v4t_a_le.a(__uint32_to_float32.o)
                0x000173e0                __aeabi_ui2f
                0x000173e0                __floatunsisf
                0x000173e0                __uint32_to_float32
 .text          0x000173f0        0x0 C:/Program Files/Rowley Associates Limited/CrossWorks for ARM 2.0/lib/libm_v4t_a_le.a(__float32_to_int32.o)
 .text.libc     0x000173f0       0x50 C:/Program Files/Rowley Associates Limited/CrossWorks for ARM 2.0/lib/libm_v4t_a_le.a(__float32_to_int32.o)
                0x000173f0                __float32_to_int32
                0x000173f0                __aeabi_f2iz
                0x000173f0                __fixsfsi
 .text          0x00017440        0x0 C:/Program Files/Rowley Associates Limited/CrossWorks for ARM 2.0/lib/libm_v4t_a_le.a(__float32_to_uint32.o)
 .text.libc     0x00017440       0x40 C:/Program Files/Rowley Associates Limited/CrossWorks for ARM 2.0/lib/libm_v4t_a_le.a(__float32_to_uint32.o)
                0x00017440                __aeabi_f2uiz
                0x00017440                __fixunssfsi
                0x00017440                __float32_to_uint32
 .text          0x00017480        0x0 C:/Program Files/Rowley Associates Limited/CrossWorks for ARM 2.0/lib/libm_v4t_a_le.a(__float64_to_int32.o)
 .text.libc     0x00017480       0x60 C:/Program Files/Rowley Associates Limited/CrossWorks for ARM 2.0/lib/libm_v4t_a_le.a(__float64_to_int32.o)
                0x00017480                __aeabi_d2iz
                0x00017480                __float64_to_int32
                0x00017480                __fixdfsi
 .text          0x000174e0        0x0 C:/Program Files/Rowley Associates Limited/CrossWorks for ARM 2.0/lib/libm_v4t_a_le.a(__float32_to_float64.o)
 .text.libc     0x000174e0       0x40 C:/Program Files/Rowley Associates Limited/CrossWorks for ARM 2.0/lib/libm_v4t_a_le.a(__float32_to_float64.o)
                0x000174e0                __float32_to_float64
                0x000174e0                __aeabi_f2d
                0x000174e0                __extendsfdf2
 .text          0x00017520        0x0 C:/Program Files/Rowley Associates Limited/CrossWorks for ARM 2.0/lib/libm_v4t_a_le.a(__float64_to_float32.o)
 .text.libc     0x00017520       0x80 C:/Program Files/Rowley Associates Limited/CrossWorks for ARM 2.0/lib/libm_v4t_a_le.a(__float64_to_float32.o)
                0x00017520                __truncdfsf2
                0x00017520                __float64_to_float32
                0x00017520                __aeabi_d2f
 .text          0x000175a0        0x0 C:/Program Files/Rowley Associates Limited/CrossWorks for ARM 2.0/lib/libm_v4t_a_le.a(__float32_mul.o)
 .text.libc     0x000175a0      0x100 C:/Program Files/Rowley Associates Limited/CrossWorks for ARM 2.0/lib/libm_v4t_a_le.a(__float32_mul.o)
                0x000175a0                __mulsf3
                0x000175a0                __float32_mul
 .text          0x000176a0        0x0 C:/Program Files/Rowley Associates Limited/CrossWorks for ARM 2.0/lib/libm_v4t_a_le.a(__float64_add.o)
 .text.libc     0x000176a0      0x350 C:/Program Files/Rowley Associates Limited/CrossWorks for ARM 2.0/lib/libm_v4t_a_le.a(__float64_add.o)
                0x000176a0                __aeabi_drsub
                0x000176a8                __aeabi_dsub
                0x000176a8                __float64_sub
                0x000176a8                __subdf3
                0x000176ac                __aeabi_dadd
                0x000176ac                __float64_add
                0x000176ac                __adddf3
 .text          0x000179f0        0x0 C:/Program Files/Rowley Associates Limited/CrossWorks for ARM 2.0/lib/libm_v4t_a_le.a(__float64_mul.o)
 .text.libc     0x000179f0      0x1b0 C:/Program Files/Rowley Associates Limited/CrossWorks for ARM 2.0/lib/libm_v4t_a_le.a(__float64_mul.o)
                0x000179f0                __muldf3
                0x000179f0                __float64_mul
 .text          0x00017ba0        0x0 C:/Program Files/Rowley Associates Limited/CrossWorks for ARM 2.0/lib/libm_v4t_a_le.a(__float64_div.o)
 .text.libc     0x00017ba0      0x330 C:/Program Files/Rowley Associates Limited/CrossWorks for ARM 2.0/lib/libm_v4t_a_le.a(__float64_div.o)
                0x00017ba0                __divdf3
                0x00017ba0                __float64_div
                0x00017ba0                __aeabi_ddiv
 .text          0x00017ed0        0x0 C:/Program Files/Rowley Associates Limited/CrossWorks for ARM 2.0/lib/libm_v4t_a_le.a(log.o)
 .text.libc     0x00017ed0      0x2c0 C:/Program Files/Rowley Associates Limited/CrossWorks for ARM 2.0/lib/libm_v4t_a_le.a(log.o)
                0x00017ed0                log
 .text          0x00018190        0x0 C:/Program Files/Rowley Associates Limited/CrossWorks for ARM 2.0/lib/libm_v4t_a_le.a(__float64_cmp.o)
 .text.libc     0x00018190       0x70 C:/Program Files/Rowley Associates Limited/CrossWorks for ARM 2.0/lib/libm_v4t_a_le.a(__float64_cmp.o)
                0x00018190                __eqdf2
                0x00018190                __gtdf2
                0x00018190                __ltdf2
                0x00018190                __ledf2
                0x00018190                __nedf2
                0x00018190                __gedf2
                0x00018190                __cmpdf2
 .text          0x00018200        0x0 C:/Program Files/Rowley Associates Limited/CrossWorks for ARM 2.0/lib/libm_v4t_a_le.a(__float64_isnan.o)
 .text.libc     0x00018200       0x20 C:/Program Files/Rowley Associates Limited/CrossWorks for ARM 2.0/lib/libm_v4t_a_le.a(__float64_isnan.o)
                0x00018200                __float64_isnan
 .text          0x00018220        0x0 C:/Program Files/Rowley Associates Limited/CrossWorks for ARM 2.0/lib/libm_v4t_a_le.a(__float64_infinity.o)
 .text.libc     0x00018220        0x0 C:/Program Files/Rowley Associates Limited/CrossWorks for ARM 2.0/lib/libm_v4t_a_le.a(__float64_infinity.o)
 .text          0x00018220        0x0 C:/Program Files/Rowley Associates Limited/CrossWorks for ARM 2.0/lib/libm_v4t_a_le.a(__float64_nan.o)
 .text.libc     0x00018220        0x0 C:/Program Files/Rowley Associates Limited/CrossWorks for ARM 2.0/lib/libm_v4t_a_le.a(__float64_nan.o)
 .text          0x00018220        0x0 C:/Program Files/Rowley Associates Limited/CrossWorks for ARM 2.0/lib/libm_v4t_a_le.a(__poly1_eval.o)
 .text.libc     0x00018220       0x70 C:/Program Files/Rowley Associates Limited/CrossWorks for ARM 2.0/lib/libm_v4t_a_le.a(__poly1_eval.o)
                0x00018220                __poly1_eval
 .text          0x00018290        0x0 C:/Program Files/Rowley Associates Limited/CrossWorks for ARM 2.0/lib/libm_v4t_a_le.a(__poly_eval.o)
 .text.libc     0x00018290       0x5c C:/Program Files/Rowley Associates Limited/CrossWorks for ARM 2.0/lib/libm_v4t_a_le.a(__poly_eval.o)
                0x00018290                __poly_eval
 .text          0x000182ec        0x0 C:/Program Files/Rowley Associates Limited/CrossWorks for ARM 2.0/lib/libm_v4t_a_le.a(frexp.o)
 .text.libc     0x000182ec       0x60 C:/Program Files/Rowley Associates Limited/CrossWorks for ARM 2.0/lib/libm_v4t_a_le.a(frexp.o)
                0x000182ec                frexp
 .text          0x0001834c        0x0 C:/Program Files/Rowley Associates Limited/CrossWorks for ARM 2.0/lib/libm_v4t_a_le.a(ldexp.o)
 .text.libc     0x0001834c       0x84 C:/Program Files/Rowley Associates Limited/CrossWorks for ARM 2.0/lib/libm_v4t_a_le.a(ldexp.o)
                0x0001834c                ldexp
 .text          0x000183d0        0x0 C:/Program Files/Rowley Associates Limited/CrossWorks for ARM 2.0/lib/libc_v4t_a_le.a(__int32_umod.o)
 .text.libc     0x000183d0       0x20 C:/Program Files/Rowley Associates Limited/CrossWorks for ARM 2.0/lib/libc_v4t_a_le.a(__int32_umod.o)
                0x000183d0                __int32_umod
                0x000183d0                __umodsi3
 .text          0x000183f0        0x0 C:/Program Files/Rowley Associates Limited/CrossWorks for ARM 2.0/lib/libc_v4t_a_le.a(__int32_div.o)
 .text.libc     0x000183f0       0x50 C:/Program Files/Rowley Associates Limited/CrossWorks for ARM 2.0/lib/libc_v4t_a_le.a(__int32_div.o)
                0x000183f0                __divsi3
                0x000183f0                __int32_div
 .text          0x00018440        0x0 C:/Program Files/Rowley Associates Limited/CrossWorks for ARM 2.0/lib/libc_v4t_a_le.a(__int32_udivmod.o)
 .text.libc     0x00018440       0x30 C:/Program Files/Rowley Associates Limited/CrossWorks for ARM 2.0/lib/libc_v4t_a_le.a(__int32_udivmod.o)
                0x00018440                __int32_udivmod
                0x00018440                __udivsi3
                0x00018440                __int32_udiv
 .text          0x00018470        0x0 C:/Program Files/Rowley Associates Limited/CrossWorks for ARM 2.0/lib/libc_v4t_a_le.a(strlen.o)
 .text.libc     0x00018470       0x90 C:/Program Files/Rowley Associates Limited/CrossWorks for ARM 2.0/lib/libc_v4t_a_le.a(strlen.o)
                0x00018470                strlen
 .text          0x00018500        0x0 C:/Program Files/Rowley Associates Limited/CrossWorks for ARM 2.0/lib/libc_v4t_a_le.a(memcpy.o)
 .text.libc     0x00018500       0x60 C:/Program Files/Rowley Associates Limited/CrossWorks for ARM 2.0/lib/libc_v4t_a_le.a(memcpy.o)
                0x00018500                memcpy
 .text          0x00018560        0x0 C:/Program Files/Rowley Associates Limited/CrossWorks for ARM 2.0/lib/libc_v4t_a_le.a(memset.o)
 .text.libc     0x00018560       0xa0 C:/Program Files/Rowley Associates Limited/CrossWorks for ARM 2.0/lib/libc_v4t_a_le.a(memset.o)
                0x00018560                memset
 .text          0x00018600        0x0 C:/Program Files/Rowley Associates Limited/CrossWorks for ARM 2.0/lib/libc_v4t_a_le.a(strcpy.o)
 .text.libc     0x00018600       0x60 C:/Program Files/Rowley Associates Limited/CrossWorks for ARM 2.0/lib/libc_v4t_a_le.a(strcpy.o)
                0x00018600                strcpy
 .text          0x00018660        0x0 C:/Program Files/Rowley Associates Limited/CrossWorks for ARM 2.0/lib/libc_v4t_a_le.a(strcmp.o)
 .text.libc     0x00018660       0x70 C:/Program Files/Rowley Associates Limited/CrossWorks for ARM 2.0/lib/libc_v4t_a_le.a(strcmp.o)
                0x00018660                strcmp
 .text          0x000186d0        0x0 C:/Program Files/Rowley Associates Limited/CrossWorks for ARM 2.0/lib/libc_v4t_a_le.a(memcmp.o)
 .text.libc     0x000186d0       0x54 C:/Program Files/Rowley Associates Limited/CrossWorks for ARM 2.0/lib/libc_v4t_a_le.a(memcmp.o)
                0x000186d0                memcmp
 .text          0x00018724        0x0 C:/Program Files/Rowley Associates Limited/CrossWorks for ARM 2.0/lib/libc_v4t_a_le.a(strcat.o)
 .text.libc     0x00018724       0x3c C:/Program Files/Rowley Associates Limited/CrossWorks for ARM 2.0/lib/libc_v4t_a_le.a(strcat.o)
                0x00018724                strcat
 .text          0x00018760        0x0 C:/Program Files/Rowley Associates Limited/CrossWorks for ARM 2.0/lib/libc_v4t_a_le.a(strncmp.o)
 .text.libc     0x00018760       0x64 C:/Program Files/Rowley Associates Limited/CrossWorks for ARM 2.0/lib/libc_v4t_a_le.a(strncmp.o)
                0x00018760                strncmp
 .text          0x000187c4        0x0 C:/Program Files/Rowley Associates Limited/CrossWorks for ARM 2.0/lib/libc_v4t_a_le.a(strncpy.o)
 .text.libc     0x000187c4       0x74 C:/Program Files/Rowley Associates Limited/CrossWorks for ARM 2.0/lib/libc_v4t_a_le.a(strncpy.o)
                0x000187c4                strncpy
 .text          0x00018838        0x0 C:/Program Files/Rowley Associates Limited/CrossWorks for ARM 2.0/lib/libc_v4t_a_le.a(ctype.o)
 .text.libc     0x00018838      0x17c C:/Program Files/Rowley Associates Limited/CrossWorks for ARM 2.0/lib/libc_v4t_a_le.a(ctype.o)
                0x00018838                isalpha
                0x00018854                isupper
                0x00018868                islower
                0x0001887c                isdigit
                0x00018890                isxdigit
                0x000188bc                isspace
                0x000188d4                ispunct
                0x00018910                isalnum
                0x0001893c                isprint
                0x00018950                isgraph
                0x00018964                iscntrl
                0x00018978                tolower
                0x0001898c                toupper
                0x000189a0                isblank
 .text          0x000189b4        0x0 C:/Program Files/Rowley Associates Limited/CrossWorks for ARM 2.0/lib/libc_v4t_a_le.a(malloc.o)
 .text.libc     0x000189b4      0x250 C:/Program Files/Rowley Associates Limited/CrossWorks for ARM 2.0/lib/libc_v4t_a_le.a(malloc.o)
                0x000189b4                free
                0x00018aa8                malloc
                0x00018b8c                realloc
                0x00018bd4                calloc
 .text          0x00018c04        0x0 C:/Program Files/Rowley Associates Limited/CrossWorks for ARM 2.0/lib/libc_v4t_a_le.a(atoi.o)
 .text.libc     0x00018c04       0x38 C:/Program Files/Rowley Associates Limited/CrossWorks for ARM 2.0/lib/libc_v4t_a_le.a(atoi.o)
                0x00018c04                atoi
 .text          0x00018c3c        0x0 C:/Program Files/Rowley Associates Limited/CrossWorks for ARM 2.0/lib/libc_v4t_a_le.a(time.o)
 .text.libc     0x00018c3c      0x75c C:/Program Files/Rowley Associates Limited/CrossWorks for ARM 2.0/lib/libc_v4t_a_le.a(time.o)
                0x00018c3c                difftime
                0x00018c50                checktm
                0x00018e98                mktime
                0x000190e0                localtime_r
                0x000192ec                localtime
                0x0001930c                gmtime_r
                0x00019324                gmtime
                0x00019344                ctime_r
                0x00019374                ctime
 .text          0x00019398        0x0 C:/Program Files/Rowley Associates Limited/CrossWorks for ARM 2.0/lib/libc_v4t_a_le.a(asctime.o)
 .text.libc     0x00019398      0x18c C:/Program Files/Rowley Associates Limited/CrossWorks for ARM 2.0/lib/libc_v4t_a_le.a(asctime.o)
                0x000193c4                asctime_r
                0x0001950c                asctime
 .text          0x00019524        0x0 C:/Program Files/Rowley Associates Limited/CrossWorks for ARM 2.0/lib/libc_v4t_a_le.a(strftime.o)
 .text.libc     0x00019524      0x82c C:/Program Files/Rowley Associates Limited/CrossWorks for ARM 2.0/lib/libc_v4t_a_le.a(strftime.o)
                0x00019cfc                strftime
 .text          0x00019d50        0x0 C:/Program Files/Rowley Associates Limited/CrossWorks for ARM 2.0/lib/libc_v4t_a_le.a(div.o)
 .text.libc     0x00019d50       0x54 C:/Program Files/Rowley Associates Limited/CrossWorks for ARM 2.0/lib/libc_v4t_a_le.a(div.o)
                0x00019d50                div
 .text          0x00019da4        0x0 C:/Program Files/Rowley Associates Limited/CrossWorks for ARM 2.0/lib/libc_v4t_a_le.a(strtol.o)
 .text.libc     0x00019da4       0xd4 C:/Program Files/Rowley Associates Limited/CrossWorks for ARM 2.0/lib/libc_v4t_a_le.a(strtol.o)
                0x00019da4                strtol
 .text          0x00019e78        0x0 C:/Program Files/Rowley Associates Limited/CrossWorks for ARM 2.0/lib/libc_v4t_a_le.a(ldiv.o)
 .text.libc     0x00019e78       0x54 C:/Program Files/Rowley Associates Limited/CrossWorks for ARM 2.0/lib/libc_v4t_a_le.a(ldiv.o)
                0x00019e78                ldiv
 .text          0x00019ecc        0x0 C:/Program Files/Rowley Associates Limited/CrossWorks for ARM 2.0/lib/libc_v4t_a_le.a(__int32_mod.o)
 *fill*         0x00019ecc        0x4 00
 .text.libc     0x00019ed0       0x50 C:/Program Files/Rowley Associates Limited/CrossWorks for ARM 2.0/lib/libc_v4t_a_le.a(__int32_mod.o)
                0x00019ed0                __modsi3
                0x00019ed0                __int32_mod
 .text          0x00019f20        0x0 C:/Program Files/Rowley Associates Limited/CrossWorks for ARM 2.0/lib/libc_v4t_a_le.a(__strtoul.o)
 .text.libc     0x00019f20      0x128 C:/Program Files/Rowley Associates Limited/CrossWorks for ARM 2.0/lib/libc_v4t_a_le.a(__strtoul.o)
                0x00019f20                __strtoul
 .text          0x0001a048        0x0 C:/Program Files/Rowley Associates Limited/CrossWorks for ARM 2.0/lib/libc_v4t_a_le.a(__digit.o)
 .text.libc     0x0001a048       0x54 C:/Program Files/Rowley Associates Limited/CrossWorks for ARM 2.0/lib/libc_v4t_a_le.a(__digit.o)
                0x0001a048                __digit
 .text          0x0001a09c        0x0 C:/Program Files/Rowley Associates Limited/CrossWorks for ARM 2.0/lib/libc_targetio_impl_v4t_a_le.a(putchar.o)
 .text.libc     0x0001a09c       0x2c C:/Program Files/Rowley Associates Limited/CrossWorks for ARM 2.0/lib/libc_targetio_impl_v4t_a_le.a(putchar.o)
                0x0001a09c                putchar
 .text          0x0001a0c8        0x0 C:/Program Files/Rowley Associates Limited/CrossWorks for ARM 2.0/lib/libc_user_libc_v4t_a_le.a(user_libc.o)
 .text.libc     0x0001a0c8       0x2c C:/Program Files/Rowley Associates Limited/CrossWorks for ARM 2.0/lib/libc_user_libc_v4t_a_le.a(user_libc.o)
                0x0001a0c8                __errno
                0x0001a0d4                __heap_lock
                0x0001a0d8                __heap_unlock
                0x0001a0dc                __printf_lock
                0x0001a0e0                __printf_unlock
                0x0001a0e4                __scanf_lock
                0x0001a0e8                __scanf_unlock
                0x0001a0ec                __debug_io_lock
                0x0001a0f0                __debug_io_unlock
                0x0001a0f4                __text_end__ = (__text_start__ + SIZEOF (.text))
                0x0001a0f4                __text_load_end__ = __text_end__

.vfp11_veneer   0x00000000        0x0
 .vfp11_veneer  0x00000000        0x0 linker stubs

.v4_bx          0x00000000        0x0
 .v4_bx         0x00000000        0x0 linker stubs
                0x00000001                . = ASSERT (((__text_end__ >= __FLASH_segment_start__) && (__text_end__ <= (__FLASH_segment_start__ + 0x80000))), error: .text is too large to fit in FLASH memory segment)
                0x0001a0f4                __dtors_load_start__ = ALIGN (__text_end__, 0x4)

.dtors          0x0001a0f4        0x0
                0x0001a0f4                __dtors_start__ = .
 *(SORT(.dtors.*))
 *(.dtors)
                0x0001a0f4                __dtors_end__ = (__dtors_start__ + SIZEOF (.dtors))
                0x0001a0f4                __dtors_load_end__ = __dtors_end__
                0x00000001                . = ASSERT (((__dtors_end__ >= __FLASH_segment_start__) && (__dtors_end__ <= (__FLASH_segment_start__ + 0x80000))), error: .dtors is too large to fit in FLASH memory segment)
                0x0001a0f4                __ctors_load_start__ = ALIGN (__dtors_end__, 0x4)

.ctors          0x0001a0f4        0x0
                0x0001a0f4                __ctors_start__ = .
 *(SORT(.ctors.*))
 *(.ctors)
                0x0001a0f4                __ctors_end__ = (__ctors_start__ + SIZEOF (.ctors))
                0x0001a0f4                __ctors_load_end__ = __ctors_end__
                0x00000001                . = ASSERT (((__ctors_end__ >= __FLASH_segment_start__) && (__ctors_end__ <= (__FLASH_segment_start__ + 0x80000))), error: .ctors is too large to fit in FLASH memory segment)
                0x0001a0f4                __rodata_load_start__ = ALIGN (__ctors_end__, 0x4)

.rodata         0x0001a0f4     0x21c8
                0x0001a0f4                __rodata_start__ = .
 *(.rodata .rodata.* .gnu.linkonce.r.*)
 .rodata        0x0001a0f4        0x8 ARM Flash Debug/main.o
 .rodata        0x0001a0fc      0x1a0 ARM Flash Debug/i2c.o
 .rodata        0x0001a29c        0xc ARM Flash Debug/i2cInt.o
 .rodata        0x0001a2a8       0x90 ARM Flash Debug/usbser.o
 .rodata        0x0001a338      0x2b4 ARM Flash Debug/beep.o
 .rodata        0x0001a5ec       0x10 ARM Flash Debug/args.o
 .rodata        0x0001a5fc       0x84 ARM Flash Debug/argsdispatch.o
 .rodata        0x0001a680     0x1270 ARM Flash Debug/monitor.o
 .rodata        0x0001b8f0        0x8 ARM Flash Debug/printf-stdarg.o
 .rodata        0x0001b8f8        0x4 ARM Flash Debug/leds.o
 .rodata        0x0001b8fc        0x8 ARM Flash Debug/tcs3414.o
 .rodata        0x0001b904      0x224 ARM Flash Debug/mmc.o
 .rodata        0x0001bb28       0xb0 ARM Flash Debug/logging.o
 .rodata        0x0001bbd8      0x1d8 ARM Flash Debug/meas_sm.o
 .rodata        0x0001bdb0       0x10 ARM Flash Debug/meas_task.o
 .rodata        0x0001bdc0        0x2 ARM Flash Debug/heap_2.o
 *fill*         0x0001bdc2        0x2 00
 .rodata        0x0001bdc4       0x34 ARM Flash Debug/tasks.o
 .rodata        0x0001bdf8       0x7c ARM Flash Debug/disk.o
 .rodata        0x0001be74      0x168 ARM Flash Debug/ff.o
 .rodata.libc   0x0001bfdc       0x28 C:/Program Files/Rowley Associates Limited/CrossWorks for ARM 2.0/lib/libm_v4t_a_le.a(log.o)
 .rodata.libc   0x0001c004        0x8 C:/Program Files/Rowley Associates Limited/CrossWorks for ARM 2.0/lib/libm_v4t_a_le.a(__float64_infinity.o)
                0x0001c004                __float64_infinity
 .rodata.libc   0x0001c00c        0x8 C:/Program Files/Rowley Associates Limited/CrossWorks for ARM 2.0/lib/libm_v4t_a_le.a(__float64_nan.o)
                0x0001c00c                __float64_nan
 .rodata.libc   0x0001c014       0x84 C:/Program Files/Rowley Associates Limited/CrossWorks for ARM 2.0/lib/libc_v4t_a_le.a(ctype.o)
                0x0001c014                __ctype
 .rodata.libc   0x0001c098       0x68 C:/Program Files/Rowley Associates Limited/CrossWorks for ARM 2.0/lib/libc_v4t_a_le.a(time.o)
 .rodata.libc   0x0001c100       0x4c C:/Program Files/Rowley Associates Limited/CrossWorks for ARM 2.0/lib/libc_v4t_a_le.a(asctime.o)
 .rodata.libc   0x0001c14c       0x4c C:/Program Files/Rowley Associates Limited/CrossWorks for ARM 2.0/lib/libc_v4t_a_le.a(strftime.o)
 .rodata.libc.str1.4
                0x0001c198      0x124 C:/Program Files/Rowley Associates Limited/CrossWorks for ARM 2.0/lib/libc_v4t_a_le.a(strftime.o)
                                0x130 (size before relaxing)
                0x0001c2bc                __rodata_end__ = (__rodata_start__ + SIZEOF (.rodata))
                0x0001c2bc                __rodata_load_end__ = __rodata_end__
                0x00000001                . = ASSERT (((__rodata_end__ >= __FLASH_segment_start__) && (__rodata_end__ <= (__FLASH_segment_start__ + 0x80000))), error: .rodata is too large to fit in FLASH memory segment)
                0x0001c2bc                __fast_load_start__ = ALIGN (__rodata_end__, 0x4)

.fast           0x4000003c        0x0 load address 0x0001c2bc
                0x4000003c                __fast_start__ = .
 *(.fast .fast.*)
                0x4000003c                __fast_end__ = (__fast_start__ + SIZEOF (.fast))
                0x0001c2bc                __fast_load_end__ = (__fast_load_start__ + SIZEOF (.fast))
                0x00000001                . = ASSERT ((((__fast_load_start__ + SIZEOF (.fast)) >= __FLASH_segment_start__) && ((__fast_load_start__ + SIZEOF (.fast)) <= (__FLASH_segment_start__ + 0x80000))), error: .fast is too large to fit in FLASH memory segment)

.fast_run       0x4000003c        0x0
                0x4000003c                __fast_run_start__ = .
                0x4000003c                . = MAX ((__fast_run_start__ + SIZEOF (.fast)), .)
                0x4000003c                __fast_run_end__ = (__fast_run_start__ + SIZEOF (.fast_run))
                0x4000003c                __fast_run_load_end__ = __fast_run_end__
                0x00000001                . = ASSERT (((__fast_run_end__ >= __SRAM_segment_start__) && (__fast_run_end__ <= (__SRAM_segment_start__ + 0x8000))), error: .fast_run is too large to fit in SRAM memory segment)
                0x0001c2bc                __data_load_start__ = ALIGN ((__fast_load_start__ + SIZEOF (.fast)), 0x4)

.data           0x4000003c      0x130 load address 0x0001c2bc
                0x4000003c                __data_start__ = .
 *(.data .data.* .gnu.linkonce.d.*)
 .data          0x4000003c       0x10 ARM Flash Debug/main.o
 .data          0x4000004c        0x0 ARM Flash Debug/adc.o
 .data          0x4000004c        0x0 ARM Flash Debug/cpu.o
 .data          0x4000004c       0xb0 ARM Flash Debug/i2c.o
 .data          0x400000fc        0x4 ARM Flash Debug/i2cInt.o
 .data          0x40000100        0x8 ARM Flash Debug/pwm.o
 .data          0x40000108        0x0 ARM Flash Debug/spi.o
 .data          0x40000108        0x8 ARM Flash Debug/uart0.o
 .data          0x40000110        0x0 ARM Flash Debug/uart0ISR.o
 .data          0x40000110        0x8 ARM Flash Debug/uart1.o
 .data          0x40000118        0x0 ARM Flash Debug/uart1ISR.o
 .data          0x40000118        0x0 ARM Flash Debug/usbcontrol.o
 .data          0x40000118        0x0 ARM Flash Debug/usbinit.o
 .data          0x40000118        0x0 ARM Flash Debug/usbISR.o
 .data          0x40000118        0x0 ARM Flash Debug/usbstdreq.o
 .data          0x40000118        0x8 ARM Flash Debug/usbser.o
 .data          0x40000120        0x0 ARM Flash Debug/rtc.o
 .data          0x40000120        0x0 ARM Flash Debug/rtcISR.o
 .data          0x40000120        0x0 ARM Flash Debug/reset.o
 .data          0x40000120        0x0 ARM Flash Debug/eint0.o
 .data          0x40000120        0x0 ARM Flash Debug/eint0ISR.o
 .data          0x40000120        0x0 ARM Flash Debug/eint2.o
 .data          0x40000120        0x0 ARM Flash Debug/eint2ISR.o
 .data          0x40000120        0x0 ARM Flash Debug/eint3.o
 .data          0x40000120        0x8 ARM Flash Debug/eint3ISR.o
 .data          0x40000128        0x0 ARM Flash Debug/eint1.o
 .data          0x40000128        0x0 ARM Flash Debug/eint1ISR.o
 .data          0x40000128        0x0 ARM Flash Debug/beep.o
 .data          0x40000128        0x8 ARM Flash Debug/timer.o
 .data          0x40000130        0x0 ARM Flash Debug/dac.o
 .data          0x40000130        0x0 ARM Flash Debug/args.o
 .data          0x40000130        0x0 ARM Flash Debug/argsdispatch.o
 .data          0x40000130        0x0 ARM Flash Debug/monitor.o
 .data          0x40000130        0x0 ARM Flash Debug/printf-stdarg.o
 .data          0x40000130        0x8 ARM Flash Debug/leds.o
 .data          0x40000138        0x1 ARM Flash Debug/tcs3414.o
 .data          0x40000139        0x0 ARM Flash Debug/mmc.o
 .data          0x40000139        0x0 ARM Flash Debug/ssp.o
 .data          0x40000139        0x0 ARM Flash Debug/Lcd204_4.o
 *fill*         0x40000139        0x3 00
 .data          0x4000013c        0x8 ARM Flash Debug/logging.o
 .data          0x40000144       0x10 ARM Flash Debug/meas_sm.o
 .data          0x40000154        0x8 ARM Flash Debug/meas_task.o
 .data          0x4000015c        0x0 ARM Flash Debug/crt0.o
 .data          0x4000015c        0x0 ARM Flash Debug/Philips_LPC210X_Startup.o
 .data          0x4000015c        0x0 ARM Flash Debug/LPC210x.o
 .data          0x4000015c        0x0 ARM Flash Debug/VIC.o
 .data          0x4000015c        0x0 ARM Flash Debug/VIC_irq_handler.o
 .data          0x4000015c        0x4 ARM Flash Debug/portISR.o
                0x4000015c                ulCriticalNesting
 .data          0x40000160        0x0 ARM Flash Debug/port.o
 .data          0x40000160        0x0 ARM Flash Debug/heap_2.o
 .data          0x40000160        0x4 ARM Flash Debug/tasks.o
                0x40000160                uxPreviousTask
 .data          0x40000164        0x0 ARM Flash Debug/queue.o
 .data          0x40000164        0x0 ARM Flash Debug/list.o
 .data          0x40000164        0x1 ARM Flash Debug/disk.o
 .data          0x40000165        0x0 ARM Flash Debug/ff.o
 .data          0x40000165        0x0 C:/Users/lukas/AppData/Local/Rowley Associates Limited/CrossWorks for ARM/packages/lib/liblpc2000_v4t_a_le.a(liblpc2000_lpc21xx_get_cclk.o)
 .data          0x40000165        0x0 C:/Users/lukas/AppData/Local/Rowley Associates Limited/CrossWorks for ARM/packages/lib/liblpc2000_v4t_a_le.a(liblpc2000_lpc21xx_get_pclk.o)
 .data          0x40000165        0x0 C:/Program Files/Rowley Associates Limited/CrossWorks for ARM 2.0/lib/libm_v4t_a_le.a(__int32_to_float32.o)
 .data          0x40000165        0x0 C:/Program Files/Rowley Associates Limited/CrossWorks for ARM 2.0/lib/libm_v4t_a_le.a(__int32_to_float64.o)
 .data          0x40000165        0x0 C:/Program Files/Rowley Associates Limited/CrossWorks for ARM 2.0/lib/libm_v4t_a_le.a(__uint32_to_float32.o)
 .data          0x40000165        0x0 C:/Program Files/Rowley Associates Limited/CrossWorks for ARM 2.0/lib/libm_v4t_a_le.a(__float32_to_int32.o)
 .data          0x40000165        0x0 C:/Program Files/Rowley Associates Limited/CrossWorks for ARM 2.0/lib/libm_v4t_a_le.a(__float32_to_uint32.o)
 .data          0x40000165        0x0 C:/Program Files/Rowley Associates Limited/CrossWorks for ARM 2.0/lib/libm_v4t_a_le.a(__float64_to_int32.o)
 .data          0x40000165        0x0 C:/Program Files/Rowley Associates Limited/CrossWorks for ARM 2.0/lib/libm_v4t_a_le.a(__float32_to_float64.o)
 .data          0x40000165        0x0 C:/Program Files/Rowley Associates Limited/CrossWorks for ARM 2.0/lib/libm_v4t_a_le.a(__float64_to_float32.o)
 .data          0x40000165        0x0 C:/Program Files/Rowley Associates Limited/CrossWorks for ARM 2.0/lib/libm_v4t_a_le.a(__float32_mul.o)
 .data          0x40000165        0x0 C:/Program Files/Rowley Associates Limited/CrossWorks for ARM 2.0/lib/libm_v4t_a_le.a(__float64_add.o)
 .data          0x40000165        0x0 C:/Program Files/Rowley Associates Limited/CrossWorks for ARM 2.0/lib/libm_v4t_a_le.a(__float64_mul.o)
 .data          0x40000165        0x0 C:/Program Files/Rowley Associates Limited/CrossWorks for ARM 2.0/lib/libm_v4t_a_le.a(__float64_div.o)
 .data          0x40000165        0x0 C:/Program Files/Rowley Associates Limited/CrossWorks for ARM 2.0/lib/libm_v4t_a_le.a(log.o)
 .data          0x40000165        0x0 C:/Program Files/Rowley Associates Limited/CrossWorks for ARM 2.0/lib/libm_v4t_a_le.a(__float64_cmp.o)
 .data          0x40000165        0x0 C:/Program Files/Rowley Associates Limited/CrossWorks for ARM 2.0/lib/libm_v4t_a_le.a(__float64_isnan.o)
 .data          0x40000165        0x0 C:/Program Files/Rowley Associates Limited/CrossWorks for ARM 2.0/lib/libm_v4t_a_le.a(__float64_infinity.o)
 .data          0x40000165        0x0 C:/Program Files/Rowley Associates Limited/CrossWorks for ARM 2.0/lib/libm_v4t_a_le.a(__float64_nan.o)
 .data          0x40000165        0x0 C:/Program Files/Rowley Associates Limited/CrossWorks for ARM 2.0/lib/libm_v4t_a_le.a(__poly1_eval.o)
 .data          0x40000165        0x0 C:/Program Files/Rowley Associates Limited/CrossWorks for ARM 2.0/lib/libm_v4t_a_le.a(__poly_eval.o)
 .data          0x40000165        0x0 C:/Program Files/Rowley Associates Limited/CrossWorks for ARM 2.0/lib/libm_v4t_a_le.a(frexp.o)
 .data          0x40000165        0x0 C:/Program Files/Rowley Associates Limited/CrossWorks for ARM 2.0/lib/libm_v4t_a_le.a(ldexp.o)
 .data          0x40000165        0x0 C:/Program Files/Rowley Associates Limited/CrossWorks for ARM 2.0/lib/libc_v4t_a_le.a(__int32_umod.o)
 .data          0x40000165        0x0 C:/Program Files/Rowley Associates Limited/CrossWorks for ARM 2.0/lib/libc_v4t_a_le.a(__int32_div.o)
 .data          0x40000165        0x0 C:/Program Files/Rowley Associates Limited/CrossWorks for ARM 2.0/lib/libc_v4t_a_le.a(__int32_udivmod.o)
 .data          0x40000165        0x0 C:/Program Files/Rowley Associates Limited/CrossWorks for ARM 2.0/lib/libc_v4t_a_le.a(strlen.o)
 .data          0x40000165        0x0 C:/Program Files/Rowley Associates Limited/CrossWorks for ARM 2.0/lib/libc_v4t_a_le.a(memcpy.o)
 .data          0x40000165        0x0 C:/Program Files/Rowley Associates Limited/CrossWorks for ARM 2.0/lib/libc_v4t_a_le.a(memset.o)
 .data          0x40000165        0x0 C:/Program Files/Rowley Associates Limited/CrossWorks for ARM 2.0/lib/libc_v4t_a_le.a(strcpy.o)
 .data          0x40000165        0x0 C:/Program Files/Rowley Associates Limited/CrossWorks for ARM 2.0/lib/libc_v4t_a_le.a(strcmp.o)
 .data          0x40000165        0x0 C:/Program Files/Rowley Associates Limited/CrossWorks for ARM 2.0/lib/libc_v4t_a_le.a(memcmp.o)
 .data          0x40000165        0x0 C:/Program Files/Rowley Associates Limited/CrossWorks for ARM 2.0/lib/libc_v4t_a_le.a(strcat.o)
 .data          0x40000165        0x0 C:/Program Files/Rowley Associates Limited/CrossWorks for ARM 2.0/lib/libc_v4t_a_le.a(strncmp.o)
 .data          0x40000165        0x0 C:/Program Files/Rowley Associates Limited/CrossWorks for ARM 2.0/lib/libc_v4t_a_le.a(strncpy.o)
 .data          0x40000165        0x0 C:/Program Files/Rowley Associates Limited/CrossWorks for ARM 2.0/lib/libc_v4t_a_le.a(ctype.o)
 .data          0x40000165        0x0 C:/Program Files/Rowley Associates Limited/CrossWorks for ARM 2.0/lib/libc_v4t_a_le.a(malloc.o)
 *fill*         0x40000165        0x3 00
 .data.libc     0x40000168        0x4 C:/Program Files/Rowley Associates Limited/CrossWorks for ARM 2.0/lib/libc_v4t_a_le.a(malloc.o)
 .data          0x4000016c        0x0 C:/Program Files/Rowley Associates Limited/CrossWorks for ARM 2.0/lib/libc_v4t_a_le.a(atoi.o)
 .data          0x4000016c        0x0 C:/Program Files/Rowley Associates Limited/CrossWorks for ARM 2.0/lib/libc_v4t_a_le.a(time.o)
 .data          0x4000016c        0x0 C:/Program Files/Rowley Associates Limited/CrossWorks for ARM 2.0/lib/libc_v4t_a_le.a(asctime.o)
 .data          0x4000016c        0x0 C:/Program Files/Rowley Associates Limited/CrossWorks for ARM 2.0/lib/libc_v4t_a_le.a(strftime.o)
 .data          0x4000016c        0x0 C:/Program Files/Rowley Associates Limited/CrossWorks for ARM 2.0/lib/libc_v4t_a_le.a(div.o)
 .data          0x4000016c        0x0 C:/Program Files/Rowley Associates Limited/CrossWorks for ARM 2.0/lib/libc_v4t_a_le.a(strtol.o)
 .data          0x4000016c        0x0 C:/Program Files/Rowley Associates Limited/CrossWorks for ARM 2.0/lib/libc_v4t_a_le.a(ldiv.o)
 .data          0x4000016c        0x0 C:/Program Files/Rowley Associates Limited/CrossWorks for ARM 2.0/lib/libc_v4t_a_le.a(__int32_mod.o)
 .data          0x4000016c        0x0 C:/Program Files/Rowley Associates Limited/CrossWorks for ARM 2.0/lib/libc_v4t_a_le.a(__strtoul.o)
 .data          0x4000016c        0x0 C:/Program Files/Rowley Associates Limited/CrossWorks for ARM 2.0/lib/libc_v4t_a_le.a(__digit.o)
 .data          0x4000016c        0x0 C:/Program Files/Rowley Associates Limited/CrossWorks for ARM 2.0/lib/libc_targetio_impl_v4t_a_le.a(putchar.o)
 .data          0x4000016c        0x0 C:/Program Files/Rowley Associates Limited/CrossWorks for ARM 2.0/lib/libc_user_libc_v4t_a_le.a(user_libc.o)
                0x4000016c                __data_end__ = (__data_start__ + SIZEOF (.data))
                0x0001c3ec                __data_load_end__ = (__data_load_start__ + SIZEOF (.data))
                0x00000001                . = ASSERT ((((__data_load_start__ + SIZEOF (.data)) >= __FLASH_segment_start__) && ((__data_load_start__ + SIZEOF (.data)) <= (__FLASH_segment_start__ + 0x80000))), error: .data is too large to fit in FLASH memory segment)

.data_run       0x4000003c      0x130 load address 0x0001c2bc
                0x4000003c                __data_run_start__ = .
                0x4000016c                . = MAX ((__data_run_start__ + SIZEOF (.data)), .)
 *fill*         0x4000003c      0x130 00
                0x4000016c                __data_run_end__ = (__data_run_start__ + SIZEOF (.data_run))
                0x4000016c                __data_run_load_end__ = __data_run_end__
                0x00000001                . = ASSERT (((__data_run_end__ >= __SRAM_segment_start__) && (__data_run_end__ <= (__SRAM_segment_start__ + 0x8000))), error: .data_run is too large to fit in SRAM memory segment)
                0x4000016c                __bss_load_start__ = ALIGN (__data_run_end__, 0x4)

.bss            0x4000016c     0x5448
                0x4000016c                __bss_start__ = .
 *(.bss .bss.* .gnu.linkonce.b.*)
 .bss           0x4000016c       0x2c ARM Flash Debug/main.o
 .bss           0x40000198        0x0 ARM Flash Debug/adc.o
 .bss           0x40000198        0x0 ARM Flash Debug/cpu.o
 .bss           0x40000198        0x4 ARM Flash Debug/i2c.o
                0x40000198                i2cErrno
 .bss           0x4000019c       0x60 ARM Flash Debug/i2cInt.o
 .bss           0x400001fc        0x0 ARM Flash Debug/pwm.o
 .bss           0x400001fc        0x0 ARM Flash Debug/spi.o
 .bss           0x400001fc        0xc ARM Flash Debug/uart0.o
 .bss           0x40000208        0xc ARM Flash Debug/uart0ISR.o
 .bss           0x40000214        0xc ARM Flash Debug/uart1.o
 .bss           0x40000220        0xc ARM Flash Debug/uart1ISR.o
 .bss           0x4000022c       0x34 ARM Flash Debug/usbcontrol.o
 .bss           0x40000260        0x8 ARM Flash Debug/usbinit.o
 .bss           0x40000268       0x48 ARM Flash Debug/usbISR.o
 .bss           0x400002b0        0xc ARM Flash Debug/usbstdreq.o
 .bss           0x400002bc       0x58 ARM Flash Debug/usbser.o
 .bss           0x40000314        0x0 ARM Flash Debug/rtc.o
 .bss           0x40000314        0x4 ARM Flash Debug/rtcISR.o
 .bss           0x40000318        0x0 ARM Flash Debug/reset.o
 .bss           0x40000318        0x0 ARM Flash Debug/eint0.o
 .bss           0x40000318        0x0 ARM Flash Debug/eint0ISR.o
 .bss           0x40000318        0x0 ARM Flash Debug/eint2.o
 .bss           0x40000318        0x0 ARM Flash Debug/eint2ISR.o
 .bss           0x40000318        0x0 ARM Flash Debug/eint3.o
 .bss           0x40000318       0x2c ARM Flash Debug/eint3ISR.o
                0x40000340                count
 .bss           0x40000344        0x0 ARM Flash Debug/eint1.o
 .bss           0x40000344        0x0 ARM Flash Debug/eint1ISR.o
 .bss           0x40000344        0x0 ARM Flash Debug/beep.o
 .bss           0x40000344        0x4 ARM Flash Debug/timer.o
 .bss           0x40000348        0x0 ARM Flash Debug/dac.o
 .bss           0x40000348        0x0 ARM Flash Debug/args.o
 .bss           0x40000348        0x0 ARM Flash Debug/argsdispatch.o
 .bss           0x40000348      0x3d8 ARM Flash Debug/monitor.o
                0x40000590                activeCommandList
 .bss           0x40000720        0x0 ARM Flash Debug/printf-stdarg.o
 .bss           0x40000720        0x0 ARM Flash Debug/leds.o
 .bss           0x40000720        0x1 ARM Flash Debug/tcs3414.o
 *fill*         0x40000721        0x3 00
 .bss           0x40000724       0x2c ARM Flash Debug/mmc.o
 .bss           0x40000750        0x0 ARM Flash Debug/ssp.o
 .bss           0x40000750        0x0 ARM Flash Debug/Lcd204_4.o
 .bss           0x40000750      0x258 ARM Flash Debug/logging.o
 .bss           0x400009a8       0x2c ARM Flash Debug/meas_sm.o
 .bss           0x400009d4       0x1c ARM Flash Debug/meas_task.o
 .bss           0x400009f0        0x0 ARM Flash Debug/crt0.o
 .bss           0x400009f0        0x0 ARM Flash Debug/Philips_LPC210X_Startup.o
 .bss           0x400009f0        0x4 ARM Flash Debug/LPC210x.o
 .bss           0x400009f4       0x80 ARM Flash Debug/VIC.o
 .bss           0x40000a74        0x0 ARM Flash Debug/VIC_irq_handler.o
 .bss           0x40000a74        0x0 ARM Flash Debug/portISR.o
 .bss           0x40000a74        0x0 ARM Flash Debug/port.o
 .bss           0x40000a74     0x4018 ARM Flash Debug/heap_2.o
 .bss           0x40004a8c       0x34 ARM Flash Debug/tasks.o
                0x40004a8c                pxCurrentTCB
                0x40004a90                uxTasksDeleted
                0x40004a94                uxCurrentNumberOfTasks
                0x40004a98                xTickCount
                0x40004a9c                uxTopUsedPriority
                0x40004aa0                uxTopReadyPriority
                0x40004aa4                xSchedulerRunning
                0x40004aa8                uxSchedulerSuspended
                0x40004aac                uxMissedTicks
                0x40004ab0                xMissedYield
                0x40004ab4                xNumOfOverflows
                0x40004ab8                uxTaskNumber
                0x40004abc                xTracing
 .bss           0x40004ac0        0x0 ARM Flash Debug/queue.o
 .bss           0x40004ac0        0x0 ARM Flash Debug/list.o
 .bss           0x40004ac0        0xc ARM Flash Debug/disk.o
 .bss           0x40004acc        0x8 ARM Flash Debug/ff.o
 .bss           0x40004ad4        0x0 C:/Users/lukas/AppData/Local/Rowley Associates Limited/CrossWorks for ARM/packages/lib/liblpc2000_v4t_a_le.a(liblpc2000_lpc21xx_get_cclk.o)
 .bss           0x40004ad4        0x0 C:/Users/lukas/AppData/Local/Rowley Associates Limited/CrossWorks for ARM/packages/lib/liblpc2000_v4t_a_le.a(liblpc2000_lpc21xx_get_pclk.o)
 .bss           0x40004ad4        0x0 C:/Program Files/Rowley Associates Limited/CrossWorks for ARM 2.0/lib/libm_v4t_a_le.a(__int32_to_float32.o)
 .bss           0x40004ad4        0x0 C:/Program Files/Rowley Associates Limited/CrossWorks for ARM 2.0/lib/libm_v4t_a_le.a(__int32_to_float64.o)
 .bss           0x40004ad4        0x0 C:/Program Files/Rowley Associates Limited/CrossWorks for ARM 2.0/lib/libm_v4t_a_le.a(__uint32_to_float32.o)
 .bss           0x40004ad4        0x0 C:/Program Files/Rowley Associates Limited/CrossWorks for ARM 2.0/lib/libm_v4t_a_le.a(__float32_to_int32.o)
 .bss           0x40004ad4        0x0 C:/Program Files/Rowley Associates Limited/CrossWorks for ARM 2.0/lib/libm_v4t_a_le.a(__float32_to_uint32.o)
 .bss           0x40004ad4        0x0 C:/Program Files/Rowley Associates Limited/CrossWorks for ARM 2.0/lib/libm_v4t_a_le.a(__float64_to_int32.o)
 .bss           0x40004ad4        0x0 C:/Program Files/Rowley Associates Limited/CrossWorks for ARM 2.0/lib/libm_v4t_a_le.a(__float32_to_float64.o)
 .bss           0x40004ad4        0x0 C:/Program Files/Rowley Associates Limited/CrossWorks for ARM 2.0/lib/libm_v4t_a_le.a(__float64_to_float32.o)
 .bss           0x40004ad4        0x0 C:/Program Files/Rowley Associates Limited/CrossWorks for ARM 2.0/lib/libm_v4t_a_le.a(__float32_mul.o)
 .bss           0x40004ad4        0x0 C:/Program Files/Rowley Associates Limited/CrossWorks for ARM 2.0/lib/libm_v4t_a_le.a(__float64_add.o)
 .bss           0x40004ad4        0x0 C:/Program Files/Rowley Associates Limited/CrossWorks for ARM 2.0/lib/libm_v4t_a_le.a(__float64_mul.o)
 .bss           0x40004ad4        0x0 C:/Program Files/Rowley Associates Limited/CrossWorks for ARM 2.0/lib/libm_v4t_a_le.a(__float64_div.o)
 .bss           0x40004ad4        0x0 C:/Program Files/Rowley Associates Limited/CrossWorks for ARM 2.0/lib/libm_v4t_a_le.a(log.o)
 .bss           0x40004ad4        0x0 C:/Program Files/Rowley Associates Limited/CrossWorks for ARM 2.0/lib/libm_v4t_a_le.a(__float64_cmp.o)
 .bss           0x40004ad4        0x0 C:/Program Files/Rowley Associates Limited/CrossWorks for ARM 2.0/lib/libm_v4t_a_le.a(__float64_isnan.o)
 .bss           0x40004ad4        0x0 C:/Program Files/Rowley Associates Limited/CrossWorks for ARM 2.0/lib/libm_v4t_a_le.a(__float64_infinity.o)
 .bss           0x40004ad4        0x0 C:/Program Files/Rowley Associates Limited/CrossWorks for ARM 2.0/lib/libm_v4t_a_le.a(__float64_nan.o)
 .bss           0x40004ad4        0x0 C:/Program Files/Rowley Associates Limited/CrossWorks for ARM 2.0/lib/libm_v4t_a_le.a(__poly1_eval.o)
 .bss           0x40004ad4        0x0 C:/Program Files/Rowley Associates Limited/CrossWorks for ARM 2.0/lib/libm_v4t_a_le.a(__poly_eval.o)
 .bss           0x40004ad4        0x0 C:/Program Files/Rowley Associates Limited/CrossWorks for ARM 2.0/lib/libm_v4t_a_le.a(frexp.o)
 .bss           0x40004ad4        0x0 C:/Program Files/Rowley Associates Limited/CrossWorks for ARM 2.0/lib/libm_v4t_a_le.a(ldexp.o)
 .bss           0x40004ad4        0x0 C:/Program Files/Rowley Associates Limited/CrossWorks for ARM 2.0/lib/libc_v4t_a_le.a(__int32_umod.o)
 .bss           0x40004ad4        0x0 C:/Program Files/Rowley Associates Limited/CrossWorks for ARM 2.0/lib/libc_v4t_a_le.a(__int32_div.o)
 .bss           0x40004ad4        0x0 C:/Program Files/Rowley Associates Limited/CrossWorks for ARM 2.0/lib/libc_v4t_a_le.a(__int32_udivmod.o)
 .bss           0x40004ad4        0x0 C:/Program Files/Rowley Associates Limited/CrossWorks for ARM 2.0/lib/libc_v4t_a_le.a(strlen.o)
 .bss           0x40004ad4        0x0 C:/Program Files/Rowley Associates Limited/CrossWorks for ARM 2.0/lib/libc_v4t_a_le.a(memcpy.o)
 .bss           0x40004ad4        0x0 C:/Program Files/Rowley Associates Limited/CrossWorks for ARM 2.0/lib/libc_v4t_a_le.a(memset.o)
 .bss           0x40004ad4        0x0 C:/Program Files/Rowley Associates Limited/CrossWorks for ARM 2.0/lib/libc_v4t_a_le.a(strcpy.o)
 .bss           0x40004ad4        0x0 C:/Program Files/Rowley Associates Limited/CrossWorks for ARM 2.0/lib/libc_v4t_a_le.a(strcmp.o)
 .bss           0x40004ad4        0x0 C:/Program Files/Rowley Associates Limited/CrossWorks for ARM 2.0/lib/libc_v4t_a_le.a(memcmp.o)
 .bss           0x40004ad4        0x0 C:/Program Files/Rowley Associates Limited/CrossWorks for ARM 2.0/lib/libc_v4t_a_le.a(strcat.o)
 .bss           0x40004ad4        0x0 C:/Program Files/Rowley Associates Limited/CrossWorks for ARM 2.0/lib/libc_v4t_a_le.a(strncmp.o)
 .bss           0x40004ad4        0x0 C:/Program Files/Rowley Associates Limited/CrossWorks for ARM 2.0/lib/libc_v4t_a_le.a(strncpy.o)
 .bss           0x40004ad4        0x0 C:/Program Files/Rowley Associates Limited/CrossWorks for ARM 2.0/lib/libc_v4t_a_le.a(ctype.o)
 .bss           0x40004ad4        0x0 C:/Program Files/Rowley Associates Limited/CrossWorks for ARM 2.0/lib/libc_v4t_a_le.a(malloc.o)
 .bss           0x40004ad4        0x0 C:/Program Files/Rowley Associates Limited/CrossWorks for ARM 2.0/lib/libc_v4t_a_le.a(atoi.o)
 .bss           0x40004ad4        0x0 C:/Program Files/Rowley Associates Limited/CrossWorks for ARM 2.0/lib/libc_v4t_a_le.a(time.o)
 .bss.libc      0x40004ad4       0x24 C:/Program Files/Rowley Associates Limited/CrossWorks for ARM 2.0/lib/libc_v4t_a_le.a(time.o)
 .bss           0x40004af8        0x0 C:/Program Files/Rowley Associates Limited/CrossWorks for ARM 2.0/lib/libc_v4t_a_le.a(asctime.o)
 .bss.libc      0x40004af8       0x1c C:/Program Files/Rowley Associates Limited/CrossWorks for ARM 2.0/lib/libc_v4t_a_le.a(asctime.o)
 .bss           0x40004b14        0x0 C:/Program Files/Rowley Associates Limited/CrossWorks for ARM 2.0/lib/libc_v4t_a_le.a(strftime.o)
 .bss           0x40004b14        0x0 C:/Program Files/Rowley Associates Limited/CrossWorks for ARM 2.0/lib/libc_v4t_a_le.a(div.o)
 .bss           0x40004b14        0x0 C:/Program Files/Rowley Associates Limited/CrossWorks for ARM 2.0/lib/libc_v4t_a_le.a(strtol.o)
 .bss           0x40004b14        0x0 C:/Program Files/Rowley Associates Limited/CrossWorks for ARM 2.0/lib/libc_v4t_a_le.a(ldiv.o)
 .bss           0x40004b14        0x0 C:/Program Files/Rowley Associates Limited/CrossWorks for ARM 2.0/lib/libc_v4t_a_le.a(__int32_mod.o)
 .bss           0x40004b14        0x0 C:/Program Files/Rowley Associates Limited/CrossWorks for ARM 2.0/lib/libc_v4t_a_le.a(__strtoul.o)
 .bss           0x40004b14        0x0 C:/Program Files/Rowley Associates Limited/CrossWorks for ARM 2.0/lib/libc_v4t_a_le.a(__digit.o)
 .bss           0x40004b14        0x0 C:/Program Files/Rowley Associates Limited/CrossWorks for ARM 2.0/lib/libc_targetio_impl_v4t_a_le.a(putchar.o)
 .bss           0x40004b14        0x0 C:/Program Files/Rowley Associates Limited/CrossWorks for ARM 2.0/lib/libc_user_libc_v4t_a_le.a(user_libc.o)
 .bss.libc      0x40004b14        0x4 C:/Program Files/Rowley Associates Limited/CrossWorks for ARM 2.0/lib/libc_user_libc_v4t_a_le.a(user_libc.o)
 *(COMMON)
 COMMON         0x40004b18      0x91c ARM Flash Debug/main.o
                0x40004b18                Fatfs
                0x40004d48                ts
                0x40004d4c                LOG_ITEM_STATE
                0x40004d50                FileAllTimeLog
                0x40004f74                FileContLog
                0x40005198                FileDayLog
                0x400053bc                xSemaphoreSDCard
                0x400053c0                slog_entry_item
                0x400053c8                buf
                0x400053e0                measure_timestamp
                0x400053ec                meas_op_item
                0x40005414                taskHandles
                0x40005430                log_file
 COMMON         0x40005434       0x1e ARM Flash Debug/logging.o
                0x40005434                time_buf
 *fill*         0x40005452        0x2 00
 COMMON         0x40005454      0x110 ARM Flash Debug/tasks.o
                0x40005454                pxReadyTasksLists
                0x400054b8                xPendingReadyList
                0x400054cc                pcTraceBuffer
                0x400054d0                xSuspendedTaskList
                0x400054e4                pxDelayedTaskList
                0x400054e8                pxOverflowDelayedTaskList
                0x400054ec                pcTraceBufferEnd
                0x400054f0                pcTraceBufferStart
                0x400054f4                xDelayedTaskList1
                0x40005508                xTasksWaitingTermination
                0x4000551c                pcStatusString
                0x40005550                xDelayedTaskList2
 COMMON         0x40005564       0x50 ARM Flash Debug/queue.o
                0x40005564                xQueueRegistry
                0x400055b4                __bss_end__ = (__bss_start__ + SIZEOF (.bss))
                0x400055b4                __bss_load_end__ = __bss_end__
                0x00000001                . = ASSERT (((__bss_end__ >= __SRAM_segment_start__) && (__bss_end__ <= (__SRAM_segment_start__ + 0x8000))), error: .bss is too large to fit in SRAM memory segment)
                0x400055b4                __non_init_load_start__ = ALIGN (__bss_end__, 0x4)

.non_init       0x400055b4        0x0
                0x400055b4                __non_init_start__ = .
 *(.non_init .non_init.*)
                0x400055b4                __non_init_end__ = (__non_init_start__ + SIZEOF (.non_init))
                0x400055b4                __non_init_load_end__ = __non_init_end__
                0x00000001                . = ASSERT (((__non_init_end__ >= __SRAM_segment_start__) && (__non_init_end__ <= (__SRAM_segment_start__ + 0x8000))), error: .non_init is too large to fit in SRAM memory segment)
                0x400055b4                __heap_load_start__ = ALIGN (__non_init_end__, 0x4)

.heap           0x400055b4      0x400
                0x400055b4                __heap_start__ = .
 *(.heap .heap.*)
 .heap          0x400055b4        0x0 ARM Flash Debug/crt0.o
                0x400059b4                . = ALIGN (MAX ((__heap_start__ + __HEAPSIZE__), .), 0x4)
 *fill*         0x400055b4      0x400 00
                0x400059b4                __heap_end__ = (__heap_start__ + SIZEOF (.heap))
                0x400059b4                __heap_load_end__ = __heap_end__
                0x00000001                . = ASSERT (((__heap_end__ >= __SRAM_segment_start__) && (__heap_end__ <= (__SRAM_segment_start__ + 0x8000))), error: .heap is too large to fit in SRAM memory segment)
                0x400059b4                __stack_load_start__ = ALIGN (__heap_end__, 0x4)

.stack          0x400059b4      0x400
                0x400059b4                __stack_start__ = .
 *(.stack .stack.*)
 .stack         0x400059b4        0x0 ARM Flash Debug/crt0.o
                0x40005db4                . = ALIGN (MAX ((__stack_start__ + __STACKSIZE__), .), 0x4)
 *fill*         0x400059b4      0x400 00
                0x40005db4                __stack_end__ = (__stack_start__ + SIZEOF (.stack))
                0x40005db4                __stack_load_end__ = __stack_end__
                0x00000001                . = ASSERT (((__stack_end__ >= __SRAM_segment_start__) && (__stack_end__ <= (__SRAM_segment_start__ + 0x8000))), error: .stack is too large to fit in SRAM memory segment)
                0x40005db4                __stack_irq_load_start__ = ALIGN (__stack_end__, 0x4)

.stack_irq      0x40005db4      0x400
                0x40005db4                __stack_irq_start__ = .
 *(.stack_irq .stack_irq.*)
 .stack_irq     0x40005db4        0x0 ARM Flash Debug/crt0.o
                0x400061b4                . = ALIGN (MAX ((__stack_irq_start__ + __STACKSIZE_IRQ__), .), 0x4)
 *fill*         0x40005db4      0x400 00
                0x400061b4                __stack_irq_end__ = (__stack_irq_start__ + SIZEOF (.stack_irq))
                0x400061b4                __stack_irq_load_end__ = __stack_irq_end__
                0x00000001                . = ASSERT (((__stack_irq_end__ >= __SRAM_segment_start__) && (__stack_irq_end__ <= (__SRAM_segment_start__ + 0x8000))), error: .stack_irq is too large to fit in SRAM memory segment)
                0x400061b4                __stack_fiq_load_start__ = ALIGN (__stack_irq_end__, 0x4)

.stack_fiq      0x400061b4       0x80
                0x400061b4                __stack_fiq_start__ = .
 *(.stack_fiq .stack_fiq.*)
 .stack_fiq     0x400061b4        0x0 ARM Flash Debug/crt0.o
                0x40006234                . = ALIGN (MAX ((__stack_fiq_start__ + __STACKSIZE_FIQ__), .), 0x4)
 *fill*         0x400061b4       0x80 00
                0x40006234                __stack_fiq_end__ = (__stack_fiq_start__ + SIZEOF (.stack_fiq))
                0x40006234                __stack_fiq_load_end__ = __stack_fiq_end__
                0x00000001                . = ASSERT (((__stack_fiq_end__ >= __SRAM_segment_start__) && (__stack_fiq_end__ <= (__SRAM_segment_start__ + 0x8000))), error: .stack_fiq is too large to fit in SRAM memory segment)
                0x40006234                __stack_svc_load_start__ = ALIGN (__stack_fiq_end__, 0x4)

.stack_svc      0x40006234      0x100
                0x40006234                __stack_svc_start__ = .
 *(.stack_svc .stack_svc.*)
 .stack_svc     0x40006234        0x0 ARM Flash Debug/crt0.o
                0x40006334                . = ALIGN (MAX ((__stack_svc_start__ + __STACKSIZE_SVC__), .), 0x4)
 *fill*         0x40006234      0x100 00
                0x40006334                __stack_svc_end__ = (__stack_svc_start__ + SIZEOF (.stack_svc))
                0x40006334                __stack_svc_load_end__ = __stack_svc_end__
                0x00000001                . = ASSERT (((__stack_svc_end__ >= __SRAM_segment_start__) && (__stack_svc_end__ <= (__SRAM_segment_start__ + 0x8000))), error: .stack_svc is too large to fit in SRAM memory segment)
                0x40006334                __stack_abt_load_start__ = ALIGN (__stack_svc_end__, 0x4)

.stack_abt      0x40006334        0x8
                0x40006334                __stack_abt_start__ = .
 *(.stack_abt .stack_abt.*)
 .stack_abt     0x40006334        0x0 ARM Flash Debug/crt0.o
                0x4000633c                . = ALIGN (MAX ((__stack_abt_start__ + __STACKSIZE_ABT__), .), 0x4)
 *fill*         0x40006334        0x8 00
                0x4000633c                __stack_abt_end__ = (__stack_abt_start__ + SIZEOF (.stack_abt))
                0x4000633c                __stack_abt_load_end__ = __stack_abt_end__
                0x00000001                . = ASSERT (((__stack_abt_end__ >= __SRAM_segment_start__) && (__stack_abt_end__ <= (__SRAM_segment_start__ + 0x8000))), error: .stack_abt is too large to fit in SRAM memory segment)
                0x4000633c                __stack_und_load_start__ = ALIGN (__stack_abt_end__, 0x4)

.stack_und      0x4000633c        0x8
                0x4000633c                __stack_und_start__ = .
 *(.stack_und .stack_und.*)
 .stack_und     0x4000633c        0x0 ARM Flash Debug/crt0.o
                0x40006344                . = ALIGN (MAX ((__stack_und_start__ + __STACKSIZE_UND__), .), 0x4)
 *fill*         0x4000633c        0x8 00
                0x40006344                __stack_und_end__ = (__stack_und_start__ + SIZEOF (.stack_und))
                0x40006344                __stack_und_load_end__ = __stack_und_end__
                0x00000001                . = ASSERT (((__stack_und_end__ >= __SRAM_segment_start__) && (__stack_und_end__ <= (__SRAM_segment_start__ + 0x8000))), error: .stack_und is too large to fit in SRAM memory segment)
                0x40006344                __tbss_load_start__ = ALIGN (__stack_und_end__, 0x4)

.tbss           0x40006344        0x0
                0x40006344                __tbss_start__ = .
 *(.tbss .tbss.*)
                0x40006344                __tbss_end__ = (__tbss_start__ + SIZEOF (.tbss))
                0x40006344                __tbss_load_end__ = __tbss_end__
                0x00000001                . = ASSERT (((__tbss_end__ >= __SRAM_segment_start__) && (__tbss_end__ <= (__SRAM_segment_start__ + 0x8000))), error: .tbss is too large to fit in SRAM memory segment)
                0x0001c3ec                __tdata_load_start__ = ALIGN ((__data_load_start__ + SIZEOF (.data)), 0x4)

.tdata          0x40006344        0x0 load address 0x0001c3ec
                0x40006344                __tdata_start__ = .
 *(.tdata .tdata.*)
                0x40006344                __tdata_end__ = (__tdata_start__ + SIZEOF (.tdata))
                0x0001c3ec                __tdata_load_end__ = (__tdata_load_start__ + SIZEOF (.tdata))
                0x0001c3ec                __FLASH_segment_used_end__ = (ALIGN ((__data_load_start__ + SIZEOF (.data)), 0x4) + SIZEOF (.tdata))
                0x00000001                . = ASSERT ((((__tdata_load_start__ + SIZEOF (.tdata)) >= __FLASH_segment_start__) && ((__tdata_load_start__ + SIZEOF (.tdata)) <= (__FLASH_segment_start__ + 0x80000))), error: .tdata is too large to fit in FLASH memory segment)

.tdata_run      0x40006344        0x0
                0x40006344                __tdata_run_start__ = .
                0x40006344                . = MAX ((__tdata_run_start__ + SIZEOF (.tdata)), .)
                0x40006344                __tdata_run_end__ = (__tdata_run_start__ + SIZEOF (.tdata_run))
                0x40006344                __tdata_run_load_end__ = __tdata_run_end__
                0x40006344                __SRAM_segment_used_end__ = (ALIGN (__tbss_end__, 0x4) + SIZEOF (.tdata_run))
                0x00000001                . = ASSERT (((__tdata_run_end__ >= __SRAM_segment_start__) && (__tdata_run_end__ <= (__SRAM_segment_start__ + 0x8000))), error: .tdata_run is too large to fit in SRAM memory segment)
START GROUP
LOAD ARM Flash Debug/main.o
LOAD ARM Flash Debug/adc.o
LOAD ARM Flash Debug/cpu.o
LOAD ARM Flash Debug/i2c.o
LOAD ARM Flash Debug/i2cInt.o
LOAD ARM Flash Debug/pwm.o
LOAD ARM Flash Debug/spi.o
LOAD ARM Flash Debug/uart0.o
LOAD ARM Flash Debug/uart0ISR.o
LOAD ARM Flash Debug/uart1.o
LOAD ARM Flash Debug/uart1ISR.o
LOAD ARM Flash Debug/usbcontrol.o
LOAD ARM Flash Debug/usbinit.o
LOAD ARM Flash Debug/usbISR.o
LOAD ARM Flash Debug/usbstdreq.o
LOAD ARM Flash Debug/usbser.o
LOAD ARM Flash Debug/rtc.o
LOAD ARM Flash Debug/rtcISR.o
LOAD ARM Flash Debug/reset.o
LOAD ARM Flash Debug/eint0.o
LOAD ARM Flash Debug/eint0ISR.o
LOAD ARM Flash Debug/eint2.o
LOAD ARM Flash Debug/eint2ISR.o
LOAD ARM Flash Debug/eint3.o
LOAD ARM Flash Debug/eint3ISR.o
LOAD ARM Flash Debug/eint1.o
LOAD ARM Flash Debug/eint1ISR.o
LOAD ARM Flash Debug/beep.o
LOAD ARM Flash Debug/timer.o
LOAD ARM Flash Debug/dac.o
LOAD ARM Flash Debug/args.o
LOAD ARM Flash Debug/argsdispatch.o
LOAD ARM Flash Debug/monitor.o
LOAD ARM Flash Debug/printf-stdarg.o
LOAD ARM Flash Debug/leds.o
LOAD ARM Flash Debug/tcs3414.o
LOAD ARM Flash Debug/mmc.o
LOAD ARM Flash Debug/ssp.o
LOAD ARM Flash Debug/Lcd204_4.o
LOAD ARM Flash Debug/logging.o
LOAD ARM Flash Debug/meas_sm.o
LOAD ARM Flash Debug/meas_task.o
LOAD ARM Flash Debug/crt0.o
LOAD ARM Flash Debug/Philips_LPC210X_Startup.o
LOAD ARM Flash Debug/LPC210x.o
LOAD ARM Flash Debug/VIC.o
LOAD ARM Flash Debug/VIC_irq_handler.o
LOAD ARM Flash Debug/portISR.o
LOAD ARM Flash Debug/port.o
LOAD ARM Flash Debug/heap_2.o
LOAD ARM Flash Debug/tasks.o
LOAD ARM Flash Debug/queue.o
LOAD ARM Flash Debug/list.o
LOAD ARM Flash Debug/disk.o
LOAD ARM Flash Debug/ff.o
LOAD C:/Users/lukas/AppData/Local/Rowley Associates Limited/CrossWorks for ARM/packages/lib/liblpc2000_v4t_a_le.a
LOAD C:/Program Files/Rowley Associates Limited/CrossWorks for ARM 2.0/lib/libarm_v4t_a_le.a
LOAD C:/Program Files/Rowley Associates Limited/CrossWorks for ARM 2.0/lib/libdebugio_dcc_v4t_a_le.a
LOAD C:/Program Files/Rowley Associates Limited/CrossWorks for ARM 2.0/lib/libm_v4t_a_le.a
LOAD C:/Program Files/Rowley Associates Limited/CrossWorks for ARM 2.0/lib/libc_v4t_a_le.a
LOAD C:/Program Files/Rowley Associates Limited/CrossWorks for ARM 2.0/lib/libcpp_v4t_a_le.a
LOAD C:/Program Files/Rowley Associates Limited/CrossWorks for ARM 2.0/lib/libdebugio_v4t_a_le.a
LOAD C:/Program Files/Rowley Associates Limited/CrossWorks for ARM 2.0/lib/libc_targetio_impl_v4t_a_le.a
LOAD C:/Program Files/Rowley Associates Limited/CrossWorks for ARM 2.0/lib/lib_vfprintf_long_v4t_a_le.a
LOAD C:/Program Files/Rowley Associates Limited/CrossWorks for ARM 2.0/lib/lib_vfscanf_long_v4t_a_le.a
LOAD C:/Program Files/Rowley Associates Limited/CrossWorks for ARM 2.0/lib/libc_user_libc_v4t_a_le.a
END GROUP
OUTPUT(ARM Flash Debug/FreeRTOS_2148.elf elf32-littlearm)

.debug_abbrev   0x00000000     0x470a
 .debug_abbrev  0x00000000      0x1e0 ARM Flash Debug/main.o
 .debug_abbrev  0x000001e0       0xc8 ARM Flash Debug/adc.o
 .debug_abbrev  0x000002a8       0xaf ARM Flash Debug/cpu.o
 .debug_abbrev  0x00000357      0x13f ARM Flash Debug/i2c.o
 .debug_abbrev  0x00000496      0x1c3 ARM Flash Debug/i2cInt.o
 .debug_abbrev  0x00000659       0xf5 ARM Flash Debug/pwm.o
 .debug_abbrev  0x0000074e       0xf5 ARM Flash Debug/spi.o
 .debug_abbrev  0x00000843      0x130 ARM Flash Debug/uart0.o
 .debug_abbrev  0x00000973      0x12c ARM Flash Debug/uart0ISR.o
 .debug_abbrev  0x00000a9f      0x130 ARM Flash Debug/uart1.o
 .debug_abbrev  0x00000bcf      0x12c ARM Flash Debug/uart1ISR.o
 .debug_abbrev  0x00000cfb      0x174 ARM Flash Debug/usbcontrol.o
 .debug_abbrev  0x00000e6f       0xfe ARM Flash Debug/usbinit.o
 .debug_abbrev  0x00000f6d      0x212 ARM Flash Debug/usbISR.o
 .debug_abbrev  0x0000117f      0x159 ARM Flash Debug/usbstdreq.o
 .debug_abbrev  0x000012d8      0x1e6 ARM Flash Debug/usbser.o
 .debug_abbrev  0x000014be      0x271 ARM Flash Debug/rtc.o
 .debug_abbrev  0x0000172f      0x136 ARM Flash Debug/rtcISR.o
 .debug_abbrev  0x00001865       0x3d ARM Flash Debug/reset.o
 .debug_abbrev  0x000018a2       0xc4 ARM Flash Debug/eint0.o
 .debug_abbrev  0x00001966       0xe8 ARM Flash Debug/eint0ISR.o
 .debug_abbrev  0x00001a4e       0xc4 ARM Flash Debug/eint2.o
 .debug_abbrev  0x00001b12       0xe8 ARM Flash Debug/eint2ISR.o
 .debug_abbrev  0x00001bfa       0xc4 ARM Flash Debug/eint3.o
 .debug_abbrev  0x00001cbe      0x19e ARM Flash Debug/eint3ISR.o
 .debug_abbrev  0x00001e5c       0xc4 ARM Flash Debug/eint1.o
 .debug_abbrev  0x00001f20       0xe8 ARM Flash Debug/eint1ISR.o
 .debug_abbrev  0x00002008      0x161 ARM Flash Debug/beep.o
 .debug_abbrev  0x00002169      0x136 ARM Flash Debug/timer.o
 .debug_abbrev  0x0000229f       0xf5 ARM Flash Debug/dac.o
 .debug_abbrev  0x00002394      0x146 ARM Flash Debug/args.o
 .debug_abbrev  0x000024da      0x17c ARM Flash Debug/argsdispatch.o
 .debug_abbrev  0x00002656      0x22b ARM Flash Debug/monitor.o
 .debug_abbrev  0x00002881      0x162 ARM Flash Debug/printf-stdarg.o
 .debug_abbrev  0x000029e3      0x129 ARM Flash Debug/leds.o
 .debug_abbrev  0x00002b0c      0x162 ARM Flash Debug/tcs3414.o
 .debug_abbrev  0x00002c6e      0x1a8 ARM Flash Debug/mmc.o
 .debug_abbrev  0x00002e16      0x14c ARM Flash Debug/ssp.o
 .debug_abbrev  0x00002f62        0x1 ARM Flash Debug/Lcd204_4.o
 .debug_abbrev  0x00002f63      0x2b8 ARM Flash Debug/logging.o
 .debug_abbrev  0x0000321b      0x275 ARM Flash Debug/meas_sm.o
 .debug_abbrev  0x00003490      0x1c0 ARM Flash Debug/meas_task.o
 .debug_abbrev  0x00003650       0x14 ARM Flash Debug/crt0.o
 .debug_abbrev  0x00003664       0x12 ARM Flash Debug/Philips_LPC210X_Startup.o
 .debug_abbrev  0x00003676       0xba ARM Flash Debug/LPC210x.o
 .debug_abbrev  0x00003730       0xf4 ARM Flash Debug/VIC.o
 .debug_abbrev  0x00003824       0x14 ARM Flash Debug/VIC_irq_handler.o
 .debug_abbrev  0x00003838       0xd5 ARM Flash Debug/portISR.o
 .debug_abbrev  0x0000390d      0x138 ARM Flash Debug/port.o
 .debug_abbrev  0x00003a45      0x1bc ARM Flash Debug/heap_2.o
 .debug_abbrev  0x00003c01      0x198 ARM Flash Debug/tasks.o
 .debug_abbrev  0x00003d99      0x1aa ARM Flash Debug/queue.o
 .debug_abbrev  0x00003f43      0x113 ARM Flash Debug/list.o
 .debug_abbrev  0x00004056      0x165 ARM Flash Debug/disk.o
 .debug_abbrev  0x000041bb      0x20b ARM Flash Debug/ff.o
 .debug_abbrev  0x000043c6       0x23 C:/Program Files/Rowley Associates Limited/CrossWorks for ARM 2.0/lib/libm_v4t_a_le.a(log.o)
 .debug_abbrev  0x000043e9        0x1 C:/Program Files/Rowley Associates Limited/CrossWorks for ARM 2.0/lib/libm_v4t_a_le.a(__float64_infinity.o)
 .debug_abbrev  0x000043ea        0x1 C:/Program Files/Rowley Associates Limited/CrossWorks for ARM 2.0/lib/libm_v4t_a_le.a(__float64_nan.o)
 .debug_abbrev  0x000043eb       0x23 C:/Program Files/Rowley Associates Limited/CrossWorks for ARM 2.0/lib/libm_v4t_a_le.a(__poly1_eval.o)