Archive member included because of file (symbol)

C:/Users/lukas/AppData/Local/Rowley Associates Limited/CrossWorks for ARM/packages/lib/liblpc2000_v4t_a_le.a(liblpc2000_lpc21xx_get_cclk.o)
                              ARM Flash Debug/LPC210x.o (liblpc2000_lpc21xx_get_cclk)
C:/Users/lukas/AppData/Local/Rowley Associates Limited/CrossWorks for ARM/packages/lib/liblpc2000_v4t_a_le.a(liblpc2000_lpc21xx_get_pclk.o)
                              ARM Flash Debug/LPC210x.o (liblpc2000_lpc21xx_get_pclk)
C:/Program Files/Rowley Associates Limited/CrossWorks for ARM 2.0/lib/libm_v4t_a_le.a(__int32_to_float32.o)
                              ARM Flash Debug/meas_sm.o (__floatsisf)
C:/Program Files/Rowley Associates Limited/CrossWorks for ARM 2.0/lib/libm_v4t_a_le.a(__int32_to_float64.o)
                              ARM Flash Debug/timer.o (__floatsidf)
C:/Program Files/Rowley Associates Limited/CrossWorks for ARM 2.0/lib/libm_v4t_a_le.a(__uint32_to_float32.o)
                              ARM Flash Debug/dac.o (__floatunsisf)
C:/Program Files/Rowley Associates Limited/CrossWorks for ARM 2.0/lib/libm_v4t_a_le.a(__float32_to_int32.o)
                              ARM Flash Debug/timer.o (__fixsfsi)
C:/Program Files/Rowley Associates Limited/CrossWorks for ARM 2.0/lib/libm_v4t_a_le.a(__float32_to_uint32.o)
                              ARM Flash Debug/dac.o (__fixunssfsi)
C:/Program Files/Rowley Associates Limited/CrossWorks for ARM 2.0/lib/libm_v4t_a_le.a(__float64_to_int32.o)
                              ARM Flash Debug/meas_sm.o (__fixdfsi)
C:/Program Files/Rowley Associates Limited/CrossWorks for ARM 2.0/lib/libm_v4t_a_le.a(__float32_to_float64.o)
                              ARM Flash Debug/timer.o (__extendsfdf2)
C:/Program Files/Rowley Associates Limited/CrossWorks for ARM 2.0/lib/libm_v4t_a_le.a(__float64_to_float32.o)
                              ARM Flash Debug/timer.o (__truncdfsf2)
C:/Program Files/Rowley Associates Limited/CrossWorks for ARM 2.0/lib/libm_v4t_a_le.a(__float32_mul.o)
                              ARM Flash Debug/dac.o (__mulsf3)
C:/Program Files/Rowley Associates Limited/CrossWorks for ARM 2.0/lib/libm_v4t_a_le.a(__float64_add.o)
                              ARM Flash Debug/timer.o (__adddf3)
C:/Program Files/Rowley Associates Limited/CrossWorks for ARM 2.0/lib/libm_v4t_a_le.a(__float64_mul.o)
                              ARM Flash Debug/timer.o (__muldf3)
C:/Program Files/Rowley Associates Limited/CrossWorks for ARM 2.0/lib/libm_v4t_a_le.a(__float64_div.o)
                              ARM Flash Debug/timer.o (__divdf3)
C:/Program Files/Rowley Associates Limited/CrossWorks for ARM 2.0/lib/libm_v4t_a_le.a(log.o)
                              ARM Flash Debug/logging.o (log)
C:/Program Files/Rowley Associates Limited/CrossWorks for ARM 2.0/lib/libm_v4t_a_le.a(__float64_cmp.o)
                              C:/Program Files/Rowley Associates Limited/CrossWorks for ARM 2.0/lib/libm_v4t_a_le.a(log.o) (__eqdf2)
C:/Program Files/Rowley Associates Limited/CrossWorks for ARM 2.0/lib/libm_v4t_a_le.a(__float64_isnan.o)
                              C:/Program Files/Rowley Associates Limited/CrossWorks for ARM 2.0/lib/libm_v4t_a_le.a(log.o) (__float64_isnan)
C:/Program Files/Rowley Associates Limited/CrossWorks for ARM 2.0/lib/libm_v4t_a_le.a(__float64_infinity.o)
                              C:/Program Files/Rowley Associates Limited/CrossWorks for ARM 2.0/lib/libm_v4t_a_le.a(log.o) (__float64_infinity)
C:/Program Files/Rowley Associates Limited/CrossWorks for ARM 2.0/lib/libm_v4t_a_le.a(__float64_nan.o)
                              C:/Program Files/Rowley Associates Limited/CrossWorks for ARM 2.0/lib/libm_v4t_a_le.a(log.o) (__float64_nan)
C:/Program Files/Rowley Associates Limited/CrossWorks for ARM 2.0/lib/libm_v4t_a_le.a(__poly1_eval.o)
                              C:/Program Files/Rowley Associates Limited/CrossWorks for ARM 2.0/lib/libm_v4t_a_le.a(log.o) (__poly1_eval)
C:/Program Files/Rowley Associates Limited/CrossWorks for ARM 2.0/lib/libm_v4t_a_le.a(__poly_eval.o)
                              C:/Program Files/Rowley Associates Limited/CrossWorks for ARM 2.0/lib/libm_v4t_a_le.a(log.o) (__poly_eval)
C:/Program Files/Rowley Associates Limited/CrossWorks for ARM 2.0/lib/libm_v4t_a_le.a(frexp.o)
                              C:/Program Files/Rowley Associates Limited/CrossWorks for ARM 2.0/lib/libm_v4t_a_le.a(log.o) (frexp)
C:/Program Files/Rowley Associates Limited/CrossWorks for ARM 2.0/lib/libm_v4t_a_le.a(ldexp.o)
                              C:/Program Files/Rowley Associates Limited/CrossWorks for ARM 2.0/lib/libm_v4t_a_le.a(log.o) (ldexp)
C:/Program Files/Rowley Associates Limited/CrossWorks for ARM 2.0/lib/libc_v4t_a_le.a(__int32_umod.o)
                              ARM Flash Debug/printf-stdarg.o (__umodsi3)
C:/Program Files/Rowley Associates Limited/CrossWorks for ARM 2.0/lib/libc_v4t_a_le.a(__int32_div.o)
[...]
Memory Configuration

Name             Origin             Length             Attributes
UNPLACED_SECTIONS 0xffffffff         0x00000000         xw
AHB_Peripherals  0xffe00000         0x00200000         xw
APB_Peripherals  0xe0000000         0x00200000         xw
USB_DMA_RAM      0x7fd00000         0x00002000         xw
SRAM             0x40000000         0x00008000         xw
FLASH            0x00000000         0x00080000         xr
*default*        0x00000000         0xffffffff

Linker script and memory map

                0xffe00000                __AHB_Peripherals_segment_start__ = 0xffe00000
                0x00000000                __AHB_Peripherals_segment_end__ = 0x0
                0xe0000000                __APB_Peripherals_segment_start__ = 0xe0000000
                0xe0200000                __APB_Peripherals_segment_end__ = 0xe0200000
                0x7fd00000                __USB_DMA_RAM_segment_start__ = 0x7fd00000
                0x7fd02000                __USB_DMA_RAM_segment_end__ = 0x7fd02000
                0x40000000                __SRAM_segment_start__ = 0x40000000
                0x40008000                __SRAM_segment_end__ = 0x40008000
                0x00000000                __FLASH_segment_start__ = 0x0
                0x00080000                __FLASH_segment_end__ = 0x80000
                0x00000400                __STACKSIZE__ = 0x400
                0x00000400                __STACKSIZE_IRQ__ = 0x400
                0x00000020                __STACKSIZE_FIQ__ = 0x20
                0x00000100                __STACKSIZE_SVC__ = 0x100
                0x00000008                __STACKSIZE_ABT__ = 0x8
                0x00000008                __STACKSIZE_UND__ = 0x8
                0x00000400                __HEAPSIZE__ = 0x400
                0x40000000                __vectors_ram_load_start__ = __SRAM_segment_start__

.vectors_ram    0x40000000       0x3c
                0x40000000                __vectors_ram_start__ = .
 *(.vectors_ram .vectors_ram.*)
                0x4000003c                . = MAX ((__vectors_ram_start__ + 0x3c), .)
 *fill*         0x40000000       0x3c 00
                0x4000003c                __vectors_ram_end__ = (__vectors_ram_start__ + SIZEOF (.vectors_ram))
                0x4000003c                __vectors_ram_load_end__ = __vectors_ram_end__
                0x00000001                . = ASSERT (((__vectors_ram_end__ >= __SRAM_segment_start__) && (__vectors_ram_end__ <= (__SRAM_segment_start__ + 0x8000))), error: .vectors_ram is too large to fit in SRAM memory segment)
                0x00000000                __vectors_load_start__ = __FLASH_segment_start__

.vectors        0x00000000       0x38
                0x00000000                __vectors_start__ = .
 *(.vectors .vectors.*)
 .vectors       0x00000000       0x38 ARM Flash Debug/Philips_LPC210X_Startup.o
                0x00000000                _vectors
                0x00000038                __vectors_end__ = (__vectors_start__ + SIZEOF (.vectors))
                0x00000038                __vectors_load_end__ = __vectors_end__
                0x00000001                . = ASSERT (((__vectors_end__ >= __FLASH_segment_start__) && (__vectors_end__ <= (__FLASH_segment_start__ + 0x80000))), error: .vectors is too large to fit in FLASH memory segment)
                0x00000038                __init_load_start__ = ALIGN (__vectors_end__, 0x4)

.init           0x00000038      0x264
                0x00000038                __init_start__ = .
 *(.init .init.*)
 *fill*         0x00000038        0x8 00
 .init          0x00000040      0x1d0 ARM Flash Debug/crt0.o
                0x00000040                _start
                0x00000040                __start
 .init          0x00000210       0x8c ARM Flash Debug/Philips_LPC210X_Startup.o
                0x00000210                reset_handler
                0x00000280                undef_handler
                0x00000288                pabort_handler
                0x0000028c                dabort_handler
                0x00000290                fiq_handler
                0x0000029c                __init_end__ = (__init_start__ + SIZEOF (.init))
                0x0000029c                __init_load_end__ = __init_end__
                0x00000001                . = ASSERT (((__init_end__ >= __FLASH_segment_start__) && (__init_end__ <= (__FLASH_segment_start__ + 0x80000))), error: .init is too large to fit in FLASH memory segment)
                0x0000029c                __text_load_start__ = ALIGN (__init_end__, 0x4)

.text           0x0000029c    0x19de8
                0x0000029c                __text_start__ = .
 *(.text .text.* .glue_7t .glue_7 .gnu.linkonce.t.* .gcc_except_table)
 .glue_7        0x00000000        0x0 linker stubs
 .glue_7t       0x00000000        0x0 linker stubs
 .text          0x0000029c      0x158 ARM Flash Debug/main.o
                0x00000300                main
                0x000003b0                vApplicationStackOverflowHook
                0x000003c0                __putchar
 .text          0x000003f4      0x5f4 ARM Flash Debug/adc.o
                0x000003f4                adcRead0_1
                0x0000048c                adcRead0_2
                0x00000524                adcRead0_3
                0x000005bc                adcRead1_1
                0x00000654                adcRead1_6
                0x000006ec                adcRead1_7
                0x00000784                adcInit0_1
                0x000007ec                adcInit0_2
                0x00000854                adcInit0_3
                0x000008bc                adcInit1_1
                0x00000920                adcInit1_6
                0x00000984                adcInit1_7
 .text          0x000009e8      0x1b0 ARM Flash Debug/cpu.o
                0x000009e8                cpuSetupHardware
                0x00000b44                cpuPLLDisable
 .text          0x00000b98       0x84 ARM Flash Debug/i2c.o
                0x00000b98                i2cGetErrno
                0x00000bac                i2cStrerror
 .text          0x00000c1c     0x10c4 ARM Flash Debug/i2cInt.o
                0x00001290                i2cInit
                0x000019f4                i2cSetTimeout
                0x00001a38                i2cDump
                0x00001aa8                i2cWriteBuffer
                0x00001af4                i2cReadBuffer
                0x00001b40                i2cWriteReadBuffer
                0x00001b98                i2cWriteBufferPoll
                0x00001c38                i2cWriteReadBufferPoll
 .text          0x00001ce0      0x314 ARM Flash Debug/pwm.o
                0x00001ce0                pwmDutyCycle
                0x00001d90                pwmPulseWidthInMicroseconds
                0x00001e0c                pwmFrequency
                0x00001ef4                pwmInit
 .text          0x00001ff4      0x114 ARM Flash Debug/spi.o
                0x00001ff4                spiInit
                0x000020b8                spiPut
 .text          0x00002108      0x470 ARM Flash Debug/uart0.o
                0x00002108                uart0Init
                0x0000231c                uart0Deinit
                0x00002370                uart0GetChar
                0x000023c0                uart0PutChar
                0x000024d8                uart0PutString
                0x00002554                uart0GetRxQueue
 .text          0x00002578      0x290 ARM Flash Debug/uart0ISR.o
                0x00002578                uart0ISRCreateQueues
                0x00002758                uart0ISR
 .text          0x00002808      0x470 ARM Flash Debug/uart1.o
                0x00002808                uart1Init
                0x00002a1c                uart1Deinit
                0x00002a70                uart1GetChar
                0x00002ac0                uart1PutChar
                0x00002bd8                uart1PutString
                0x00002c54                uart1GetRxQueue
 .text          0x00002c78      0x290 ARM Flash Debug/uart1ISR.o
                0x00002c78                uart1ISRCreateQueues
                0x00002e58                uart1ISR
 .text          0x00002f08      0x3cc ARM Flash Debug/usbcontrol.o
                0x00003028                usbHandleControlTransfer
                0x00003294                usbRegisterRequestHandler
 .text          0x000032d4       0x84 ARM Flash Debug/usbinit.o
                0x000032e8                usbRegisterHandlers
 .text          0x00003358      0xd34 ARM Flash Debug/usbISR.o
                0x00003578                usbHardwareEndpointConfig
                0x000035d8                usbHardwareRegisterEPIntHandler
                0x00003680                usbHardwareRegisterDevIntHandler
                0x000036bc                usbHardwareRegisterFrameHandler
                0x000036f8                usbHardwareSetAddress
                0x00003730                usbHardwareConnect
                0x00003764                usbHardwareNakIntEnable
                0x00003790                usbHardwareEndpointIsStalled
                0x000037e8                usbHardwareEndpointStall
                0x0000385c                usbHardwareEndpointWrite
                0x00003988                usbHardwareEndpointRead
                0x00003b00                usbHardwareConfigDevice
                0x00003b34                usbSetupInterruptHandler
                0x00003e2c                usbISR
                0x00003ed4                usbHardwareInit
 .text          0x0000408c      0x720 ARM Flash Debug/usbstdreq.o
                0x0000408c                usbRegisterDescriptors
                0x000040ac                usbGetDescriptor
                0x000046b4                usbHandleStandardRequest
                0x0000478c                usbRegisterCustomReqHandler
 .text          0x000047ac      0x518 ARM Flash Debug/usbser.o
                0x000049f4                usbserPutChar
                0x00004a7c                usbserPutString
                0x00004b34                usbserGetChar
                0x00004ba0                usbserGetRxQueue
                0x00004be8                usbserInit
 .text          0x00004cc4      0xf3c ARM Flash Debug/rtc.o
                0x00005264                rtcGetEpochSeconds
                0x000052a0                rtcGetEpochSecondsLuk
                0x000052dc                rtcSetEpochSeconds
                0x00005554                rtcInit
                0x00005648                rtcSetAlarm
                0x0000575c                rtcSetAlarmCIIR
                0x000057c4                rtcGetAlarmTm
                0x00005900                rtcGetAlarmEpochSeconds
                0x00005934                rtcPeriodicAlarm
                0x000059d0                time
                0x000059f8                rtcIs5minInt
                0x00005a14                getRtcRead
                0x00005a38                getMonthLength
 .text          0x00005c00      0x1d8 ARM Flash Debug/rtcISR.o
                0x00005c00                rtcISRInit
                0x00005d28                rtcISR
 .text          0x00005dd8       0x34 ARM Flash Debug/reset.o
                0x00005dd8                reset
 .text          0x00005e0c      0x120 ARM Flash Debug/eint0.o
                0x00005e0c                eint0Init
                0x00005efc                eint0Deinit
 .text          0x00005f2c       0xe8 ARM Flash Debug/eint0ISR.o
                0x00005f64                eint0ISR
 .text          0x00006014      0x120 ARM Flash Debug/eint2.o
                0x00006014                eint2Init
                0x00006104                eint2Deinit
 .text          0x00006134       0xd8 ARM Flash Debug/eint2ISR.o
                0x0000615c                eint2ISR
 .text          0x0000620c      0x124 ARM Flash Debug/eint3.o
                0x0000620c                eint3Init
                0x000062fc                eint3Deinit
 .text          0x00006330       0xf4 ARM Flash Debug/eint3ISR.o
                0x00006368                eint3ISR
 .text          0x00006424      0x11c ARM Flash Debug/eint1.o
                0x00006424                eint1Init
                0x00006510                eint1Deinit
 .text          0x00006540      0x15c ARM Flash Debug/eint1ISR.o
                0x000065ec                eint1ISR
 .text          0x0000669c      0x23c ARM Flash Debug/beep.o
                0x0000669c                beepOn
                0x0000679c                beepOff
                0x00006884                beepMHALL
                0x000068a0                beepSMOTW
                0x000068bc                beepA_TEAM_THEME
 .text          0x000068d8      0x458 ARM Flash Debug/timer.o
                0x000068d8                timer1Init
                0x00006900                capture13Init
                0x000069fc                timer1ISR
                0x00006c20                getWindPeriod
                0x00006d14                clrWindPeriod
 .text          0x00006d30        0x0 ARM Flash Debug/freqCounter.o
 .text          0x00006d30      0x160 ARM Flash Debug/dac.o
                0x00006d30                dacInit
                0x00006d64                dacSet
                0x00006dd8                dacSetMV
 .text          0x00006e90      0x4cc ARM Flash Debug/args.o
                0x00006f70                argsGetLine
                0x00007180                argsParse
 .text          0x0000735c      0x1dc ARM Flash Debug/argsdispatch.o
                0x0000735c                argsDispatch
 .text          0x00007538     0x2284 ARM Flash Debug/monitor.o
                0x00007710                get_fattime
                0x00009758                monitorTaskStart
 .text          0x000097bc      0x774 ARM Flash Debug/printf-stdarg.o
                0x00009e3c                printf
                0x00009e7c                sprintf
                0x00009ec4                snprintf
                0x00009f10                write
 .text          0x00009f30      0x214 ARM Flash Debug/leds.o
                0x00009f6c                ledsSetDelay
                0x0000a04c                ledsTaskStart
                0x0000a0ac                ledsTaskStop
                0x0000a130                ledsGetDelay
 .text          0x0000a144      0x404 ARM Flash Debug/tcs3414.o
                0x0000a2ac                tcs3414Init
                0x0000a2e0                tcs3414GetColour
                0x0000a49c                tcs3414GetICRevision
                0x0000a4e8                tcs3414TaskStart
 .text          0x0000a548      0xe4c ARM Flash Debug/mmc.o
                0x0000aad0                mmcWriteProtect
                0x0000aae4                mmcWaitReady
                0x0000ab08                mmcCardPresent
                0x0000ab20                mmcReadCardInfo
                0x0000ac74                mmcRead
                0x0000adb8                mmcWrite
                0x0000af18                mmcVerify
                0x0000b0b0                mmcInitMedia
                0x0000b364                mmcDumpCSD
                0x0000b37c                mmcDecodeCSD
 .text          0x0000b394      0x5c4 ARM Flash Debug/ssp.o
                0x0000b394                sspHardwareCardPresent
                0x0000b3b8                sspHardwareWriteProtected
                0x0000b400                sspChipSelect
                0x0000b4c0                sspSetClockFreq
                0x0000b560                sspInit
                0x0000b6ac                sspTransferByte
                0x0000b714                sspWaitReady
                0x0000b76c                sspSendBlock
                0x0000b80c                sspReceiveBlock
                0x0000b908                sspDelay1ms
 .text          0x0000b958        0x0 ARM Flash Debug/Lcd204_4.o
 .text          0x0000b958      0x7a8 ARM Flash Debug/logging.o
                0x0000b958                fillSlogEntryItem
                0x0000b9c8                setWsPrice
                0x0000b9e8                getLogFilename
                0x0000bab0                trackLog
                0x0000bb10                trackLogTaskStart
                0x0000bb70                trackLogTaskStop
                0x0000bbbc                initLog
                0x0000bc70                appendToLog
                0x0000bd9c                fs_init
                0x0000be14                getDateTime
                0x0000be98                init_daysLogging
                0x0000beac                incr_daysLogging
                0x0000beec                b_itoab
                0x0000c04c                nrOfDigits
                0x0000c0a0                luk_strcpy
 .text          0x0000c100      0xa50 ARM Flash Debug/meas_sm.o
                0x0000c100                meas_sm
                0x0000c854                measSMTaskStart
                0x0000c8b4                MeasSMTaskStop
                0x0000c900                set_measure
                0x0000c924                clr_measure
                0x0000c938                get_measure
                0x0000c950                set_trackLog
                0x0000c964                clr_trackLog
                0x0000c978                get_trackLog
                0x0000c990                get_pumpLastControlSignalOn
                0x0000c9c0                set_pumpLastControlSignalOn
                0x0000c9f0                clr_pumpLastControlSignalOn
                0x0000ca04                updateMeasure_timestamp
                0x0000cac0                getMeasure_timestamp_diff
                0x0000cae8                clr_valuesReceived
                0x0000cafc                set_valuesReceived
                0x0000cb10                valuesReceived
                0x0000cb28                stopMeasure
                0x0000cb3c                startMeasure
 .text          0x0000cb50      0x4a0 ARM Flash Debug/meas_task.o
                0x0000cb50                meas_wind
                0x0000cda8                meas_task_init
                0x0000ce3c                doMeasure
                0x0000cf44                measTaskStart
                0x0000cfa4                measTaskStop
 .text          0x0000cff0        0x0 ARM Flash Debug/crt0.o
 .text          0x0000cff0        0x0 ARM Flash Debug/Philips_LPC210X_Startup.o
 .text          0x0000cff0      0x110 ARM Flash Debug/LPC210x.o
                0x0000d020                ctl_start_timer
                0x0000d0f4                ctl_get_ticks_per_second
 .text          0x0000d100      0x318 ARM Flash Debug/VIC.o
                0x0000d100                ctl_set_isr
                0x0000d3b8                ctl_unmask_isr
                0x0000d3e8                ctl_mask_isr
 .text          0x0000d418       0x44 ARM Flash Debug/VIC_irq_handler.o
                0x0000d418                irq_handler
 .text          0x0000d45c      0x24c ARM Flash Debug/portISR.o
                0x0000d45c                vPortISRStartFirstTask
                0x0000d4a8                swi_handler
                0x0000d554                vTickISR
                0x0000d620                vPortEnterCritical
                0x0000d650                vPortExitCritical
 .text          0x0000d6a8      0x354 ARM Flash Debug/port.o
                0x0000d6a8                pxPortInitialiseStack
                0x0000d908                xPortStartScheduler
                0x0000d924                vPortEndScheduler
 .text          0x0000d9fc      0x35c ARM Flash Debug/heap_2.o
                0x0000d9fc                pvPortMalloc
                0x0000dc6c                vPortFree
                0x0000dd40                xPortGetFreeHeapSize
                0x0000dd54                vPortInitialiseBlocks
 .text          0x0000dd58     0x1f5c ARM Flash Debug/tasks.o
                0x0000dd58                xTaskGenericCreate
                0x0000dfac                vTaskDelete
                0x0000e0a8                vTaskDelayUntil
                0x0000e220                vTaskDelay
                0x0000e30c                uxTaskPriorityGet
                0x0000e364                vTaskPrioritySet
                0x0000e534                vTaskSuspend
                0x0000e5ec                xTaskIsTaskSuspended
                0x0000e65c                vTaskResume
                0x0000e754                xTaskResumeFromISR
                0x0000e868                vTaskStartScheduler
                0x0000e908                vTaskEndScheduler
                0x0000e93c                vTaskSuspendAll
                0x0000e958                xTaskResumeAll
                0x0000eb14                xTaskGetTickCount
                0x0000eb48                uxTaskGetNumberOfTasks
                0x0000eb5c                vTaskList
                0x0000ecd0                vTaskStartTrace
                0x0000ed40                ulTaskEndTrace
                0x0000ed98                vTaskIncrementTick
                0x0000ef18                vTaskSwitchContext
                0x0000f1b4                vTaskPlaceOnEventList
                0x0000f2b4                xTaskRemoveFromEventList
                0x0000f3e8                vTaskSetTimeOutState
                0x0000f420                xTaskCheckForTimeOut
                0x0000f514                vTaskMissedYield
                0x0000f528                prvIdleTask
                0x0000f540                prvInitialiseTCBVariables
                0x0000f60c                prvInitialiseTaskLists
                0x0000f6cc                prvCheckTasksWaitingTermination
                0x0000f79c                prvAllocateTCBAndStack
                0x0000f844                prvListTaskWithinSingleList
                0x0000f994                usTaskCheckFreeStackSpace
                0x0000f9f0                uxTaskGetStackHighWaterMark
                0x0000fa50                prvDeleteTCB
                0x0000fa80                xTaskGetCurrentTaskHandle
                0x0000faa4                vTaskPriorityInherit
                0x0000fbd4                vTaskPriorityDisinherit
 .text          0x0000fcb4     0x1168 ARM Flash Debug/queue.o
                0x0000fcb4                xQueueCreate
                0x0000fdfc                xQueueCreateMutex
                0x0000fed4                xQueueGiveMutexRecursive
                0x0000ff58                xQueueTakeMutexRecursive
                0x0000fff0                xQueueGenericSend
                0x0001019c                xQueueAltGenericSend
                0x000102dc                xQueueAltGenericReceive
                0x000104c8                xQueueGenericSendFromISR
                0x00010598                xQueueGenericReceive
                0x000107f0                xQueueReceiveFromISR
                0x000108c4                uxQueueMessagesWaiting
                0x000108f8                uxQueueMessagesWaitingFromISR
                0x0001091c                vQueueDelete
                0x00010c84                xQueueIsQueueEmptyFromISR
                0x00010cfc                xQueueIsQueueFullFromISR
                0x00010d34                vQueueAddToRegistry
 .text          0x00010e1c      0x258 ARM Flash Debug/list.o
                0x00010e1c                vListInitialise
                0x00010e80                vListInitialiseItem
                0x00010e9c                vListInsertEnd
                0x00010f24                vListInsert
                0x00010fec                vListRemove
 .text          0x00011074      0x62c ARM Flash Debug/disk.o
                0x00011074                diskInitialize
                0x000111a4                diskShutdown
                0x000111d8                diskStatus
                0x00011200                diskRead
                0x0001129c                diskWrite
                0x00011358                diskIoctl
                0x000115dc                diskPresent
                0x000115f4                diskErrorText
                0x00011668                diskErrorTextPrint
 .text          0x000116a0     0x5b8c ARM Flash Debug/ff.o
                0x00013bc0                f_ferrorlookup
                0x00013c34                f_printerror
                0x00013c6c                f_mount
                0x00013d04                f_open
                0x000142c0                f_read
                0x000146ec                f_write
                0x00014bc0                f_sync
                0x00014e90                f_close
                0x00014ed8                f_lseek
                0x00015278                f_opendir
                0x000153f4                f_readdir
                0x00015544                f_stat
                0x000155f4                f_getfree
                0x000158a0                f_unlink
                0x00015b3c                f_mkdir
                0x00015fd8                f_chmod
                0x000160e0                f_rename
                0x000162b4                f_mkfs
 .text          0x0001722c        0x0 C:/Users/lukas/AppData/Local/Rowley Associates Limited/CrossWorks for ARM/packages/lib/liblpc2000_v4t_a_le.a(liblpc2000_lpc21xx_get_cclk.o)
 .text.liblpc2000
                0x0001722c       0x30 C:/Users/lukas/AppData/Local/Rowley Associates Limited/CrossWorks for ARM/packages/lib/liblpc2000_v4t_a_le.a(liblpc2000_lpc21xx_get_cclk.o)
                0x0001722c                liblpc2000_lpc21xx_get_cclk
                0x0001722c                liblpc2000_get_cclk
 .text          0x0001725c        0x0 C:/Users/lukas/AppData/Local/Rowley Associates Limited/CrossWorks for ARM/packages/lib/liblpc2000_v4t_a_le.a(liblpc2000_lpc21xx_get_pclk.o)
 .text.liblpc2000
                0x0001725c       0x2c C:/Users/lukas/AppData/Local/Rowley Associates Limited/CrossWorks for ARM/packages/lib/liblpc2000_v4t_a_le.a(liblpc2000_lpc21xx_get_pclk.o)
                0x0001725c                liblpc2000_lpc21xx_get_pclk
                0x0001725c                liblpc2000_get_pclk
 .text          0x00017288        0x0 C:/Program Files/Rowley Associates Limited/CrossWorks for ARM 2.0/lib/libm_v4t_a_le.a(__int32_to_float32.o)
 *fill*         0x00017288        0x8 00
 .text.libc     0x00017290       0x70 C:/Program Files/Rowley Associates Limited/CrossWorks for ARM 2.0/lib/libm_v4t_a_le.a(__int32_to_float32.o)
                0x00017290                __int32_to_float32
                0x00017290                __floatsisf
                0x00017290                __aeabi_i2f
                0x000172a4                __int32_to_float32_common
 .text          0x00017300        0x0 C:/Program Files/Rowley Associates Limited/CrossWorks for ARM 2.0/lib/libm_v4t_a_le.a(__int32_to_float64.o)
 .text.libc     0x00017300       0x70 C:/Program Files/Rowley Associates Limited/CrossWorks for ARM 2.0/lib/libm_v4t_a_le.a(__int32_to_float64.o)
                0x00017300                __aeabi_i2d
                0x00017300                __int32_to_float64
                0x00017300                __floatsidf
 .text          0x00017370        0x0 C:/Program Files/Rowley Associates Limited/CrossWorks for ARM 2.0/lib/libm_v4t_a_le.a(__uint32_to_float32.o)
 .text.libc     0x00017370       0x10 C:/Program Files/Rowley Associates Limited/CrossWorks for ARM 2.0/lib/libm_v4t_a_le.a(__uint32_to_float32.o)
                0x00017370                __aeabi_ui2f
                0x00017370                __floatunsisf
                0x00017370                __uint32_to_float32
 .text          0x00017380        0x0 C:/Program Files/Rowley Associates Limited/CrossWorks for ARM 2.0/lib/libm_v4t_a_le.a(__float32_to_int32.o)
 .text.libc     0x00017380       0x50 C:/Program Files/Rowley Associates Limited/CrossWorks for ARM 2.0/lib/libm_v4t_a_le.a(__float32_to_int32.o)
                0x00017380                __float32_to_int32
                0x00017380                __aeabi_f2iz
                0x00017380                __fixsfsi
 .text          0x000173d0        0x0 C:/Program Files/Rowley Associates Limited/CrossWorks for ARM 2.0/lib/libm_v4t_a_le.a(__float32_to_uint32.o)
 .text.libc     0x000173d0       0x40 C:/Program Files/Rowley Associates Limited/CrossWorks for ARM 2.0/lib/libm_v4t_a_le.a(__float32_to_uint32.o)
                0x000173d0                __aeabi_f2uiz
                0x000173d0                __fixunssfsi
                0x000173d0                __float32_to_uint32
 .text          0x00017410        0x0 C:/Program Files/Rowley Associates Limited/CrossWorks for ARM 2.0/lib/libm_v4t_a_le.a(__float64_to_int32.o)
 .text.libc     0x00017410       0x60 C:/Program Files/Rowley Associates Limited/CrossWorks for ARM 2.0/lib/libm_v4t_a_le.a(__float64_to_int32.o)
                0x00017410                __aeabi_d2iz
                0x00017410                __float64_to_int32
                0x00017410                __fixdfsi
 .text          0x00017470        0x0 C:/Program Files/Rowley Associates Limited/CrossWorks for ARM 2.0/lib/libm_v4t_a_le.a(__float32_to_float64.o)
 .text.libc     0x00017470       0x40 C:/Program Files/Rowley Associates Limited/CrossWorks for ARM 2.0/lib/libm_v4t_a_le.a(__float32_to_float64.o)
                0x00017470                __float32_to_float64
                0x00017470                __aeabi_f2d
                0x00017470                __extendsfdf2
 .text          0x000174b0        0x0 C:/Program Files/Rowley Associates Limited/CrossWorks for ARM 2.0/lib/libm_v4t_a_le.a(__float64_to_float32.o)
 .text.libc     0x000174b0       0x80 C:/Program Files/Rowley Associates Limited/CrossWorks for ARM 2.0/lib/libm_v4t_a_le.a(__float64_to_float32.o)
                0x000174b0                __truncdfsf2
                0x000174b0                __float64_to_float32
                0x000174b0                __aeabi_d2f
 .text          0x00017530        0x0 C:/Program Files/Rowley Associates Limited/CrossWorks for ARM 2.0/lib/libm_v4t_a_le.a(__float32_mul.o)
 .text.libc     0x00017530      0x100 C:/Program Files/Rowley Associates Limited/CrossWorks for ARM 2.0/lib/libm_v4t_a_le.a(__float32_mul.o)
                0x00017530                __mulsf3
                0x00017530                __float32_mul
 .text          0x00017630        0x0 C:/Program Files/Rowley Associates Limited/CrossWorks for ARM 2.0/lib/libm_v4t_a_le.a(__float64_add.o)
 .text.libc     0x00017630      0x350 C:/Program Files/Rowley Associates Limited/CrossWorks for ARM 2.0/lib/libm_v4t_a_le.a(__float64_add.o)
                0x00017630                __aeabi_drsub
                0x00017638                __aeabi_dsub
                0x00017638                __float64_sub
                0x00017638                __subdf3
                0x0001763c                __aeabi_dadd
                0x0001763c                __float64_add
                0x0001763c                __adddf3
 .text          0x00017980        0x0 C:/Program Files/Rowley Associates Limited/CrossWorks for ARM 2.0/lib/libm_v4t_a_le.a(__float64_mul.o)
 .text.libc     0x00017980      0x1b0 C:/Program Files/Rowley Associates Limited/CrossWorks for ARM 2.0/lib/libm_v4t_a_le.a(__float64_mul.o)
                0x00017980                __muldf3
                0x00017980                __float64_mul
 .text          0x00017b30        0x0 C:/Program Files/Rowley Associates Limited/CrossWorks for ARM 2.0/lib/libm_v4t_a_le.a(__float64_div.o)
 .text.libc     0x00017b30      0x330 C:/Program Files/Rowley Associates Limited/CrossWorks for ARM 2.0/lib/libm_v4t_a_le.a(__float64_div.o)
                0x00017b30                __divdf3
                0x00017b30                __float64_div
                0x00017b30                __aeabi_ddiv
 .text          0x00017e60        0x0 C:/Program Files/Rowley Associates Limited/CrossWorks for ARM 2.0/lib/libm_v4t_a_le.a(log.o)
 .text.libc     0x00017e60      0x2c0 C:/Program Files/Rowley Associates Limited/CrossWorks for ARM 2.0/lib/libm_v4t_a_le.a(log.o)
                0x00017e60                log
 .text          0x00018120        0x0 C:/Program Files/Rowley Associates Limited/CrossWorks for ARM 2.0/lib/libm_v4t_a_le.a(__float64_cmp.o)
 .text.libc     0x00018120       0x70 C:/Program Files/Rowley Associates Limited/CrossWorks for ARM 2.0/lib/libm_v4t_a_le.a(__float64_cmp.o)
                0x00018120                __eqdf2
                0x00018120                __gtdf2
                0x00018120                __ltdf2
                0x00018120                __ledf2
                0x00018120                __nedf2
                0x00018120                __gedf2
                0x00018120                __cmpdf2
 .text          0x00018190        0x0 C:/Program Files/Rowley Associates Limited/CrossWorks for ARM 2.0/lib/libm_v4t_a_le.a(__float64_isnan.o)
 .text.libc     0x00018190       0x20 C:/Program Files/Rowley Associates Limited/CrossWorks for ARM 2.0/lib/libm_v4t_a_le.a(__float64_isnan.o)
                0x00018190                __float64_isnan
 .text          0x000181b0        0x0 C:/Program Files/Rowley Associates Limited/CrossWorks for ARM 2.0/lib/libm_v4t_a_le.a(__float64_infinity.o)
 .text.libc     0x000181b0        0x0 C:/Program Files/Rowley Associates Limited/CrossWorks for ARM 2.0/lib/libm_v4t_a_le.a(__float64_infinity.o)
 .text          0x000181b0        0x0 C:/Program Files/Rowley Associates Limited/CrossWorks for ARM 2.0/lib/libm_v4t_a_le.a(__float64_nan.o)
 .text.libc     0x000181b0        0x0 C:/Program Files/Rowley Associates Limited/CrossWorks for ARM 2.0/lib/libm_v4t_a_le.a(__float64_nan.o)
 .text          0x000181b0        0x0 C:/Program Files/Rowley Associates Limited/CrossWorks for ARM 2.0/lib/libm_v4t_a_le.a(__poly1_eval.o)
 .text.libc     0x000181b0       0x70 C:/Program Files/Rowley Associates Limited/CrossWorks for ARM 2.0/lib/libm_v4t_a_le.a(__poly1_eval.o)
                0x000181b0                __poly1_eval
 .text          0x00018220        0x0 C:/Program Files/Rowley Associates Limited/CrossWorks for ARM 2.0/lib/libm_v4t_a_le.a(__poly_eval.o)
 .text.libc     0x00018220       0x5c C:/Program Files/Rowley Associates Limited/CrossWorks for ARM 2.0/lib/libm_v4t_a_le.a(__poly_eval.o)
                0x00018220                __poly_eval
 .text          0x0001827c        0x0 C:/Program Files/Rowley Associates Limited/CrossWorks for ARM 2.0/lib/libm_v4t_a_le.a(frexp.o)
 .text.libc     0x0001827c       0x60 C:/Program Files/Rowley Associates Limited/CrossWorks for ARM 2.0/lib/libm_v4t_a_le.a(frexp.o)
                0x0001827c                frexp
 .text          0x000182dc        0x0 C:/Program Files/Rowley Associates Limited/CrossWorks for ARM 2.0/lib/libm_v4t_a_le.a(ldexp.o)
 .text.libc     0x000182dc       0x84 C:/Program Files/Rowley Associates Limited/CrossWorks for ARM 2.0/lib/libm_v4t_a_le.a(ldexp.o)
                0x000182dc                ldexp
 .text          0x00018360        0x0 C:/Program Files/Rowley Associates Limited/CrossWorks for ARM 2.0/lib/libc_v4t_a_le.a(__int32_umod.o)
 .text.libc     0x00018360       0x20 C:/Program Files/Rowley Associates Limited/CrossWorks for ARM 2.0/lib/libc_v4t_a_le.a(__int32_umod.o)
                0x00018360                __int32_umod
                0x00018360                __umodsi3
 .text          0x00018380        0x0 C:/Program Files/Rowley Associates Limited/CrossWorks for ARM 2.0/lib/libc_v4t_a_le.a(__int32_div.o)
 .text.libc     0x00018380       0x50 C:/Program Files/Rowley Associates Limited/CrossWorks for ARM 2.0/lib/libc_v4t_a_le.a(__int32_div.o)
                0x00018380                __divsi3
                0x00018380                __int32_div
 .text          0x000183d0        0x0 C:/Program Files/Rowley Associates Limited/CrossWorks for ARM 2.0/lib/libc_v4t_a_le.a(__int32_udivmod.o)
 .text.libc     0x000183d0       0x30 C:/Program Files/Rowley Associates Limited/CrossWorks for ARM 2.0/lib/libc_v4t_a_le.a(__int32_udivmod.o)
                0x000183d0                __int32_udivmod
                0x000183d0                __udivsi3
                0x000183d0                __int32_udiv
 .text          0x00018400        0x0 C:/Program Files/Rowley Associates Limited/CrossWorks for ARM 2.0/lib/libc_v4t_a_le.a(strlen.o)
 .text.libc     0x00018400       0x90 C:/Program Files/Rowley Associates Limited/CrossWorks for ARM 2.0/lib/libc_v4t_a_le.a(strlen.o)
                0x00018400                strlen
 .text          0x00018490        0x0 C:/Program Files/Rowley Associates Limited/CrossWorks for ARM 2.0/lib/libc_v4t_a_le.a(memcpy.o)
 .text.libc     0x00018490       0x60 C:/Program Files/Rowley Associates Limited/CrossWorks for ARM 2.0/lib/libc_v4t_a_le.a(memcpy.o)
                0x00018490                memcpy
 .text          0x000184f0        0x0 C:/Program Files/Rowley Associates Limited/CrossWorks for ARM 2.0/lib/libc_v4t_a_le.a(memset.o)
 .text.libc     0x000184f0       0xa0 C:/Program Files/Rowley Associates Limited/CrossWorks for ARM 2.0/lib/libc_v4t_a_le.a(memset.o)
                0x000184f0                memset
 .text          0x00018590        0x0 C:/Program Files/Rowley Associates Limited/CrossWorks for ARM 2.0/lib/libc_v4t_a_le.a(strcpy.o)
 .text.libc     0x00018590       0x60 C:/Program Files/Rowley Associates Limited/CrossWorks for ARM 2.0/lib/libc_v4t_a_le.a(strcpy.o)
                0x00018590                strcpy
 .text          0x000185f0        0x0 C:/Program Files/Rowley Associates Limited/CrossWorks for ARM 2.0/lib/libc_v4t_a_le.a(strcmp.o)
 .text.libc     0x000185f0       0x70 C:/Program Files/Rowley Associates Limited/CrossWorks for ARM 2.0/lib/libc_v4t_a_le.a(strcmp.o)
                0x000185f0                strcmp
 .text          0x00018660        0x0 C:/Program Files/Rowley Associates Limited/CrossWorks for ARM 2.0/lib/libc_v4t_a_le.a(memcmp.o)
 .text.libc     0x00018660       0x54 C:/Program Files/Rowley Associates Limited/CrossWorks for ARM 2.0/lib/libc_v4t_a_le.a(memcmp.o)
                0x00018660                memcmp
 .text          0x000186b4        0x0 C:/Program Files/Rowley Associates Limited/CrossWorks for ARM 2.0/lib/libc_v4t_a_le.a(strcat.o)
 .text.libc     0x000186b4       0x3c C:/Program Files/Rowley Associates Limited/CrossWorks for ARM 2.0/lib/libc_v4t_a_le.a(strcat.o)
                0x000186b4                strcat
 .text          0x000186f0        0x0 C:/Program Files/Rowley Associates Limited/CrossWorks for ARM 2.0/lib/libc_v4t_a_le.a(strncmp.o)
 .text.libc     0x000186f0       0x64 C:/Program Files/Rowley Associates Limited/CrossWorks for ARM 2.0/lib/libc_v4t_a_le.a(strncmp.o)
                0x000186f0                strncmp
 .text          0x00018754        0x0 C:/Program Files/Rowley Associates Limited/CrossWorks for ARM 2.0/lib/libc_v4t_a_le.a(strncpy.o)
 .text.libc     0x00018754       0x74 C:/Program Files/Rowley Associates Limited/CrossWorks for ARM 2.0/lib/libc_v4t_a_le.a(strncpy.o)
                0x00018754                strncpy
 .text          0x000187c8        0x0 C:/Program Files/Rowley Associates Limited/CrossWorks for ARM 2.0/lib/libc_v4t_a_le.a(ctype.o)
 .text.libc     0x000187c8      0x17c C:/Program Files/Rowley Associates Limited/CrossWorks for ARM 2.0/lib/libc_v4t_a_le.a(ctype.o)
                0x000187c8                isalpha
                0x000187e4                isupper
                0x000187f8                islower
                0x0001880c                isdigit
                0x00018820                isxdigit
                0x0001884c                isspace
                0x00018864                ispunct
                0x000188a0                isalnum
                0x000188cc                isprint
                0x000188e0                isgraph
                0x000188f4                iscntrl
                0x00018908                tolower
                0x0001891c                toupper
                0x00018930                isblank
 .text          0x00018944        0x0 C:/Program Files/Rowley Associates Limited/CrossWorks for ARM 2.0/lib/libc_v4t_a_le.a(malloc.o)
 .text.libc     0x00018944      0x250 C:/Program Files/Rowley Associates Limited/CrossWorks for ARM 2.0/lib/libc_v4t_a_le.a(malloc.o)
                0x00018944                free
                0x00018a38                malloc
                0x00018b1c                realloc
                0x00018b64                calloc
 .text          0x00018b94        0x0 C:/Program Files/Rowley Associates Limited/CrossWorks for ARM 2.0/lib/libc_v4t_a_le.a(atoi.o)
 .text.libc     0x00018b94       0x38 C:/Program Files/Rowley Associates Limited/CrossWorks for ARM 2.0/lib/libc_v4t_a_le.a(atoi.o)
                0x00018b94                atoi
 .text          0x00018bcc        0x0 C:/Program Files/Rowley Associates Limited/CrossWorks for ARM 2.0/lib/libc_v4t_a_le.a(time.o)
 .text.libc     0x00018bcc      0x75c C:/Program Files/Rowley Associates Limited/CrossWorks for ARM 2.0/lib/libc_v4t_a_le.a(time.o)
                0x00018bcc                difftime
                0x00018be0                checktm
                0x00018e28                mktime
                0x00019070                localtime_r
                0x0001927c                localtime
                0x0001929c                gmtime_r
                0x000192b4                gmtime
                0x000192d4                ctime_r
                0x00019304                ctime
 .text          0x00019328        0x0 C:/Program Files/Rowley Associates Limited/CrossWorks for ARM 2.0/lib/libc_v4t_a_le.a(asctime.o)
 .text.libc     0x00019328      0x18c C:/Program Files/Rowley Associates Limited/CrossWorks for ARM 2.0/lib/libc_v4t_a_le.a(asctime.o)
                0x00019354                asctime_r
                0x0001949c                asctime
 .text          0x000194b4        0x0 C:/Program Files/Rowley Associates Limited/CrossWorks for ARM 2.0/lib/libc_v4t_a_le.a(strftime.o)
 .text.libc     0x000194b4      0x82c C:/Program Files/Rowley Associates Limited/CrossWorks for ARM 2.0/lib/libc_v4t_a_le.a(strftime.o)
                0x00019c8c                strftime
 .text          0x00019ce0        0x0 C:/Program Files/Rowley Associates Limited/CrossWorks for ARM 2.0/lib/libc_v4t_a_le.a(div.o)
 .text.libc     0x00019ce0       0x54 C:/Program Files/Rowley Associates Limited/CrossWorks for ARM 2.0/lib/libc_v4t_a_le.a(div.o)
                0x00019ce0                div
 .text          0x00019d34        0x0 C:/Program Files/Rowley Associates Limited/CrossWorks for ARM 2.0/lib/libc_v4t_a_le.a(strtol.o)
 .text.libc     0x00019d34       0xd4 C:/Program Files/Rowley Associates Limited/CrossWorks for ARM 2.0/lib/libc_v4t_a_le.a(strtol.o)
                0x00019d34                strtol
 .text          0x00019e08        0x0 C:/Program Files/Rowley Associates Limited/CrossWorks for ARM 2.0/lib/libc_v4t_a_le.a(ldiv.o)
 .text.libc     0x00019e08       0x54 C:/Program Files/Rowley Associates Limited/CrossWorks for ARM 2.0/lib/libc_v4t_a_le.a(ldiv.o)
                0x00019e08                ldiv
 .text          0x00019e5c        0x0 C:/Program Files/Rowley Associates Limited/CrossWorks for ARM 2.0/lib/libc_v4t_a_le.a(__int32_mod.o)
 *fill*         0x00019e5c        0x4 00
 .text.libc     0x00019e60       0x50 C:/Program Files/Rowley Associates Limited/CrossWorks for ARM 2.0/lib/libc_v4t_a_le.a(__int32_mod.o)
                0x00019e60                __modsi3
                0x00019e60                __int32_mod
 .text          0x00019eb0        0x0 C:/Program Files/Rowley Associates Limited/CrossWorks for ARM 2.0/lib/libc_v4t_a_le.a(__strtoul.o)
 .text.libc     0x00019eb0      0x128 C:/Program Files/Rowley Associates Limited/CrossWorks for ARM 2.0/lib/libc_v4t_a_le.a(__strtoul.o)
                0x00019eb0                __strtoul
 .text          0x00019fd8        0x0 C:/Program Files/Rowley Associates Limited/CrossWorks for ARM 2.0/lib/libc_v4t_a_le.a(__digit.o)
 .text.libc     0x00019fd8       0x54 C:/Program Files/Rowley Associates Limited/CrossWorks for ARM 2.0/lib/libc_v4t_a_le.a(__digit.o)
                0x00019fd8                __digit
 .text          0x0001a02c        0x0 C:/Program Files/Rowley Associates Limited/CrossWorks for ARM 2.0/lib/libc_targetio_impl_v4t_a_le.a(putchar.o)
 .text.libc     0x0001a02c       0x2c C:/Program Files/Rowley Associates Limited/CrossWorks for ARM 2.0/lib/libc_targetio_impl_v4t_a_le.a(putchar.o)
                0x0001a02c                putchar
 .text          0x0001a058        0x0 C:/Program Files/Rowley Associates Limited/CrossWorks for ARM 2.0/lib/libc_user_libc_v4t_a_le.a(user_libc.o)
 .text.libc     0x0001a058       0x2c C:/Program Files/Rowley Associates Limited/CrossWorks for ARM 2.0/lib/libc_user_libc_v4t_a_le.a(user_libc.o)
                0x0001a058                __errno
                0x0001a064                __heap_lock
                0x0001a068                __heap_unlock
                0x0001a06c                __printf_lock
                0x0001a070                __printf_unlock
                0x0001a074                __scanf_lock
                0x0001a078                __scanf_unlock
                0x0001a07c                __debug_io_lock
                0x0001a080                __debug_io_unlock
                0x0001a084                __text_end__ = (__text_start__ + SIZEOF (.text))
                0x0001a084                __text_load_end__ = __text_end__

.vfp11_veneer   0x00000000        0x0
 .vfp11_veneer  0x00000000        0x0 linker stubs

.v4_bx          0x00000000        0x0
 .v4_bx         0x00000000        0x0 linker stubs
                0x00000001                . = ASSERT (((__text_end__ >= __FLASH_segment_start__) && (__text_end__ <= (__FLASH_segment_start__ + 0x80000))), error: .text is too large to fit in FLASH memory segment)
                0x0001a084                __dtors_load_start__ = ALIGN (__text_end__, 0x4)

.dtors          0x0001a084        0x0
                0x0001a084                __dtors_start__ = .
 *(SORT(.dtors.*))
 *(.dtors)
                0x0001a084                __dtors_end__ = (__dtors_start__ + SIZEOF (.dtors))
                0x0001a084                __dtors_load_end__ = __dtors_end__
                0x00000001                . = ASSERT (((__dtors_end__ >= __FLASH_segment_start__) && (__dtors_end__ <= (__FLASH_segment_start__ + 0x80000))), error: .dtors is too large to fit in FLASH memory segment)
                0x0001a084                __ctors_load_start__ = ALIGN (__dtors_end__, 0x4)

.ctors          0x0001a084        0x0
                0x0001a084                __ctors_start__ = .
 *(SORT(.ctors.*))
 *(.ctors)
                0x0001a084                __ctors_end__ = (__ctors_start__ + SIZEOF (.ctors))
                0x0001a084                __ctors_load_end__ = __ctors_end__
                0x00000001                . = ASSERT (((__ctors_end__ >= __FLASH_segment_start__) && (__ctors_end__ <= (__FLASH_segment_start__ + 0x80000))), error: .ctors is too large to fit in FLASH memory segment)
                0x0001a084                __rodata_load_start__ = ALIGN (__ctors_end__, 0x4)

.rodata         0x0001a084     0x21d4
                0x0001a084                __rodata_start__ = .
 *(.rodata .rodata.* .gnu.linkonce.r.*)
 .rodata        0x0001a084       0x14 ARM Flash Debug/main.o
 .rodata        0x0001a098      0x1a0 ARM Flash Debug/i2c.o
 .rodata        0x0001a238        0xc ARM Flash Debug/i2cInt.o
 .rodata        0x0001a244       0x90 ARM Flash Debug/usbser.o
 .rodata        0x0001a2d4      0x2b4 ARM Flash Debug/beep.o
 .rodata        0x0001a588       0x10 ARM Flash Debug/args.o
 .rodata        0x0001a598       0x84 ARM Flash Debug/argsdispatch.o
 .rodata        0x0001a61c     0x1270 ARM Flash Debug/monitor.o
 .rodata        0x0001b88c        0x8 ARM Flash Debug/printf-stdarg.o
 .rodata        0x0001b894        0x4 ARM Flash Debug/leds.o
 .rodata        0x0001b898        0x8 ARM Flash Debug/tcs3414.o
 .rodata        0x0001b8a0      0x224 ARM Flash Debug/mmc.o
 .rodata        0x0001bac4       0xb0 ARM Flash Debug/logging.o
 .rodata        0x0001bb74      0x1d8 ARM Flash Debug/meas_sm.o
 .rodata        0x0001bd4c       0x10 ARM Flash Debug/meas_task.o
 .rodata        0x0001bd5c        0x2 ARM Flash Debug/heap_2.o
 *fill*         0x0001bd5e        0x2 00
 .rodata        0x0001bd60       0x34 ARM Flash Debug/tasks.o
 .rodata        0x0001bd94       0x7c ARM Flash Debug/disk.o
 .rodata        0x0001be10      0x168 ARM Flash Debug/ff.o
 .rodata.libc   0x0001bf78       0x28 C:/Program Files/Rowley Associates Limited/CrossWorks for ARM 2.0/lib/libm_v4t_a_le.a(log.o)
 .rodata.libc   0x0001bfa0        0x8 C:/Program Files/Rowley Associates Limited/CrossWorks for ARM 2.0/lib/libm_v4t_a_le.a(__float64_infinity.o)
                0x0001bfa0                __float64_infinity
 .rodata.libc   0x0001bfa8        0x8 C:/Program Files/Rowley Associates Limited/CrossWorks for ARM 2.0/lib/libm_v4t_a_le.a(__float64_nan.o)
                0x0001bfa8                __float64_nan
 .rodata.libc   0x0001bfb0       0x84 C:/Program Files/Rowley Associates Limited/CrossWorks for ARM 2.0/lib/libc_v4t_a_le.a(ctype.o)
                0x0001bfb0                __ctype
 .rodata.libc   0x0001c034       0x68 C:/Program Files/Rowley Associates Limited/CrossWorks for ARM 2.0/lib/libc_v4t_a_le.a(time.o)
 .rodata.libc   0x0001c09c       0x4c C:/Program Files/Rowley Associates Limited/CrossWorks for ARM 2.0/lib/libc_v4t_a_le.a(asctime.o)
 .rodata.libc   0x0001c0e8       0x4c C:/Program Files/Rowley Associates Limited/CrossWorks for ARM 2.0/lib/libc_v4t_a_le.a(strftime.o)
 .rodata.libc.str1.4
                0x0001c134      0x124 C:/Program Files/Rowley Associates Limited/CrossWorks for ARM 2.0/lib/libc_v4t_a_le.a(strftime.o)
                                0x130 (size before relaxing)
                0x0001c258                __rodata_end__ = (__rodata_start__ + SIZEOF (.rodata))
                0x0001c258                __rodata_load_end__ = __rodata_end__
                0x00000001                . = ASSERT (((__rodata_end__ >= __FLASH_segment_start__) && (__rodata_end__ <= (__FLASH_segment_start__ + 0x80000))), error: .rodata is too large to fit in FLASH memory segment)
                0x0001c258                __fast_load_start__ = ALIGN (__rodata_end__, 0x4)

.fast           0x4000003c        0x0 load address 0x0001c258
                0x4000003c                __fast_start__ = .
 *(.fast .fast.*)
                0x4000003c                __fast_end__ = (__fast_start__ + SIZEOF (.fast))
                0x0001c258                __fast_load_end__ = (__fast_load_start__ + SIZEOF (.fast))
                0x00000001                . = ASSERT ((((__fast_load_start__ + SIZEOF (.fast)) >= __FLASH_segment_start__) && ((__fast_load_start__ + SIZEOF (.fast)) <= (__FLASH_segment_start__ + 0x80000))), error: .fast is too large to fit in FLASH memory segment)

.fast_run       0x4000003c        0x0
                0x4000003c                __fast_run_start__ = .
                0x4000003c                . = MAX ((__fast_run_start__ + SIZEOF (.fast)), .)
                0x4000003c                __fast_run_end__ = (__fast_run_start__ + SIZEOF (.fast_run))
                0x4000003c                __fast_run_load_end__ = __fast_run_end__
                0x00000001                . = ASSERT (((__fast_run_end__ >= __SRAM_segment_start__) && (__fast_run_end__ <= (__SRAM_segment_start__ + 0x8000))), error: .fast_run is too large to fit in SRAM memory segment)
                0x0001c258                __data_load_start__ = ALIGN ((__fast_load_start__ + SIZEOF (.fast)), 0x4)

.data           0x4000003c      0x130 load address 0x0001c258
                0x4000003c                __data_start__ = .
 *(.data .data.* .gnu.linkonce.d.*)
 .data          0x4000003c       0x10 ARM Flash Debug/main.o
 .data          0x4000004c        0x0 ARM Flash Debug/adc.o
 .data          0x4000004c        0x0 ARM Flash Debug/cpu.o
 .data          0x4000004c       0xb0 ARM Flash Debug/i2c.o
 .data          0x400000fc        0x4 ARM Flash Debug/i2cInt.o
 .data          0x40000100        0x8 ARM Flash Debug/pwm.o
 .data          0x40000108        0x0 ARM Flash Debug/spi.o
 .data          0x40000108        0x8 ARM Flash Debug/uart0.o
 .data          0x40000110        0x0 ARM Flash Debug/uart0ISR.o
 .data          0x40000110        0x8 ARM Flash Debug/uart1.o
 .data          0x40000118        0x0 ARM Flash Debug/uart1ISR.o
 .data          0x40000118        0x0 ARM Flash Debug/usbcontrol.o
 .data          0x40000118        0x0 ARM Flash Debug/usbinit.o
 .data          0x40000118        0x0 ARM Flash Debug/usbISR.o
 .data          0x40000118        0x0 ARM Flash Debug/usbstdreq.o
 .data          0x40000118        0x8 ARM Flash Debug/usbser.o
 .data          0x40000120        0x0 ARM Flash Debug/rtc.o
 .data          0x40000120        0x0 ARM Flash Debug/rtcISR.o
 .data          0x40000120        0x0 ARM Flash Debug/reset.o
 .data          0x40000120        0x0 ARM Flash Debug/eint0.o
 .data          0x40000120        0x0 ARM Flash Debug/eint0ISR.o
 .data          0x40000120        0x0 ARM Flash Debug/eint2.o
 .data          0x40000120        0x0 ARM Flash Debug/eint2ISR.o
 .data          0x40000120        0x0 ARM Flash Debug/eint3.o
 .data          0x40000120        0x8 ARM Flash Debug/eint3ISR.o
 .data          0x40000128        0x0 ARM Flash Debug/eint1.o
 .data          0x40000128        0x0 ARM Flash Debug/eint1ISR.o
 .data          0x40000128        0x0 ARM Flash Debug/beep.o
 .data          0x40000128        0x8 ARM Flash Debug/timer.o
 .data          0x40000130        0x0 ARM Flash Debug/freqCounter.o
 .data          0x40000130        0x0 ARM Flash Debug/dac.o
 .data          0x40000130        0x0 ARM Flash Debug/args.o
 .data          0x40000130        0x0 ARM Flash Debug/argsdispatch.o
 .data          0x40000130        0x0 ARM Flash Debug/monitor.o
 .data          0x40000130        0x0 ARM Flash Debug/printf-stdarg.o
 .data          0x40000130        0x8 ARM Flash Debug/leds.o
 .data          0x40000138        0x1 ARM Flash Debug/tcs3414.o
 .data          0x40000139        0x0 ARM Flash Debug/mmc.o
 .data          0x40000139        0x0 ARM Flash Debug/ssp.o
 .data          0x40000139        0x0 ARM Flash Debug/Lcd204_4.o
 *fill*         0x40000139        0x3 00
 .data          0x4000013c        0x8 ARM Flash Debug/logging.o
 .data          0x40000144       0x10 ARM Flash Debug/meas_sm.o
 .data          0x40000154        0x8 ARM Flash Debug/meas_task.o
 .data          0x4000015c        0x0 ARM Flash Debug/crt0.o
 .data          0x4000015c        0x0 ARM Flash Debug/Philips_LPC210X_Startup.o
 .data          0x4000015c        0x0 ARM Flash Debug/LPC210x.o
 .data          0x4000015c        0x0 ARM Flash Debug/VIC.o
 .data          0x4000015c        0x0 ARM Flash Debug/VIC_irq_handler.o
 .data          0x4000015c        0x4 ARM Flash Debug/portISR.o
                0x4000015c                ulCriticalNesting
 .data          0x40000160        0x0 ARM Flash Debug/port.o
 .data          0x40000160        0x0 ARM Flash Debug/heap_2.o
 .data          0x40000160        0x4 ARM Flash Debug/tasks.o
                0x40000160                uxPreviousTask
 .data          0x40000164        0x0 ARM Flash Debug/queue.o
 .data          0x40000164        0x0 ARM Flash Debug/list.o
 .data          0x40000164        0x1 ARM Flash Debug/disk.o
 .data          0x40000165        0x0 ARM Flash Debug/ff.o
 .data          0x40000165        0x0 C:/Users/lukas/AppData/Local/Rowley Associates Limited/CrossWorks for ARM/packages/lib/liblpc2000_v4t_a_le.a(liblpc2000_lpc21xx_get_cclk.o)
 .data          0x40000165        0x0 C:/Users/lukas/AppData/Local/Rowley Associates Limited/CrossWorks for ARM/packages/lib/liblpc2000_v4t_a_le.a(liblpc2000_lpc21xx_get_pclk.o)
 .data          0x40000165        0x0 C:/Program Files/Rowley Associates Limited/CrossWorks for ARM 2.0/lib/libm_v4t_a_le.a(__int32_to_float32.o)
 .data          0x40000165        0x0 C:/Program Files/Rowley Associates Limited/CrossWorks for ARM 2.0/lib/libm_v4t_a_le.a(__int32_to_float64.o)
 .data          0x40000165        0x0 C:/Program Files/Rowley Associates Limited/CrossWorks for ARM 2.0/lib/libm_v4t_a_le.a(__uint32_to_float32.o)
 .data          0x40000165        0x0 C:/Program Files/Rowley Associates Limited/CrossWorks for ARM 2.0/lib/libm_v4t_a_le.a(__float32_to_int32.o)
 .data          0x40000165        0x0 C:/Program Files/Rowley Associates Limited/CrossWorks for ARM 2.0/lib/libm_v4t_a_le.a(__float32_to_uint32.o)
 .data          0x40000165        0x0 C:/Program Files/Rowley Associates Limited/CrossWorks for ARM 2.0/lib/libm_v4t_a_le.a(__float64_to_int32.o)
 .data          0x40000165        0x0 C:/Program Files/Rowley Associates Limited/CrossWorks for ARM 2.0/lib/libm_v4t_a_le.a(__float32_to_float64.o)
 .data          0x40000165        0x0 C:/Program Files/Rowley Associates Limited/CrossWorks for ARM 2.0/lib/libm_v4t_a_le.a(__float64_to_float32.o)
 .data          0x40000165        0x0 C:/Program Files/Rowley Associates Limited/CrossWorks for ARM 2.0/lib/libm_v4t_a_le.a(__float32_mul.o)
 .data          0x40000165        0x0 C:/Program Files/Rowley Associates Limited/CrossWorks for ARM 2.0/lib/libm_v4t_a_le.a(__float64_add.o)
 .data          0x40000165        0x0 C:/Program Files/Rowley Associates Limited/CrossWorks for ARM 2.0/lib/libm_v4t_a_le.a(__float64_mul.o)
 .data          0x40000165        0x0 C:/Program Files/Rowley Associates Limited/CrossWorks for ARM 2.0/lib/libm_v4t_a_le.a(__float64_div.o)
 .data          0x40000165        0x0 C:/Program Files/Rowley Associates Limited/CrossWorks for ARM 2.0/lib/libm_v4t_a_le.a(log.o)
 .data          0x40000165        0x0 C:/Program Files/Rowley Associates Limited/CrossWorks for ARM 2.0/lib/libm_v4t_a_le.a(__float64_cmp.o)
 .data          0x40000165        0x0 C:/Program Files/Rowley Associates Limited/CrossWorks for ARM 2.0/lib/libm_v4t_a_le.a(__float64_isnan.o)
 .data          0x40000165        0x0 C:/Program Files/Rowley Associates Limited/CrossWorks for ARM 2.0/lib/libm_v4t_a_le.a(__float64_infinity.o)
 .data          0x40000165        0x0 C:/Program Files/Rowley Associates Limited/CrossWorks for ARM 2.0/lib/libm_v4t_a_le.a(__float64_nan.o)
 .data          0x40000165        0x0 C:/Program Files/Rowley Associates Limited/CrossWorks for ARM 2.0/lib/libm_v4t_a_le.a(__poly1_eval.o)
 .data          0x40000165        0x0 C:/Program Files/Rowley Associates Limited/CrossWorks for ARM 2.0/lib/libm_v4t_a_le.a(__poly_eval.o)
 .data          0x40000165        0x0 C:/Program Files/Rowley Associates Limited/CrossWorks for ARM 2.0/lib/libm_v4t_a_le.a(frexp.o)
 .data          0x40000165        0x0 C:/Program Files/Rowley Associates Limited/CrossWorks for ARM 2.0/lib/libm_v4t_a_le.a(ldexp.o)
 .data          0x40000165        0x0 C:/Program Files/Rowley Associates Limited/CrossWorks for ARM 2.0/lib/libc_v4t_a_le.a(__int32_umod.o)
 .data          0x40000165        0x0 C:/Program Files/Rowley Associates Limited/CrossWorks for ARM 2.0/lib/libc_v4t_a_le.a(__int32_div.o)
 .data          0x40000165        0x0 C:/Program Files/Rowley Associates Limited/CrossWorks for ARM 2.0/lib/libc_v4t_a_le.a(__int32_udivmod.o)
 .data          0x40000165        0x0 C:/Program Files/Rowley Associates Limited/CrossWorks for ARM 2.0/lib/libc_v4t_a_le.a(strlen.o)
 .data          0x40000165        0x0 C:/Program Files/Rowley Associates Limited/CrossWorks for ARM 2.0/lib/libc_v4t_a_le.a(memcpy.o)
 .data          0x40000165        0x0 C:/Program Files/Rowley Associates Limited/CrossWorks for ARM 2.0/lib/libc_v4t_a_le.a(memset.o)
 .data          0x40000165        0x0 C:/Program Files/Rowley Associates Limited/CrossWorks for ARM 2.0/lib/libc_v4t_a_le.a(strcpy.o)
 .data          0x40000165        0x0 C:/Program Files/Rowley Associates Limited/CrossWorks for ARM 2.0/lib/libc_v4t_a_le.a(strcmp.o)
 .data          0x40000165        0x0 C:/Program Files/Rowley Associates Limited/CrossWorks for ARM 2.0/lib/libc_v4t_a_le.a(memcmp.o)
 .data          0x40000165        0x0 C:/Program Files/Rowley Associates Limited/CrossWorks for ARM 2.0/lib/libc_v4t_a_le.a(strcat.o)
 .data          0x40000165        0x0 C:/Program Files/Rowley Associates Limited/CrossWorks for ARM 2.0/lib/libc_v4t_a_le.a(strncmp.o)
 .data          0x40000165        0x0 C:/Program Files/Rowley Associates Limited/CrossWorks for ARM 2.0/lib/libc_v4t_a_le.a(strncpy.o)
 .data          0x40000165        0x0 C:/Program Files/Rowley Associates Limited/CrossWorks for ARM 2.0/lib/libc_v4t_a_le.a(ctype.o)
 .data          0x40000165        0x0 C:/Program Files/Rowley Associates Limited/CrossWorks for ARM 2.0/lib/libc_v4t_a_le.a(malloc.o)
 *fill*         0x40000165        0x3 00
 .data.libc     0x40000168        0x4 C:/Program Files/Rowley Associates Limited/CrossWorks for ARM 2.0/lib/libc_v4t_a_le.a(malloc.o)
 .data          0x4000016c        0x0 C:/Program Files/Rowley Associates Limited/CrossWorks for ARM 2.0/lib/libc_v4t_a_le.a(atoi.o)
 .data          0x4000016c        0x0 C:/Program Files/Rowley Associates Limited/CrossWorks for ARM 2.0/lib/libc_v4t_a_le.a(time.o)
 .data          0x4000016c        0x0 C:/Program Files/Rowley Associates Limited/CrossWorks for ARM 2.0/lib/libc_v4t_a_le.a(asctime.o)
 .data          0x4000016c        0x0 C:/Program Files/Rowley Associates Limited/CrossWorks for ARM 2.0/lib/libc_v4t_a_le.a(strftime.o)
 .data          0x4000016c        0x0 C:/Program Files/Rowley Associates Limited/CrossWorks for ARM 2.0/lib/libc_v4t_a_le.a(div.o)
 .data          0x4000016c        0x0 C:/Program Files/Rowley Associates Limited/CrossWorks for ARM 2.0/lib/libc_v4t_a_le.a(strtol.o)
 .data          0x4000016c        0x0 C:/Program Files/Rowley Associates Limited/CrossWorks for ARM 2.0/lib/libc_v4t_a_le.a(ldiv.o)
 .data          0x4000016c        0x0 C:/Program Files/Rowley Associates Limited/CrossWorks for ARM 2.0/lib/libc_v4t_a_le.a(__int32_mod.o)
 .data          0x4000016c        0x0 C:/Program Files/Rowley Associates Limited/CrossWorks for ARM 2.0/lib/libc_v4t_a_le.a(__strtoul.o)
 .data          0x4000016c        0x0 C:/Program Files/Rowley Associates Limited/CrossWorks for ARM 2.0/lib/libc_v4t_a_le.a(__digit.o)
 .data          0x4000016c        0x0 C:/Program Files/Rowley Associates Limited/CrossWorks for ARM 2.0/lib/libc_targetio_impl_v4t_a_le.a(putchar.o)
 .data          0x4000016c        0x0 C:/Program Files/Rowley Associates Limited/CrossWorks for ARM 2.0/lib/libc_user_libc_v4t_a_le.a(user_libc.o)
                0x4000016c                __data_end__ = (__data_start__ + SIZEOF (.data))
                0x0001c388                __data_load_end__ = (__data_load_start__ + SIZEOF (.data))
                0x00000001                . = ASSERT ((((__data_load_start__ + SIZEOF (.data)) >= __FLASH_segment_start__) && ((__data_load_start__ + SIZEOF (.data)) <= (__FLASH_segment_start__ + 0x80000))), error: .data is too large to fit in FLASH memory segment)

.data_run       0x4000003c      0x130 load address 0x0001c258
                0x4000003c                __data_run_start__ = .
                0x4000016c                . = MAX ((__data_run_start__ + SIZEOF (.data)), .)
 *fill*         0x4000003c      0x130 00
                0x4000016c                __data_run_end__ = (__data_run_start__ + SIZEOF (.data_run))
                0x4000016c                __data_run_load_end__ = __data_run_end__
                0x00000001                . = ASSERT (((__data_run_end__ >= __SRAM_segment_start__) && (__data_run_end__ <= (__SRAM_segment_start__ + 0x8000))), error: .data_run is too large to fit in SRAM memory segment)
                0x4000016c                __bss_load_start__ = ALIGN (__data_run_end__, 0x4)

.bss            0x4000016c     0x5438
                0x4000016c                __bss_start__ = .
 *(.bss .bss.* .gnu.linkonce.b.*)
 .bss           0x4000016c       0x28 ARM Flash Debug/main.o
 .bss           0x40000194        0x0 ARM Flash Debug/adc.o
 .bss           0x40000194        0x0 ARM Flash Debug/cpu.o
 .bss           0x40000194        0x4 ARM Flash Debug/i2c.o
                0x40000194                i2cErrno
 .bss           0x40000198       0x60 ARM Flash Debug/i2cInt.o
 .bss           0x400001f8        0x0 ARM Flash Debug/pwm.o
 .bss           0x400001f8        0x0 ARM Flash Debug/spi.o
 .bss           0x400001f8        0xc ARM Flash Debug/uart0.o
 .bss           0x40000204        0xc ARM Flash Debug/uart0ISR.o
 .bss           0x40000210        0xc ARM Flash Debug/uart1.o
 .bss           0x4000021c        0xc ARM Flash Debug/uart1ISR.o
 .bss           0x40000228       0x34 ARM Flash Debug/usbcontrol.o
 .bss           0x4000025c        0x8 ARM Flash Debug/usbinit.o
 .bss           0x40000264       0x48 ARM Flash Debug/usbISR.o
 .bss           0x400002ac        0xc ARM Flash Debug/usbstdreq.o
 .bss           0x400002b8       0x58 ARM Flash Debug/usbser.o
 .bss           0x40000310        0x0 ARM Flash Debug/rtc.o
 .bss           0x40000310        0x4 ARM Flash Debug/rtcISR.o
 .bss           0x40000314        0x0 ARM Flash Debug/reset.o
 .bss           0x40000314        0x0 ARM Flash Debug/eint0.o
 .bss           0x40000314        0x0 ARM Flash Debug/eint0ISR.o
 .bss           0x40000314        0x0 ARM Flash Debug/eint2.o
 .bss           0x40000314        0x0 ARM Flash Debug/eint2ISR.o
 .bss           0x40000314        0x0 ARM Flash Debug/eint3.o
 .bss           0x40000314       0x2c ARM Flash Debug/eint3ISR.o
                0x4000033c                count
 .bss           0x40000340        0x0 ARM Flash Debug/eint1.o
 .bss           0x40000340        0x0 ARM Flash Debug/eint1ISR.o
 .bss           0x40000340        0x0 ARM Flash Debug/beep.o
 .bss           0x40000340        0x0 ARM Flash Debug/timer.o
 .bss           0x40000340        0x0 ARM Flash Debug/freqCounter.o
 .bss           0x40000340        0x0 ARM Flash Debug/dac.o
 .bss           0x40000340        0x0 ARM Flash Debug/args.o
 .bss           0x40000340        0x0 ARM Flash Debug/argsdispatch.o
 .bss           0x40000340      0x3d8 ARM Flash Debug/monitor.o
                0x40000588                activeCommandList
 .bss           0x40000718        0x0 ARM Flash Debug/printf-stdarg.o
 .bss           0x40000718        0x0 ARM Flash Debug/leds.o
 .bss           0x40000718        0x1 ARM Flash Debug/tcs3414.o
 *fill*         0x40000719        0x3 00
 .bss           0x4000071c       0x2c ARM Flash Debug/mmc.o
 .bss           0x40000748        0x0 ARM Flash Debug/ssp.o
 .bss           0x40000748        0x0 ARM Flash Debug/Lcd204_4.o
 .bss           0x40000748      0x258 ARM Flash Debug/logging.o
 .bss           0x400009a0       0x28 ARM Flash Debug/meas_sm.o
 .bss           0x400009c8       0x18 ARM Flash Debug/meas_task.o
 .bss           0x400009e0        0x0 ARM Flash Debug/crt0.o
 .bss           0x400009e0        0x0 ARM Flash Debug/Philips_LPC210X_Startup.o
 .bss           0x400009e0        0x4 ARM Flash Debug/LPC210x.o
 .bss           0x400009e4       0x80 ARM Flash Debug/VIC.o
 .bss           0x40000a64        0x0 ARM Flash Debug/VIC_irq_handler.o
 .bss           0x40000a64        0x0 ARM Flash Debug/portISR.o
 .bss           0x40000a64        0x0 ARM Flash Debug/port.o
 .bss           0x40000a64     0x4018 ARM Flash Debug/heap_2.o
 .bss           0x40004a7c       0x34 ARM Flash Debug/tasks.o
                0x40004a7c                pxCurrentTCB
                0x40004a80                uxTasksDeleted
                0x40004a84                uxCurrentNumberOfTasks
                0x40004a88                xTickCount
                0x40004a8c                uxTopUsedPriority
                0x40004a90                uxTopReadyPriority
                0x40004a94                xSchedulerRunning
                0x40004a98                uxSchedulerSuspended
                0x40004a9c                uxMissedTicks
                0x40004aa0                xMissedYield
                0x40004aa4                xNumOfOverflows
                0x40004aa8                uxTaskNumber
                0x40004aac                xTracing
 .bss           0x40004ab0        0x0 ARM Flash Debug/queue.o
 .bss           0x40004ab0        0x0 ARM Flash Debug/list.o
 .bss           0x40004ab0        0xc ARM Flash Debug/disk.o
 .bss           0x40004abc        0x8 ARM Flash Debug/ff.o
 .bss           0x40004ac4        0x0 C:/Users/lukas/AppData/Local/Rowley Associates Limited/CrossWorks for ARM/packages/lib/liblpc2000_v4t_a_le.a(liblpc2000_lpc21xx_get_cclk.o)
 .bss           0x40004ac4        0x0 C:/Users/lukas/AppData/Local/Rowley Associates Limited/CrossWorks for ARM/packages/lib/liblpc2000_v4t_a_le.a(liblpc2000_lpc21xx_get_pclk.o)
 .bss           0x40004ac4        0x0 C:/Program Files/Rowley Associates Limited/CrossWorks for ARM 2.0/lib/libm_v4t_a_le.a(__int32_to_float32.o)
 .bss           0x40004ac4        0x0 C:/Program Files/Rowley Associates Limited/CrossWorks for ARM 2.0/lib/libm_v4t_a_le.a(__int32_to_float64.o)
 .bss           0x40004ac4        0x0 C:/Program Files/Rowley Associates Limited/CrossWorks for ARM 2.0/lib/libm_v4t_a_le.a(__uint32_to_float32.o)
 .bss           0x40004ac4        0x0 C:/Program Files/Rowley Associates Limited/CrossWorks for ARM 2.0/lib/libm_v4t_a_le.a(__float32_to_int32.o)
 .bss           0x40004ac4        0x0 C:/Program Files/Rowley Associates Limited/CrossWorks for ARM 2.0/lib/libm_v4t_a_le.a(__float32_to_uint32.o)
 .bss           0x40004ac4        0x0 C:/Program Files/Rowley Associates Limited/CrossWorks for ARM 2.0/lib/libm_v4t_a_le.a(__float64_to_int32.o)
 .bss           0x40004ac4        0x0 C:/Program Files/Rowley Associates Limited/CrossWorks for ARM 2.0/lib/libm_v4t_a_le.a(__float32_to_float64.o)
 .bss           0x40004ac4        0x0 C:/Program Files/Rowley Associates Limited/CrossWorks for ARM 2.0/lib/libm_v4t_a_le.a(__float64_to_float32.o)
 .bss           0x40004ac4        0x0 C:/Program Files/Rowley Associates Limited/CrossWorks for ARM 2.0/lib/libm_v4t_a_le.a(__float32_mul.o)
 .bss           0x40004ac4        0x0 C:/Program Files/Rowley Associates Limited/CrossWorks for ARM 2.0/lib/libm_v4t_a_le.a(__float64_add.o)
 .bss           0x40004ac4        0x0 C:/Program Files/Rowley Associates Limited/CrossWorks for ARM 2.0/lib/libm_v4t_a_le.a(__float64_mul.o)
 .bss           0x40004ac4        0x0 C:/Program Files/Rowley Associates Limited/CrossWorks for ARM 2.0/lib/libm_v4t_a_le.a(__float64_div.o)
 .bss           0x40004ac4        0x0 C:/Program Files/Rowley Associates Limited/CrossWorks for ARM 2.0/lib/libm_v4t_a_le.a(log.o)
 .bss           0x40004ac4        0x0 C:/Program Files/Rowley Associates Limited/CrossWorks for ARM 2.0/lib/libm_v4t_a_le.a(__float64_cmp.o)
 .bss           0x40004ac4        0x0 C:/Program Files/Rowley Associates Limited/CrossWorks for ARM 2.0/lib/libm_v4t_a_le.a(__float64_isnan.o)
 .bss           0x40004ac4        0x0 C:/Program Files/Rowley Associates Limited/CrossWorks for ARM 2.0/lib/libm_v4t_a_le.a(__float64_infinity.o)
 .bss           0x40004ac4        0x0 C:/Program Files/Rowley Associates Limited/CrossWorks for ARM 2.0/lib/libm_v4t_a_le.a(__float64_nan.o)
 .bss           0x40004ac4        0x0 C:/Program Files/Rowley Associates Limited/CrossWorks for ARM 2.0/lib/libm_v4t_a_le.a(__poly1_eval.o)
 .bss           0x40004ac4        0x0 C:/Program Files/Rowley Associates Limited/CrossWorks for ARM 2.0/lib/libm_v4t_a_le.a(__poly_eval.o)
 .bss           0x40004ac4        0x0 C:/Program Files/Rowley Associates Limited/CrossWorks for ARM 2.0/lib/libm_v4t_a_le.a(frexp.o)
 .bss           0x40004ac4        0x0 C:/Program Files/Rowley Associates Limited/CrossWorks for ARM 2.0/lib/libm_v4t_a_le.a(ldexp.o)
 .bss           0x40004ac4        0x0 C:/Program Files/Rowley Associates Limited/CrossWorks for ARM 2.0/lib/libc_v4t_a_le.a(__int32_umod.o)
 .bss           0x40004ac4        0x0 C:/Program Files/Rowley Associates Limited/CrossWorks for ARM 2.0/lib/libc_v4t_a_le.a(__int32_div.o)
 .bss           0x40004ac4        0x0 C:/Program Files/Rowley Associates Limited/CrossWorks for ARM 2.0/lib/libc_v4t_a_le.a(__int32_udivmod.o)
 .bss           0x40004ac4        0x0 C:/Program Files/Rowley Associates Limited/CrossWorks for ARM 2.0/lib/libc_v4t_a_le.a(strlen.o)
 .bss           0x40004ac4        0x0 C:/Program Files/Rowley Associates Limited/CrossWorks for ARM 2.0/lib/libc_v4t_a_le.a(memcpy.o)
 .bss           0x40004ac4        0x0 C:/Program Files/Rowley Associates Limited/CrossWorks for ARM 2.0/lib/libc_v4t_a_le.a(memset.o)
 .bss           0x40004ac4        0x0 C:/Program Files/Rowley Associates Limited/CrossWorks for ARM 2.0/lib/libc_v4t_a_le.a(strcpy.o)
 .bss           0x40004ac4        0x0 C:/Program Files/Rowley Associates Limited/CrossWorks for ARM 2.0/lib/libc_v4t_a_le.a(strcmp.o)
 .bss           0x40004ac4        0x0 C:/Program Files/Rowley Associates Limited/CrossWorks for ARM 2.0/lib/libc_v4t_a_le.a(memcmp.o)
 .bss           0x40004ac4        0x0 C:/Program Files/Rowley Associates Limited/CrossWorks for ARM 2.0/lib/libc_v4t_a_le.a(strcat.o)
 .bss           0x40004ac4        0x0 C:/Program Files/Rowley Associates Limited/CrossWorks for ARM 2.0/lib/libc_v4t_a_le.a(strncmp.o)
 .bss           0x40004ac4        0x0 C:/Program Files/Rowley Associates Limited/CrossWorks for ARM 2.0/lib/libc_v4t_a_le.a(strncpy.o)
 .bss           0x40004ac4        0x0 C:/Program Files/Rowley Associates Limited/CrossWorks for ARM 2.0/lib/libc_v4t_a_le.a(ctype.o)
 .bss           0x40004ac4        0x0 C:/Program Files/Rowley Associates Limited/CrossWorks for ARM 2.0/lib/libc_v4t_a_le.a(malloc.o)
 .bss           0x40004ac4        0x0 C:/Program Files/Rowley Associates Limited/CrossWorks for ARM 2.0/lib/libc_v4t_a_le.a(atoi.o)
 .bss           0x40004ac4        0x0 C:/Program Files/Rowley Associates Limited/CrossWorks for ARM 2.0/lib/libc_v4t_a_le.a(time.o)
 .bss.libc      0x40004ac4       0x24 C:/Program Files/Rowley Associates Limited/CrossWorks for ARM 2.0/lib/libc_v4t_a_le.a(time.o)
 .bss           0x40004ae8        0x0 C:/Program Files/Rowley Associates Limited/CrossWorks for ARM 2.0/lib/libc_v4t_a_le.a(asctime.o)
 .bss.libc      0x40004ae8       0x1c C:/Program Files/Rowley Associates Limited/CrossWorks for ARM 2.0/lib/libc_v4t_a_le.a(asctime.o)
 .bss           0x40004b04        0x0 C:/Program Files/Rowley Associates Limited/CrossWorks for ARM 2.0/lib/libc_v4t_a_le.a(strftime.o)
 .bss           0x40004b04        0x0 C:/Program Files/Rowley Associates Limited/CrossWorks for ARM 2.0/lib/libc_v4t_a_le.a(div.o)
 .bss           0x40004b04        0x0 C:/Program Files/Rowley Associates Limited/CrossWorks for ARM 2.0/lib/libc_v4t_a_le.a(strtol.o)
 .bss           0x40004b04        0x0 C:/Program Files/Rowley Associates Limited/CrossWorks for ARM 2.0/lib/libc_v4t_a_le.a(ldiv.o)
 .bss           0x40004b04        0x0 C:/Program Files/Rowley Associates Limited/CrossWorks for ARM 2.0/lib/libc_v4t_a_le.a(__int32_mod.o)
 .bss           0x40004b04        0x0 C:/Program Files/Rowley Associates Limited/CrossWorks for ARM 2.0/lib/libc_v4t_a_le.a(__strtoul.o)
 .bss           0x40004b04        0x0 C:/Program Files/Rowley Associates Limited/CrossWorks for ARM 2.0/lib/libc_v4t_a_le.a(__digit.o)
 .bss           0x40004b04        0x0 C:/Program Files/Rowley Associates Limited/CrossWorks for ARM 2.0/lib/libc_targetio_impl_v4t_a_le.a(putchar.o)
 .bss           0x40004b04        0x0 C:/Program Files/Rowley Associates Limited/CrossWorks for ARM 2.0/lib/libc_user_libc_v4t_a_le.a(user_libc.o)
 .bss.libc      0x40004b04        0x4 C:/Program Files/Rowley Associates Limited/CrossWorks for ARM 2.0/lib/libc_user_libc_v4t_a_le.a(user_libc.o)
 *(COMMON)
 COMMON         0x40004b08      0x91c ARM Flash Debug/main.o
                0x40004b08                Fatfs
                0x40004d38                ts
                0x40004d3c                LOG_ITEM_STATE
                0x40004d40                FileAllTimeLog
                0x40004f64                FileContLog
                0x40005188                FileDayLog
                0x400053ac                xSemaphoreSDCard
                0x400053b0                slog_entry_item
                0x400053b8                buf
                0x400053d0                measure_timestamp
                0x400053dc                meas_op_item
                0x40005404                taskHandles
                0x40005420                log_file
 COMMON         0x40005424       0x1e ARM Flash Debug/logging.o
                0x40005424                time_buf
 *fill*         0x40005442        0x2 00
 COMMON         0x40005444      0x110 ARM Flash Debug/tasks.o
                0x40005444                pxReadyTasksLists
                0x400054a8                xPendingReadyList
                0x400054bc                pcTraceBuffer
                0x400054c0                xSuspendedTaskList
                0x400054d4                pxDelayedTaskList
                0x400054d8                pxOverflowDelayedTaskList
                0x400054dc                pcTraceBufferEnd
                0x400054e0                pcTraceBufferStart
                0x400054e4                xDelayedTaskList1
                0x400054f8                xTasksWaitingTermination
                0x4000550c                pcStatusString
                0x40005540                xDelayedTaskList2
 COMMON         0x40005554       0x50 ARM Flash Debug/queue.o
                0x40005554                xQueueRegistry
                0x400055a4                __bss_end__ = (__bss_start__ + SIZEOF (.bss))
                0x400055a4                __bss_load_end__ = __bss_end__
                0x00000001                . = ASSERT (((__bss_end__ >= __SRAM_segment_start__) && (__bss_end__ <= (__SRAM_segment_start__ + 0x8000))), error: .bss is too large to fit in SRAM memory segment)
                0x400055a4                __non_init_load_start__ = ALIGN (__bss_end__, 0x4)

.non_init       0x400055a4        0x0
                0x400055a4                __non_init_start__ = .
 *(.non_init .non_init.*)
                0x400055a4                __non_init_end__ = (__non_init_start__ + SIZEOF (.non_init))
                0x400055a4                __non_init_load_end__ = __non_init_end__
                0x00000001                . = ASSERT (((__non_init_end__ >= __SRAM_segment_start__) && (__non_init_end__ <= (__SRAM_segment_start__ + 0x8000))), error: .non_init is too large to fit in SRAM memory segment)
                0x400055a4                __heap_load_start__ = ALIGN (__non_init_end__, 0x4)

.heap           0x400055a4      0x400
                0x400055a4                __heap_start__ = .
 *(.heap .heap.*)
 .heap          0x400055a4        0x0 ARM Flash Debug/crt0.o
                0x400059a4                . = ALIGN (MAX ((__heap_start__ + __HEAPSIZE__), .), 0x4)
 *fill*         0x400055a4      0x400 00
                0x400059a4                __heap_end__ = (__heap_start__ + SIZEOF (.heap))
                0x400059a4                __heap_load_end__ = __heap_end__
                0x00000001                . = ASSERT (((__heap_end__ >= __SRAM_segment_start__) && (__heap_end__ <= (__SRAM_segment_start__ + 0x8000))), error: .heap is too large to fit in SRAM memory segment)
                0x400059a4                __stack_load_start__ = ALIGN (__heap_end__, 0x4)

.stack          0x400059a4      0x400
                0x400059a4                __stack_start__ = .
 *(.stack .stack.*)
 .stack         0x400059a4        0x0 ARM Flash Debug/crt0.o
                0x40005da4                . = ALIGN (MAX ((__stack_start__ + __STACKSIZE__), .), 0x4)
 *fill*         0x400059a4      0x400 00
                0x40005da4                __stack_end__ = (__stack_start__ + SIZEOF (.stack))
                0x40005da4                __stack_load_end__ = __stack_end__
                0x00000001                . = ASSERT (((__stack_end__ >= __SRAM_segment_start__) && (__stack_end__ <= (__SRAM_segment_start__ + 0x8000))), error: .stack is too large to fit in SRAM memory segment)
                0x40005da4                __stack_irq_load_start__ = ALIGN (__stack_end__, 0x4)

.stack_irq      0x40005da4      0x400
                0x40005da4                __stack_irq_start__ = .
 *(.stack_irq .stack_irq.*)
 .stack_irq     0x40005da4        0x0 ARM Flash Debug/crt0.o
                0x400061a4                . = ALIGN (MAX ((__stack_irq_start__ + __STACKSIZE_IRQ__), .), 0x4)
 *fill*         0x40005da4      0x400 00
                0x400061a4                __stack_irq_end__ = (__stack_irq_start__ + SIZEOF (.stack_irq))
                0x400061a4                __stack_irq_load_end__ = __stack_irq_end__
                0x00000001                . = ASSERT (((__stack_irq_end__ >= __SRAM_segment_start__) && (__stack_irq_end__ <= (__SRAM_segment_start__ + 0x8000))), error: .stack_irq is too large to fit in SRAM memory segment)
                0x400061a4                __stack_fiq_load_start__ = ALIGN (__stack_irq_end__, 0x4)

.stack_fiq      0x400061a4       0x20
                0x400061a4                __stack_fiq_start__ = .
 *(.stack_fiq .stack_fiq.*)
 .stack_fiq     0x400061a4        0x0 ARM Flash Debug/crt0.o
                0x400061c4                . = ALIGN (MAX ((__stack_fiq_start__ + __STACKSIZE_FIQ__), .), 0x4)
 *fill*         0x400061a4       0x20 00
                0x400061c4                __stack_fiq_end__ = (__stack_fiq_start__ + SIZEOF (.stack_fiq))
                0x400061c4                __stack_fiq_load_end__ = __stack_fiq_end__
                0x00000001                . = ASSERT (((__stack_fiq_end__ >= __SRAM_segment_start__) && (__stack_fiq_end__ <= (__SRAM_segment_start__ + 0x8000))), error: .stack_fiq is too large to fit in SRAM memory segment)
                0x400061c4                __stack_svc_load_start__ = ALIGN (__stack_fiq_end__, 0x4)

.stack_svc      0x400061c4      0x100
                0x400061c4                __stack_svc_start__ = .
 *(.stack_svc .stack_svc.*)
 .stack_svc     0x400061c4        0x0 ARM Flash Debug/crt0.o
                0x400062c4                . = ALIGN (MAX ((__stack_svc_start__ + __STACKSIZE_SVC__), .), 0x4)
 *fill*         0x400061c4      0x100 00
                0x400062c4                __stack_svc_end__ = (__stack_svc_start__ + SIZEOF (.stack_svc))
                0x400062c4                __stack_svc_load_end__ = __stack_svc_end__
                0x00000001                . = ASSERT (((__stack_svc_end__ >= __SRAM_segment_start__) && (__stack_svc_end__ <= (__SRAM_segment_start__ + 0x8000))), error: .stack_svc is too large to fit in SRAM memory segment)
                0x400062c4                __stack_abt_load_start__ = ALIGN (__stack_svc_end__, 0x4)

.stack_abt      0x400062c4        0x8
                0x400062c4                __stack_abt_start__ = .
 *(.stack_abt .stack_abt.*)
 .stack_abt     0x400062c4        0x0 ARM Flash Debug/crt0.o
                0x400062cc                . = ALIGN (MAX ((__stack_abt_start__ + __STACKSIZE_ABT__), .), 0x4)
 *fill*         0x400062c4        0x8 00
                0x400062cc                __stack_abt_end__ = (__stack_abt_start__ + SIZEOF (.stack_abt))
                0x400062cc                __stack_abt_load_end__ = __stack_abt_end__
                0x00000001                . = ASSERT (((__stack_abt_end__ >= __SRAM_segment_start__) && (__stack_abt_end__ <= (__SRAM_segment_start__ + 0x8000))), error: .stack_abt is too large to fit in SRAM memory segment)
                0x400062cc                __stack_und_load_start__ = ALIGN (__stack_abt_end__, 0x4)

.stack_und      0x400062cc        0x8
                0x400062cc                __stack_und_start__ = .
 *(.stack_und .stack_und.*)
 .stack_und     0x400062cc        0x0 ARM Flash Debug/crt0.o
                0x400062d4                . = ALIGN (MAX ((__stack_und_start__ + __STACKSIZE_UND__), .), 0x4)
 *fill*         0x400062cc        0x8 00
                0x400062d4                __stack_und_end__ = (__stack_und_start__ + SIZEOF (.stack_und))
                0x400062d4                __stack_und_load_end__ = __stack_und_end__
                0x00000001                . = ASSERT (((__stack_und_end__ >= __SRAM_segment_start__) && (__stack_und_end__ <= (__SRAM_segment_start__ + 0x8000))), error: .stack_und is too large to fit in SRAM memory segment)
                0x400062d4                __tbss_load_start__ = ALIGN (__stack_und_end__, 0x4)

.tbss           0x400062d4        0x0
                0x400062d4                __tbss_start__ = .
 *(.tbss .tbss.*)
                0x400062d4                __tbss_end__ = (__tbss_start__ + SIZEOF (.tbss))
                0x400062d4                __tbss_load_end__ = __tbss_end__
                0x00000001                . = ASSERT (((__tbss_end__ >= __SRAM_segment_start__) && (__tbss_end__ <= (__SRAM_segment_start__ + 0x8000))), error: .tbss is too large to fit in SRAM memory segment)
                0x0001c388                __tdata_load_start__ = ALIGN ((__data_load_start__ + SIZEOF (.data)), 0x4)

.tdata          0x400062d4        0x0 load address 0x0001c388
                0x400062d4                __tdata_start__ = .
 *(.tdata .tdata.*)
                0x400062d4                __tdata_end__ = (__tdata_start__ + SIZEOF (.tdata))
                0x0001c388                __tdata_load_end__ = (__tdata_load_start__ + SIZEOF (.tdata))
                0x0001c388                __FLASH_segment_used_end__ = (ALIGN ((__data_load_start__ + SIZEOF (.data)), 0x4) + SIZEOF (.tdata))
                0x00000001                . = ASSERT ((((__tdata_load_start__ + SIZEOF (.tdata)) >= __FLASH_segment_start__) && ((__tdata_load_start__ + SIZEOF (.tdata)) <= (__FLASH_segment_start__ + 0x80000))), error: .tdata is too large to fit in FLASH memory segment)

.tdata_run      0x400062d4        0x0
                0x400062d4                __tdata_run_start__ = .
                0x400062d4                . = MAX ((__tdata_run_start__ + SIZEOF (.tdata)), .)
                0x400062d4                __tdata_run_end__ = (__tdata_run_start__ + SIZEOF (.tdata_run))
                0x400062d4                __tdata_run_load_end__ = __tdata_run_end__
                0x400062d4                __SRAM_segment_used_end__ = (ALIGN (__tbss_end__, 0x4) + SIZEOF (.tdata_run))
                0x00000001                . = ASSERT (((__tdata_run_end__ >= __SRAM_segment_start__) && (__tdata_run_end__ <= (__SRAM_segment_start__ + 0x8000))), error: .tdata_run is too large to fit in SRAM memory segment)
START GROUP
LOAD ARM Flash Debug/main.o
LOAD ARM Flash Debug/adc.o
LOAD ARM Flash Debug/cpu.o
LOAD ARM Flash Debug/i2c.o
LOAD ARM Flash Debug/i2cInt.o
LOAD ARM Flash Debug/pwm.o
LOAD ARM Flash Debug/spi.o
LOAD ARM Flash Debug/uart0.o
LOAD ARM Flash Debug/uart0ISR.o
LOAD ARM Flash Debug/uart1.o
LOAD ARM Flash Debug/uart1ISR.o
LOAD ARM Flash Debug/usbcontrol.o
LOAD ARM Flash Debug/usbinit.o
LOAD ARM Flash Debug/usbISR.o
LOAD ARM Flash Debug/usbstdreq.o
LOAD ARM Flash Debug/usbser.o
LOAD ARM Flash Debug/rtc.o
LOAD ARM Flash Debug/rtcISR.o
LOAD ARM Flash Debug/reset.o
LOAD ARM Flash Debug/eint0.o
LOAD ARM Flash Debug/eint0ISR.o
LOAD ARM Flash Debug/eint2.o
LOAD ARM Flash Debug/eint2ISR.o
LOAD ARM Flash Debug/eint3.o
LOAD ARM Flash Debug/eint3ISR.o
LOAD ARM Flash Debug/eint1.o
LOAD ARM Flash Debug/eint1ISR.o
LOAD ARM Flash Debug/beep.o
LOAD ARM Flash Debug/timer.o
LOAD ARM Flash Debug/freqCounter.o
LOAD ARM Flash Debug/dac.o
LOAD ARM Flash Debug/args.o
LOAD ARM Flash Debug/argsdispatch.o
LOAD ARM Flash Debug/monitor.o
LOAD ARM Flash Debug/printf-stdarg.o
LOAD ARM Flash Debug/leds.o
LOAD ARM Flash Debug/tcs3414.o
LOAD ARM Flash Debug/mmc.o
LOAD ARM Flash Debug/ssp.o
LOAD ARM Flash Debug/Lcd204_4.o
LOAD ARM Flash Debug/logging.o
LOAD ARM Flash Debug/meas_sm.o
LOAD ARM Flash Debug/meas_task.o
LOAD ARM Flash Debug/crt0.o
LOAD ARM Flash Debug/Philips_LPC210X_Startup.o
LOAD ARM Flash Debug/LPC210x.o
LOAD ARM Flash Debug/VIC.o
LOAD ARM Flash Debug/VIC_irq_handler.o
LOAD ARM Flash Debug/portISR.o
LOAD ARM Flash Debug/port.o
LOAD ARM Flash Debug/heap_2.o
LOAD ARM Flash Debug/tasks.o
LOAD ARM Flash Debug/queue.o
LOAD ARM Flash Debug/list.o
LOAD ARM Flash Debug/disk.o
LOAD ARM Flash Debug/ff.o
LOAD C:/Users/lukas/AppData/Local/Rowley Associates Limited/CrossWorks for ARM/packages/lib/liblpc2000_v4t_a_le.a
LOAD C:/Program Files/Rowley Associates Limited/CrossWorks for ARM 2.0/lib/libarm_v4t_a_le.a
LOAD C:/Program Files/Rowley Associates Limited/CrossWorks for ARM 2.0/lib/libdebugio_dcc_v4t_a_le.a
LOAD C:/Program Files/Rowley Associates Limited/CrossWorks for ARM 2.0/lib/libm_v4t_a_le.a
LOAD C:/Program Files/Rowley Associates Limited/CrossWorks for ARM 2.0/lib/libc_v4t_a_le.a
LOAD C:/Program Files/Rowley Associates Limited/CrossWorks for ARM 2.0/lib/libcpp_v4t_a_le.a
LOAD C:/Program Files/Rowley Associates Limited/CrossWorks for ARM 2.0/lib/libdebugio_v4t_a_le.a
LOAD C:/Program Files/Rowley Associates Limited/CrossWorks for ARM 2.0/lib/libc_targetio_impl_v4t_a_le.a
LOAD C:/Program Files/Rowley Associates Limited/CrossWorks for ARM 2.0/lib/lib_vfprintf_long_v4t_a_le.a
LOAD C:/Program Files/Rowley Associates Limited/CrossWorks for ARM 2.0/lib/lib_vfscanf_long_v4t_a_le.a
LOAD C:/Program Files/Rowley Associates Limited/CrossWorks for ARM 2.0/lib/libc_user_libc_v4t_a_le.a
END GROUP
OUTPUT(ARM Flash Debug/FreeRTOS_2148.elf elf32-littlearm)

.debug_abbrev   0x00000000     0x470d
 .debug_abbrev  0x00000000      0x1e2 ARM Flash Debug/main.o
 .debug_abbrev  0x000001e2       0xc8 ARM Flash Debug/adc.o
 .debug_abbrev  0x000002aa       0xaf ARM Flash Debug/cpu.o
 .debug_abbrev  0x00000359      0x13f ARM Flash Debug/i2c.o
 .debug_abbrev  0x00000498      0x1c3 ARM Flash Debug/i2cInt.o
 .debug_abbrev  0x0000065b       0xf5 ARM Flash Debug/pwm.o
 .debug_abbrev  0x00000750       0xf5 ARM Flash Debug/spi.o
 .debug_abbrev  0x00000845      0x130 ARM Flash Debug/uart0.o
 .debug_abbrev  0x00000975      0x12c ARM Flash Debug/uart0ISR.o
 .debug_abbrev  0x00000aa1      0x130 ARM Flash Debug/uart1.o
 .debug_abbrev  0x00000bd1      0x12c ARM Flash Debug/uart1ISR.o
 .debug_abbrev  0x00000cfd      0x174 ARM Flash Debug/usbcontrol.o
 .debug_abbrev  0x00000e71       0xfe ARM Flash Debug/usbinit.o
 .debug_abbrev  0x00000f6f      0x212 ARM Flash Debug/usbISR.o
 .debug_abbrev  0x00001181      0x159 ARM Flash Debug/usbstdreq.o
 .debug_abbrev  0x000012da      0x1e6 ARM Flash Debug/usbser.o
 .debug_abbrev  0x000014c0      0x271 ARM Flash Debug/rtc.o
 .debug_abbrev  0x00001731      0x136 ARM Flash Debug/rtcISR.o
 .debug_abbrev  0x00001867       0x3d ARM Flash Debug/reset.o
 .debug_abbrev  0x000018a4       0xc4 ARM Flash Debug/eint0.o
 .debug_abbrev  0x00001968       0xe8 ARM Flash Debug/eint0ISR.o
 .debug_abbrev  0x00001a50       0xc4 ARM Flash Debug/eint2.o
 .debug_abbrev  0x00001b14       0xe8 ARM Flash Debug/eint2ISR.o
 .debug_abbrev  0x00001bfc       0xc4 ARM Flash Debug/eint3.o
 .debug_abbrev  0x00001cc0      0x19e ARM Flash Debug/eint3ISR.o
 .debug_abbrev  0x00001e5e       0xc4 ARM Flash Debug/eint1.o
 .debug_abbrev  0x00001f22       0xe8 ARM Flash Debug/eint1ISR.o
 .debug_abbrev  0x0000200a      0x161 ARM Flash Debug/beep.o
 .debug_abbrev  0x0000216b      0x136 ARM Flash Debug/timer.o
 .debug_abbrev  0x000022a1        0x1 ARM Flash Debug/freqCounter.o
 .debug_abbrev  0x000022a2       0xf5 ARM Flash Debug/dac.o
 .debug_abbrev  0x00002397      0x146 ARM Flash Debug/args.o
 .debug_abbrev  0x000024dd      0x17c ARM Flash Debug/argsdispatch.o
 .debug_abbrev  0x00002659      0x22b ARM Flash Debug/monitor.o
 .debug_abbrev  0x00002884      0x162 ARM Flash Debug/printf-stdarg.o
 .debug_abbrev  0x000029e6      0x129 ARM Flash Debug/leds.o
 .debug_abbrev  0x00002b0f      0x162 ARM Flash Debug/tcs3414.o
 .debug_abbrev  0x00002c71      0x1a8 ARM Flash Debug/mmc.o
 .debug_abbrev  0x00002e19      0x14c ARM Flash Debug/ssp.o
 .debug_abbrev  0x00002f65        0x1 ARM Flash Debug/Lcd204_4.o
 .debug_abbrev  0x00002f66      0x2b8 ARM Flash Debug/logging.o
 .debug_abbrev  0x0000321e      0x275 ARM Flash Debug/meas_sm.o
 .debug_abbrev  0x00003493      0x1c0 ARM Flash Debug/meas_task.o
 .debug_abbrev  0x00003653       0x14 ARM Flash Debug/crt0.o
 .debug_abbrev  0x00003667       0x12 ARM Flash Debug/Philips_LPC210X_Startup.o
 .debug_abbrev  0x00003679       0xba ARM Flash Debug/LPC210x.o
 .debug_abbrev  0x00003733       0xf4 ARM Flash Debug/VIC.o
 .debug_abbrev  0x00003827       0x14 ARM Flash Debug/VIC_irq_handler.o
 .debug_abbrev  0x0000383b       0xd5 ARM Flash Debug/portISR.o
 .debug_abbrev  0x00003910      0x138 ARM Flash Debug/port.o
 .debug_abbrev  0x00003a48      0x1bc ARM Flash Debug/heap_2.o
 .debug_abbrev  0x00003c04      0x198 ARM Flash Debug/tasks.o
 .debug_abbrev  0x00003d9c      0x1aa ARM Flash Debug/queue.o
 .debug_abbrev  0x00003f46      0x113 ARM Flash Debug/list.o
 .debug_abbrev  0x00004059      0x165 ARM Flash Debug/disk.o
 .debug_abbrev  0x000041be      0x20b ARM Flash Debug/ff.o
 .debug_abbrev  0x000043c9       0x23 C:/Program Files/Rowley Associates Limited/CrossWorks for ARM 2.0/lib/libm_v4t_a_le.a(log.o)