Archive member included because of file (symbol)

C:/Users/lukas/AppData/Local/Rowley Associates Limited/CrossWorks for ARM/packages/lib/liblpc2000_v4t_a_le.a(liblpc2000_lpc21xx_get_cclk.o)
                              ARM Flash Debug/LPC210x.o (liblpc2000_lpc21xx_get_cclk)
C:/Users/lukas/AppData/Local/Rowley Associates Limited/CrossWorks for ARM/packages/lib/liblpc2000_v4t_a_le.a(liblpc2000_lpc21xx_get_pclk.o)
                              ARM Flash Debug/LPC210x.o (liblpc2000_lpc21xx_get_pclk)
C:/Program Files/Rowley Associates Limited/CrossWorks for ARM 2.0/lib/libm_v4t_a_le.a(__int32_to_float32.o)
                              ARM Flash Debug/logging.o (__floatsisf)
C:/Program Files/Rowley Associates Limited/CrossWorks for ARM 2.0/lib/libm_v4t_a_le.a(__int32_to_float64.o)
                              ARM Flash Debug/meas_sm.o (__floatsidf)
C:/Program Files/Rowley Associates Limited/CrossWorks for ARM 2.0/lib/libm_v4t_a_le.a(__uint32_to_float32.o)
                              ARM Flash Debug/logging.o (__floatunsisf)
C:/Program Files/Rowley Associates Limited/CrossWorks for ARM 2.0/lib/libm_v4t_a_le.a(__uint32_to_float64.o)
                              ARM Flash Debug/timer.o (__floatunsidf)
C:/Program Files/Rowley Associates Limited/CrossWorks for ARM 2.0/lib/libm_v4t_a_le.a(__float32_to_int32.o)
                              ARM Flash Debug/logging.o (__fixsfsi)
C:/Program Files/Rowley Associates Limited/CrossWorks for ARM 2.0/lib/libm_v4t_a_le.a(__float32_to_uint32.o)
                              ARM Flash Debug/logging.o (__fixunssfsi)
C:/Program Files/Rowley Associates Limited/CrossWorks for ARM 2.0/lib/libm_v4t_a_le.a(__float64_to_int32.o)
                              ARM Flash Debug/meas_sm.o (__fixdfsi)
C:/Program Files/Rowley Associates Limited/CrossWorks for ARM 2.0/lib/libm_v4t_a_le.a(__float64_to_uint32.o)
                              ARM Flash Debug/logging.o (__fixunsdfsi)
C:/Program Files/Rowley Associates Limited/CrossWorks for ARM 2.0/lib/libm_v4t_a_le.a(__float32_to_float64.o)
                              ARM Flash Debug/logging.o (__extendsfdf2)
C:/Program Files/Rowley Associates Limited/CrossWorks for ARM 2.0/lib/libm_v4t_a_le.a(__float64_to_float32.o)
                              ARM Flash Debug/meas_sm.o (__truncdfsf2)
C:/Program Files/Rowley Associates Limited/CrossWorks for ARM 2.0/lib/libm_v4t_a_le.a(__float32_add.o)
                              ARM Flash Debug/logging.o (__subsf3)
C:/Program Files/Rowley Associates Limited/CrossWorks for ARM 2.0/lib/libm_v4t_a_le.a(__float32_mul.o)
                              ARM Flash Debug/logging.o (__mulsf3)
C:/Program Files/Rowley Associates Limited/CrossWorks for ARM 2.0/lib/libm_v4t_a_le.a(__float32_div.o)
                              ARM Flash Debug/logging.o (__divsf3)
C:/Program Files/Rowley Associates Limited/CrossWorks for ARM 2.0/lib/libm_v4t_a_le.a(__float32_cmp.o)
                              ARM Flash Debug/logging.o (__nesf2)
C:/Program Files/Rowley Associates Limited/CrossWorks for ARM 2.0/lib/libm_v4t_a_le.a(__float64_add.o)
                              ARM Flash Debug/meas_task.o (__subdf3)
C:/Program Files/Rowley Associates Limited/CrossWorks for ARM 2.0/lib/libm_v4t_a_le.a(__float64_mul.o)
                              ARM Flash Debug/logging.o (__muldf3)
C:/Program Files/Rowley Associates Limited/CrossWorks for ARM 2.0/lib/libm_v4t_a_le.a(__float64_div.o)
                              ARM Flash Debug/meas_task.o (__divdf3)
C:/Program Files/Rowley Associates Limited/CrossWorks for ARM 2.0/lib/libm_v4t_a_le.a(log.o)
                              ARM Flash Debug/meas_task.o (log)
C:/Program Files/Rowley Associates Limited/CrossWorks for ARM 2.0/lib/libm_v4t_a_le.a(__float64_cmp.o)
                              C:/Program Files/Rowley Associates Limited/CrossWorks for ARM 2.0/lib/libm_v4t_a_le.a(log.o) (__eqdf2)
C:/Program Files/Rowley Associates Limited/CrossWorks for ARM 2.0/lib/libm_v4t_a_le.a(__float64_isnan.o)
                              C:/Program Files/Rowley Associates Limited/CrossWorks for ARM 2.0/lib/libm_v4t_a_le.a(log.o) (__float64_isnan)
C:/Program Files/Rowley Associates Limited/CrossWorks for ARM 2.0/lib/libm_v4t_a_le.a(__float64_infinity.o)
                              C:/Program Files/Rowley Associates Limited/CrossWorks for ARM 2.0/lib/libm_v4t_a_le.a(log.o) (__float64_infinity)
C:/Program Files/Rowley Associates Limited/CrossWorks for ARM 2.0/lib/libm_v4t_a_le.a(__float64_nan.o)
                              C:/Program Files/Rowley Associates Limited/CrossWorks for ARM 2.0/lib/libm_v4t_a_le.a(log.o) (__float64_nan)
C:/Program Files/Rowley Associates Limited/CrossWorks for ARM 2.0/lib/libm_v4t_a_le.a(__poly1_eval.o)
                              C:/Program Files/Rowley Associates Limited/CrossWorks for ARM 2.0/lib/libm_v4t_a_le.a(log.o) (__poly1_eval)
[...]
Memory Configuration

Name             Origin             Length             Attributes
UNPLACED_SECTIONS 0xffffffff         0x00000000         xw
AHB_Peripherals  0xffe00000         0x00200000         xw
APB_Peripherals  0xe0000000         0x00200000         xw
USB_DMA_RAM      0x7fd00000         0x00002000         xw
SRAM             0x40000000         0x00008000         xw
FLASH            0x00000000         0x00080000         xr
*default*        0x00000000         0xffffffff

Linker script and memory map

                0xffe00000                __AHB_Peripherals_segment_start__ = 0xffe00000
                0x00000000                __AHB_Peripherals_segment_end__ = 0x0
                0xe0000000                __APB_Peripherals_segment_start__ = 0xe0000000
                0xe0200000                __APB_Peripherals_segment_end__ = 0xe0200000
                0x7fd00000                __USB_DMA_RAM_segment_start__ = 0x7fd00000
                0x7fd02000                __USB_DMA_RAM_segment_end__ = 0x7fd02000
                0x40000000                __SRAM_segment_start__ = 0x40000000
                0x40008000                __SRAM_segment_end__ = 0x40008000
                0x00000000                __FLASH_segment_start__ = 0x0
                0x00080000                __FLASH_segment_end__ = 0x80000
                0x00000400                __STACKSIZE__ = 0x400
                0x00000400                __STACKSIZE_IRQ__ = 0x400
                0x00000020                __STACKSIZE_FIQ__ = 0x20
                0x00000100                __STACKSIZE_SVC__ = 0x100
                0x00000008                __STACKSIZE_ABT__ = 0x8
                0x00000008                __STACKSIZE_UND__ = 0x8
                0x00000400                __HEAPSIZE__ = 0x400
                0x40000000                __vectors_ram_load_start__ = __SRAM_segment_start__

.vectors_ram    0x40000000       0x3c
                0x40000000                __vectors_ram_start__ = .
 *(.vectors_ram)
                0x4000003c                . = MAX ((__vectors_ram_start__ + 0x3c), .)
 *fill*         0x40000000       0x3c 00
                0x4000003c                __vectors_ram_end__ = (__vectors_ram_start__ + SIZEOF (.vectors_ram))
                0x00000001                . = ASSERT (((__vectors_ram_end__ >= __SRAM_segment_start__) && (__vectors_ram_end__ <= (__SRAM_segment_start__ + 0x8000))), error: .vectors_ram is too large to fit in SRAM memory segment)
                0x00000000                __vectors_load_start__ = __FLASH_segment_start__

.vectors        0x00000000       0x38
                0x00000000                __vectors_start__ = .
 *(.vectors .vectors.*)
 .vectors       0x00000000       0x38 ARM Flash Debug/Philips_LPC210X_Startup.o
                0x00000000                _vectors
                0x00000038                __vectors_end__ = (__vectors_start__ + SIZEOF (.vectors))
                0x00000001                . = ASSERT (((__vectors_end__ >= __FLASH_segment_start__) && (__vectors_end__ <= (__FLASH_segment_start__ + 0x80000))), error: .vectors is too large to fit in FLASH memory segment)
                0x00000038                __init_load_start__ = ALIGN (__vectors_end__, 0x4)

.init           0x00000038      0x264
                0x00000038                __init_start__ = .
 *(.init .init.*)
 *fill*         0x00000038        0x8 00
 .init          0x00000040      0x1d0 ARM Flash Debug/crt0.o
                0x00000040                _start
                0x00000040                __start
 .init          0x00000210       0x8c ARM Flash Debug/Philips_LPC210X_Startup.o
                0x00000210                reset_handler
                0x00000280                undef_handler
                0x00000288                pabort_handler
                0x0000028c                dabort_handler
                0x00000290                fiq_handler
                0x0000029c                __init_end__ = (__init_start__ + SIZEOF (.init))
                0x00000001                . = ASSERT (((__init_end__ >= __FLASH_segment_start__) && (__init_end__ <= (__FLASH_segment_start__ + 0x80000))), error: .init is too large to fit in FLASH memory segment)
                0x0000029c                __text_load_start__ = ALIGN (__init_end__, 0x4)

.text           0x0000029c    0x1c6c8
                0x0000029c                __text_start__ = .
 *(.text .text.* .glue_7t .glue_7 .gnu.linkonce.t.* .gcc_except_table)
 .glue_7        0x00000000        0x0 linker stubs
 .glue_7t       0x00000000        0x0 linker stubs
 .text          0x0000029c      0x18c ARM Flash Debug/main.o
                0x00000378                main
                0x000003e4                vApplicationStackOverflowHook
                0x000003f4                __putchar
 .text          0x00000428      0x5f4 ARM Flash Debug/adc.o
                0x00000428                adcRead0_1
                0x000004c0                adcRead0_2
                0x00000558                adcRead0_3
                0x000005f0                adcRead1_1
                0x00000688                adcRead1_6
                0x00000720                adcRead1_7
                0x000007b8                adcInit0_1
                0x00000820                adcInit0_2
                0x00000888                adcInit0_3
                0x000008f0                adcInit1_1
                0x00000954                adcInit1_6
                0x000009b8                adcInit1_7
 .text          0x00000a1c      0x1b0 ARM Flash Debug/cpu.o
                0x00000a1c                cpuSetupHardware
                0x00000b78                cpuPLLDisable
 .text          0x00000bcc       0x84 ARM Flash Debug/i2c.o
                0x00000bcc                i2cGetErrno
                0x00000be0                i2cStrerror
 .text          0x00000c50     0x1078 ARM Flash Debug/i2cInt.o
                0x000012c4                i2cInit
                0x000019ec                i2cSetTimeout
                0x00001a20                i2cDump
                0x00001a90                i2cWriteBuffer
                0x00001adc                i2cReadBuffer
                0x00001b28                i2cWriteReadBuffer
                0x00001b80                i2cWriteBufferPoll
                0x00001c20                i2cWriteReadBufferPoll
 .text          0x00001cc8      0x314 ARM Flash Debug/pwm.o
                0x00001cc8                pwmDutyCycle
                0x00001d78                pwmPulseWidthInMicroseconds
                0x00001df4                pwmFrequency
                0x00001edc                pwmInit
 .text          0x00001fdc      0x114 ARM Flash Debug/spi.o
                0x00001fdc                spiInit
                0x000020a0                spiPut
 .text          0x000020f0      0x470 ARM Flash Debug/uart0.o
                0x000020f0                uart0Init
                0x00002304                uart0Deinit
                0x00002358                uart0GetChar
                0x000023a8                uart0PutChar
                0x000024c0                uart0PutString
                0x0000253c                uart0GetRxQueue
 .text          0x00002560      0x290 ARM Flash Debug/uart0ISR.o
                0x00002560                uart0ISRCreateQueues
                0x00002740                uart0ISR
 .text          0x000027f0      0x470 ARM Flash Debug/uart1.o
                0x000027f0                uart1Init
                0x00002a04                uart1Deinit
                0x00002a58                uart1GetChar
                0x00002aa8                uart1PutChar
                0x00002bc0                uart1PutString
                0x00002c3c                uart1GetRxQueue
 .text          0x00002c60      0x290 ARM Flash Debug/uart1ISR.o
                0x00002c60                uart1ISRCreateQueues
                0x00002e40                uart1ISR
 .text          0x00002ef0      0x3cc ARM Flash Debug/usbcontrol.o
                0x00003010                usbHandleControlTransfer
                0x0000327c                usbRegisterRequestHandler
 .text          0x000032bc       0x84 ARM Flash Debug/usbinit.o
                0x000032d0                usbRegisterHandlers
 .text          0x00003340      0xd34 ARM Flash Debug/usbISR.o
                0x00003560                usbHardwareEndpointConfig
                0x000035c0                usbHardwareRegisterEPIntHandler
                0x00003668                usbHardwareRegisterDevIntHandler
                0x000036a4                usbHardwareRegisterFrameHandler
                0x000036e0                usbHardwareSetAddress
                0x00003718                usbHardwareConnect
                0x0000374c                usbHardwareNakIntEnable
                0x00003778                usbHardwareEndpointIsStalled
                0x000037d0                usbHardwareEndpointStall
                0x00003844                usbHardwareEndpointWrite
                0x00003970                usbHardwareEndpointRead
                0x00003ae8                usbHardwareConfigDevice
                0x00003b1c                usbSetupInterruptHandler
                0x00003e14                usbISR
                0x00003ebc                usbHardwareInit
 .text          0x00004074      0x720 ARM Flash Debug/usbstdreq.o
                0x00004074                usbRegisterDescriptors
                0x00004094                usbGetDescriptor
                0x0000469c                usbHandleStandardRequest
                0x00004774                usbRegisterCustomReqHandler
 .text          0x00004794      0x518 ARM Flash Debug/usbser.o
                0x000049dc                usbserPutChar
                0x00004a64                usbserPutString
                0x00004b1c                usbserGetChar
                0x00004b88                usbserGetRxQueue
                0x00004bd0                usbserInit
 .text          0x00004cac      0xf3c ARM Flash Debug/rtc.o
                0x0000524c                rtcGetEpochSeconds
                0x00005288                rtcGetEpochSecondsLuk
                0x000052c4                rtcSetEpochSeconds
                0x0000553c                rtcInit
                0x00005630                rtcSetAlarm
                0x00005744                rtcSetAlarmCIIR
                0x000057ac                rtcGetAlarmTm
                0x000058e8                rtcGetAlarmEpochSeconds
                0x0000591c                rtcPeriodicAlarm
                0x000059b8                time
                0x000059e0                rtcIs5minInt
                0x000059fc                getRtcRead
                0x00005a20                getMonthLength
 .text          0x00005be8      0x3a0 ARM Flash Debug/rtcISR.o
                0x00005be8                rtcISRInit
                0x00005ed8                rtcISR
 .text          0x00005f88       0x34 ARM Flash Debug/reset.o
                0x00005f88                reset
 .text          0x00005fbc      0x140 ARM Flash Debug/eint0.o
                0x00005fbc                eint0Init
                0x000060cc                eint0Deinit
 .text          0x000060fc      0x10c ARM Flash Debug/eint0ISR.o
                0x00006158                eint0ISR
 .text          0x00006208      0x120 ARM Flash Debug/eint2.o
                0x00006208                eint2Init
                0x000062f8                eint2Deinit
 .text          0x00006328       0xd8 ARM Flash Debug/eint2ISR.o
                0x00006350                eint2ISR
 .text          0x00006400      0x124 ARM Flash Debug/eint3.o
                0x00006400                eint3Init
                0x000064f0                eint3Deinit
 .text          0x00006524      0x134 ARM Flash Debug/eint3ISR.o
                0x0000659c                eint3ISR
 .text          0x00006658      0x11c ARM Flash Debug/eint1.o
                0x00006658                eint1Init
                0x00006744                eint1Deinit
 .text          0x00006774      0x15c ARM Flash Debug/eint1ISR.o
                0x00006820                eint1ISR
 .text          0x000068d0      0x248 ARM Flash Debug/beep.o
                0x000068d0                beepOn
                0x000069f4                beepOff
                0x00006ac4                beepMHALL
                0x00006ae0                beepSMOTW
                0x00006afc                beepA_TEAM_THEME
 .text          0x00006b18      0x38c ARM Flash Debug/timer.o
                0x00006b18                timer0Init
                0x00006b40                timer1Init
                0x00006b68                capture00Init
                0x00006b6c                timer1FlowRateInit
                0x00006c88                timer1FlowRateStart
                0x00006ccc                timer1FlowRateContinue
                0x00006d00                timer1FlowRateStop
                0x00006da8                timer1ISR
 .text          0x00006ea4       0xa8 ARM Flash Debug/dac.o
                0x00006ea4                dacInit
                0x00006ed8                dacSet
 .text          0x00006f4c      0x4cc ARM Flash Debug/args.o
                0x0000702c                argsGetLine
                0x0000723c                argsParse
 .text          0x00007418      0x1dc ARM Flash Debug/argsdispatch.o
                0x00007418                argsDispatch
 .text          0x000075f4     0x2280 ARM Flash Debug/monitor.o
                0x000077cc                get_fattime
                0x00009814                monitorTaskStart
 .text          0x00009874      0x774 ARM Flash Debug/printf-stdarg.o
                0x00009ef4                printf
                0x00009f34                sprintf
                0x00009f7c                snprintf
                0x00009fc8                write
 .text          0x00009fe8      0x214 ARM Flash Debug/leds.o
                0x0000a024                ledsSetDelay
                0x0000a104                ledsTaskStart
                0x0000a164                ledsTaskStop
                0x0000a1e8                ledsGetDelay
 .text          0x0000a1fc      0x404 ARM Flash Debug/tcs3414.o
                0x0000a364                tcs3414Init
                0x0000a398                tcs3414GetColour
                0x0000a554                tcs3414GetICRevision
                0x0000a5a0                tcs3414TaskStart
 .text          0x0000a600      0xe4c ARM Flash Debug/mmc.o
                0x0000ab88                mmcWriteProtect
                0x0000ab9c                mmcWaitReady
                0x0000abc0                mmcCardPresent
                0x0000abd8                mmcReadCardInfo
                0x0000ad2c                mmcRead
                0x0000ae70                mmcWrite
                0x0000afd0                mmcVerify
                0x0000b168                mmcInitMedia
                0x0000b41c                mmcDumpCSD
                0x0000b434                mmcDecodeCSD
 .text          0x0000b44c      0x5c4 ARM Flash Debug/ssp.o
                0x0000b44c                sspHardwareCardPresent
                0x0000b470                sspHardwareWriteProtected
                0x0000b4b8                sspChipSelect
                0x0000b578                sspSetClockFreq
                0x0000b618                sspInit
                0x0000b764                sspTransferByte
                0x0000b7cc                sspWaitReady
                0x0000b824                sspSendBlock
                0x0000b8c4                sspReceiveBlock
                0x0000b9c0                sspDelay1ms
 .text          0x0000ba10      0xedc ARM Flash Debug/Lcd204_4.o
                0x0000ba10                delay_us
                0x0000ba4c                delay
                0x0000bab4                write_lcd
                0x0000c090                write_byte_lcd
                0x0000c170                printf_lcd
                0x0000c2fc                blink_lcd
                0x0000c400                clear_lcd
                0x0000c420                init_lcd
                0x0000c5d0                init_system
                0x0000c74c                init_screenpool
                0x0000c840                lcdTaskStart
                0x0000c8a0                lcdTaskStop
 .text          0x0000c8ec     0x1474 ARM Flash Debug/logging.o
                0x0000c8ec                fillSlogEntryItem
                0x0000ca84                getWhPriceRappen
                0x0000ca98                setWhPrice
                0x0000cab8                getLogFilename
                0x0000cb7c                trackLog
                0x0000cbdc                trackLogTaskStart
                0x0000cc3c                trackLogTaskStop
                0x0000cc88                initLog
                0x0000cd3c                fs_init
                0x0000cdb4                getDateTime
                0x0000ce38                updateCDayLogEntryItem
                0x0000cf28                updateCLogEntryItem
                0x0000d240                incr_SumFlowvolume
                0x0000d2c8                init_daysLogging
                0x0000d2dc                incr_daysLogging
                0x0000d31c                feedLCD
                0x0000dba8                incrementScreen
                0x0000dbf4                nrOfDigits
                0x0000dc50                luk_strcpy
                0x0000dcb0                fill_buf_with_values
 .text          0x0000dd60      0xe64 ARM Flash Debug/meas_sm.o
                0x0000dd60                meas_sm
                0x0000e7a8                measSMTaskStart
                0x0000e808                MeasSMTaskStop
                0x0000e854                set_measure
                0x0000e878                clr_measure
                0x0000e88c                get_measure
                0x0000e8a4                set_updateLCD
                0x0000e8b8                clr_updateLCD
                0x0000e8cc                get_updateLCD
                0x0000e8e4                set_trackLog
                0x0000e8f8                clr_trackLog
                0x0000e90c                get_trackLog
                0x0000e924                get_pumpLastControlSignalOn
                0x0000e954                set_pumpLastControlSignalOn
                0x0000e984                clr_pumpLastControlSignalOn
                0x0000e998                updateMeasure_timestamp
                0x0000ea54                getMeasure_timestamp_diff
                0x0000ea7c                clr_valuesReceived
                0x0000ea90                set_valuesReceived
                0x0000eaa4                valuesReceived
                0x0000eabc                stopMeasure
                0x0000ead0                startMeasure
                0x0000eae4                get_FlowCount
                0x0000eaf8                incr_FlowCount
                0x0000eb3c                clr_FlowCount
                0x0000eb70                initFlowrateSensor
 .text          0x0000ebc4      0x780 ARM Flash Debug/meas_task.o
                0x0000ebc4                meas_Temp
                0x0000ee50                getTemperatureOfADCValue
                0x0000f084                meas_task_init
                0x0000f1a0                doMeasure
                0x0000f298                measTaskStart
                0x0000f2f8                measTaskStop
 .text          0x0000f344        0x0 ARM Flash Debug/crt0.o
 .text          0x0000f344        0x0 ARM Flash Debug/Philips_LPC210X_Startup.o
 .text          0x0000f344      0x110 ARM Flash Debug/LPC210x.o
                0x0000f374                ctl_start_timer
                0x0000f448                ctl_get_ticks_per_second
 .text          0x0000f454      0x318 ARM Flash Debug/VIC.o
                0x0000f454                ctl_set_isr
                0x0000f70c                ctl_unmask_isr
                0x0000f73c                ctl_mask_isr
 .text          0x0000f76c       0x44 ARM Flash Debug/VIC_irq_handler.o
                0x0000f76c                irq_handler
 .text          0x0000f7b0      0x24c ARM Flash Debug/portISR.o
                0x0000f7b0                vPortISRStartFirstTask
                0x0000f7fc                swi_handler
                0x0000f8a8                vTickISR
                0x0000f974                vPortEnterCritical
                0x0000f9a4                vPortExitCritical
 .text          0x0000f9fc      0x354 ARM Flash Debug/port.o
                0x0000f9fc                pxPortInitialiseStack
                0x0000fc5c                xPortStartScheduler
                0x0000fc78                vPortEndScheduler
 .text          0x0000fd50      0x35c ARM Flash Debug/heap_2.o
                0x0000fd50                pvPortMalloc
                0x0000ffc0                vPortFree
                0x00010094                xPortGetFreeHeapSize
                0x000100a8                vPortInitialiseBlocks
 .text          0x000100ac     0x1f5c ARM Flash Debug/tasks.o
                0x000100ac                xTaskGenericCreate
                0x00010300                vTaskDelete
                0x000103fc                vTaskDelayUntil
                0x00010574                vTaskDelay
                0x00010660                uxTaskPriorityGet
                0x000106b8                vTaskPrioritySet
                0x00010888                vTaskSuspend
                0x00010940                xTaskIsTaskSuspended
                0x000109b0                vTaskResume
                0x00010aa8                xTaskResumeFromISR
                0x00010bbc                vTaskStartScheduler
                0x00010c5c                vTaskEndScheduler
                0x00010c90                vTaskSuspendAll
                0x00010cac                xTaskResumeAll
                0x00010e68                xTaskGetTickCount
                0x00010e9c                uxTaskGetNumberOfTasks
                0x00010eb0                vTaskList
                0x00011024                vTaskStartTrace
                0x00011094                ulTaskEndTrace
                0x000110ec                vTaskIncrementTick
                0x0001126c                vTaskSwitchContext
                0x00011508                vTaskPlaceOnEventList
                0x00011608                xTaskRemoveFromEventList
                0x0001173c                vTaskSetTimeOutState
                0x00011774                xTaskCheckForTimeOut
                0x00011868                vTaskMissedYield
                0x0001187c                prvIdleTask
                0x00011894                prvInitialiseTCBVariables
                0x00011960                prvInitialiseTaskLists
                0x00011a20                prvCheckTasksWaitingTermination
                0x00011af0                prvAllocateTCBAndStack
                0x00011b98                prvListTaskWithinSingleList
                0x00011ce8                usTaskCheckFreeStackSpace
                0x00011d44                uxTaskGetStackHighWaterMark
                0x00011da4                prvDeleteTCB
                0x00011dd4                xTaskGetCurrentTaskHandle
                0x00011df8                vTaskPriorityInherit
                0x00011f28                vTaskPriorityDisinherit
 .text          0x00012008     0x1168 ARM Flash Debug/queue.o
                0x00012008                xQueueCreate
                0x00012150                xQueueCreateMutex
                0x00012228                xQueueGiveMutexRecursive
                0x000122ac                xQueueTakeMutexRecursive
                0x00012344                xQueueGenericSend
                0x000124f0                xQueueAltGenericSend
                0x00012630                xQueueAltGenericReceive
                0x0001281c                xQueueGenericSendFromISR
                0x000128ec                xQueueGenericReceive
                0x00012b44                xQueueReceiveFromISR
                0x00012c18                uxQueueMessagesWaiting
                0x00012c4c                uxQueueMessagesWaitingFromISR
                0x00012c70                vQueueDelete
                0x00012fd8                xQueueIsQueueEmptyFromISR
                0x00013050                xQueueIsQueueFullFromISR
                0x00013088                vQueueAddToRegistry
 .text          0x00013170      0x258 ARM Flash Debug/list.o
                0x00013170                vListInitialise
                0x000131d4                vListInitialiseItem
                0x000131f0                vListInsertEnd
                0x00013278                vListInsert
                0x00013340                vListRemove
 .text          0x000133c8      0x62c ARM Flash Debug/disk.o
                0x000133c8                diskInitialize
                0x000134f8                diskShutdown
                0x0001352c                diskStatus
                0x00013554                diskRead
                0x000135f0                diskWrite
                0x000136ac                diskIoctl
                0x00013930                diskPresent
                0x00013948                diskErrorText
                0x000139bc                diskErrorTextPrint
 .text          0x000139f4     0x5b8c ARM Flash Debug/ff.o
                0x00015f14                f_ferrorlookup
                0x00015f88                f_printerror
                0x00015fc0                f_mount
                0x00016058                f_open
                0x00016614                f_read
                0x00016a40                f_write
                0x00016f14                f_sync
                0x000171e4                f_close
                0x0001722c                f_lseek
                0x000175cc                f_opendir
                0x00017748                f_readdir
                0x00017898                f_stat
                0x00017948                f_getfree
                0x00017bf4                f_unlink
                0x00017e90                f_mkdir
                0x0001832c                f_chmod
                0x00018434                f_rename
                0x00018608                f_mkfs
 .text          0x00019580        0x0 C:/Users/lukas/AppData/Local/Rowley Associates Limited/CrossWorks for ARM/packages/lib/liblpc2000_v4t_a_le.a(liblpc2000_lpc21xx_get_cclk.o)
 .text.liblpc2000
                0x00019580       0x30 C:/Users/lukas/AppData/Local/Rowley Associates Limited/CrossWorks for ARM/packages/lib/liblpc2000_v4t_a_le.a(liblpc2000_lpc21xx_get_cclk.o)
                0x00019580                liblpc2000_lpc21xx_get_cclk
                0x00019580                liblpc2000_get_cclk
 .text          0x000195b0        0x0 C:/Users/lukas/AppData/Local/Rowley Associates Limited/CrossWorks for ARM/packages/lib/liblpc2000_v4t_a_le.a(liblpc2000_lpc21xx_get_pclk.o)
 .text.liblpc2000
                0x000195b0       0x2c C:/Users/lukas/AppData/Local/Rowley Associates Limited/CrossWorks for ARM/packages/lib/liblpc2000_v4t_a_le.a(liblpc2000_lpc21xx_get_pclk.o)
                0x000195b0                liblpc2000_lpc21xx_get_pclk
                0x000195b0                liblpc2000_get_pclk
 .text          0x000195dc        0x0 C:/Program Files/Rowley Associates Limited/CrossWorks for ARM 2.0/lib/libm_v4t_a_le.a(__int32_to_float32.o)
 *fill*         0x000195dc        0x4 00
 .text.libc     0x000195e0       0x70 C:/Program Files/Rowley Associates Limited/CrossWorks for ARM 2.0/lib/libm_v4t_a_le.a(__int32_to_float32.o)
                0x000195e0                __int32_to_float32
                0x000195e0                __floatsisf
                0x000195e0                __aeabi_i2f
                0x000195f4                __int32_to_float32_common
 .text          0x00019650        0x0 C:/Program Files/Rowley Associates Limited/CrossWorks for ARM 2.0/lib/libm_v4t_a_le.a(__int32_to_float64.o)
 .text.libc     0x00019650       0x70 C:/Program Files/Rowley Associates Limited/CrossWorks for ARM 2.0/lib/libm_v4t_a_le.a(__int32_to_float64.o)
                0x00019650                __aeabi_i2d
                0x00019650                __int32_to_float64
                0x00019650                __floatsidf
 .text          0x000196c0        0x0 C:/Program Files/Rowley Associates Limited/CrossWorks for ARM 2.0/lib/libm_v4t_a_le.a(__uint32_to_float32.o)
 .text.libc     0x000196c0       0x10 C:/Program Files/Rowley Associates Limited/CrossWorks for ARM 2.0/lib/libm_v4t_a_le.a(__uint32_to_float32.o)
                0x000196c0                __aeabi_ui2f
                0x000196c0                __floatunsisf
                0x000196c0                __uint32_to_float32
 .text          0x000196d0        0x0 C:/Program Files/Rowley Associates Limited/CrossWorks for ARM 2.0/lib/libm_v4t_a_le.a(__uint32_to_float64.o)
 .text.libc     0x000196d0       0x60 C:/Program Files/Rowley Associates Limited/CrossWorks for ARM 2.0/lib/libm_v4t_a_le.a(__uint32_to_float64.o)
                0x000196d0                __aeabi_ui2d
                0x000196d0                __floatunsidf
                0x000196d0                __uint32_to_float64
 .text          0x00019730        0x0 C:/Program Files/Rowley Associates Limited/CrossWorks for ARM 2.0/lib/libm_v4t_a_le.a(__float32_to_int32.o)
 .text.libc     0x00019730       0x50 C:/Program Files/Rowley Associates Limited/CrossWorks for ARM 2.0/lib/libm_v4t_a_le.a(__float32_to_int32.o)
                0x00019730                __float32_to_int32
                0x00019730                __aeabi_f2iz
                0x00019730                __fixsfsi
 .text          0x00019780        0x0 C:/Program Files/Rowley Associates Limited/CrossWorks for ARM 2.0/lib/libm_v4t_a_le.a(__float32_to_uint32.o)
 .text.libc     0x00019780       0x40 C:/Program Files/Rowley Associates Limited/CrossWorks for ARM 2.0/lib/libm_v4t_a_le.a(__float32_to_uint32.o)
                0x00019780                __aeabi_f2uiz
                0x00019780                __fixunssfsi
                0x00019780                __float32_to_uint32
 .text          0x000197c0        0x0 C:/Program Files/Rowley Associates Limited/CrossWorks for ARM 2.0/lib/libm_v4t_a_le.a(__float64_to_int32.o)
 .text.libc     0x000197c0       0x60 C:/Program Files/Rowley Associates Limited/CrossWorks for ARM 2.0/lib/libm_v4t_a_le.a(__float64_to_int32.o)
                0x000197c0                __aeabi_d2iz
                0x000197c0                __float64_to_int32
                0x000197c0                __fixdfsi
 .text          0x00019820        0x0 C:/Program Files/Rowley Associates Limited/CrossWorks for ARM 2.0/lib/libm_v4t_a_le.a(__float64_to_uint32.o)
 .text.libc     0x00019820       0x50 C:/Program Files/Rowley Associates Limited/CrossWorks for ARM 2.0/lib/libm_v4t_a_le.a(__float64_to_uint32.o)
                0x00019820                __aeabi_d2uiz
                0x00019820                __float64_to_uint32
                0x00019820                __fixunsdfsi
 .text          0x00019870        0x0 C:/Program Files/Rowley Associates Limited/CrossWorks for ARM 2.0/lib/libm_v4t_a_le.a(__float32_to_float64.o)
 .text.libc     0x00019870       0x40 C:/Program Files/Rowley Associates Limited/CrossWorks for ARM 2.0/lib/libm_v4t_a_le.a(__float32_to_float64.o)
                0x00019870                __float32_to_float64
                0x00019870                __aeabi_f2d
                0x00019870                __extendsfdf2
 .text          0x000198b0        0x0 C:/Program Files/Rowley Associates Limited/CrossWorks for ARM 2.0/lib/libm_v4t_a_le.a(__float64_to_float32.o)
 .text.libc     0x000198b0       0x80 C:/Program Files/Rowley Associates Limited/CrossWorks for ARM 2.0/lib/libm_v4t_a_le.a(__float64_to_float32.o)
                0x000198b0                __truncdfsf2
                0x000198b0                __float64_to_float32
                0x000198b0                __aeabi_d2f
 .text          0x00019930        0x0 C:/Program Files/Rowley Associates Limited/CrossWorks for ARM 2.0/lib/libm_v4t_a_le.a(__float32_add.o)
 .text.libc     0x00019930      0x1a0 C:/Program Files/Rowley Associates Limited/CrossWorks for ARM 2.0/lib/libm_v4t_a_le.a(__float32_add.o)
                0x00019930                __aeabi_frsub
                0x00019938                __subsf3
                0x00019938                __aeabi_fsub
                0x00019938                __float32_sub
                0x0001993c                __addsf3
                0x0001993c                __float32_add
                0x0001993c                __aeabi_fadd
 .text          0x00019ad0        0x0 C:/Program Files/Rowley Associates Limited/CrossWorks for ARM 2.0/lib/libm_v4t_a_le.a(__float32_mul.o)
 .text.libc     0x00019ad0      0x100 C:/Program Files/Rowley Associates Limited/CrossWorks for ARM 2.0/lib/libm_v4t_a_le.a(__float32_mul.o)
                0x00019ad0                __mulsf3
                0x00019ad0                __float32_mul
 .text          0x00019bd0        0x0 C:/Program Files/Rowley Associates Limited/CrossWorks for ARM 2.0/lib/libm_v4t_a_le.a(__float32_div.o)
 .text.libc     0x00019bd0      0x210 C:/Program Files/Rowley Associates Limited/CrossWorks for ARM 2.0/lib/libm_v4t_a_le.a(__float32_div.o)
                0x00019bd0                __float32_div
                0x00019bd0                __divsf3
 .text          0x00019de0        0x0 C:/Program Files/Rowley Associates Limited/CrossWorks for ARM 2.0/lib/libm_v4t_a_le.a(__float32_cmp.o)
 .text.libc     0x00019de0       0x50 C:/Program Files/Rowley Associates Limited/CrossWorks for ARM 2.0/lib/libm_v4t_a_le.a(__float32_cmp.o)
                0x00019de0                __nesf2
                0x00019de0                __gtsf2
                0x00019de0                __eqsf2
                0x00019de0                __cmpsf2
                0x00019de0                __ltsf2
                0x00019de0                __gesf2
                0x00019de0                __lesf2
 .text          0x00019e30        0x0 C:/Program Files/Rowley Associates Limited/CrossWorks for ARM 2.0/lib/libm_v4t_a_le.a(__float64_add.o)
 .text.libc     0x00019e30      0x350 C:/Program Files/Rowley Associates Limited/CrossWorks for ARM 2.0/lib/libm_v4t_a_le.a(__float64_add.o)
                0x00019e30                __aeabi_drsub
                0x00019e38                __aeabi_dsub
                0x00019e38                __float64_sub
                0x00019e38                __subdf3
                0x00019e3c                __aeabi_dadd
                0x00019e3c                __float64_add
                0x00019e3c                __adddf3
 .text          0x0001a180        0x0 C:/Program Files/Rowley Associates Limited/CrossWorks for ARM 2.0/lib/libm_v4t_a_le.a(__float64_mul.o)
 .text.libc     0x0001a180      0x1b0 C:/Program Files/Rowley Associates Limited/CrossWorks for ARM 2.0/lib/libm_v4t_a_le.a(__float64_mul.o)
                0x0001a180                __muldf3
                0x0001a180                __float64_mul
 .text          0x0001a330        0x0 C:/Program Files/Rowley Associates Limited/CrossWorks for ARM 2.0/lib/libm_v4t_a_le.a(__float64_div.o)
 .text.libc     0x0001a330      0x330 C:/Program Files/Rowley Associates Limited/CrossWorks for ARM 2.0/lib/libm_v4t_a_le.a(__float64_div.o)
                0x0001a330                __divdf3
                0x0001a330                __float64_div
                0x0001a330                __aeabi_ddiv
 .text          0x0001a660        0x0 C:/Program Files/Rowley Associates Limited/CrossWorks for ARM 2.0/lib/libm_v4t_a_le.a(log.o)
 .text.libc     0x0001a660      0x2c0 C:/Program Files/Rowley Associates Limited/CrossWorks for ARM 2.0/lib/libm_v4t_a_le.a(log.o)
                0x0001a660                log
 .text          0x0001a920        0x0 C:/Program Files/Rowley Associates Limited/CrossWorks for ARM 2.0/lib/libm_v4t_a_le.a(__float64_cmp.o)
 .text.libc     0x0001a920       0x70 C:/Program Files/Rowley Associates Limited/CrossWorks for ARM 2.0/lib/libm_v4t_a_le.a(__float64_cmp.o)
                0x0001a920                __eqdf2
                0x0001a920                __gtdf2
                0x0001a920                __ltdf2
                0x0001a920                __ledf2
                0x0001a920                __nedf2
                0x0001a920                __gedf2
                0x0001a920                __cmpdf2
 .text          0x0001a990        0x0 C:/Program Files/Rowley Associates Limited/CrossWorks for ARM 2.0/lib/libm_v4t_a_le.a(__float64_isnan.o)
 .text.libc     0x0001a990       0x20 C:/Program Files/Rowley Associates Limited/CrossWorks for ARM 2.0/lib/libm_v4t_a_le.a(__float64_isnan.o)
                0x0001a990                __float64_isnan
 .text          0x0001a9b0        0x0 C:/Program Files/Rowley Associates Limited/CrossWorks for ARM 2.0/lib/libm_v4t_a_le.a(__float64_infinity.o)
 .text.libc     0x0001a9b0        0x0 C:/Program Files/Rowley Associates Limited/CrossWorks for ARM 2.0/lib/libm_v4t_a_le.a(__float64_infinity.o)
 .text          0x0001a9b0        0x0 C:/Program Files/Rowley Associates Limited/CrossWorks for ARM 2.0/lib/libm_v4t_a_le.a(__float64_nan.o)
 .text.libc     0x0001a9b0        0x0 C:/Program Files/Rowley Associates Limited/CrossWorks for ARM 2.0/lib/libm_v4t_a_le.a(__float64_nan.o)
 .text          0x0001a9b0        0x0 C:/Program Files/Rowley Associates Limited/CrossWorks for ARM 2.0/lib/libm_v4t_a_le.a(__poly1_eval.o)
 .text.libc     0x0001a9b0       0x70 C:/Program Files/Rowley Associates Limited/CrossWorks for ARM 2.0/lib/libm_v4t_a_le.a(__poly1_eval.o)
                0x0001a9b0                __poly1_eval
 .text          0x0001aa20        0x0 C:/Program Files/Rowley Associates Limited/CrossWorks for ARM 2.0/lib/libm_v4t_a_le.a(__poly_eval.o)
 .text.libc     0x0001aa20       0x5c C:/Program Files/Rowley Associates Limited/CrossWorks for ARM 2.0/lib/libm_v4t_a_le.a(__poly_eval.o)
                0x0001aa20                __poly_eval
 .text          0x0001aa7c        0x0 C:/Program Files/Rowley Associates Limited/CrossWorks for ARM 2.0/lib/libm_v4t_a_le.a(frexp.o)
 .text.libc     0x0001aa7c       0x60 C:/Program Files/Rowley Associates Limited/CrossWorks for ARM 2.0/lib/libm_v4t_a_le.a(frexp.o)
                0x0001aa7c                frexp
 .text          0x0001aadc        0x0 C:/Program Files/Rowley Associates Limited/CrossWorks for ARM 2.0/lib/libm_v4t_a_le.a(ldexp.o)
 .text.libc     0x0001aadc       0x84 C:/Program Files/Rowley Associates Limited/CrossWorks for ARM 2.0/lib/libm_v4t_a_le.a(ldexp.o)
                0x0001aadc                ldexp
 .text          0x0001ab60        0x0 C:/Program Files/Rowley Associates Limited/CrossWorks for ARM 2.0/lib/libc_v4t_a_le.a(__int32_umod.o)
 .text.libc     0x0001ab60       0x20 C:/Program Files/Rowley Associates Limited/CrossWorks for ARM 2.0/lib/libc_v4t_a_le.a(__int32_umod.o)
                0x0001ab60                __int32_umod
                0x0001ab60                __umodsi3
 .text          0x0001ab80        0x0 C:/Program Files/Rowley Associates Limited/CrossWorks for ARM 2.0/lib/libc_v4t_a_le.a(__int32_div.o)
 .text.libc     0x0001ab80       0x50 C:/Program Files/Rowley Associates Limited/CrossWorks for ARM 2.0/lib/libc_v4t_a_le.a(__int32_div.o)
                0x0001ab80                __divsi3
                0x0001ab80                __int32_div
 .text          0x0001abd0        0x0 C:/Program Files/Rowley Associates Limited/CrossWorks for ARM 2.0/lib/libc_v4t_a_le.a(__int32_udivmod.o)
 .text.libc     0x0001abd0       0x30 C:/Program Files/Rowley Associates Limited/CrossWorks for ARM 2.0/lib/libc_v4t_a_le.a(__int32_udivmod.o)
                0x0001abd0                __int32_udivmod
                0x0001abd0                __udivsi3
                0x0001abd0                __int32_udiv
 .text          0x0001ac00        0x0 C:/Program Files/Rowley Associates Limited/CrossWorks for ARM 2.0/lib/libc_v4t_a_le.a(strlen.o)
 .text.libc     0x0001ac00       0x90 C:/Program Files/Rowley Associates Limited/CrossWorks for ARM 2.0/lib/libc_v4t_a_le.a(strlen.o)
                0x0001ac00                strlen
 .text          0x0001ac90        0x0 C:/Program Files/Rowley Associates Limited/CrossWorks for ARM 2.0/lib/libc_v4t_a_le.a(memcpy.o)
 .text.libc     0x0001ac90       0x60 C:/Program Files/Rowley Associates Limited/CrossWorks for ARM 2.0/lib/libc_v4t_a_le.a(memcpy.o)
                0x0001ac90                memcpy
 .text          0x0001acf0        0x0 C:/Program Files/Rowley Associates Limited/CrossWorks for ARM 2.0/lib/libc_v4t_a_le.a(memset.o)
 .text.libc     0x0001acf0       0xa0 C:/Program Files/Rowley Associates Limited/CrossWorks for ARM 2.0/lib/libc_v4t_a_le.a(memset.o)
                0x0001acf0                memset
 .text          0x0001ad90        0x0 C:/Program Files/Rowley Associates Limited/CrossWorks for ARM 2.0/lib/libc_v4t_a_le.a(strcpy.o)
 .text.libc     0x0001ad90       0x60 C:/Program Files/Rowley Associates Limited/CrossWorks for ARM 2.0/lib/libc_v4t_a_le.a(strcpy.o)
                0x0001ad90                strcpy
 .text          0x0001adf0        0x0 C:/Program Files/Rowley Associates Limited/CrossWorks for ARM 2.0/lib/libc_v4t_a_le.a(strcmp.o)
 .text.libc     0x0001adf0       0x70 C:/Program Files/Rowley Associates Limited/CrossWorks for ARM 2.0/lib/libc_v4t_a_le.a(strcmp.o)
                0x0001adf0                strcmp
 .text          0x0001ae60        0x0 C:/Program Files/Rowley Associates Limited/CrossWorks for ARM 2.0/lib/libc_v4t_a_le.a(memcmp.o)
 .text.libc     0x0001ae60       0x54 C:/Program Files/Rowley Associates Limited/CrossWorks for ARM 2.0/lib/libc_v4t_a_le.a(memcmp.o)
                0x0001ae60                memcmp
 .text          0x0001aeb4        0x0 C:/Program Files/Rowley Associates Limited/CrossWorks for ARM 2.0/lib/libc_v4t_a_le.a(strcat.o)
 .text.libc     0x0001aeb4       0x3c C:/Program Files/Rowley Associates Limited/CrossWorks for ARM 2.0/lib/libc_v4t_a_le.a(strcat.o)
                0x0001aeb4                strcat
 .text          0x0001aef0        0x0 C:/Program Files/Rowley Associates Limited/CrossWorks for ARM 2.0/lib/libc_v4t_a_le.a(strncmp.o)
 .text.libc     0x0001aef0       0x64 C:/Program Files/Rowley Associates Limited/CrossWorks for ARM 2.0/lib/libc_v4t_a_le.a(strncmp.o)
                0x0001aef0                strncmp
 .text          0x0001af54        0x0 C:/Program Files/Rowley Associates Limited/CrossWorks for ARM 2.0/lib/libc_v4t_a_le.a(strncpy.o)
 .text.libc     0x0001af54       0x74 C:/Program Files/Rowley Associates Limited/CrossWorks for ARM 2.0/lib/libc_v4t_a_le.a(strncpy.o)
                0x0001af54                strncpy
 .text          0x0001afc8        0x0 C:/Program Files/Rowley Associates Limited/CrossWorks for ARM 2.0/lib/libc_v4t_a_le.a(ctype.o)
 .text.libc     0x0001afc8      0x17c C:/Program Files/Rowley Associates Limited/CrossWorks for ARM 2.0/lib/libc_v4t_a_le.a(ctype.o)
                0x0001afc8                isalpha
                0x0001afe4                isupper
                0x0001aff8                islower
                0x0001b00c                isdigit
                0x0001b020                isxdigit
                0x0001b04c                isspace
                0x0001b064                ispunct
                0x0001b0a0                isalnum
                0x0001b0cc                isprint
                0x0001b0e0                isgraph
                0x0001b0f4                iscntrl
                0x0001b108                tolower
                0x0001b11c                toupper
                0x0001b130                isblank
 .text          0x0001b144        0x0 C:/Program Files/Rowley Associates Limited/CrossWorks for ARM 2.0/lib/libc_v4t_a_le.a(itoa.o)
 .text.libc     0x0001b144       0x38 C:/Program Files/Rowley Associates Limited/CrossWorks for ARM 2.0/lib/libc_v4t_a_le.a(itoa.o)
                0x0001b144                itoa
 .text          0x0001b17c        0x0 C:/Program Files/Rowley Associates Limited/CrossWorks for ARM 2.0/lib/libc_v4t_a_le.a(malloc.o)
 .text.libc     0x0001b17c      0x250 C:/Program Files/Rowley Associates Limited/CrossWorks for ARM 2.0/lib/libc_v4t_a_le.a(malloc.o)
                0x0001b17c                free
                0x0001b270                malloc
                0x0001b354                realloc
                0x0001b39c                calloc
 .text          0x0001b3cc        0x0 C:/Program Files/Rowley Associates Limited/CrossWorks for ARM 2.0/lib/libc_v4t_a_le.a(atoi.o)
 .text.libc     0x0001b3cc       0x38 C:/Program Files/Rowley Associates Limited/CrossWorks for ARM 2.0/lib/libc_v4t_a_le.a(atoi.o)
                0x0001b3cc                atoi
 .text          0x0001b404        0x0 C:/Program Files/Rowley Associates Limited/CrossWorks for ARM 2.0/lib/libc_v4t_a_le.a(time.o)
 .text.libc     0x0001b404      0x75c C:/Program Files/Rowley Associates Limited/CrossWorks for ARM 2.0/lib/libc_v4t_a_le.a(time.o)
                0x0001b404                difftime
                0x0001b418                checktm
                0x0001b660                mktime
                0x0001b8a8                localtime_r
                0x0001bab4                localtime
                0x0001bad4                gmtime_r
                0x0001baec                gmtime
                0x0001bb0c                ctime_r
                0x0001bb3c                ctime
 .text          0x0001bb60        0x0 C:/Program Files/Rowley Associates Limited/CrossWorks for ARM 2.0/lib/libc_v4t_a_le.a(asctime.o)
 .text.libc     0x0001bb60      0x18c C:/Program Files/Rowley Associates Limited/CrossWorks for ARM 2.0/lib/libc_v4t_a_le.a(asctime.o)
                0x0001bb8c                asctime_r
                0x0001bcd4                asctime
 .text          0x0001bcec        0x0 C:/Program Files/Rowley Associates Limited/CrossWorks for ARM 2.0/lib/libc_v4t_a_le.a(strftime.o)
 .text.libc     0x0001bcec      0x82c C:/Program Files/Rowley Associates Limited/CrossWorks for ARM 2.0/lib/libc_v4t_a_le.a(strftime.o)
                0x0001c4c4                strftime
 .text          0x0001c518        0x0 C:/Program Files/Rowley Associates Limited/CrossWorks for ARM 2.0/lib/libc_v4t_a_le.a(div.o)
 .text.libc     0x0001c518       0x54 C:/Program Files/Rowley Associates Limited/CrossWorks for ARM 2.0/lib/libc_v4t_a_le.a(div.o)
                0x0001c518                div
 .text          0x0001c56c        0x0 C:/Program Files/Rowley Associates Limited/CrossWorks for ARM 2.0/lib/libc_v4t_a_le.a(__xtoa.o)
 .text.libc     0x0001c56c       0xa0 C:/Program Files/Rowley Associates Limited/CrossWorks for ARM 2.0/lib/libc_v4t_a_le.a(__xtoa.o)
                0x0001c56c                __xtoa
 .text          0x0001c60c        0x0 C:/Program Files/Rowley Associates Limited/CrossWorks for ARM 2.0/lib/libc_v4t_a_le.a(strtol.o)
 .text.libc     0x0001c60c       0xd4 C:/Program Files/Rowley Associates Limited/CrossWorks for ARM 2.0/lib/libc_v4t_a_le.a(strtol.o)
                0x0001c60c                strtol
 .text          0x0001c6e0        0x0 C:/Program Files/Rowley Associates Limited/CrossWorks for ARM 2.0/lib/libc_v4t_a_le.a(ldiv.o)
 .text.libc     0x0001c6e0       0x54 C:/Program Files/Rowley Associates Limited/CrossWorks for ARM 2.0/lib/libc_v4t_a_le.a(ldiv.o)
                0x0001c6e0                ldiv
 .text          0x0001c734        0x0 C:/Program Files/Rowley Associates Limited/CrossWorks for ARM 2.0/lib/libc_v4t_a_le.a(__int32_mod.o)
 *fill*         0x0001c734        0xc 00
 .text.libc     0x0001c740       0x50 C:/Program Files/Rowley Associates Limited/CrossWorks for ARM 2.0/lib/libc_v4t_a_le.a(__int32_mod.o)
                0x0001c740                __modsi3
                0x0001c740                __int32_mod
 .text          0x0001c790        0x0 C:/Program Files/Rowley Associates Limited/CrossWorks for ARM 2.0/lib/libc_v4t_a_le.a(__strtoul.o)
 .text.libc     0x0001c790      0x128 C:/Program Files/Rowley Associates Limited/CrossWorks for ARM 2.0/lib/libc_v4t_a_le.a(__strtoul.o)
                0x0001c790                __strtoul
 .text          0x0001c8b8        0x0 C:/Program Files/Rowley Associates Limited/CrossWorks for ARM 2.0/lib/libc_v4t_a_le.a(__digit.o)
 .text.libc     0x0001c8b8       0x54 C:/Program Files/Rowley Associates Limited/CrossWorks for ARM 2.0/lib/libc_v4t_a_le.a(__digit.o)
                0x0001c8b8                __digit
 .text          0x0001c90c        0x0 C:/Program Files/Rowley Associates Limited/CrossWorks for ARM 2.0/lib/libc_targetio_impl_v4t_a_le.a(putchar.o)
 .text.libc     0x0001c90c       0x2c C:/Program Files/Rowley Associates Limited/CrossWorks for ARM 2.0/lib/libc_targetio_impl_v4t_a_le.a(putchar.o)
                0x0001c90c                putchar
 .text          0x0001c938        0x0 C:/Program Files/Rowley Associates Limited/CrossWorks for ARM 2.0/lib/libc_user_libc_v4t_a_le.a(user_libc.o)
 .text.libc     0x0001c938       0x2c C:/Program Files/Rowley Associates Limited/CrossWorks for ARM 2.0/lib/libc_user_libc_v4t_a_le.a(user_libc.o)
                0x0001c938                __errno
                0x0001c944                __heap_lock
                0x0001c948                __heap_unlock
                0x0001c94c                __printf_lock
                0x0001c950                __printf_unlock
                0x0001c954                __scanf_lock
                0x0001c958                __scanf_unlock
                0x0001c95c                __debug_io_lock
                0x0001c960                __debug_io_unlock
                0x0001c964                __text_end__ = (__text_start__ + SIZEOF (.text))

.vfp11_veneer   0x00000000        0x0
 .vfp11_veneer  0x00000000        0x0 linker stubs

.v4_bx          0x00000000        0x0
 .v4_bx         0x00000000        0x0 linker stubs
                0x00000001                . = ASSERT (((__text_end__ >= __FLASH_segment_start__) && (__text_end__ <= (__FLASH_segment_start__ + 0x80000))), error: .text is too large to fit in FLASH memory segment)
                0x0001c964                __dtors_load_start__ = ALIGN (__text_end__, 0x4)

.dtors          0x0001c964        0x0
                0x0001c964                __dtors_start__ = .
 *(SORT(.dtors.*))
 *(.dtors)
                0x0001c964                __dtors_end__ = (__dtors_start__ + SIZEOF (.dtors))
                0x00000001                . = ASSERT (((__dtors_end__ >= __FLASH_segment_start__) && (__dtors_end__ <= (__FLASH_segment_start__ + 0x80000))), error: .dtors is too large to fit in FLASH memory segment)
                0x0001c964                __ctors_load_start__ = ALIGN (__dtors_end__, 0x4)

.ctors          0x0001c964        0x0
                0x0001c964                __ctors_start__ = .
 *(SORT(.ctors.*))
 *(.ctors)
                0x0001c964                __ctors_end__ = (__ctors_start__ + SIZEOF (.ctors))
                0x00000001                . = ASSERT (((__ctors_end__ >= __FLASH_segment_start__) && (__ctors_end__ <= (__FLASH_segment_start__ + 0x80000))), error: .ctors is too large to fit in FLASH memory segment)
                0x0001c964                __rodata_load_start__ = ALIGN (__ctors_end__, 0x4)

.rodata         0x0001c964     0x48e4
                0x0001c964                __rodata_start__ = .
 *(.rodata .rodata.* .gnu.linkonce.r.*)
 .rodata        0x0001c964      0x578 ARM Flash Debug/main.o
 .rodata        0x0001cedc      0x1a0 ARM Flash Debug/i2c.o
 .rodata        0x0001d07c        0xc ARM Flash Debug/i2cInt.o
 .rodata        0x0001d088       0x90 ARM Flash Debug/usbser.o
 .rodata        0x0001d118      0x570 ARM Flash Debug/eint0ISR.o
 .rodata        0x0001d688      0x570 ARM Flash Debug/eint2ISR.o
 .rodata        0x0001dbf8      0x570 ARM Flash Debug/eint3ISR.o
 .rodata        0x0001e168      0x2b8 ARM Flash Debug/beep.o
 .rodata        0x0001e420       0x10 ARM Flash Debug/args.o
 .rodata        0x0001e430       0x84 ARM Flash Debug/argsdispatch.o
 .rodata        0x0001e4b4     0x126c ARM Flash Debug/monitor.o
 .rodata        0x0001f720        0x8 ARM Flash Debug/printf-stdarg.o
 .rodata        0x0001f728        0x4 ARM Flash Debug/leds.o
 .rodata        0x0001f72c        0x8 ARM Flash Debug/tcs3414.o
 .rodata        0x0001f734      0x224 ARM Flash Debug/mmc.o
 .rodata        0x0001f958       0x6c ARM Flash Debug/Lcd204_4.o
 .rodata        0x0001f9c4      0x5f4 ARM Flash Debug/logging.o
 .rodata        0x0001ffb8      0x814 ARM Flash Debug/meas_sm.o
 .rodata        0x000207cc      0x580 ARM Flash Debug/meas_task.o
 .rodata        0x00020d4c        0x2 ARM Flash Debug/heap_2.o
 *fill*         0x00020d4e        0x2 00
 .rodata        0x00020d50       0x34 ARM Flash Debug/tasks.o
 .rodata        0x00020d84       0x7c ARM Flash Debug/disk.o
 .rodata        0x00020e00      0x168 ARM Flash Debug/ff.o
 .rodata.libc   0x00020f68       0x28 C:/Program Files/Rowley Associates Limited/CrossWorks for ARM 2.0/lib/libm_v4t_a_le.a(log.o)
 .rodata.libc   0x00020f90        0x8 C:/Program Files/Rowley Associates Limited/CrossWorks for ARM 2.0/lib/libm_v4t_a_le.a(__float64_infinity.o)
                0x00020f90                __float64_infinity
 .rodata.libc   0x00020f98        0x8 C:/Program Files/Rowley Associates Limited/CrossWorks for ARM 2.0/lib/libm_v4t_a_le.a(__float64_nan.o)
                0x00020f98                __float64_nan
 .rodata.libc   0x00020fa0       0x84 C:/Program Files/Rowley Associates Limited/CrossWorks for ARM 2.0/lib/libc_v4t_a_le.a(ctype.o)
                0x00020fa0                __ctype
 .rodata.libc   0x00021024       0x68 C:/Program Files/Rowley Associates Limited/CrossWorks for ARM 2.0/lib/libc_v4t_a_le.a(time.o)
 .rodata.libc   0x0002108c       0x4c C:/Program Files/Rowley Associates Limited/CrossWorks for ARM 2.0/lib/libc_v4t_a_le.a(asctime.o)
 .rodata.libc   0x000210d8       0x4c C:/Program Files/Rowley Associates Limited/CrossWorks for ARM 2.0/lib/libc_v4t_a_le.a(strftime.o)
 .rodata.libc.str1.4
                0x00021124      0x124 C:/Program Files/Rowley Associates Limited/CrossWorks for ARM 2.0/lib/libc_v4t_a_le.a(strftime.o)
                                0x130 (size before relaxing)
                0x00021248                __rodata_end__ = (__rodata_start__ + SIZEOF (.rodata))
                0x00000001                . = ASSERT (((__rodata_end__ >= __FLASH_segment_start__) && (__rodata_end__ <= (__FLASH_segment_start__ + 0x80000))), error: .rodata is too large to fit in FLASH memory segment)
                0x00021248                __fast_load_start__ = ALIGN (__rodata_end__, 0x4)

.fast           0x4000003c        0x0 load address 0x00021248
                0x4000003c                __fast_start__ = .
 *(.fast .fast.*)
                0x4000003c                __fast_end__ = (__fast_start__ + SIZEOF (.fast))
                0x00021248                __fast_load_end__ = (__fast_load_start__ + SIZEOF (.fast))
                0x00000001                . = ASSERT ((((__fast_load_start__ + SIZEOF (.fast)) >= __FLASH_segment_start__) && ((__fast_load_start__ + SIZEOF (.fast)) <= (__FLASH_segment_start__ + 0x80000))), error: .fast is too large to fit in FLASH memory segment)

.fast_run       0x4000003c        0x0
                0x4000003c                __fast_run_start__ = .
                0x4000003c                . = MAX ((__fast_run_start__ + SIZEOF (.fast)), .)
                0x4000003c                __fast_run_end__ = (__fast_run_start__ + SIZEOF (.fast_run))
                0x00000001                . = ASSERT (((__fast_run_end__ >= __SRAM_segment_start__) && (__fast_run_end__ <= (__SRAM_segment_start__ + 0x8000))), error: .fast_run is too large to fit in SRAM memory segment)
                0x00021248                __data_load_start__ = ALIGN ((__fast_load_start__ + SIZEOF (.fast)), 0x4)

.data           0x4000003c      0x17c load address 0x00021248
                0x4000003c                __data_start__ = .
 *(.data .data.* .gnu.linkonce.d.*)
 .data          0x4000003c       0x14 ARM Flash Debug/main.o
 .data          0x40000050        0x0 ARM Flash Debug/adc.o
 .data          0x40000050        0x0 ARM Flash Debug/cpu.o
 .data          0x40000050       0xb0 ARM Flash Debug/i2c.o
 .data          0x40000100        0x4 ARM Flash Debug/i2cInt.o
 .data          0x40000104        0x8 ARM Flash Debug/pwm.o
 .data          0x4000010c        0x0 ARM Flash Debug/spi.o
 .data          0x4000010c        0x8 ARM Flash Debug/uart0.o
 .data          0x40000114        0x0 ARM Flash Debug/uart0ISR.o
 .data          0x40000114        0x8 ARM Flash Debug/uart1.o
 .data          0x4000011c        0x0 ARM Flash Debug/uart1ISR.o
 .data          0x4000011c        0x0 ARM Flash Debug/usbcontrol.o
 .data          0x4000011c        0x0 ARM Flash Debug/usbinit.o
 .data          0x4000011c        0x0 ARM Flash Debug/usbISR.o
 .data          0x4000011c        0x0 ARM Flash Debug/usbstdreq.o
 .data          0x4000011c        0x8 ARM Flash Debug/usbser.o
 .data          0x40000124        0x0 ARM Flash Debug/rtc.o
 .data          0x40000124        0x0 ARM Flash Debug/rtcISR.o
 .data          0x40000124        0x0 ARM Flash Debug/reset.o
 .data          0x40000124        0x0 ARM Flash Debug/eint0.o
 .data          0x40000124       0x14 ARM Flash Debug/eint0ISR.o
 .data          0x40000138        0x0 ARM Flash Debug/eint2.o
 .data          0x40000138       0x14 ARM Flash Debug/eint2ISR.o
 .data          0x4000014c        0x0 ARM Flash Debug/eint3.o
 .data          0x4000014c       0x14 ARM Flash Debug/eint3ISR.o
 .data          0x40000160        0x0 ARM Flash Debug/eint1.o
 .data          0x40000160        0x0 ARM Flash Debug/eint1ISR.o
 .data          0x40000160        0x0 ARM Flash Debug/beep.o
 .data          0x40000160        0x0 ARM Flash Debug/timer.o
 .data          0x40000160        0x0 ARM Flash Debug/dac.o
 .data          0x40000160        0x0 ARM Flash Debug/args.o
 .data          0x40000160        0x0 ARM Flash Debug/argsdispatch.o
 .data          0x40000160        0x0 ARM Flash Debug/monitor.o
 .data          0x40000160        0x0 ARM Flash Debug/printf-stdarg.o
 .data          0x40000160        0x8 ARM Flash Debug/leds.o
 .data          0x40000168        0x1 ARM Flash Debug/tcs3414.o
 .data          0x40000169        0x0 ARM Flash Debug/mmc.o
 .data          0x40000169        0x0 ARM Flash Debug/ssp.o
 .data          0x40000169        0x0 ARM Flash Debug/Lcd204_4.o
 *fill*         0x40000169        0x3 00
 .data          0x4000016c       0x14 ARM Flash Debug/logging.o
 .data          0x40000180       0x14 ARM Flash Debug/meas_sm.o
 .data          0x40000194       0x14 ARM Flash Debug/meas_task.o
 .data          0x400001a8        0x0 ARM Flash Debug/crt0.o
 .data          0x400001a8        0x0 ARM Flash Debug/Philips_LPC210X_Startup.o
 .data          0x400001a8        0x0 ARM Flash Debug/LPC210x.o
 .data          0x400001a8        0x0 ARM Flash Debug/VIC.o
 .data          0x400001a8        0x0 ARM Flash Debug/VIC_irq_handler.o
 .data          0x400001a8        0x4 ARM Flash Debug/portISR.o
                0x400001a8                ulCriticalNesting
 .data          0x400001ac        0x0 ARM Flash Debug/port.o
 .data          0x400001ac        0x0 ARM Flash Debug/heap_2.o
 .data          0x400001ac        0x4 ARM Flash Debug/tasks.o
                0x400001ac                uxPreviousTask
 .data          0x400001b0        0x0 ARM Flash Debug/queue.o
 .data          0x400001b0        0x0 ARM Flash Debug/list.o
 .data          0x400001b0        0x1 ARM Flash Debug/disk.o
 .data          0x400001b1        0x0 ARM Flash Debug/ff.o
 .data          0x400001b1        0x0 C:/Users/lukas/AppData/Local/Rowley Associates Limited/CrossWorks for ARM/packages/lib/liblpc2000_v4t_a_le.a(liblpc2000_lpc21xx_get_cclk.o)
 .data          0x400001b1        0x0 C:/Users/lukas/AppData/Local/Rowley Associates Limited/CrossWorks for ARM/packages/lib/liblpc2000_v4t_a_le.a(liblpc2000_lpc21xx_get_pclk.o)
 .data          0x400001b1        0x0 C:/Program Files/Rowley Associates Limited/CrossWorks for ARM 2.0/lib/libm_v4t_a_le.a(__int32_to_float32.o)
 .data          0x400001b1        0x0 C:/Program Files/Rowley Associates Limited/CrossWorks for ARM 2.0/lib/libm_v4t_a_le.a(__int32_to_float64.o)
 .data          0x400001b1        0x0 C:/Program Files/Rowley Associates Limited/CrossWorks for ARM 2.0/lib/libm_v4t_a_le.a(__uint32_to_float32.o)
 .data          0x400001b1        0x0 C:/Program Files/Rowley Associates Limited/CrossWorks for ARM 2.0/lib/libm_v4t_a_le.a(__uint32_to_float64.o)
 .data          0x400001b1        0x0 C:/Program Files/Rowley Associates Limited/CrossWorks for ARM 2.0/lib/libm_v4t_a_le.a(__float32_to_int32.o)
 .data          0x400001b1        0x0 C:/Program Files/Rowley Associates Limited/CrossWorks for ARM 2.0/lib/libm_v4t_a_le.a(__float32_to_uint32.o)
 .data          0x400001b1        0x0 C:/Program Files/Rowley Associates Limited/CrossWorks for ARM 2.0/lib/libm_v4t_a_le.a(__float64_to_int32.o)
 .data          0x400001b1        0x0 C:/Program Files/Rowley Associates Limited/CrossWorks for ARM 2.0/lib/libm_v4t_a_le.a(__float64_to_uint32.o)
 .data          0x400001b1        0x0 C:/Program Files/Rowley Associates Limited/CrossWorks for ARM 2.0/lib/libm_v4t_a_le.a(__float32_to_float64.o)
 .data          0x400001b1        0x0 C:/Program Files/Rowley Associates Limited/CrossWorks for ARM 2.0/lib/libm_v4t_a_le.a(__float64_to_float32.o)
 .data          0x400001b1        0x0 C:/Program Files/Rowley Associates Limited/CrossWorks for ARM 2.0/lib/libm_v4t_a_le.a(__float32_add.o)
 .data          0x400001b1        0x0 C:/Program Files/Rowley Associates Limited/CrossWorks for ARM 2.0/lib/libm_v4t_a_le.a(__float32_mul.o)
 .data          0x400001b1        0x0 C:/Program Files/Rowley Associates Limited/CrossWorks for ARM 2.0/lib/libm_v4t_a_le.a(__float32_div.o)
 .data          0x400001b1        0x0 C:/Program Files/Rowley Associates Limited/CrossWorks for ARM 2.0/lib/libm_v4t_a_le.a(__float32_cmp.o)
 .data          0x400001b1        0x0 C:/Program Files/Rowley Associates Limited/CrossWorks for ARM 2.0/lib/libm_v4t_a_le.a(__float64_add.o)
 .data          0x400001b1        0x0 C:/Program Files/Rowley Associates Limited/CrossWorks for ARM 2.0/lib/libm_v4t_a_le.a(__float64_mul.o)
 .data          0x400001b1        0x0 C:/Program Files/Rowley Associates Limited/CrossWorks for ARM 2.0/lib/libm_v4t_a_le.a(__float64_div.o)
 .data          0x400001b1        0x0 C:/Program Files/Rowley Associates Limited/CrossWorks for ARM 2.0/lib/libm_v4t_a_le.a(log.o)
 .data          0x400001b1        0x0 C:/Program Files/Rowley Associates Limited/CrossWorks for ARM 2.0/lib/libm_v4t_a_le.a(__float64_cmp.o)
 .data          0x400001b1        0x0 C:/Program Files/Rowley Associates Limited/CrossWorks for ARM 2.0/lib/libm_v4t_a_le.a(__float64_isnan.o)
 .data          0x400001b1        0x0 C:/Program Files/Rowley Associates Limited/CrossWorks for ARM 2.0/lib/libm_v4t_a_le.a(__float64_infinity.o)
 .data          0x400001b1        0x0 C:/Program Files/Rowley Associates Limited/CrossWorks for ARM 2.0/lib/libm_v4t_a_le.a(__float64_nan.o)
 .data          0x400001b1        0x0 C:/Program Files/Rowley Associates Limited/CrossWorks for ARM 2.0/lib/libm_v4t_a_le.a(__poly1_eval.o)
 .data          0x400001b1        0x0 C:/Program Files/Rowley Associates Limited/CrossWorks for ARM 2.0/lib/libm_v4t_a_le.a(__poly_eval.o)
 .data          0x400001b1        0x0 C:/Program Files/Rowley Associates Limited/CrossWorks for ARM 2.0/lib/libm_v4t_a_le.a(frexp.o)
 .data          0x400001b1        0x0 C:/Program Files/Rowley Associates Limited/CrossWorks for ARM 2.0/lib/libm_v4t_a_le.a(ldexp.o)
 .data          0x400001b1        0x0 C:/Program Files/Rowley Associates Limited/CrossWorks for ARM 2.0/lib/libc_v4t_a_le.a(__int32_umod.o)
 .data          0x400001b1        0x0 C:/Program Files/Rowley Associates Limited/CrossWorks for ARM 2.0/lib/libc_v4t_a_le.a(__int32_div.o)
 .data          0x400001b1        0x0 C:/Program Files/Rowley Associates Limited/CrossWorks for ARM 2.0/lib/libc_v4t_a_le.a(__int32_udivmod.o)
 .data          0x400001b1        0x0 C:/Program Files/Rowley Associates Limited/CrossWorks for ARM 2.0/lib/libc_v4t_a_le.a(strlen.o)
 .data          0x400001b1        0x0 C:/Program Files/Rowley Associates Limited/CrossWorks for ARM 2.0/lib/libc_v4t_a_le.a(memcpy.o)
 .data          0x400001b1        0x0 C:/Program Files/Rowley Associates Limited/CrossWorks for ARM 2.0/lib/libc_v4t_a_le.a(memset.o)
 .data          0x400001b1        0x0 C:/Program Files/Rowley Associates Limited/CrossWorks for ARM 2.0/lib/libc_v4t_a_le.a(strcpy.o)
 .data          0x400001b1        0x0 C:/Program Files/Rowley Associates Limited/CrossWorks for ARM 2.0/lib/libc_v4t_a_le.a(strcmp.o)
 .data          0x400001b1        0x0 C:/Program Files/Rowley Associates Limited/CrossWorks for ARM 2.0/lib/libc_v4t_a_le.a(memcmp.o)
 .data          0x400001b1        0x0 C:/Program Files/Rowley Associates Limited/CrossWorks for ARM 2.0/lib/libc_v4t_a_le.a(strcat.o)
 .data          0x400001b1        0x0 C:/Program Files/Rowley Associates Limited/CrossWorks for ARM 2.0/lib/libc_v4t_a_le.a(strncmp.o)
 .data          0x400001b1        0x0 C:/Program Files/Rowley Associates Limited/CrossWorks for ARM 2.0/lib/libc_v4t_a_le.a(strncpy.o)
 .data          0x400001b1        0x0 C:/Program Files/Rowley Associates Limited/CrossWorks for ARM 2.0/lib/libc_v4t_a_le.a(ctype.o)
 .data          0x400001b1        0x0 C:/Program Files/Rowley Associates Limited/CrossWorks for ARM 2.0/lib/libc_v4t_a_le.a(itoa.o)
 .data          0x400001b1        0x0 C:/Program Files/Rowley Associates Limited/CrossWorks for ARM 2.0/lib/libc_v4t_a_le.a(malloc.o)
 *fill*         0x400001b1        0x3 00
 .data.libc     0x400001b4        0x4 C:/Program Files/Rowley Associates Limited/CrossWorks for ARM 2.0/lib/libc_v4t_a_le.a(malloc.o)
 .data          0x400001b8        0x0 C:/Program Files/Rowley Associates Limited/CrossWorks for ARM 2.0/lib/libc_v4t_a_le.a(atoi.o)
 .data          0x400001b8        0x0 C:/Program Files/Rowley Associates Limited/CrossWorks for ARM 2.0/lib/libc_v4t_a_le.a(time.o)
 .data          0x400001b8        0x0 C:/Program Files/Rowley Associates Limited/CrossWorks for ARM 2.0/lib/libc_v4t_a_le.a(asctime.o)
 .data          0x400001b8        0x0 C:/Program Files/Rowley Associates Limited/CrossWorks for ARM 2.0/lib/libc_v4t_a_le.a(strftime.o)
 .data          0x400001b8        0x0 C:/Program Files/Rowley Associates Limited/CrossWorks for ARM 2.0/lib/libc_v4t_a_le.a(div.o)
 .data          0x400001b8        0x0 C:/Program Files/Rowley Associates Limited/CrossWorks for ARM 2.0/lib/libc_v4t_a_le.a(__xtoa.o)
 .data          0x400001b8        0x0 C:/Program Files/Rowley Associates Limited/CrossWorks for ARM 2.0/lib/libc_v4t_a_le.a(strtol.o)
 .data          0x400001b8        0x0 C:/Program Files/Rowley Associates Limited/CrossWorks for ARM 2.0/lib/libc_v4t_a_le.a(ldiv.o)
 .data          0x400001b8        0x0 C:/Program Files/Rowley Associates Limited/CrossWorks for ARM 2.0/lib/libc_v4t_a_le.a(__int32_mod.o)
 .data          0x400001b8        0x0 C:/Program Files/Rowley Associates Limited/CrossWorks for ARM 2.0/lib/libc_v4t_a_le.a(__strtoul.o)
 .data          0x400001b8        0x0 C:/Program Files/Rowley Associates Limited/CrossWorks for ARM 2.0/lib/libc_v4t_a_le.a(__digit.o)
 .data          0x400001b8        0x0 C:/Program Files/Rowley Associates Limited/CrossWorks for ARM 2.0/lib/libc_targetio_impl_v4t_a_le.a(putchar.o)
 .data          0x400001b8        0x0 C:/Program Files/Rowley Associates Limited/CrossWorks for ARM 2.0/lib/libc_user_libc_v4t_a_le.a(user_libc.o)
                0x400001b8                __data_end__ = (__data_start__ + SIZEOF (.data))
                0x000213c4                __data_load_end__ = (__data_load_start__ + SIZEOF (.data))
                0x000213c4                __FLASH_segment_used_end__ = (ALIGN ((__fast_load_start__ + SIZEOF (.fast)), 0x4) + SIZEOF (.data))
                0x00000001                . = ASSERT ((((__data_load_start__ + SIZEOF (.data)) >= __FLASH_segment_start__) && ((__data_load_start__ + SIZEOF (.data)) <= (__FLASH_segment_start__ + 0x80000))), error: .data is too large to fit in FLASH memory segment)

.data_run       0x4000003c      0x17c load address 0x00021248
                0x4000003c                __data_run_start__ = .
                0x400001b8                . = MAX ((__data_run_start__ + SIZEOF (.data)), .)
 *fill*         0x4000003c      0x17c 00
                0x400001b8                __data_run_end__ = (__data_run_start__ + SIZEOF (.data_run))
                0x00000001                . = ASSERT (((__data_run_end__ >= __SRAM_segment_start__) && (__data_run_end__ <= (__SRAM_segment_start__ + 0x8000))), error: .data_run is too large to fit in SRAM memory segment)
                0x400001b8                __bss_load_start__ = ALIGN (__data_run_end__, 0x4)

.bss            0x400001b8     0x5550
                0x400001b8                __bss_start__ = .
 *(.bss .bss.* .gnu.linkonce.b.*)
 .bss           0x400001b8       0x30 ARM Flash Debug/main.o
 .bss           0x400001e8        0x0 ARM Flash Debug/adc.o
 .bss           0x400001e8        0x0 ARM Flash Debug/cpu.o
 .bss           0x400001e8        0x4 ARM Flash Debug/i2c.o
                0x400001e8                i2cErrno
 .bss           0x400001ec       0x60 ARM Flash Debug/i2cInt.o
 .bss           0x4000024c        0x0 ARM Flash Debug/pwm.o
 .bss           0x4000024c        0x0 ARM Flash Debug/spi.o
 .bss           0x4000024c        0xc ARM Flash Debug/uart0.o
 .bss           0x40000258        0xc ARM Flash Debug/uart0ISR.o
 .bss           0x40000264        0xc ARM Flash Debug/uart1.o
 .bss           0x40000270        0xc ARM Flash Debug/uart1ISR.o
 .bss           0x4000027c       0x34 ARM Flash Debug/usbcontrol.o
 .bss           0x400002b0        0x8 ARM Flash Debug/usbinit.o
 .bss           0x400002b8       0x48 ARM Flash Debug/usbISR.o
 .bss           0x40000300        0xc ARM Flash Debug/usbstdreq.o
 .bss           0x4000030c       0x58 ARM Flash Debug/usbser.o
 .bss           0x40000364        0x0 ARM Flash Debug/rtc.o
 .bss           0x40000364        0x4 ARM Flash Debug/rtcISR.o
 .bss           0x40000368        0x0 ARM Flash Debug/reset.o
 .bss           0x40000368        0x0 ARM Flash Debug/eint0.o
 .bss           0x40000368       0x30 ARM Flash Debug/eint0ISR.o
 .bss           0x40000398        0x0 ARM Flash Debug/eint2.o
 .bss           0x40000398       0x30 ARM Flash Debug/eint2ISR.o
 .bss           0x400003c8        0x0 ARM Flash Debug/eint3.o
 .bss           0x400003c8       0x30 ARM Flash Debug/eint3ISR.o
 .bss           0x400003f8        0x0 ARM Flash Debug/eint1.o
 .bss           0x400003f8        0x0 ARM Flash Debug/eint1ISR.o
 .bss           0x400003f8        0x0 ARM Flash Debug/beep.o
 .bss           0x400003f8        0x2 ARM Flash Debug/timer.o
 .bss           0x400003fa        0x0 ARM Flash Debug/dac.o
 .bss           0x400003fa        0x0 ARM Flash Debug/args.o
 .bss           0x400003fa        0x0 ARM Flash Debug/argsdispatch.o
 *fill*         0x400003fa        0x2 00
 .bss           0x400003fc      0x3d8 ARM Flash Debug/monitor.o
                0x40000644                activeCommandList
 .bss           0x400007d4        0x0 ARM Flash Debug/printf-stdarg.o
 .bss           0x400007d4        0x0 ARM Flash Debug/leds.o
 .bss           0x400007d4        0x1 ARM Flash Debug/tcs3414.o
 *fill*         0x400007d5        0x3 00
 .bss           0x400007d8       0x2c ARM Flash Debug/mmc.o
 .bss           0x40000804        0x0 ARM Flash Debug/ssp.o
 .bss           0x40000804        0x0 ARM Flash Debug/Lcd204_4.o
 .bss           0x40000804      0x260 ARM Flash Debug/logging.o
 .bss           0x40000a64       0x34 ARM Flash Debug/meas_sm.o
 .bss           0x40000a98       0x30 ARM Flash Debug/meas_task.o
 .bss           0x40000ac8        0x0 ARM Flash Debug/crt0.o
 .bss           0x40000ac8        0x0 ARM Flash Debug/Philips_LPC210X_Startup.o
 .bss           0x40000ac8        0x4 ARM Flash Debug/LPC210x.o
 .bss           0x40000acc       0x80 ARM Flash Debug/VIC.o
 .bss           0x40000b4c        0x0 ARM Flash Debug/VIC_irq_handler.o
 .bss           0x40000b4c        0x0 ARM Flash Debug/portISR.o
 .bss           0x40000b4c        0x0 ARM Flash Debug/port.o
 .bss           0x40000b4c     0x4018 ARM Flash Debug/heap_2.o
 .bss           0x40004b64       0x34 ARM Flash Debug/tasks.o
                0x40004b64                pxCurrentTCB
                0x40004b68                uxTasksDeleted
                0x40004b6c                uxCurrentNumberOfTasks
                0x40004b70                xTickCount
                0x40004b74                uxTopUsedPriority
                0x40004b78                uxTopReadyPriority
                0x40004b7c                xSchedulerRunning
                0x40004b80                uxSchedulerSuspended
                0x40004b84                uxMissedTicks
                0x40004b88                xMissedYield
                0x40004b8c                xNumOfOverflows
                0x40004b90                uxTaskNumber
                0x40004b94                xTracing
 .bss           0x40004b98        0x0 ARM Flash Debug/queue.o
 .bss           0x40004b98        0x0 ARM Flash Debug/list.o
 .bss           0x40004b98        0xc ARM Flash Debug/disk.o
 .bss           0x40004ba4        0x8 ARM Flash Debug/ff.o
 .bss           0x40004bac        0x0 C:/Users/lukas/AppData/Local/Rowley Associates Limited/CrossWorks for ARM/packages/lib/liblpc2000_v4t_a_le.a(liblpc2000_lpc21xx_get_cclk.o)
 .bss           0x40004bac        0x0 C:/Users/lukas/AppData/Local/Rowley Associates Limited/CrossWorks for ARM/packages/lib/liblpc2000_v4t_a_le.a(liblpc2000_lpc21xx_get_pclk.o)
 .bss           0x40004bac        0x0 C:/Program Files/Rowley Associates Limited/CrossWorks for ARM 2.0/lib/libm_v4t_a_le.a(__int32_to_float32.o)
 .bss           0x40004bac        0x0 C:/Program Files/Rowley Associates Limited/CrossWorks for ARM 2.0/lib/libm_v4t_a_le.a(__int32_to_float64.o)
 .bss           0x40004bac        0x0 C:/Program Files/Rowley Associates Limited/CrossWorks for ARM 2.0/lib/libm_v4t_a_le.a(__uint32_to_float32.o)
 .bss           0x40004bac        0x0 C:/Program Files/Rowley Associates Limited/CrossWorks for ARM 2.0/lib/libm_v4t_a_le.a(__uint32_to_float64.o)
 .bss           0x40004bac        0x0 C:/Program Files/Rowley Associates Limited/CrossWorks for ARM 2.0/lib/libm_v4t_a_le.a(__float32_to_int32.o)
 .bss           0x40004bac        0x0 C:/Program Files/Rowley Associates Limited/CrossWorks for ARM 2.0/lib/libm_v4t_a_le.a(__float32_to_uint32.o)
 .bss           0x40004bac        0x0 C:/Program Files/Rowley Associates Limited/CrossWorks for ARM 2.0/lib/libm_v4t_a_le.a(__float64_to_int32.o)
 .bss           0x40004bac        0x0 C:/Program Files/Rowley Associates Limited/CrossWorks for ARM 2.0/lib/libm_v4t_a_le.a(__float64_to_uint32.o)
 .bss           0x40004bac        0x0 C:/Program Files/Rowley Associates Limited/CrossWorks for ARM 2.0/lib/libm_v4t_a_le.a(__float32_to_float64.o)
 .bss           0x40004bac        0x0 C:/Program Files/Rowley Associates Limited/CrossWorks for ARM 2.0/lib/libm_v4t_a_le.a(__float64_to_float32.o)
 .bss           0x40004bac        0x0 C:/Program Files/Rowley Associates Limited/CrossWorks for ARM 2.0/lib/libm_v4t_a_le.a(__float32_add.o)
 .bss           0x40004bac        0x0 C:/Program Files/Rowley Associates Limited/CrossWorks for ARM 2.0/lib/libm_v4t_a_le.a(__float32_mul.o)
 .bss           0x40004bac        0x0 C:/Program Files/Rowley Associates Limited/CrossWorks for ARM 2.0/lib/libm_v4t_a_le.a(__float32_div.o)
 .bss           0x40004bac        0x0 C:/Program Files/Rowley Associates Limited/CrossWorks for ARM 2.0/lib/libm_v4t_a_le.a(__float32_cmp.o)
 .bss           0x40004bac        0x0 C:/Program Files/Rowley Associates Limited/CrossWorks for ARM 2.0/lib/libm_v4t_a_le.a(__float64_add.o)
 .bss           0x40004bac        0x0 C:/Program Files/Rowley Associates Limited/CrossWorks for ARM 2.0/lib/libm_v4t_a_le.a(__float64_mul.o)
 .bss           0x40004bac        0x0 C:/Program Files/Rowley Associates Limited/CrossWorks for ARM 2.0/lib/libm_v4t_a_le.a(__float64_div.o)
 .bss           0x40004bac        0x0 C:/Program Files/Rowley Associates Limited/CrossWorks for ARM 2.0/lib/libm_v4t_a_le.a(log.o)
 .bss           0x40004bac        0x0 C:/Program Files/Rowley Associates Limited/CrossWorks for ARM 2.0/lib/libm_v4t_a_le.a(__float64_cmp.o)
 .bss           0x40004bac        0x0 C:/Program Files/Rowley Associates Limited/CrossWorks for ARM 2.0/lib/libm_v4t_a_le.a(__float64_isnan.o)
 .bss           0x40004bac        0x0 C:/Program Files/Rowley Associates Limited/CrossWorks for ARM 2.0/lib/libm_v4t_a_le.a(__float64_infinity.o)
 .bss           0x40004bac        0x0 C:/Program Files/Rowley Associates Limited/CrossWorks for ARM 2.0/lib/libm_v4t_a_le.a(__float64_nan.o)
 .bss           0x40004bac        0x0 C:/Program Files/Rowley Associates Limited/CrossWorks for ARM 2.0/lib/libm_v4t_a_le.a(__poly1_eval.o)
 .bss           0x40004bac        0x0 C:/Program Files/Rowley Associates Limited/CrossWorks for ARM 2.0/lib/libm_v4t_a_le.a(__poly_eval.o)
 .bss           0x40004bac        0x0 C:/Program Files/Rowley Associates Limited/CrossWorks for ARM 2.0/lib/libm_v4t_a_le.a(frexp.o)
 .bss           0x40004bac        0x0 C:/Program Files/Rowley Associates Limited/CrossWorks for ARM 2.0/lib/libm_v4t_a_le.a(ldexp.o)
 .bss           0x40004bac        0x0 C:/Program Files/Rowley Associates Limited/CrossWorks for ARM 2.0/lib/libc_v4t_a_le.a(__int32_umod.o)
 .bss           0x40004bac        0x0 C:/Program Files/Rowley Associates Limited/CrossWorks for ARM 2.0/lib/libc_v4t_a_le.a(__int32_div.o)
 .bss           0x40004bac        0x0 C:/Program Files/Rowley Associates Limited/CrossWorks for ARM 2.0/lib/libc_v4t_a_le.a(__int32_udivmod.o)
 .bss           0x40004bac        0x0 C:/Program Files/Rowley Associates Limited/CrossWorks for ARM 2.0/lib/libc_v4t_a_le.a(strlen.o)
 .bss           0x40004bac        0x0 C:/Program Files/Rowley Associates Limited/CrossWorks for ARM 2.0/lib/libc_v4t_a_le.a(memcpy.o)
 .bss           0x40004bac        0x0 C:/Program Files/Rowley Associates Limited/CrossWorks for ARM 2.0/lib/libc_v4t_a_le.a(memset.o)
 .bss           0x40004bac        0x0 C:/Program Files/Rowley Associates Limited/CrossWorks for ARM 2.0/lib/libc_v4t_a_le.a(strcpy.o)
 .bss           0x40004bac        0x0 C:/Program Files/Rowley Associates Limited/CrossWorks for ARM 2.0/lib/libc_v4t_a_le.a(strcmp.o)
 .bss           0x40004bac        0x0 C:/Program Files/Rowley Associates Limited/CrossWorks for ARM 2.0/lib/libc_v4t_a_le.a(memcmp.o)
 .bss           0x40004bac        0x0 C:/Program Files/Rowley Associates Limited/CrossWorks for ARM 2.0/lib/libc_v4t_a_le.a(strcat.o)
 .bss           0x40004bac        0x0 C:/Program Files/Rowley Associates Limited/CrossWorks for ARM 2.0/lib/libc_v4t_a_le.a(strncmp.o)
 .bss           0x40004bac        0x0 C:/Program Files/Rowley Associates Limited/CrossWorks for ARM 2.0/lib/libc_v4t_a_le.a(strncpy.o)
 .bss           0x40004bac        0x0 C:/Program Files/Rowley Associates Limited/CrossWorks for ARM 2.0/lib/libc_v4t_a_le.a(ctype.o)
 .bss           0x40004bac        0x0 C:/Program Files/Rowley Associates Limited/CrossWorks for ARM 2.0/lib/libc_v4t_a_le.a(itoa.o)
 .bss           0x40004bac        0x0 C:/Program Files/Rowley Associates Limited/CrossWorks for ARM 2.0/lib/libc_v4t_a_le.a(malloc.o)
 .bss           0x40004bac        0x0 C:/Program Files/Rowley Associates Limited/CrossWorks for ARM 2.0/lib/libc_v4t_a_le.a(atoi.o)
 .bss           0x40004bac        0x0 C:/Program Files/Rowley Associates Limited/CrossWorks for ARM 2.0/lib/libc_v4t_a_le.a(time.o)
 .bss.libc      0x40004bac       0x24 C:/Program Files/Rowley Associates Limited/CrossWorks for ARM 2.0/lib/libc_v4t_a_le.a(time.o)
 .bss           0x40004bd0        0x0 C:/Program Files/Rowley Associates Limited/CrossWorks for ARM 2.0/lib/libc_v4t_a_le.a(asctime.o)
 .bss.libc      0x40004bd0       0x1c C:/Program Files/Rowley Associates Limited/CrossWorks for ARM 2.0/lib/libc_v4t_a_le.a(asctime.o)
 .bss           0x40004bec        0x0 C:/Program Files/Rowley Associates Limited/CrossWorks for ARM 2.0/lib/libc_v4t_a_le.a(strftime.o)
 .bss           0x40004bec        0x0 C:/Program Files/Rowley Associates Limited/CrossWorks for ARM 2.0/lib/libc_v4t_a_le.a(div.o)
 .bss           0x40004bec        0x0 C:/Program Files/Rowley Associates Limited/CrossWorks for ARM 2.0/lib/libc_v4t_a_le.a(__xtoa.o)
 .bss           0x40004bec        0x0 C:/Program Files/Rowley Associates Limited/CrossWorks for ARM 2.0/lib/libc_v4t_a_le.a(strtol.o)
 .bss           0x40004bec        0x0 C:/Program Files/Rowley Associates Limited/CrossWorks for ARM 2.0/lib/libc_v4t_a_le.a(ldiv.o)
 .bss           0x40004bec        0x0 C:/Program Files/Rowley Associates Limited/CrossWorks for ARM 2.0/lib/libc_v4t_a_le.a(__int32_mod.o)
 .bss           0x40004bec        0x0 C:/Program Files/Rowley Associates Limited/CrossWorks for ARM 2.0/lib/libc_v4t_a_le.a(__strtoul.o)
 .bss           0x40004bec        0x0 C:/Program Files/Rowley Associates Limited/CrossWorks for ARM 2.0/lib/libc_v4t_a_le.a(__digit.o)
 .bss           0x40004bec        0x0 C:/Program Files/Rowley Associates Limited/CrossWorks for ARM 2.0/lib/libc_targetio_impl_v4t_a_le.a(putchar.o)
 .bss           0x40004bec        0x0 C:/Program Files/Rowley Associates Limited/CrossWorks for ARM 2.0/lib/libc_user_libc_v4t_a_le.a(user_libc.o)
 .bss.libc      0x40004bec        0x4 C:/Program Files/Rowley Associates Limited/CrossWorks for ARM 2.0/lib/libc_user_libc_v4t_a_le.a(user_libc.o)
 *(COMMON)
 COMMON         0x40004bf0      0x994 ARM Flash Debug/main.o
                0x40004bf0                Fatfs
                0x40004e20                ts
                0x40004e24                LOG_ITEM_STATE
                0x40004e28                FileAllTimeLog
                0x4000504c                FileContLog
                0x40005270                FileDayLog
                0x40005494                clog_entry_item
                0x400054b0                cdaylog_entry_item
                0x400054c4                xSemaphoreSDCard
                0x400054c8                slog_entry_item
                0x400054dc                buf
                0x400054f4                measure_timestamp
                0x40005500                meas_op_item
                0x40005564                taskHandles
                0x40005580                log_file
 COMMON         0x40005584       0x24 ARM Flash Debug/timer.o
                0x40005584                actTime
 COMMON         0x400055a8      0x110 ARM Flash Debug/tasks.o
                0x400055a8                pxReadyTasksLists
                0x4000560c                xPendingReadyList
                0x40005620                pcTraceBuffer
                0x40005624                xSuspendedTaskList
                0x40005638                pxDelayedTaskList
                0x4000563c                pxOverflowDelayedTaskList
                0x40005640                pcTraceBufferEnd
                0x40005644                pcTraceBufferStart
                0x40005648                xDelayedTaskList1
                0x4000565c                xTasksWaitingTermination
                0x40005670                pcStatusString
                0x400056a4                xDelayedTaskList2
 COMMON         0x400056b8       0x50 ARM Flash Debug/queue.o
                0x400056b8                xQueueRegistry
                0x40005708                __bss_end__ = (__bss_start__ + SIZEOF (.bss))
                0x00000001                . = ASSERT (((__bss_end__ >= __SRAM_segment_start__) && (__bss_end__ <= (__SRAM_segment_start__ + 0x8000))), error: .bss is too large to fit in SRAM memory segment)
                0x40005708                __non_init_load_start__ = ALIGN (__bss_end__, 0x4)

.non_init       0x40005708        0x0
                0x40005708                __non_init_start__ = .
 *(.non_init .non_init.*)
                0x40005708                __non_init_end__ = (__non_init_start__ + SIZEOF (.non_init))
                0x00000001                . = ASSERT (((__non_init_end__ >= __SRAM_segment_start__) && (__non_init_end__ <= (__SRAM_segment_start__ + 0x8000))), error: .non_init is too large to fit in SRAM memory segment)
                0x40005708                __heap_load_start__ = ALIGN (__non_init_end__, 0x4)

.heap           0x40005708      0x400
                0x40005708                __heap_start__ = .
 *(.heap)
 .heap          0x40005708        0x0 ARM Flash Debug/crt0.o
                0x40005b08                . = ALIGN (MAX ((__heap_start__ + __HEAPSIZE__), .), 0x4)
 *fill*         0x40005708      0x400 00
                0x40005b08                __heap_end__ = (__heap_start__ + SIZEOF (.heap))
                0x00000001                . = ASSERT (((__heap_end__ >= __SRAM_segment_start__) && (__heap_end__ <= (__SRAM_segment_start__ + 0x8000))), error: .heap is too large to fit in SRAM memory segment)
                0x40005b08                __stack_load_start__ = ALIGN (__heap_end__, 0x4)

.stack          0x40005b08      0x400
                0x40005b08                __stack_start__ = .
 *(.stack)
 .stack         0x40005b08        0x0 ARM Flash Debug/crt0.o
                0x40005f08                . = ALIGN (MAX ((__stack_start__ + __STACKSIZE__), .), 0x4)
 *fill*         0x40005b08      0x400 00
                0x40005f08                __stack_end__ = (__stack_start__ + SIZEOF (.stack))
                0x00000001                . = ASSERT (((__stack_end__ >= __SRAM_segment_start__) && (__stack_end__ <= (__SRAM_segment_start__ + 0x8000))), error: .stack is too large to fit in SRAM memory segment)
                0x40005f08                __stack_irq_load_start__ = ALIGN (__stack_end__, 0x4)

.stack_irq      0x40005f08      0x400
                0x40005f08                __stack_irq_start__ = .
 *(.stack_irq)
 .stack_irq     0x40005f08        0x0 ARM Flash Debug/crt0.o
                0x40006308                . = ALIGN (MAX ((__stack_irq_start__ + __STACKSIZE_IRQ__), .), 0x4)
 *fill*         0x40005f08      0x400 00
                0x40006308                __stack_irq_end__ = (__stack_irq_start__ + SIZEOF (.stack_irq))
                0x00000001                . = ASSERT (((__stack_irq_end__ >= __SRAM_segment_start__) && (__stack_irq_end__ <= (__SRAM_segment_start__ + 0x8000))), error: .stack_irq is too large to fit in SRAM memory segment)
                0x40006308                __stack_fiq_load_start__ = ALIGN (__stack_irq_end__, 0x4)

.stack_fiq      0x40006308       0x20
                0x40006308                __stack_fiq_start__ = .
 *(.stack_fiq)
 .stack_fiq     0x40006308        0x0 ARM Flash Debug/crt0.o
                0x40006328                . = ALIGN (MAX ((__stack_fiq_start__ + __STACKSIZE_FIQ__), .), 0x4)
 *fill*         0x40006308       0x20 00
                0x40006328                __stack_fiq_end__ = (__stack_fiq_start__ + SIZEOF (.stack_fiq))
                0x00000001                . = ASSERT (((__stack_fiq_end__ >= __SRAM_segment_start__) && (__stack_fiq_end__ <= (__SRAM_segment_start__ + 0x8000))), error: .stack_fiq is too large to fit in SRAM memory segment)
                0x40006328                __stack_svc_load_start__ = ALIGN (__stack_fiq_end__, 0x4)

.stack_svc      0x40006328      0x100
                0x40006328                __stack_svc_start__ = .
 *(.stack_svc)
 .stack_svc     0x40006328        0x0 ARM Flash Debug/crt0.o
                0x40006428                . = ALIGN (MAX ((__stack_svc_start__ + __STACKSIZE_SVC__), .), 0x4)
 *fill*         0x40006328      0x100 00
                0x40006428                __stack_svc_end__ = (__stack_svc_start__ + SIZEOF (.stack_svc))
                0x00000001                . = ASSERT (((__stack_svc_end__ >= __SRAM_segment_start__) && (__stack_svc_end__ <= (__SRAM_segment_start__ + 0x8000))), error: .stack_svc is too large to fit in SRAM memory segment)
                0x40006428                __stack_abt_load_start__ = ALIGN (__stack_svc_end__, 0x4)

.stack_abt      0x40006428        0x8
                0x40006428                __stack_abt_start__ = .
 *(.stack_abt)
 .stack_abt     0x40006428        0x0 ARM Flash Debug/crt0.o
                0x40006430                . = ALIGN (MAX ((__stack_abt_start__ + __STACKSIZE_ABT__), .), 0x4)
 *fill*         0x40006428        0x8 00
                0x40006430                __stack_abt_end__ = (__stack_abt_start__ + SIZEOF (.stack_abt))
                0x00000001                . = ASSERT (((__stack_abt_end__ >= __SRAM_segment_start__) && (__stack_abt_end__ <= (__SRAM_segment_start__ + 0x8000))), error: .stack_abt is too large to fit in SRAM memory segment)
                0x40006430                __stack_und_load_start__ = ALIGN (__stack_abt_end__, 0x4)

.stack_und      0x40006430        0x8
                0x40006430                __stack_und_start__ = .
 *(.stack_und)
 .stack_und     0x40006430        0x0 ARM Flash Debug/crt0.o
                0x40006438                . = ALIGN (MAX ((__stack_und_start__ + __STACKSIZE_UND__), .), 0x4)
 *fill*         0x40006430        0x8 00
                0x40006438                __stack_und_end__ = (__stack_und_start__ + SIZEOF (.stack_und))
                0x40006438                __SRAM_segment_used_end__ = (ALIGN (__stack_abt_end__, 0x4) + SIZEOF (.stack_und))
                0x00000001                . = ASSERT (((__stack_und_end__ >= __SRAM_segment_start__) && (__stack_und_end__ <= (__SRAM_segment_start__ + 0x8000))), error: .stack_und is too large to fit in SRAM memory segment)
START GROUP
LOAD ARM Flash Debug/main.o
LOAD ARM Flash Debug/adc.o
LOAD ARM Flash Debug/cpu.o
LOAD ARM Flash Debug/i2c.o
LOAD ARM Flash Debug/i2cInt.o
LOAD ARM Flash Debug/pwm.o
LOAD ARM Flash Debug/spi.o
LOAD ARM Flash Debug/uart0.o
LOAD ARM Flash Debug/uart0ISR.o
LOAD ARM Flash Debug/uart1.o
LOAD ARM Flash Debug/uart1ISR.o
LOAD ARM Flash Debug/usbcontrol.o
LOAD ARM Flash Debug/usbinit.o
LOAD ARM Flash Debug/usbISR.o
LOAD ARM Flash Debug/usbstdreq.o
LOAD ARM Flash Debug/usbser.o
LOAD ARM Flash Debug/rtc.o
LOAD ARM Flash Debug/rtcISR.o
LOAD ARM Flash Debug/reset.o
LOAD ARM Flash Debug/eint0.o
LOAD ARM Flash Debug/eint0ISR.o
LOAD ARM Flash Debug/eint2.o
LOAD ARM Flash Debug/eint2ISR.o
LOAD ARM Flash Debug/eint3.o
LOAD ARM Flash Debug/eint3ISR.o
LOAD ARM Flash Debug/eint1.o
LOAD ARM Flash Debug/eint1ISR.o
LOAD ARM Flash Debug/beep.o
LOAD ARM Flash Debug/timer.o
LOAD ARM Flash Debug/dac.o
LOAD ARM Flash Debug/args.o
LOAD ARM Flash Debug/argsdispatch.o
LOAD ARM Flash Debug/monitor.o
LOAD ARM Flash Debug/printf-stdarg.o
LOAD ARM Flash Debug/leds.o
LOAD ARM Flash Debug/tcs3414.o
LOAD ARM Flash Debug/mmc.o
LOAD ARM Flash Debug/ssp.o
LOAD ARM Flash Debug/Lcd204_4.o
LOAD ARM Flash Debug/logging.o
LOAD ARM Flash Debug/meas_sm.o
LOAD ARM Flash Debug/meas_task.o
LOAD ARM Flash Debug/crt0.o
LOAD ARM Flash Debug/Philips_LPC210X_Startup.o
LOAD ARM Flash Debug/LPC210x.o
LOAD ARM Flash Debug/VIC.o
LOAD ARM Flash Debug/VIC_irq_handler.o
LOAD ARM Flash Debug/portISR.o
LOAD ARM Flash Debug/port.o
LOAD ARM Flash Debug/heap_2.o
LOAD ARM Flash Debug/tasks.o
LOAD ARM Flash Debug/queue.o
LOAD ARM Flash Debug/list.o
LOAD ARM Flash Debug/disk.o
LOAD ARM Flash Debug/ff.o
LOAD C:/Users/lukas/AppData/Local/Rowley Associates Limited/CrossWorks for ARM/packages/lib/liblpc2000_v4t_a_le.a
LOAD C:/Program Files/Rowley Associates Limited/CrossWorks for ARM 2.0/lib/libarm_v4t_a_le.a
LOAD C:/Program Files/Rowley Associates Limited/CrossWorks for ARM 2.0/lib/libdebugio_dcc_v4t_a_le.a
LOAD C:/Program Files/Rowley Associates Limited/CrossWorks for ARM 2.0/lib/libm_v4t_a_le.a
LOAD C:/Program Files/Rowley Associates Limited/CrossWorks for ARM 2.0/lib/libc_v4t_a_le.a
LOAD C:/Program Files/Rowley Associates Limited/CrossWorks for ARM 2.0/lib/libcpp_v4t_a_le.a
LOAD C:/Program Files/Rowley Associates Limited/CrossWorks for ARM 2.0/lib/libdebugio_v4t_a_le.a
LOAD C:/Program Files/Rowley Associates Limited/CrossWorks for ARM 2.0/lib/libc_targetio_impl_v4t_a_le.a
LOAD C:/Program Files/Rowley Associates Limited/CrossWorks for ARM 2.0/lib/lib_vfprintf_double_long_long_v4t_a_le.a
LOAD C:/Program Files/Rowley Associates Limited/CrossWorks for ARM 2.0/lib/lib_vfscanf_long_v4t_a_le.a
LOAD C:/Program Files/Rowley Associates Limited/CrossWorks for ARM 2.0/lib/libc_user_libc_v4t_a_le.a
END GROUP
OUTPUT(ARM Flash Debug/FreeRTOS_2148.elf elf32-littlearm)

.debug_abbrev   0x00000000     0x4ab3
 .debug_abbrev  0x00000000      0x1ef ARM Flash Debug/main.o
 .debug_abbrev  0x000001ef       0xc8 ARM Flash Debug/adc.o
 .debug_abbrev  0x000002b7       0xaf ARM Flash Debug/cpu.o
 .debug_abbrev  0x00000366      0x13f ARM Flash Debug/i2c.o
 .debug_abbrev  0x000004a5      0x1c3 ARM Flash Debug/i2cInt.o
 .debug_abbrev  0x00000668       0xf5 ARM Flash Debug/pwm.o