Archive member included because of file (symbol)

C:/Users/lukas/AppData/Local/Rowley Associates Limited/CrossWorks for ARM/packages/lib/liblpc2000_v4t_a_le.a(liblpc2000_lpc21xx_get_cclk.o)
                              ARM Flash Debug/LPC210x.o (liblpc2000_lpc21xx_get_cclk)
C:/Users/lukas/AppData/Local/Rowley Associates Limited/CrossWorks for ARM/packages/lib/liblpc2000_v4t_a_le.a(liblpc2000_lpc21xx_get_pclk.o)
                              ARM Flash Debug/LPC210x.o (liblpc2000_lpc21xx_get_pclk)
C:/Program Files/Rowley Associates Limited/CrossWorks for ARM 2.0/lib/libm_v4t_a_le.a(__int32_to_float32.o)
                              ARM Flash Debug/logging.o (__floatsisf)
C:/Program Files/Rowley Associates Limited/CrossWorks for ARM 2.0/lib/libm_v4t_a_le.a(__int32_to_float64.o)
                              ARM Flash Debug/meas_sm.o (__floatsidf)
C:/Program Files/Rowley Associates Limited/CrossWorks for ARM 2.0/lib/libm_v4t_a_le.a(__uint32_to_float32.o)
                              ARM Flash Debug/dac.o (__floatunsisf)
C:/Program Files/Rowley Associates Limited/CrossWorks for ARM 2.0/lib/libm_v4t_a_le.a(__float32_to_int32.o)
                              ARM Flash Debug/logging.o (__fixsfsi)
C:/Program Files/Rowley Associates Limited/CrossWorks for ARM 2.0/lib/libm_v4t_a_le.a(__float32_to_uint32.o)
                              ARM Flash Debug/dac.o (__fixunssfsi)
C:/Program Files/Rowley Associates Limited/CrossWorks for ARM 2.0/lib/libm_v4t_a_le.a(__float64_to_int32.o)
                              ARM Flash Debug/meas_sm.o (__fixdfsi)
C:/Program Files/Rowley Associates Limited/CrossWorks for ARM 2.0/lib/libm_v4t_a_le.a(__float32_mul.o)
                              ARM Flash Debug/dac.o (__mulsf3)
C:/Program Files/Rowley Associates Limited/CrossWorks for ARM 2.0/lib/libm_v4t_a_le.a(__float32_div.o)
                              ARM Flash Debug/logging.o (__divsf3)
C:/Program Files/Rowley Associates Limited/CrossWorks for ARM 2.0/lib/libm_v4t_a_le.a(log.o)
                              ARM Flash Debug/logging.o (log)
C:/Program Files/Rowley Associates Limited/CrossWorks for ARM 2.0/lib/libm_v4t_a_le.a(__float64_add.o)
                              C:/Program Files/Rowley Associates Limited/CrossWorks for ARM 2.0/lib/libm_v4t_a_le.a(log.o) (__subdf3)
C:/Program Files/Rowley Associates Limited/CrossWorks for ARM 2.0/lib/libm_v4t_a_le.a(__float64_mul.o)
                              C:/Program Files/Rowley Associates Limited/CrossWorks for ARM 2.0/lib/libm_v4t_a_le.a(log.o) (__muldf3)
C:/Program Files/Rowley Associates Limited/CrossWorks for ARM 2.0/lib/libm_v4t_a_le.a(__float64_div.o)
                              C:/Program Files/Rowley Associates Limited/CrossWorks for ARM 2.0/lib/libm_v4t_a_le.a(log.o) (__divdf3)
C:/Program Files/Rowley Associates Limited/CrossWorks for ARM 2.0/lib/libm_v4t_a_le.a(__float64_cmp.o)
                              C:/Program Files/Rowley Associates Limited/CrossWorks for ARM 2.0/lib/libm_v4t_a_le.a(log.o) (__eqdf2)
C:/Program Files/Rowley Associates Limited/CrossWorks for ARM 2.0/lib/libm_v4t_a_le.a(__float64_isnan.o)
                              C:/Program Files/Rowley Associates Limited/CrossWorks for ARM 2.0/lib/libm_v4t_a_le.a(log.o) (__float64_isnan)
C:/Program Files/Rowley Associates Limited/CrossWorks for ARM 2.0/lib/libm_v4t_a_le.a(__float64_infinity.o)
                              C:/Program Files/Rowley Associates Limited/CrossWorks for ARM 2.0/lib/libm_v4t_a_le.a(log.o) (__float64_infinity)
C:/Program Files/Rowley Associates Limited/CrossWorks for ARM 2.0/lib/libm_v4t_a_le.a(__float64_nan.o)
                              C:/Program Files/Rowley Associates Limited/CrossWorks for ARM 2.0/lib/libm_v4t_a_le.a(log.o) (__float64_nan)
C:/Program Files/Rowley Associates Limited/CrossWorks for ARM 2.0/lib/libm_v4t_a_le.a(__poly1_eval.o)
                              C:/Program Files/Rowley Associates Limited/CrossWorks for ARM 2.0/lib/libm_v4t_a_le.a(log.o) (__poly1_eval)
C:/Program Files/Rowley Associates Limited/CrossWorks for ARM 2.0/lib/libm_v4t_a_le.a(__poly_eval.o)
                              C:/Program Files/Rowley Associates Limited/CrossWorks for ARM 2.0/lib/libm_v4t_a_le.a(log.o) (__poly_eval)
C:/Program Files/Rowley Associates Limited/CrossWorks for ARM 2.0/lib/libm_v4t_a_le.a(frexp.o)
                              C:/Program Files/Rowley Associates Limited/CrossWorks for ARM 2.0/lib/libm_v4t_a_le.a(log.o) (frexp)
C:/Program Files/Rowley Associates Limited/CrossWorks for ARM 2.0/lib/libm_v4t_a_le.a(ldexp.o)
                              C:/Program Files/Rowley Associates Limited/CrossWorks for ARM 2.0/lib/libm_v4t_a_le.a(log.o) (ldexp)
C:/Program Files/Rowley Associates Limited/CrossWorks for ARM 2.0/lib/libc_v4t_a_le.a(__int32_umod.o)
                              ARM Flash Debug/printf-stdarg.o (__umodsi3)
C:/Program Files/Rowley Associates Limited/CrossWorks for ARM 2.0/lib/libc_v4t_a_le.a(__int32_div.o)
[...]
Memory Configuration

Name             Origin             Length             Attributes
UNPLACED_SECTIONS 0xffffffff         0x00000000         xw
AHB_Peripherals  0xffe00000         0x00200000         xw
APB_Peripherals  0xe0000000         0x00200000         xw
USB_DMA_RAM      0x7fd00000         0x00002000         xw
SRAM             0x40000000         0x00008000         xw
FLASH            0x00000000         0x00080000         xr
*default*        0x00000000         0xffffffff

Linker script and memory map

                0xffe00000                __AHB_Peripherals_segment_start__ = 0xffe00000
                0x00000000                __AHB_Peripherals_segment_end__ = 0x0
                0xe0000000                __APB_Peripherals_segment_start__ = 0xe0000000
                0xe0200000                __APB_Peripherals_segment_end__ = 0xe0200000
                0x7fd00000                __USB_DMA_RAM_segment_start__ = 0x7fd00000
                0x7fd02000                __USB_DMA_RAM_segment_end__ = 0x7fd02000
                0x40000000                __SRAM_segment_start__ = 0x40000000
                0x40008000                __SRAM_segment_end__ = 0x40008000
                0x00000000                __FLASH_segment_start__ = 0x0
                0x00080000                __FLASH_segment_end__ = 0x80000
                0x00000400                __STACKSIZE__ = 0x400
                0x00000400                __STACKSIZE_IRQ__ = 0x400
                0x00000020                __STACKSIZE_FIQ__ = 0x20
                0x00000100                __STACKSIZE_SVC__ = 0x100
                0x00000008                __STACKSIZE_ABT__ = 0x8
                0x00000008                __STACKSIZE_UND__ = 0x8
                0x00000400                __HEAPSIZE__ = 0x400
                0x40000000                __vectors_ram_load_start__ = __SRAM_segment_start__

.vectors_ram    0x40000000       0x3c
                0x40000000                __vectors_ram_start__ = .
 *(.vectors_ram .vectors_ram.*)
                0x4000003c                . = MAX ((__vectors_ram_start__ + 0x3c), .)
 *fill*         0x40000000       0x3c 00
                0x4000003c                __vectors_ram_end__ = (__vectors_ram_start__ + SIZEOF (.vectors_ram))
                0x4000003c                __vectors_ram_load_end__ = __vectors_ram_end__
                0x00000001                . = ASSERT (((__vectors_ram_end__ >= __SRAM_segment_start__) && (__vectors_ram_end__ <= (__SRAM_segment_start__ + 0x8000))), error: .vectors_ram is too large to fit in SRAM memory segment)
                0x00000000                __vectors_load_start__ = __FLASH_segment_start__

.vectors        0x00000000       0x38
                0x00000000                __vectors_start__ = .
 *(.vectors .vectors.*)
 .vectors       0x00000000       0x38 ARM Flash Debug/Philips_LPC210X_Startup.o
                0x00000000                _vectors
                0x00000038                __vectors_end__ = (__vectors_start__ + SIZEOF (.vectors))
                0x00000038                __vectors_load_end__ = __vectors_end__
                0x00000001                . = ASSERT (((__vectors_end__ >= __FLASH_segment_start__) && (__vectors_end__ <= (__FLASH_segment_start__ + 0x80000))), error: .vectors is too large to fit in FLASH memory segment)
                0x00000038                __init_load_start__ = ALIGN (__vectors_end__, 0x4)

.init           0x00000038      0x264
                0x00000038                __init_start__ = .
 *(.init .init.*)
 *fill*         0x00000038        0x8 00
 .init          0x00000040      0x1d0 ARM Flash Debug/crt0.o
                0x00000040                _start
                0x00000040                __start
 .init          0x00000210       0x8c ARM Flash Debug/Philips_LPC210X_Startup.o
                0x00000210                reset_handler
                0x00000280                undef_handler
                0x00000288                pabort_handler
                0x0000028c                dabort_handler
                0x00000290                fiq_handler
                0x0000029c                __init_end__ = (__init_start__ + SIZEOF (.init))
                0x0000029c                __init_load_end__ = __init_end__
                0x00000001                . = ASSERT (((__init_end__ >= __FLASH_segment_start__) && (__init_end__ <= (__FLASH_segment_start__ + 0x80000))), error: .init is too large to fit in FLASH memory segment)
                0x0000029c                __text_load_start__ = ALIGN (__init_end__, 0x4)

.text           0x0000029c    0x1a334
                0x0000029c                __text_start__ = .
 *(.text .text.* .glue_7t .glue_7 .gnu.linkonce.t.* .gcc_except_table)
 .glue_7        0x00000000        0x0 linker stubs
 .glue_7t       0x00000000        0x0 linker stubs
 .text          0x0000029c      0x138 ARM Flash Debug/main.o
                0x0000031c                main
                0x00000390                vApplicationStackOverflowHook
                0x000003a0                __putchar
 .text          0x000003d4      0x5f4 ARM Flash Debug/adc.o
                0x000003d4                adcRead0_1
                0x0000046c                adcRead0_2
                0x00000504                adcRead0_3
                0x0000059c                adcRead1_1
                0x00000634                adcRead1_6
                0x000006cc                adcRead1_7
                0x00000764                adcInit0_1
                0x000007cc                adcInit0_2
                0x00000834                adcInit0_3
                0x0000089c                adcInit1_1
                0x00000900                adcInit1_6
                0x00000964                adcInit1_7
 .text          0x000009c8      0x1b0 ARM Flash Debug/cpu.o
                0x000009c8                cpuSetupHardware
                0x00000b24                cpuPLLDisable
 .text          0x00000b78       0x84 ARM Flash Debug/i2c.o
                0x00000b78                i2cGetErrno
                0x00000b8c                i2cStrerror
 .text          0x00000bfc     0x10c4 ARM Flash Debug/i2cInt.o
                0x00001270                i2cInit
                0x000019d4                i2cSetTimeout
                0x00001a18                i2cDump
                0x00001a88                i2cWriteBuffer
                0x00001ad4                i2cReadBuffer
                0x00001b20                i2cWriteReadBuffer
                0x00001b78                i2cWriteBufferPoll
                0x00001c18                i2cWriteReadBufferPoll
 .text          0x00001cc0      0x314 ARM Flash Debug/pwm.o
                0x00001cc0                pwmDutyCycle
                0x00001d70                pwmPulseWidthInMicroseconds
                0x00001dec                pwmFrequency
                0x00001ed4                pwmInit
 .text          0x00001fd4      0x114 ARM Flash Debug/spi.o
                0x00001fd4                spiInit
                0x00002098                spiPut
 .text          0x000020e8      0x470 ARM Flash Debug/uart0.o
                0x000020e8                uart0Init
                0x000022fc                uart0Deinit
                0x00002350                uart0GetChar
                0x000023a0                uart0PutChar
                0x000024b8                uart0PutString
                0x00002534                uart0GetRxQueue
 .text          0x00002558      0x290 ARM Flash Debug/uart0ISR.o
                0x00002558                uart0ISRCreateQueues
                0x00002738                uart0ISR
 .text          0x000027e8      0x470 ARM Flash Debug/uart1.o
                0x000027e8                uart1Init
                0x000029fc                uart1Deinit
                0x00002a50                uart1GetChar
                0x00002aa0                uart1PutChar
                0x00002bb8                uart1PutString
                0x00002c34                uart1GetRxQueue
 .text          0x00002c58      0x290 ARM Flash Debug/uart1ISR.o
                0x00002c58                uart1ISRCreateQueues
                0x00002e38                uart1ISR
 .text          0x00002ee8      0x3cc ARM Flash Debug/usbcontrol.o
                0x00003008                usbHandleControlTransfer
                0x00003274                usbRegisterRequestHandler
 .text          0x000032b4       0x84 ARM Flash Debug/usbinit.o
                0x000032c8                usbRegisterHandlers
 .text          0x00003338      0xd34 ARM Flash Debug/usbISR.o
                0x00003558                usbHardwareEndpointConfig
                0x000035b8                usbHardwareRegisterEPIntHandler
                0x00003660                usbHardwareRegisterDevIntHandler
                0x0000369c                usbHardwareRegisterFrameHandler
                0x000036d8                usbHardwareSetAddress
                0x00003710                usbHardwareConnect
                0x00003744                usbHardwareNakIntEnable
                0x00003770                usbHardwareEndpointIsStalled
                0x000037c8                usbHardwareEndpointStall
                0x0000383c                usbHardwareEndpointWrite
                0x00003968                usbHardwareEndpointRead
                0x00003ae0                usbHardwareConfigDevice
                0x00003b14                usbSetupInterruptHandler
                0x00003e0c                usbISR
                0x00003eb4                usbHardwareInit
 .text          0x0000406c      0x720 ARM Flash Debug/usbstdreq.o
                0x0000406c                usbRegisterDescriptors
                0x0000408c                usbGetDescriptor
                0x00004694                usbHandleStandardRequest
                0x0000476c                usbRegisterCustomReqHandler
 .text          0x0000478c      0x518 ARM Flash Debug/usbser.o
                0x000049d4                usbserPutChar
                0x00004a5c                usbserPutString
                0x00004b14                usbserGetChar
                0x00004b80                usbserGetRxQueue
                0x00004bc8                usbserInit
 .text          0x00004ca4      0xf3c ARM Flash Debug/rtc.o
                0x00005244                rtcGetEpochSeconds
                0x00005280                rtcGetEpochSecondsLuk
                0x000052bc                rtcSetEpochSeconds
                0x00005534                rtcInit
                0x00005628                rtcSetAlarm
                0x0000573c                rtcSetAlarmCIIR
                0x000057a4                rtcGetAlarmTm
                0x000058e0                rtcGetAlarmEpochSeconds
                0x00005914                rtcPeriodicAlarm
                0x000059b0                time
                0x000059d8                rtcIs5minInt
                0x000059f4                getRtcRead
                0x00005a18                getMonthLength
 .text          0x00005be0      0x1e8 ARM Flash Debug/rtcISR.o
                0x00005be0                rtcISRInit
                0x00005d18                rtcISR
 .text          0x00005dc8       0x34 ARM Flash Debug/reset.o
                0x00005dc8                reset
 .text          0x00005dfc      0x120 ARM Flash Debug/eint0.o
                0x00005dfc                eint0Init
                0x00005eec                eint0Deinit
 .text          0x00005f1c       0xe8 ARM Flash Debug/eint0ISR.o
                0x00005f54                eint0ISR
 .text          0x00006004      0x120 ARM Flash Debug/eint2.o
                0x00006004                eint2Init
                0x000060f4                eint2Deinit
 .text          0x00006124       0xd8 ARM Flash Debug/eint2ISR.o
                0x0000614c                eint2ISR
 .text          0x000061fc      0x124 ARM Flash Debug/eint3.o
                0x000061fc                eint3Init
                0x000062ec                eint3Deinit
 .text          0x00006320       0xf4 ARM Flash Debug/eint3ISR.o
                0x00006358                eint3ISR
 .text          0x00006414      0x11c ARM Flash Debug/eint1.o
                0x00006414                eint1Init
                0x00006500                eint1Deinit
 .text          0x00006530      0x15c ARM Flash Debug/eint1ISR.o
                0x000065dc                eint1ISR
 .text          0x0000668c      0x23c ARM Flash Debug/beep.o
                0x0000668c                beepOn
                0x0000678c                beepOff
                0x00006874                beepMHALL
                0x00006890                beepSMOTW
                0x000068ac                beepA_TEAM_THEME
 .text          0x000068c8      0x418 ARM Flash Debug/timer.o
                0x000068c8                timer1Init
                0x000068f0                capture13Init
                0x00006a28                timer1ISR
                0x00006c7c                getWindPeriod
                0x00006ca0                clrWindPeriod
                0x00006cb4                setWindPeriod
 .text          0x00006ce0      0x160 ARM Flash Debug/dac.o
                0x00006ce0                dacInit
                0x00006d14                dacSet
                0x00006d88                dacSetMV
 .text          0x00006e40      0x4cc ARM Flash Debug/args.o
                0x00006f20                argsGetLine
                0x00007130                argsParse
 .text          0x0000730c      0x1dc ARM Flash Debug/argsdispatch.o
                0x0000730c                argsDispatch
 .text          0x000074e8     0x2280 ARM Flash Debug/monitor.o
                0x000076c0                get_fattime
                0x00009708                monitorTaskStart
 .text          0x00009768      0x774 ARM Flash Debug/printf-stdarg.o
                0x00009de8                printf
                0x00009e28                sprintf
                0x00009e70                snprintf
                0x00009ebc                write
 .text          0x00009edc      0x214 ARM Flash Debug/leds.o
                0x00009f18                ledsSetDelay
                0x00009ff8                ledsTaskStart
                0x0000a058                ledsTaskStop
                0x0000a0dc                ledsGetDelay
 .text          0x0000a0f0      0x404 ARM Flash Debug/tcs3414.o
                0x0000a258                tcs3414Init
                0x0000a28c                tcs3414GetColour
                0x0000a448                tcs3414GetICRevision
                0x0000a494                tcs3414TaskStart
 .text          0x0000a4f4      0xe4c ARM Flash Debug/mmc.o
                0x0000aa7c                mmcWriteProtect
                0x0000aa90                mmcWaitReady
                0x0000aab4                mmcCardPresent
                0x0000aacc                mmcReadCardInfo
                0x0000ac20                mmcRead
                0x0000ad64                mmcWrite
                0x0000aec4                mmcVerify
                0x0000b05c                mmcInitMedia
                0x0000b310                mmcDumpCSD
                0x0000b328                mmcDecodeCSD
 .text          0x0000b340      0x5c4 ARM Flash Debug/ssp.o
                0x0000b340                sspHardwareCardPresent
                0x0000b364                sspHardwareWriteProtected
                0x0000b3ac                sspChipSelect
                0x0000b46c                sspSetClockFreq
                0x0000b50c                sspInit
                0x0000b658                sspTransferByte
                0x0000b6c0                sspWaitReady
                0x0000b718                sspSendBlock
                0x0000b7b8                sspReceiveBlock
                0x0000b8b4                sspDelay1ms
 .text          0x0000b904        0x0 ARM Flash Debug/Lcd204_4.o
 .text          0x0000b904      0x874 ARM Flash Debug/logging.o
                0x0000b904                fillSlogEntryItem
                0x0000b974                setWsPrice
                0x0000b994                getLogFilename
                0x0000ba5c                trackLog
                0x0000babc                trackLogTaskStart
                0x0000bb1c                trackLogTaskStop
                0x0000bb68                initLog
                0x0000bc1c                appendToLog
                0x0000bd48                fs_init
                0x0000bdc0                getDateTime
                0x0000be44                init_daysLogging
                0x0000be58                incr_daysLogging
                0x0000be98                b_itoab
                0x0000bff8                nrOfDigits
                0x0000c04c                luk_strcpy
                0x0000c0ac                setWindFrequency
                0x0000c0e4                getWindFrequency
                0x0000c160                clrWindFrequency
 .text          0x0000c178      0xaa0 ARM Flash Debug/meas_sm.o
                0x0000c178                meas_sm
                0x0000c91c                measSMTaskStart
                0x0000c97c                MeasSMTaskStop
                0x0000c9c8                set_measure
                0x0000c9ec                clr_measure
                0x0000ca00                get_measure
                0x0000ca18                set_trackLog
                0x0000ca2c                clr_trackLog
                0x0000ca40                get_trackLog
                0x0000ca58                get_pumpLastControlSignalOn
                0x0000ca88                set_pumpLastControlSignalOn
                0x0000cab8                clr_pumpLastControlSignalOn
                0x0000cacc                updateMeasure_timestamp
                0x0000cb88                getMeasure_timestamp_diff
                0x0000cbb0                clr_valuesReceived
                0x0000cbc4                set_valuesReceived
                0x0000cbd8                valuesReceived
                0x0000cbf0                stopMeasure
                0x0000cc04                startMeasure
 .text          0x0000cc18      0x4e4 ARM Flash Debug/meas_task.o
                0x0000cc18                meas_wind
                0x0000ce80                meas_task_init
                0x0000cf14                doMeasure
                0x0000d050                measTaskStart
                0x0000d0b0                measTaskStop
 .text          0x0000d0fc        0x0 ARM Flash Debug/crt0.o
 .text          0x0000d0fc        0x0 ARM Flash Debug/Philips_LPC210X_Startup.o
 .text          0x0000d0fc      0x110 ARM Flash Debug/LPC210x.o
                0x0000d12c                ctl_start_timer
                0x0000d200                ctl_get_ticks_per_second
 .text          0x0000d20c      0x318 ARM Flash Debug/VIC.o
                0x0000d20c                ctl_set_isr
                0x0000d4c4                ctl_unmask_isr
                0x0000d4f4                ctl_mask_isr
 .text          0x0000d524       0x44 ARM Flash Debug/VIC_irq_handler.o
                0x0000d524                irq_handler
 .text          0x0000d568      0x24c ARM Flash Debug/portISR.o
                0x0000d568                vPortISRStartFirstTask
                0x0000d5b4                swi_handler
                0x0000d660                vTickISR
                0x0000d72c                vPortEnterCritical
                0x0000d75c                vPortExitCritical
 .text          0x0000d7b4      0x354 ARM Flash Debug/port.o
                0x0000d7b4                pxPortInitialiseStack
                0x0000da14                xPortStartScheduler
                0x0000da30                vPortEndScheduler
 .text          0x0000db08      0x35c ARM Flash Debug/heap_2.o
                0x0000db08                pvPortMalloc
                0x0000dd78                vPortFree
                0x0000de4c                xPortGetFreeHeapSize
                0x0000de60                vPortInitialiseBlocks
 .text          0x0000de64     0x1f5c ARM Flash Debug/tasks.o
                0x0000de64                xTaskGenericCreate
                0x0000e0b8                vTaskDelete
                0x0000e1b4                vTaskDelayUntil
                0x0000e32c                vTaskDelay
                0x0000e418                uxTaskPriorityGet
                0x0000e470                vTaskPrioritySet
                0x0000e640                vTaskSuspend
                0x0000e6f8                xTaskIsTaskSuspended
                0x0000e768                vTaskResume
                0x0000e860                xTaskResumeFromISR
                0x0000e974                vTaskStartScheduler
                0x0000ea14                vTaskEndScheduler
                0x0000ea48                vTaskSuspendAll
                0x0000ea64                xTaskResumeAll
                0x0000ec20                xTaskGetTickCount
                0x0000ec54                uxTaskGetNumberOfTasks
                0x0000ec68                vTaskList
                0x0000eddc                vTaskStartTrace
                0x0000ee4c                ulTaskEndTrace
                0x0000eea4                vTaskIncrementTick
                0x0000f024                vTaskSwitchContext
                0x0000f2c0                vTaskPlaceOnEventList
                0x0000f3c0                xTaskRemoveFromEventList
                0x0000f4f4                vTaskSetTimeOutState
                0x0000f52c                xTaskCheckForTimeOut
                0x0000f620                vTaskMissedYield
                0x0000f634                prvIdleTask
                0x0000f64c                prvInitialiseTCBVariables
                0x0000f718                prvInitialiseTaskLists
                0x0000f7d8                prvCheckTasksWaitingTermination
                0x0000f8a8                prvAllocateTCBAndStack
                0x0000f950                prvListTaskWithinSingleList
                0x0000faa0                usTaskCheckFreeStackSpace
                0x0000fafc                uxTaskGetStackHighWaterMark
                0x0000fb5c                prvDeleteTCB
                0x0000fb8c                xTaskGetCurrentTaskHandle
                0x0000fbb0                vTaskPriorityInherit
                0x0000fce0                vTaskPriorityDisinherit
 .text          0x0000fdc0     0x1168 ARM Flash Debug/queue.o
                0x0000fdc0                xQueueCreate
                0x0000ff08                xQueueCreateMutex
                0x0000ffe0                xQueueGiveMutexRecursive
                0x00010064                xQueueTakeMutexRecursive
                0x000100fc                xQueueGenericSend
                0x000102a8                xQueueAltGenericSend
                0x000103e8                xQueueAltGenericReceive
                0x000105d4                xQueueGenericSendFromISR
                0x000106a4                xQueueGenericReceive
                0x000108fc                xQueueReceiveFromISR
                0x000109d0                uxQueueMessagesWaiting
                0x00010a04                uxQueueMessagesWaitingFromISR
                0x00010a28                vQueueDelete
                0x00010d90                xQueueIsQueueEmptyFromISR
                0x00010e08                xQueueIsQueueFullFromISR
                0x00010e40                vQueueAddToRegistry
 .text          0x00010f28      0x258 ARM Flash Debug/list.o
                0x00010f28                vListInitialise
                0x00010f8c                vListInitialiseItem
                0x00010fa8                vListInsertEnd
                0x00011030                vListInsert
                0x000110f8                vListRemove
 .text          0x00011180      0x62c ARM Flash Debug/disk.o
                0x00011180                diskInitialize
                0x000112b0                diskShutdown
                0x000112e4                diskStatus
                0x0001130c                diskRead
                0x000113a8                diskWrite
                0x00011464                diskIoctl
                0x000116e8                diskPresent
                0x00011700                diskErrorText
                0x00011774                diskErrorTextPrint
 .text          0x000117ac     0x5b8c ARM Flash Debug/ff.o
                0x00013ccc                f_ferrorlookup
                0x00013d40                f_printerror
                0x00013d78                f_mount
                0x00013e10                f_open
                0x000143cc                f_read
                0x000147f8                f_write
                0x00014ccc                f_sync
                0x00014f9c                f_close
                0x00014fe4                f_lseek
                0x00015384                f_opendir
                0x00015500                f_readdir
                0x00015650                f_stat
                0x00015700                f_getfree
                0x000159ac                f_unlink
                0x00015c48                f_mkdir
                0x000160e4                f_chmod
                0x000161ec                f_rename
                0x000163c0                f_mkfs
 .text          0x00017338        0x0 C:/Users/lukas/AppData/Local/Rowley Associates Limited/CrossWorks for ARM/packages/lib/liblpc2000_v4t_a_le.a(liblpc2000_lpc21xx_get_cclk.o)
 .text.liblpc2000
                0x00017338       0x30 C:/Users/lukas/AppData/Local/Rowley Associates Limited/CrossWorks for ARM/packages/lib/liblpc2000_v4t_a_le.a(liblpc2000_lpc21xx_get_cclk.o)
                0x00017338                liblpc2000_lpc21xx_get_cclk
                0x00017338                liblpc2000_get_cclk
 .text          0x00017368        0x0 C:/Users/lukas/AppData/Local/Rowley Associates Limited/CrossWorks for ARM/packages/lib/liblpc2000_v4t_a_le.a(liblpc2000_lpc21xx_get_pclk.o)
 .text.liblpc2000
                0x00017368       0x2c C:/Users/lukas/AppData/Local/Rowley Associates Limited/CrossWorks for ARM/packages/lib/liblpc2000_v4t_a_le.a(liblpc2000_lpc21xx_get_pclk.o)
                0x00017368                liblpc2000_lpc21xx_get_pclk
                0x00017368                liblpc2000_get_pclk
 .text          0x00017394        0x0 C:/Program Files/Rowley Associates Limited/CrossWorks for ARM 2.0/lib/libm_v4t_a_le.a(__int32_to_float32.o)
 *fill*         0x00017394        0xc 00
 .text.libc     0x000173a0       0x70 C:/Program Files/Rowley Associates Limited/CrossWorks for ARM 2.0/lib/libm_v4t_a_le.a(__int32_to_float32.o)
                0x000173a0                __int32_to_float32
                0x000173a0                __floatsisf
                0x000173a0                __aeabi_i2f
                0x000173b4                __int32_to_float32_common
 .text          0x00017410        0x0 C:/Program Files/Rowley Associates Limited/CrossWorks for ARM 2.0/lib/libm_v4t_a_le.a(__int32_to_float64.o)
 .text.libc     0x00017410       0x70 C:/Program Files/Rowley Associates Limited/CrossWorks for ARM 2.0/lib/libm_v4t_a_le.a(__int32_to_float64.o)
                0x00017410                __aeabi_i2d
                0x00017410                __int32_to_float64
                0x00017410                __floatsidf
 .text          0x00017480        0x0 C:/Program Files/Rowley Associates Limited/CrossWorks for ARM 2.0/lib/libm_v4t_a_le.a(__uint32_to_float32.o)
 .text.libc     0x00017480       0x10 C:/Program Files/Rowley Associates Limited/CrossWorks for ARM 2.0/lib/libm_v4t_a_le.a(__uint32_to_float32.o)
                0x00017480                __aeabi_ui2f
                0x00017480                __floatunsisf
                0x00017480                __uint32_to_float32
 .text          0x00017490        0x0 C:/Program Files/Rowley Associates Limited/CrossWorks for ARM 2.0/lib/libm_v4t_a_le.a(__float32_to_int32.o)
 .text.libc     0x00017490       0x50 C:/Program Files/Rowley Associates Limited/CrossWorks for ARM 2.0/lib/libm_v4t_a_le.a(__float32_to_int32.o)
                0x00017490                __float32_to_int32
                0x00017490                __aeabi_f2iz
                0x00017490                __fixsfsi
 .text          0x000174e0        0x0 C:/Program Files/Rowley Associates Limited/CrossWorks for ARM 2.0/lib/libm_v4t_a_le.a(__float32_to_uint32.o)
 .text.libc     0x000174e0       0x40 C:/Program Files/Rowley Associates Limited/CrossWorks for ARM 2.0/lib/libm_v4t_a_le.a(__float32_to_uint32.o)
                0x000174e0                __aeabi_f2uiz
                0x000174e0                __fixunssfsi
                0x000174e0                __float32_to_uint32
 .text          0x00017520        0x0 C:/Program Files/Rowley Associates Limited/CrossWorks for ARM 2.0/lib/libm_v4t_a_le.a(__float64_to_int32.o)
 .text.libc     0x00017520       0x60 C:/Program Files/Rowley Associates Limited/CrossWorks for ARM 2.0/lib/libm_v4t_a_le.a(__float64_to_int32.o)
                0x00017520                __aeabi_d2iz
                0x00017520                __float64_to_int32
                0x00017520                __fixdfsi
 .text          0x00017580        0x0 C:/Program Files/Rowley Associates Limited/CrossWorks for ARM 2.0/lib/libm_v4t_a_le.a(__float32_mul.o)
 .text.libc     0x00017580      0x100 C:/Program Files/Rowley Associates Limited/CrossWorks for ARM 2.0/lib/libm_v4t_a_le.a(__float32_mul.o)
                0x00017580                __mulsf3
                0x00017580                __float32_mul
 .text          0x00017680        0x0 C:/Program Files/Rowley Associates Limited/CrossWorks for ARM 2.0/lib/libm_v4t_a_le.a(__float32_div.o)
 .text.libc     0x00017680      0x210 C:/Program Files/Rowley Associates Limited/CrossWorks for ARM 2.0/lib/libm_v4t_a_le.a(__float32_div.o)
                0x00017680                __float32_div
                0x00017680                __divsf3
 .text          0x00017890        0x0 C:/Program Files/Rowley Associates Limited/CrossWorks for ARM 2.0/lib/libm_v4t_a_le.a(log.o)
 .text.libc     0x00017890      0x2c0 C:/Program Files/Rowley Associates Limited/CrossWorks for ARM 2.0/lib/libm_v4t_a_le.a(log.o)
                0x00017890                log
 .text          0x00017b50        0x0 C:/Program Files/Rowley Associates Limited/CrossWorks for ARM 2.0/lib/libm_v4t_a_le.a(__float64_add.o)
 .text.libc     0x00017b50      0x350 C:/Program Files/Rowley Associates Limited/CrossWorks for ARM 2.0/lib/libm_v4t_a_le.a(__float64_add.o)
                0x00017b50                __aeabi_drsub
                0x00017b58                __aeabi_dsub
                0x00017b58                __float64_sub
                0x00017b58                __subdf3
                0x00017b5c                __aeabi_dadd
                0x00017b5c                __float64_add
                0x00017b5c                __adddf3
 .text          0x00017ea0        0x0 C:/Program Files/Rowley Associates Limited/CrossWorks for ARM 2.0/lib/libm_v4t_a_le.a(__float64_mul.o)
 .text.libc     0x00017ea0      0x1b0 C:/Program Files/Rowley Associates Limited/CrossWorks for ARM 2.0/lib/libm_v4t_a_le.a(__float64_mul.o)
                0x00017ea0                __muldf3
                0x00017ea0                __float64_mul
 .text          0x00018050        0x0 C:/Program Files/Rowley Associates Limited/CrossWorks for ARM 2.0/lib/libm_v4t_a_le.a(__float64_div.o)
 .text.libc     0x00018050      0x330 C:/Program Files/Rowley Associates Limited/CrossWorks for ARM 2.0/lib/libm_v4t_a_le.a(__float64_div.o)
                0x00018050                __divdf3
                0x00018050                __float64_div
                0x00018050                __aeabi_ddiv
 .text          0x00018380        0x0 C:/Program Files/Rowley Associates Limited/CrossWorks for ARM 2.0/lib/libm_v4t_a_le.a(__float64_cmp.o)
 .text.libc     0x00018380       0x70 C:/Program Files/Rowley Associates Limited/CrossWorks for ARM 2.0/lib/libm_v4t_a_le.a(__float64_cmp.o)
                0x00018380                __eqdf2
                0x00018380                __gtdf2
                0x00018380                __ltdf2
                0x00018380                __ledf2
                0x00018380                __nedf2
                0x00018380                __gedf2
                0x00018380                __cmpdf2
 .text          0x000183f0        0x0 C:/Program Files/Rowley Associates Limited/CrossWorks for ARM 2.0/lib/libm_v4t_a_le.a(__float64_isnan.o)
 .text.libc     0x000183f0       0x20 C:/Program Files/Rowley Associates Limited/CrossWorks for ARM 2.0/lib/libm_v4t_a_le.a(__float64_isnan.o)
                0x000183f0                __float64_isnan
 .text          0x00018410        0x0 C:/Program Files/Rowley Associates Limited/CrossWorks for ARM 2.0/lib/libm_v4t_a_le.a(__float64_infinity.o)
 .text.libc     0x00018410        0x0 C:/Program Files/Rowley Associates Limited/CrossWorks for ARM 2.0/lib/libm_v4t_a_le.a(__float64_infinity.o)
 .text          0x00018410        0x0 C:/Program Files/Rowley Associates Limited/CrossWorks for ARM 2.0/lib/libm_v4t_a_le.a(__float64_nan.o)
 .text.libc     0x00018410        0x0 C:/Program Files/Rowley Associates Limited/CrossWorks for ARM 2.0/lib/libm_v4t_a_le.a(__float64_nan.o)
 .text          0x00018410        0x0 C:/Program Files/Rowley Associates Limited/CrossWorks for ARM 2.0/lib/libm_v4t_a_le.a(__poly1_eval.o)
 .text.libc     0x00018410       0x70 C:/Program Files/Rowley Associates Limited/CrossWorks for ARM 2.0/lib/libm_v4t_a_le.a(__poly1_eval.o)
                0x00018410                __poly1_eval
 .text          0x00018480        0x0 C:/Program Files/Rowley Associates Limited/CrossWorks for ARM 2.0/lib/libm_v4t_a_le.a(__poly_eval.o)
 .text.libc     0x00018480       0x5c C:/Program Files/Rowley Associates Limited/CrossWorks for ARM 2.0/lib/libm_v4t_a_le.a(__poly_eval.o)
                0x00018480                __poly_eval
 .text          0x000184dc        0x0 C:/Program Files/Rowley Associates Limited/CrossWorks for ARM 2.0/lib/libm_v4t_a_le.a(frexp.o)
 .text.libc     0x000184dc       0x60 C:/Program Files/Rowley Associates Limited/CrossWorks for ARM 2.0/lib/libm_v4t_a_le.a(frexp.o)
                0x000184dc                frexp
 .text          0x0001853c        0x0 C:/Program Files/Rowley Associates Limited/CrossWorks for ARM 2.0/lib/libm_v4t_a_le.a(ldexp.o)
 .text.libc     0x0001853c       0x84 C:/Program Files/Rowley Associates Limited/CrossWorks for ARM 2.0/lib/libm_v4t_a_le.a(ldexp.o)
                0x0001853c                ldexp
 .text          0x000185c0        0x0 C:/Program Files/Rowley Associates Limited/CrossWorks for ARM 2.0/lib/libc_v4t_a_le.a(__int32_umod.o)
 .text.libc     0x000185c0       0x20 C:/Program Files/Rowley Associates Limited/CrossWorks for ARM 2.0/lib/libc_v4t_a_le.a(__int32_umod.o)
                0x000185c0                __int32_umod
                0x000185c0                __umodsi3
 .text          0x000185e0        0x0 C:/Program Files/Rowley Associates Limited/CrossWorks for ARM 2.0/lib/libc_v4t_a_le.a(__int32_div.o)
 .text.libc     0x000185e0       0x50 C:/Program Files/Rowley Associates Limited/CrossWorks for ARM 2.0/lib/libc_v4t_a_le.a(__int32_div.o)
                0x000185e0                __divsi3
                0x000185e0                __int32_div
 .text          0x00018630        0x0 C:/Program Files/Rowley Associates Limited/CrossWorks for ARM 2.0/lib/libc_v4t_a_le.a(__int32_udivmod.o)
 .text.libc     0x00018630       0x30 C:/Program Files/Rowley Associates Limited/CrossWorks for ARM 2.0/lib/libc_v4t_a_le.a(__int32_udivmod.o)
                0x00018630                __int32_udivmod
                0x00018630                __udivsi3
                0x00018630                __int32_udiv
 .text          0x00018660        0x0 C:/Program Files/Rowley Associates Limited/CrossWorks for ARM 2.0/lib/libc_v4t_a_le.a(strlen.o)
 .text.libc     0x00018660       0x90 C:/Program Files/Rowley Associates Limited/CrossWorks for ARM 2.0/lib/libc_v4t_a_le.a(strlen.o)
                0x00018660                strlen
 .text          0x000186f0        0x0 C:/Program Files/Rowley Associates Limited/CrossWorks for ARM 2.0/lib/libc_v4t_a_le.a(memcpy.o)
 .text.libc     0x000186f0       0x60 C:/Program Files/Rowley Associates Limited/CrossWorks for ARM 2.0/lib/libc_v4t_a_le.a(memcpy.o)
                0x000186f0                memcpy
 .text          0x00018750        0x0 C:/Program Files/Rowley Associates Limited/CrossWorks for ARM 2.0/lib/libc_v4t_a_le.a(memset.o)
 .text.libc     0x00018750       0xa0 C:/Program Files/Rowley Associates Limited/CrossWorks for ARM 2.0/lib/libc_v4t_a_le.a(memset.o)
                0x00018750                memset
 .text          0x000187f0        0x0 C:/Program Files/Rowley Associates Limited/CrossWorks for ARM 2.0/lib/libc_v4t_a_le.a(strcpy.o)
 .text.libc     0x000187f0       0x60 C:/Program Files/Rowley Associates Limited/CrossWorks for ARM 2.0/lib/libc_v4t_a_le.a(strcpy.o)
                0x000187f0                strcpy
 .text          0x00018850        0x0 C:/Program Files/Rowley Associates Limited/CrossWorks for ARM 2.0/lib/libc_v4t_a_le.a(strcmp.o)
 .text.libc     0x00018850       0x70 C:/Program Files/Rowley Associates Limited/CrossWorks for ARM 2.0/lib/libc_v4t_a_le.a(strcmp.o)
                0x00018850                strcmp
 .text          0x000188c0        0x0 C:/Program Files/Rowley Associates Limited/CrossWorks for ARM 2.0/lib/libc_v4t_a_le.a(memcmp.o)
 .text.libc     0x000188c0       0x54 C:/Program Files/Rowley Associates Limited/CrossWorks for ARM 2.0/lib/libc_v4t_a_le.a(memcmp.o)
                0x000188c0                memcmp
 .text          0x00018914        0x0 C:/Program Files/Rowley Associates Limited/CrossWorks for ARM 2.0/lib/libc_v4t_a_le.a(strcat.o)
 .text.libc     0x00018914       0x3c C:/Program Files/Rowley Associates Limited/CrossWorks for ARM 2.0/lib/libc_v4t_a_le.a(strcat.o)
                0x00018914                strcat
 .text          0x00018950        0x0 C:/Program Files/Rowley Associates Limited/CrossWorks for ARM 2.0/lib/libc_v4t_a_le.a(strncmp.o)
 .text.libc     0x00018950       0x64 C:/Program Files/Rowley Associates Limited/CrossWorks for ARM 2.0/lib/libc_v4t_a_le.a(strncmp.o)
                0x00018950                strncmp
 .text          0x000189b4        0x0 C:/Program Files/Rowley Associates Limited/CrossWorks for ARM 2.0/lib/libc_v4t_a_le.a(strncpy.o)
 .text.libc     0x000189b4       0x74 C:/Program Files/Rowley Associates Limited/CrossWorks for ARM 2.0/lib/libc_v4t_a_le.a(strncpy.o)
                0x000189b4                strncpy
 .text          0x00018a28        0x0 C:/Program Files/Rowley Associates Limited/CrossWorks for ARM 2.0/lib/libc_v4t_a_le.a(ctype.o)
 .text.libc     0x00018a28      0x17c C:/Program Files/Rowley Associates Limited/CrossWorks for ARM 2.0/lib/libc_v4t_a_le.a(ctype.o)
                0x00018a28                isalpha
                0x00018a44                isupper
                0x00018a58                islower
                0x00018a6c                isdigit
                0x00018a80                isxdigit
                0x00018aac                isspace
                0x00018ac4                ispunct
                0x00018b00                isalnum
                0x00018b2c                isprint
                0x00018b40                isgraph
                0x00018b54                iscntrl
                0x00018b68                tolower
                0x00018b7c                toupper
                0x00018b90                isblank
 .text          0x00018ba4        0x0 C:/Program Files/Rowley Associates Limited/CrossWorks for ARM 2.0/lib/libc_v4t_a_le.a(malloc.o)
 .text.libc     0x00018ba4      0x250 C:/Program Files/Rowley Associates Limited/CrossWorks for ARM 2.0/lib/libc_v4t_a_le.a(malloc.o)
                0x00018ba4                free
                0x00018c98                malloc
                0x00018d7c                realloc
                0x00018dc4                calloc
 .text          0x00018df4        0x0 C:/Program Files/Rowley Associates Limited/CrossWorks for ARM 2.0/lib/libc_v4t_a_le.a(atoi.o)
 .text.libc     0x00018df4       0x38 C:/Program Files/Rowley Associates Limited/CrossWorks for ARM 2.0/lib/libc_v4t_a_le.a(atoi.o)
                0x00018df4                atoi
 .text          0x00018e2c        0x0 C:/Program Files/Rowley Associates Limited/CrossWorks for ARM 2.0/lib/libc_v4t_a_le.a(time.o)
 .text.libc     0x00018e2c      0x75c C:/Program Files/Rowley Associates Limited/CrossWorks for ARM 2.0/lib/libc_v4t_a_le.a(time.o)
                0x00018e2c                difftime
                0x00018e40                checktm
                0x00019088                mktime
                0x000192d0                localtime_r
                0x000194dc                localtime
                0x000194fc                gmtime_r
                0x00019514                gmtime
                0x00019534                ctime_r
                0x00019564                ctime
 .text          0x00019588        0x0 C:/Program Files/Rowley Associates Limited/CrossWorks for ARM 2.0/lib/libc_v4t_a_le.a(asctime.o)
 .text.libc     0x00019588      0x18c C:/Program Files/Rowley Associates Limited/CrossWorks for ARM 2.0/lib/libc_v4t_a_le.a(asctime.o)
                0x000195b4                asctime_r
                0x000196fc                asctime
 .text          0x00019714        0x0 C:/Program Files/Rowley Associates Limited/CrossWorks for ARM 2.0/lib/libc_v4t_a_le.a(strftime.o)
 .text.libc     0x00019714      0x82c C:/Program Files/Rowley Associates Limited/CrossWorks for ARM 2.0/lib/libc_v4t_a_le.a(strftime.o)
                0x00019eec                strftime
 .text          0x00019f40        0x0 C:/Program Files/Rowley Associates Limited/CrossWorks for ARM 2.0/lib/libc_v4t_a_le.a(div.o)
 .text.libc     0x00019f40       0x54 C:/Program Files/Rowley Associates Limited/CrossWorks for ARM 2.0/lib/libc_v4t_a_le.a(div.o)
                0x00019f40                div
 .text          0x00019f94        0x0 C:/Program Files/Rowley Associates Limited/CrossWorks for ARM 2.0/lib/libc_v4t_a_le.a(strtol.o)
 .text.libc     0x00019f94       0xd4 C:/Program Files/Rowley Associates Limited/CrossWorks for ARM 2.0/lib/libc_v4t_a_le.a(strtol.o)
                0x00019f94                strtol
 .text          0x0001a068        0x0 C:/Program Files/Rowley Associates Limited/CrossWorks for ARM 2.0/lib/libc_v4t_a_le.a(ldiv.o)
 .text.libc     0x0001a068       0x54 C:/Program Files/Rowley Associates Limited/CrossWorks for ARM 2.0/lib/libc_v4t_a_le.a(ldiv.o)
                0x0001a068                ldiv
 .text          0x0001a0bc        0x0 C:/Program Files/Rowley Associates Limited/CrossWorks for ARM 2.0/lib/libc_v4t_a_le.a(__int32_mod.o)
 *fill*         0x0001a0bc        0x4 00
 .text.libc     0x0001a0c0       0x50 C:/Program Files/Rowley Associates Limited/CrossWorks for ARM 2.0/lib/libc_v4t_a_le.a(__int32_mod.o)
                0x0001a0c0                __modsi3
                0x0001a0c0                __int32_mod
 .text          0x0001a110        0x0 C:/Program Files/Rowley Associates Limited/CrossWorks for ARM 2.0/lib/libc_v4t_a_le.a(__strtoul.o)
 .text.libc     0x0001a110      0x128 C:/Program Files/Rowley Associates Limited/CrossWorks for ARM 2.0/lib/libc_v4t_a_le.a(__strtoul.o)
                0x0001a110                __strtoul
 .text          0x0001a238        0x0 C:/Program Files/Rowley Associates Limited/CrossWorks for ARM 2.0/lib/libc_v4t_a_le.a(__digit.o)
 .text.libc     0x0001a238       0x54 C:/Program Files/Rowley Associates Limited/CrossWorks for ARM 2.0/lib/libc_v4t_a_le.a(__digit.o)
                0x0001a238                __digit
 .text          0x0001a28c        0x0 C:/Program Files/Rowley Associates Limited/CrossWorks for ARM 2.0/lib/libdebugio_v4t_a_le.a(debug_printf.o)
 .text.libc     0x0001a28c       0x20 C:/Program Files/Rowley Associates Limited/CrossWorks for ARM 2.0/lib/libdebugio_v4t_a_le.a(debug_printf.o)
                0x0001a28c                debug_printf
 .text          0x0001a2ac        0x0 C:/Program Files/Rowley Associates Limited/CrossWorks for ARM 2.0/lib/libc_targetio_impl_v4t_a_le.a(putchar.o)
 .text.libc     0x0001a2ac       0x2c C:/Program Files/Rowley Associates Limited/CrossWorks for ARM 2.0/lib/libc_targetio_impl_v4t_a_le.a(putchar.o)
                0x0001a2ac                putchar
 .text          0x0001a2d8        0x0 C:/Program Files/Rowley Associates Limited/CrossWorks for ARM 2.0/lib/libc_user_libc_v4t_a_le.a(user_libc.o)
 .text.libc     0x0001a2d8       0x2c C:/Program Files/Rowley Associates Limited/CrossWorks for ARM 2.0/lib/libc_user_libc_v4t_a_le.a(user_libc.o)
                0x0001a2d8                __errno
                0x0001a2e4                __heap_lock
                0x0001a2e8                __heap_unlock
                0x0001a2ec                __printf_lock
                0x0001a2f0                __printf_unlock
                0x0001a2f4                __scanf_lock
                0x0001a2f8                __scanf_unlock
                0x0001a2fc                __debug_io_lock
                0x0001a300                __debug_io_unlock
 .text          0x0001a304        0x0 C:/Program Files/Rowley Associates Limited/CrossWorks for ARM 2.0/lib/libdebugio_dcc_v4t_a_le.a(dcc_debug_operations.o)
 .text.libdebugio_dcc
                0x0001a304       0x4c C:/Program Files/Rowley Associates Limited/CrossWorks for ARM 2.0/lib/libdebugio_dcc_v4t_a_le.a(dcc_debug_operations.o)
                0x0001a304                __do_debug_operation
 .text          0x0001a350        0x0 C:/Program Files/Rowley Associates Limited/CrossWorks for ARM 2.0/lib/libdebugio_dcc_v4t_a_le.a(libarmdi_dcc_write.o)
 .text.libdebugio_dcc
                0x0001a350       0x20 C:/Program Files/Rowley Associates Limited/CrossWorks for ARM 2.0/lib/libdebugio_dcc_v4t_a_le.a(libarmdi_dcc_write.o)
                0x0001a350                libarm_dcc_write
 .text          0x0001a370        0x0 C:/Program Files/Rowley Associates Limited/CrossWorks for ARM 2.0/lib/libdebugio_dcc_v4t_a_le.a(libarm_run_dcc_port_server.o)
 .text.libdebugio_dcc
                0x0001a370      0x234 C:/Program Files/Rowley Associates Limited/CrossWorks for ARM 2.0/lib/libdebugio_dcc_v4t_a_le.a(libarm_run_dcc_port_server.o)
                0x0001a370                libarm_run_dcc_port_server
 .text          0x0001a5a4        0x0 C:/Program Files/Rowley Associates Limited/CrossWorks for ARM 2.0/lib/libdebugio_dcc_v4t_a_le.a(libarmdi_dcc_read.o)
 *fill*         0x0001a5a4        0xc 00
 .text.libdebugio_dcc
                0x0001a5b0       0x20 C:/Program Files/Rowley Associates Limited/CrossWorks for ARM 2.0/lib/libdebugio_dcc_v4t_a_le.a(libarmdi_dcc_read.o)
                0x0001a5b0                libarm_dcc_read
                0x0001a5d0                __text_end__ = (__text_start__ + SIZEOF (.text))
                0x0001a5d0                __text_load_end__ = __text_end__

.vfp11_veneer   0x00000000        0x0
 .vfp11_veneer  0x00000000        0x0 linker stubs

.v4_bx          0x00000000        0x0
 .v4_bx         0x00000000        0x0 linker stubs
                0x00000001                . = ASSERT (((__text_end__ >= __FLASH_segment_start__) && (__text_end__ <= (__FLASH_segment_start__ + 0x80000))), error: .text is too large to fit in FLASH memory segment)
                0x0001a5d0                __dtors_load_start__ = ALIGN (__text_end__, 0x4)

.dtors          0x0001a5d0        0x0
                0x0001a5d0                __dtors_start__ = .
 *(SORT(.dtors.*))
 *(.dtors)
                0x0001a5d0                __dtors_end__ = (__dtors_start__ + SIZEOF (.dtors))
                0x0001a5d0                __dtors_load_end__ = __dtors_end__
                0x00000001                . = ASSERT (((__dtors_end__ >= __FLASH_segment_start__) && (__dtors_end__ <= (__FLASH_segment_start__ + 0x80000))), error: .dtors is too large to fit in FLASH memory segment)
                0x0001a5d0                __ctors_load_start__ = ALIGN (__dtors_end__, 0x4)

.ctors          0x0001a5d0        0x0
                0x0001a5d0                __ctors_start__ = .
 *(SORT(.ctors.*))
 *(.ctors)
                0x0001a5d0                __ctors_end__ = (__ctors_start__ + SIZEOF (.ctors))
                0x0001a5d0                __ctors_load_end__ = __ctors_end__
                0x00000001                . = ASSERT (((__ctors_end__ >= __FLASH_segment_start__) && (__ctors_end__ <= (__FLASH_segment_start__ + 0x80000))), error: .ctors is too large to fit in FLASH memory segment)
                0x0001a5d0                __rodata_load_start__ = ALIGN (__ctors_end__, 0x4)

.rodata         0x0001a5d0     0x21e4
                0x0001a5d0                __rodata_start__ = .
 *(.rodata .rodata.* .gnu.linkonce.r.*)
 .rodata        0x0001a5d0        0xc ARM Flash Debug/main.o
 .rodata        0x0001a5dc      0x1a0 ARM Flash Debug/i2c.o
 .rodata        0x0001a77c        0xc ARM Flash Debug/i2cInt.o
 .rodata        0x0001a788       0x90 ARM Flash Debug/usbser.o
 .rodata        0x0001a818      0x2b4 ARM Flash Debug/beep.o
 .rodata        0x0001aacc       0x10 ARM Flash Debug/args.o
 .rodata        0x0001aadc       0x84 ARM Flash Debug/argsdispatch.o
 .rodata        0x0001ab60     0x1270 ARM Flash Debug/monitor.o
 .rodata        0x0001bdd0        0x8 ARM Flash Debug/printf-stdarg.o
 .rodata        0x0001bdd8        0x4 ARM Flash Debug/leds.o
 .rodata        0x0001bddc        0x8 ARM Flash Debug/tcs3414.o
 .rodata        0x0001bde4      0x224 ARM Flash Debug/mmc.o
 .rodata        0x0001c008       0xb0 ARM Flash Debug/logging.o
 .rodata        0x0001c0b8      0x1e4 ARM Flash Debug/meas_sm.o
 .rodata        0x0001c29c       0x1c ARM Flash Debug/meas_task.o
 .rodata        0x0001c2b8        0x2 ARM Flash Debug/heap_2.o
 *fill*         0x0001c2ba        0x2 00
 .rodata        0x0001c2bc       0x34 ARM Flash Debug/tasks.o
 .rodata        0x0001c2f0       0x7c ARM Flash Debug/disk.o
 .rodata        0x0001c36c      0x168 ARM Flash Debug/ff.o
 .rodata.libc   0x0001c4d4       0x28 C:/Program Files/Rowley Associates Limited/CrossWorks for ARM 2.0/lib/libm_v4t_a_le.a(log.o)
 .rodata.libc   0x0001c4fc        0x8 C:/Program Files/Rowley Associates Limited/CrossWorks for ARM 2.0/lib/libm_v4t_a_le.a(__float64_infinity.o)
                0x0001c4fc                __float64_infinity
 .rodata.libc   0x0001c504        0x8 C:/Program Files/Rowley Associates Limited/CrossWorks for ARM 2.0/lib/libm_v4t_a_le.a(__float64_nan.o)
                0x0001c504                __float64_nan
 .rodata.libc   0x0001c50c       0x84 C:/Program Files/Rowley Associates Limited/CrossWorks for ARM 2.0/lib/libc_v4t_a_le.a(ctype.o)
                0x0001c50c                __ctype
 .rodata.libc   0x0001c590       0x68 C:/Program Files/Rowley Associates Limited/CrossWorks for ARM 2.0/lib/libc_v4t_a_le.a(time.o)
 .rodata.libc   0x0001c5f8       0x4c C:/Program Files/Rowley Associates Limited/CrossWorks for ARM 2.0/lib/libc_v4t_a_le.a(asctime.o)
 .rodata.libc   0x0001c644       0x4c C:/Program Files/Rowley Associates Limited/CrossWorks for ARM 2.0/lib/libc_v4t_a_le.a(strftime.o)
 .rodata.libc.str1.4
                0x0001c690      0x124 C:/Program Files/Rowley Associates Limited/CrossWorks for ARM 2.0/lib/libc_v4t_a_le.a(strftime.o)
                                0x130 (size before relaxing)
                0x0001c7b4                __rodata_end__ = (__rodata_start__ + SIZEOF (.rodata))
                0x0001c7b4                __rodata_load_end__ = __rodata_end__
                0x00000001                . = ASSERT (((__rodata_end__ >= __FLASH_segment_start__) && (__rodata_end__ <= (__FLASH_segment_start__ + 0x80000))), error: .rodata is too large to fit in FLASH memory segment)
                0x0001c7b4                __fast_load_start__ = ALIGN (__rodata_end__, 0x4)

.fast           0x4000003c        0x0 load address 0x0001c7b4
                0x4000003c                __fast_start__ = .
 *(.fast .fast.*)
                0x4000003c                __fast_end__ = (__fast_start__ + SIZEOF (.fast))
                0x0001c7b4                __fast_load_end__ = (__fast_load_start__ + SIZEOF (.fast))
                0x00000001                . = ASSERT ((((__fast_load_start__ + SIZEOF (.fast)) >= __FLASH_segment_start__) && ((__fast_load_start__ + SIZEOF (.fast)) <= (__FLASH_segment_start__ + 0x80000))), error: .fast is too large to fit in FLASH memory segment)

.fast_run       0x4000003c        0x0
                0x4000003c                __fast_run_start__ = .
                0x4000003c                . = MAX ((__fast_run_start__ + SIZEOF (.fast)), .)
                0x4000003c                __fast_run_end__ = (__fast_run_start__ + SIZEOF (.fast_run))
                0x4000003c                __fast_run_load_end__ = __fast_run_end__
                0x00000001                . = ASSERT (((__fast_run_end__ >= __SRAM_segment_start__) && (__fast_run_end__ <= (__SRAM_segment_start__ + 0x8000))), error: .fast_run is too large to fit in SRAM memory segment)
                0x0001c7b4                __data_load_start__ = ALIGN ((__fast_load_start__ + SIZEOF (.fast)), 0x4)

.data           0x4000003c      0x15c load address 0x0001c7b4
                0x4000003c                __data_start__ = .
 *(.data .data.* .gnu.linkonce.d.*)
 .data          0x4000003c       0x18 ARM Flash Debug/main.o
 .data          0x40000054        0x0 ARM Flash Debug/adc.o
 .data          0x40000054        0x0 ARM Flash Debug/cpu.o
 .data          0x40000054       0xb0 ARM Flash Debug/i2c.o
 .data          0x40000104        0x4 ARM Flash Debug/i2cInt.o
 .data          0x40000108        0x8 ARM Flash Debug/pwm.o
 .data          0x40000110        0x0 ARM Flash Debug/spi.o
 .data          0x40000110        0x8 ARM Flash Debug/uart0.o
 .data          0x40000118        0x0 ARM Flash Debug/uart0ISR.o
 .data          0x40000118        0x8 ARM Flash Debug/uart1.o
 .data          0x40000120        0x0 ARM Flash Debug/uart1ISR.o
 .data          0x40000120        0x0 ARM Flash Debug/usbcontrol.o
 .data          0x40000120        0x0 ARM Flash Debug/usbinit.o
 .data          0x40000120        0x0 ARM Flash Debug/usbISR.o
 .data          0x40000120        0x0 ARM Flash Debug/usbstdreq.o
 .data          0x40000120        0x8 ARM Flash Debug/usbser.o
 .data          0x40000128        0x0 ARM Flash Debug/rtc.o
 .data          0x40000128        0x0 ARM Flash Debug/rtcISR.o
 .data          0x40000128        0x0 ARM Flash Debug/reset.o
 .data          0x40000128        0x0 ARM Flash Debug/eint0.o
 .data          0x40000128        0x0 ARM Flash Debug/eint0ISR.o
 .data          0x40000128        0x0 ARM Flash Debug/eint2.o
 .data          0x40000128        0x0 ARM Flash Debug/eint2ISR.o
 .data          0x40000128        0x0 ARM Flash Debug/eint3.o
 .data          0x40000128        0xc ARM Flash Debug/eint3ISR.o
 .data          0x40000134        0x0 ARM Flash Debug/eint1.o
 .data          0x40000134        0x0 ARM Flash Debug/eint1ISR.o
 .data          0x40000134        0x0 ARM Flash Debug/beep.o
 .data          0x40000134       0x14 ARM Flash Debug/timer.o
 .data          0x40000148        0x0 ARM Flash Debug/dac.o
 .data          0x40000148        0x0 ARM Flash Debug/args.o
 .data          0x40000148        0x0 ARM Flash Debug/argsdispatch.o
 .data          0x40000148        0x0 ARM Flash Debug/monitor.o
 .data          0x40000148        0x0 ARM Flash Debug/printf-stdarg.o
 .data          0x40000148        0x8 ARM Flash Debug/leds.o
 .data          0x40000150        0x1 ARM Flash Debug/tcs3414.o
 .data          0x40000151        0x0 ARM Flash Debug/mmc.o
 .data          0x40000151        0x0 ARM Flash Debug/ssp.o
 .data          0x40000151        0x0 ARM Flash Debug/Lcd204_4.o
 *fill*         0x40000151        0x3 00
 .data          0x40000154        0xc ARM Flash Debug/logging.o
 .data          0x40000160       0x18 ARM Flash Debug/meas_sm.o
 .data          0x40000178       0x10 ARM Flash Debug/meas_task.o
 .data          0x40000188        0x0 ARM Flash Debug/crt0.o
 .data          0x40000188        0x0 ARM Flash Debug/Philips_LPC210X_Startup.o
 .data          0x40000188        0x0 ARM Flash Debug/LPC210x.o
 .data          0x40000188        0x0 ARM Flash Debug/VIC.o
 .data          0x40000188        0x0 ARM Flash Debug/VIC_irq_handler.o
 .data          0x40000188        0x4 ARM Flash Debug/portISR.o
                0x40000188                ulCriticalNesting
 .data          0x4000018c        0x0 ARM Flash Debug/port.o
 .data          0x4000018c        0x0 ARM Flash Debug/heap_2.o
 .data          0x4000018c        0x4 ARM Flash Debug/tasks.o
                0x4000018c                uxPreviousTask
 .data          0x40000190        0x0 ARM Flash Debug/queue.o
 .data          0x40000190        0x0 ARM Flash Debug/list.o
 .data          0x40000190        0x1 ARM Flash Debug/disk.o
 .data          0x40000191        0x0 ARM Flash Debug/ff.o
 .data          0x40000191        0x0 C:/Users/lukas/AppData/Local/Rowley Associates Limited/CrossWorks for ARM/packages/lib/liblpc2000_v4t_a_le.a(liblpc2000_lpc21xx_get_cclk.o)
 .data          0x40000191        0x0 C:/Users/lukas/AppData/Local/Rowley Associates Limited/CrossWorks for ARM/packages/lib/liblpc2000_v4t_a_le.a(liblpc2000_lpc21xx_get_pclk.o)
 .data          0x40000191        0x0 C:/Program Files/Rowley Associates Limited/CrossWorks for ARM 2.0/lib/libm_v4t_a_le.a(__int32_to_float32.o)
 .data          0x40000191        0x0 C:/Program Files/Rowley Associates Limited/CrossWorks for ARM 2.0/lib/libm_v4t_a_le.a(__int32_to_float64.o)
 .data          0x40000191        0x0 C:/Program Files/Rowley Associates Limited/CrossWorks for ARM 2.0/lib/libm_v4t_a_le.a(__uint32_to_float32.o)
 .data          0x40000191        0x0 C:/Program Files/Rowley Associates Limited/CrossWorks for ARM 2.0/lib/libm_v4t_a_le.a(__float32_to_int32.o)
 .data          0x40000191        0x0 C:/Program Files/Rowley Associates Limited/CrossWorks for ARM 2.0/lib/libm_v4t_a_le.a(__float32_to_uint32.o)
 .data          0x40000191        0x0 C:/Program Files/Rowley Associates Limited/CrossWorks for ARM 2.0/lib/libm_v4t_a_le.a(__float64_to_int32.o)
 .data          0x40000191        0x0 C:/Program Files/Rowley Associates Limited/CrossWorks for ARM 2.0/lib/libm_v4t_a_le.a(__float32_mul.o)
 .data          0x40000191        0x0 C:/Program Files/Rowley Associates Limited/CrossWorks for ARM 2.0/lib/libm_v4t_a_le.a(__float32_div.o)
 .data          0x40000191        0x0 C:/Program Files/Rowley Associates Limited/CrossWorks for ARM 2.0/lib/libm_v4t_a_le.a(log.o)
 .data          0x40000191        0x0 C:/Program Files/Rowley Associates Limited/CrossWorks for ARM 2.0/lib/libm_v4t_a_le.a(__float64_add.o)
 .data          0x40000191        0x0 C:/Program Files/Rowley Associates Limited/CrossWorks for ARM 2.0/lib/libm_v4t_a_le.a(__float64_mul.o)
 .data          0x40000191        0x0 C:/Program Files/Rowley Associates Limited/CrossWorks for ARM 2.0/lib/libm_v4t_a_le.a(__float64_div.o)
 .data          0x40000191        0x0 C:/Program Files/Rowley Associates Limited/CrossWorks for ARM 2.0/lib/libm_v4t_a_le.a(__float64_cmp.o)
 .data          0x40000191        0x0 C:/Program Files/Rowley Associates Limited/CrossWorks for ARM 2.0/lib/libm_v4t_a_le.a(__float64_isnan.o)
 .data          0x40000191        0x0 C:/Program Files/Rowley Associates Limited/CrossWorks for ARM 2.0/lib/libm_v4t_a_le.a(__float64_infinity.o)
 .data          0x40000191        0x0 C:/Program Files/Rowley Associates Limited/CrossWorks for ARM 2.0/lib/libm_v4t_a_le.a(__float64_nan.o)
 .data          0x40000191        0x0 C:/Program Files/Rowley Associates Limited/CrossWorks for ARM 2.0/lib/libm_v4t_a_le.a(__poly1_eval.o)
 .data          0x40000191        0x0 C:/Program Files/Rowley Associates Limited/CrossWorks for ARM 2.0/lib/libm_v4t_a_le.a(__poly_eval.o)
 .data          0x40000191        0x0 C:/Program Files/Rowley Associates Limited/CrossWorks for ARM 2.0/lib/libm_v4t_a_le.a(frexp.o)
 .data          0x40000191        0x0 C:/Program Files/Rowley Associates Limited/CrossWorks for ARM 2.0/lib/libm_v4t_a_le.a(ldexp.o)
 .data          0x40000191        0x0 C:/Program Files/Rowley Associates Limited/CrossWorks for ARM 2.0/lib/libc_v4t_a_le.a(__int32_umod.o)
 .data          0x40000191        0x0 C:/Program Files/Rowley Associates Limited/CrossWorks for ARM 2.0/lib/libc_v4t_a_le.a(__int32_div.o)
 .data          0x40000191        0x0 C:/Program Files/Rowley Associates Limited/CrossWorks for ARM 2.0/lib/libc_v4t_a_le.a(__int32_udivmod.o)
 .data          0x40000191        0x0 C:/Program Files/Rowley Associates Limited/CrossWorks for ARM 2.0/lib/libc_v4t_a_le.a(strlen.o)
 .data          0x40000191        0x0 C:/Program Files/Rowley Associates Limited/CrossWorks for ARM 2.0/lib/libc_v4t_a_le.a(memcpy.o)
 .data          0x40000191        0x0 C:/Program Files/Rowley Associates Limited/CrossWorks for ARM 2.0/lib/libc_v4t_a_le.a(memset.o)
 .data          0x40000191        0x0 C:/Program Files/Rowley Associates Limited/CrossWorks for ARM 2.0/lib/libc_v4t_a_le.a(strcpy.o)
 .data          0x40000191        0x0 C:/Program Files/Rowley Associates Limited/CrossWorks for ARM 2.0/lib/libc_v4t_a_le.a(strcmp.o)
 .data          0x40000191        0x0 C:/Program Files/Rowley Associates Limited/CrossWorks for ARM 2.0/lib/libc_v4t_a_le.a(memcmp.o)
 .data          0x40000191        0x0 C:/Program Files/Rowley Associates Limited/CrossWorks for ARM 2.0/lib/libc_v4t_a_le.a(strcat.o)
 .data          0x40000191        0x0 C:/Program Files/Rowley Associates Limited/CrossWorks for ARM 2.0/lib/libc_v4t_a_le.a(strncmp.o)
 .data          0x40000191        0x0 C:/Program Files/Rowley Associates Limited/CrossWorks for ARM 2.0/lib/libc_v4t_a_le.a(strncpy.o)
 .data          0x40000191        0x0 C:/Program Files/Rowley Associates Limited/CrossWorks for ARM 2.0/lib/libc_v4t_a_le.a(ctype.o)
 .data          0x40000191        0x0 C:/Program Files/Rowley Associates Limited/CrossWorks for ARM 2.0/lib/libc_v4t_a_le.a(malloc.o)
 *fill*         0x40000191        0x3 00
 .data.libc     0x40000194        0x4 C:/Program Files/Rowley Associates Limited/CrossWorks for ARM 2.0/lib/libc_v4t_a_le.a(malloc.o)
 .data          0x40000198        0x0 C:/Program Files/Rowley Associates Limited/CrossWorks for ARM 2.0/lib/libc_v4t_a_le.a(atoi.o)
 .data          0x40000198        0x0 C:/Program Files/Rowley Associates Limited/CrossWorks for ARM 2.0/lib/libc_v4t_a_le.a(time.o)
 .data          0x40000198        0x0 C:/Program Files/Rowley Associates Limited/CrossWorks for ARM 2.0/lib/libc_v4t_a_le.a(asctime.o)
 .data          0x40000198        0x0 C:/Program Files/Rowley Associates Limited/CrossWorks for ARM 2.0/lib/libc_v4t_a_le.a(strftime.o)
 .data          0x40000198        0x0 C:/Program Files/Rowley Associates Limited/CrossWorks for ARM 2.0/lib/libc_v4t_a_le.a(div.o)
 .data          0x40000198        0x0 C:/Program Files/Rowley Associates Limited/CrossWorks for ARM 2.0/lib/libc_v4t_a_le.a(strtol.o)
 .data          0x40000198        0x0 C:/Program Files/Rowley Associates Limited/CrossWorks for ARM 2.0/lib/libc_v4t_a_le.a(ldiv.o)
 .data          0x40000198        0x0 C:/Program Files/Rowley Associates Limited/CrossWorks for ARM 2.0/lib/libc_v4t_a_le.a(__int32_mod.o)
 .data          0x40000198        0x0 C:/Program Files/Rowley Associates Limited/CrossWorks for ARM 2.0/lib/libc_v4t_a_le.a(__strtoul.o)
 .data          0x40000198        0x0 C:/Program Files/Rowley Associates Limited/CrossWorks for ARM 2.0/lib/libc_v4t_a_le.a(__digit.o)
 .data          0x40000198        0x0 C:/Program Files/Rowley Associates Limited/CrossWorks for ARM 2.0/lib/libdebugio_v4t_a_le.a(debug_printf.o)
 .data          0x40000198        0x0 C:/Program Files/Rowley Associates Limited/CrossWorks for ARM 2.0/lib/libc_targetio_impl_v4t_a_le.a(putchar.o)
 .data          0x40000198        0x0 C:/Program Files/Rowley Associates Limited/CrossWorks for ARM 2.0/lib/libc_user_libc_v4t_a_le.a(user_libc.o)
 .data          0x40000198        0x0 C:/Program Files/Rowley Associates Limited/CrossWorks for ARM 2.0/lib/libdebugio_dcc_v4t_a_le.a(dcc_debug_operations.o)
 .data          0x40000198        0x0 C:/Program Files/Rowley Associates Limited/CrossWorks for ARM 2.0/lib/libdebugio_dcc_v4t_a_le.a(libarmdi_dcc_write.o)
 .data          0x40000198        0x0 C:/Program Files/Rowley Associates Limited/CrossWorks for ARM 2.0/lib/libdebugio_dcc_v4t_a_le.a(libarm_run_dcc_port_server.o)
 .data          0x40000198        0x0 C:/Program Files/Rowley Associates Limited/CrossWorks for ARM 2.0/lib/libdebugio_dcc_v4t_a_le.a(libarmdi_dcc_read.o)
                0x40000198                __data_end__ = (__data_start__ + SIZEOF (.data))
                0x0001c910                __data_load_end__ = (__data_load_start__ + SIZEOF (.data))
                0x00000001                . = ASSERT ((((__data_load_start__ + SIZEOF (.data)) >= __FLASH_segment_start__) && ((__data_load_start__ + SIZEOF (.data)) <= (__FLASH_segment_start__ + 0x80000))), error: .data is too large to fit in FLASH memory segment)

.data_run       0x4000003c      0x15c load address 0x0001c7b4
                0x4000003c                __data_run_start__ = .
                0x40000198                . = MAX ((__data_run_start__ + SIZEOF (.data)), .)
 *fill*         0x4000003c      0x15c 00
                0x40000198                __data_run_end__ = (__data_run_start__ + SIZEOF (.data_run))
                0x40000198                __data_run_load_end__ = __data_run_end__
                0x00000001                . = ASSERT (((__data_run_end__ >= __SRAM_segment_start__) && (__data_run_end__ <= (__SRAM_segment_start__ + 0x8000))), error: .data_run is too large to fit in SRAM memory segment)
                0x40000198                __bss_load_start__ = ALIGN (__data_run_end__, 0x4)

.bss            0x40000198     0x547c
                0x40000198                __bss_start__ = .
 *(.bss .bss.* .gnu.linkonce.b.*)
 .bss           0x40000198       0x30 ARM Flash Debug/main.o
 .bss           0x400001c8        0x0 ARM Flash Debug/adc.o
 .bss           0x400001c8        0x0 ARM Flash Debug/cpu.o
 .bss           0x400001c8        0x4 ARM Flash Debug/i2c.o
                0x400001c8                i2cErrno
 .bss           0x400001cc       0x60 ARM Flash Debug/i2cInt.o
 .bss           0x4000022c        0x0 ARM Flash Debug/pwm.o
 .bss           0x4000022c        0x0 ARM Flash Debug/spi.o
 .bss           0x4000022c        0xc ARM Flash Debug/uart0.o
 .bss           0x40000238        0xc ARM Flash Debug/uart0ISR.o
 .bss           0x40000244        0xc ARM Flash Debug/uart1.o
 .bss           0x40000250        0xc ARM Flash Debug/uart1ISR.o
 .bss           0x4000025c       0x34 ARM Flash Debug/usbcontrol.o
 .bss           0x40000290        0x8 ARM Flash Debug/usbinit.o
 .bss           0x40000298       0x48 ARM Flash Debug/usbISR.o
 .bss           0x400002e0        0xc ARM Flash Debug/usbstdreq.o
 .bss           0x400002ec       0x58 ARM Flash Debug/usbser.o
 .bss           0x40000344        0x0 ARM Flash Debug/rtc.o
 .bss           0x40000344        0x4 ARM Flash Debug/rtcISR.o
 .bss           0x40000348        0x0 ARM Flash Debug/reset.o
 .bss           0x40000348        0x0 ARM Flash Debug/eint0.o
 .bss           0x40000348        0x0 ARM Flash Debug/eint0ISR.o
 .bss           0x40000348        0x0 ARM Flash Debug/eint2.o
 .bss           0x40000348        0x0 ARM Flash Debug/eint2ISR.o
 .bss           0x40000348        0x0 ARM Flash Debug/eint3.o
 .bss           0x40000348       0x2c ARM Flash Debug/eint3ISR.o
                0x40000370                count
 .bss           0x40000374        0x0 ARM Flash Debug/eint1.o
 .bss           0x40000374        0x0 ARM Flash Debug/eint1ISR.o
 .bss           0x40000374        0x0 ARM Flash Debug/beep.o
 .bss           0x40000374       0x2c ARM Flash Debug/timer.o
 .bss           0x400003a0        0x0 ARM Flash Debug/dac.o
 .bss           0x400003a0        0x0 ARM Flash Debug/args.o
 .bss           0x400003a0        0x0 ARM Flash Debug/argsdispatch.o
 .bss           0x400003a0      0x3d8 ARM Flash Debug/monitor.o
                0x400005e8                activeCommandList
 .bss           0x40000778        0x0 ARM Flash Debug/printf-stdarg.o
 .bss           0x40000778        0x0 ARM Flash Debug/leds.o
 .bss           0x40000778        0x1 ARM Flash Debug/tcs3414.o
 *fill*         0x40000779        0x3 00
 .bss           0x4000077c       0x2c ARM Flash Debug/mmc.o
 .bss           0x400007a8        0x0 ARM Flash Debug/ssp.o
 .bss           0x400007a8        0x0 ARM Flash Debug/Lcd204_4.o
 .bss           0x400007a8      0x258 ARM Flash Debug/logging.o
 .bss           0x40000a00       0x30 ARM Flash Debug/meas_sm.o
 .bss           0x40000a30       0x20 ARM Flash Debug/meas_task.o
 .bss           0x40000a50        0x0 ARM Flash Debug/crt0.o
 .bss           0x40000a50        0x0 ARM Flash Debug/Philips_LPC210X_Startup.o
 .bss           0x40000a50        0x4 ARM Flash Debug/LPC210x.o
 .bss           0x40000a54       0x80 ARM Flash Debug/VIC.o
 .bss           0x40000ad4        0x0 ARM Flash Debug/VIC_irq_handler.o
 .bss           0x40000ad4        0x0 ARM Flash Debug/portISR.o
 .bss           0x40000ad4        0x0 ARM Flash Debug/port.o
 .bss           0x40000ad4     0x4018 ARM Flash Debug/heap_2.o
 .bss           0x40004aec       0x34 ARM Flash Debug/tasks.o
                0x40004aec                pxCurrentTCB
                0x40004af0                uxTasksDeleted
                0x40004af4                uxCurrentNumberOfTasks
                0x40004af8                xTickCount
                0x40004afc                uxTopUsedPriority
                0x40004b00                uxTopReadyPriority
                0x40004b04                xSchedulerRunning
                0x40004b08                uxSchedulerSuspended
                0x40004b0c                uxMissedTicks
                0x40004b10                xMissedYield
                0x40004b14                xNumOfOverflows
                0x40004b18                uxTaskNumber
                0x40004b1c                xTracing
 .bss           0x40004b20        0x0 ARM Flash Debug/queue.o
 .bss           0x40004b20        0x0 ARM Flash Debug/list.o
 .bss           0x40004b20        0xc ARM Flash Debug/disk.o
 .bss           0x40004b2c        0x8 ARM Flash Debug/ff.o
 .bss           0x40004b34        0x0 C:/Users/lukas/AppData/Local/Rowley Associates Limited/CrossWorks for ARM/packages/lib/liblpc2000_v4t_a_le.a(liblpc2000_lpc21xx_get_cclk.o)
 .bss           0x40004b34        0x0 C:/Users/lukas/AppData/Local/Rowley Associates Limited/CrossWorks for ARM/packages/lib/liblpc2000_v4t_a_le.a(liblpc2000_lpc21xx_get_pclk.o)
 .bss           0x40004b34        0x0 C:/Program Files/Rowley Associates Limited/CrossWorks for ARM 2.0/lib/libm_v4t_a_le.a(__int32_to_float32.o)
 .bss           0x40004b34        0x0 C:/Program Files/Rowley Associates Limited/CrossWorks for ARM 2.0/lib/libm_v4t_a_le.a(__int32_to_float64.o)
 .bss           0x40004b34        0x0 C:/Program Files/Rowley Associates Limited/CrossWorks for ARM 2.0/lib/libm_v4t_a_le.a(__uint32_to_float32.o)
 .bss           0x40004b34        0x0 C:/Program Files/Rowley Associates Limited/CrossWorks for ARM 2.0/lib/libm_v4t_a_le.a(__float32_to_int32.o)
 .bss           0x40004b34        0x0 C:/Program Files/Rowley Associates Limited/CrossWorks for ARM 2.0/lib/libm_v4t_a_le.a(__float32_to_uint32.o)
 .bss           0x40004b34        0x0 C:/Program Files/Rowley Associates Limited/CrossWorks for ARM 2.0/lib/libm_v4t_a_le.a(__float64_to_int32.o)
 .bss           0x40004b34        0x0 C:/Program Files/Rowley Associates Limited/CrossWorks for ARM 2.0/lib/libm_v4t_a_le.a(__float32_mul.o)
 .bss           0x40004b34        0x0 C:/Program Files/Rowley Associates Limited/CrossWorks for ARM 2.0/lib/libm_v4t_a_le.a(__float32_div.o)
 .bss           0x40004b34        0x0 C:/Program Files/Rowley Associates Limited/CrossWorks for ARM 2.0/lib/libm_v4t_a_le.a(log.o)
 .bss           0x40004b34        0x0 C:/Program Files/Rowley Associates Limited/CrossWorks for ARM 2.0/lib/libm_v4t_a_le.a(__float64_add.o)
 .bss           0x40004b34        0x0 C:/Program Files/Rowley Associates Limited/CrossWorks for ARM 2.0/lib/libm_v4t_a_le.a(__float64_mul.o)
 .bss           0x40004b34        0x0 C:/Program Files/Rowley Associates Limited/CrossWorks for ARM 2.0/lib/libm_v4t_a_le.a(__float64_div.o)
 .bss           0x40004b34        0x0 C:/Program Files/Rowley Associates Limited/CrossWorks for ARM 2.0/lib/libm_v4t_a_le.a(__float64_cmp.o)
 .bss           0x40004b34        0x0 C:/Program Files/Rowley Associates Limited/CrossWorks for ARM 2.0/lib/libm_v4t_a_le.a(__float64_isnan.o)
 .bss           0x40004b34        0x0 C:/Program Files/Rowley Associates Limited/CrossWorks for ARM 2.0/lib/libm_v4t_a_le.a(__float64_infinity.o)
 .bss           0x40004b34        0x0 C:/Program Files/Rowley Associates Limited/CrossWorks for ARM 2.0/lib/libm_v4t_a_le.a(__float64_nan.o)
 .bss           0x40004b34        0x0 C:/Program Files/Rowley Associates Limited/CrossWorks for ARM 2.0/lib/libm_v4t_a_le.a(__poly1_eval.o)
 .bss           0x40004b34        0x0 C:/Program Files/Rowley Associates Limited/CrossWorks for ARM 2.0/lib/libm_v4t_a_le.a(__poly_eval.o)
 .bss           0x40004b34        0x0 C:/Program Files/Rowley Associates Limited/CrossWorks for ARM 2.0/lib/libm_v4t_a_le.a(frexp.o)
 .bss           0x40004b34        0x0 C:/Program Files/Rowley Associates Limited/CrossWorks for ARM 2.0/lib/libm_v4t_a_le.a(ldexp.o)
 .bss           0x40004b34        0x0 C:/Program Files/Rowley Associates Limited/CrossWorks for ARM 2.0/lib/libc_v4t_a_le.a(__int32_umod.o)
 .bss           0x40004b34        0x0 C:/Program Files/Rowley Associates Limited/CrossWorks for ARM 2.0/lib/libc_v4t_a_le.a(__int32_div.o)
 .bss           0x40004b34        0x0 C:/Program Files/Rowley Associates Limited/CrossWorks for ARM 2.0/lib/libc_v4t_a_le.a(__int32_udivmod.o)
 .bss           0x40004b34        0x0 C:/Program Files/Rowley Associates Limited/CrossWorks for ARM 2.0/lib/libc_v4t_a_le.a(strlen.o)
 .bss           0x40004b34        0x0 C:/Program Files/Rowley Associates Limited/CrossWorks for ARM 2.0/lib/libc_v4t_a_le.a(memcpy.o)
 .bss           0x40004b34        0x0 C:/Program Files/Rowley Associates Limited/CrossWorks for ARM 2.0/lib/libc_v4t_a_le.a(memset.o)
 .bss           0x40004b34        0x0 C:/Program Files/Rowley Associates Limited/CrossWorks for ARM 2.0/lib/libc_v4t_a_le.a(strcpy.o)
 .bss           0x40004b34        0x0 C:/Program Files/Rowley Associates Limited/CrossWorks for ARM 2.0/lib/libc_v4t_a_le.a(strcmp.o)
 .bss           0x40004b34        0x0 C:/Program Files/Rowley Associates Limited/CrossWorks for ARM 2.0/lib/libc_v4t_a_le.a(memcmp.o)
 .bss           0x40004b34        0x0 C:/Program Files/Rowley Associates Limited/CrossWorks for ARM 2.0/lib/libc_v4t_a_le.a(strcat.o)
 .bss           0x40004b34        0x0 C:/Program Files/Rowley Associates Limited/CrossWorks for ARM 2.0/lib/libc_v4t_a_le.a(strncmp.o)
 .bss           0x40004b34        0x0 C:/Program Files/Rowley Associates Limited/CrossWorks for ARM 2.0/lib/libc_v4t_a_le.a(strncpy.o)
 .bss           0x40004b34        0x0 C:/Program Files/Rowley Associates Limited/CrossWorks for ARM 2.0/lib/libc_v4t_a_le.a(ctype.o)
 .bss           0x40004b34        0x0 C:/Program Files/Rowley Associates Limited/CrossWorks for ARM 2.0/lib/libc_v4t_a_le.a(malloc.o)
 .bss           0x40004b34        0x0 C:/Program Files/Rowley Associates Limited/CrossWorks for ARM 2.0/lib/libc_v4t_a_le.a(atoi.o)
 .bss           0x40004b34        0x0 C:/Program Files/Rowley Associates Limited/CrossWorks for ARM 2.0/lib/libc_v4t_a_le.a(time.o)
 .bss.libc      0x40004b34       0x24 C:/Program Files/Rowley Associates Limited/CrossWorks for ARM 2.0/lib/libc_v4t_a_le.a(time.o)
 .bss           0x40004b58        0x0 C:/Program Files/Rowley Associates Limited/CrossWorks for ARM 2.0/lib/libc_v4t_a_le.a(asctime.o)
 .bss.libc      0x40004b58       0x1c C:/Program Files/Rowley Associates Limited/CrossWorks for ARM 2.0/lib/libc_v4t_a_le.a(asctime.o)
 .bss           0x40004b74        0x0 C:/Program Files/Rowley Associates Limited/CrossWorks for ARM 2.0/lib/libc_v4t_a_le.a(strftime.o)
 .bss           0x40004b74        0x0 C:/Program Files/Rowley Associates Limited/CrossWorks for ARM 2.0/lib/libc_v4t_a_le.a(div.o)
 .bss           0x40004b74        0x0 C:/Program Files/Rowley Associates Limited/CrossWorks for ARM 2.0/lib/libc_v4t_a_le.a(strtol.o)
 .bss           0x40004b74        0x0 C:/Program Files/Rowley Associates Limited/CrossWorks for ARM 2.0/lib/libc_v4t_a_le.a(ldiv.o)
 .bss           0x40004b74        0x0 C:/Program Files/Rowley Associates Limited/CrossWorks for ARM 2.0/lib/libc_v4t_a_le.a(__int32_mod.o)
 .bss           0x40004b74        0x0 C:/Program Files/Rowley Associates Limited/CrossWorks for ARM 2.0/lib/libc_v4t_a_le.a(__strtoul.o)
 .bss           0x40004b74        0x0 C:/Program Files/Rowley Associates Limited/CrossWorks for ARM 2.0/lib/libc_v4t_a_le.a(__digit.o)
 .bss           0x40004b74        0x0 C:/Program Files/Rowley Associates Limited/CrossWorks for ARM 2.0/lib/libdebugio_v4t_a_le.a(debug_printf.o)
 .bss           0x40004b74        0x0 C:/Program Files/Rowley Associates Limited/CrossWorks for ARM 2.0/lib/libc_targetio_impl_v4t_a_le.a(putchar.o)
 .bss           0x40004b74        0x0 C:/Program Files/Rowley Associates Limited/CrossWorks for ARM 2.0/lib/libc_user_libc_v4t_a_le.a(user_libc.o)
 .bss.libc      0x40004b74        0x4 C:/Program Files/Rowley Associates Limited/CrossWorks for ARM 2.0/lib/libc_user_libc_v4t_a_le.a(user_libc.o)
 .bss           0x40004b78        0x0 C:/Program Files/Rowley Associates Limited/CrossWorks for ARM 2.0/lib/libdebugio_dcc_v4t_a_le.a(dcc_debug_operations.o)
 .bss           0x40004b78        0x0 C:/Program Files/Rowley Associates Limited/CrossWorks for ARM 2.0/lib/libdebugio_dcc_v4t_a_le.a(libarmdi_dcc_write.o)
 .bss           0x40004b78        0x0 C:/Program Files/Rowley Associates Limited/CrossWorks for ARM 2.0/lib/libdebugio_dcc_v4t_a_le.a(libarm_run_dcc_port_server.o)
 .bss           0x40004b78        0x0 C:/Program Files/Rowley Associates Limited/CrossWorks for ARM 2.0/lib/libdebugio_dcc_v4t_a_le.a(libarmdi_dcc_read.o)
 *(COMMON)
 COMMON         0x40004b78      0x91c ARM Flash Debug/main.o
                0x40004b78                Fatfs
                0x40004da8                ts
                0x40004dac                LOG_ITEM_STATE
                0x40004db0                FileAllTimeLog
                0x40004fd4                FileContLog
                0x400051f8                FileDayLog
                0x4000541c                xSemaphoreSDCard
                0x40005420                slog_entry_item
                0x40005428                buf
                0x40005440                measure_timestamp
                0x4000544c                meas_op_item
                0x40005474                taskHandles
                0x40005490                log_file
 COMMON         0x40005494       0x1e ARM Flash Debug/logging.o
                0x40005494                time_buf
 *fill*         0x400054b2        0x2 00
 COMMON         0x400054b4      0x110 ARM Flash Debug/tasks.o
                0x400054b4                pxReadyTasksLists
                0x40005518                xPendingReadyList
                0x4000552c                pcTraceBuffer
                0x40005530                xSuspendedTaskList
                0x40005544                pxDelayedTaskList
                0x40005548                pxOverflowDelayedTaskList
                0x4000554c                pcTraceBufferEnd
                0x40005550                pcTraceBufferStart
                0x40005554                xDelayedTaskList1
                0x40005568                xTasksWaitingTermination
                0x4000557c                pcStatusString
                0x400055b0                xDelayedTaskList2
 COMMON         0x400055c4       0x50 ARM Flash Debug/queue.o
                0x400055c4                xQueueRegistry
                0x40005614                __bss_end__ = (__bss_start__ + SIZEOF (.bss))
                0x40005614                __bss_load_end__ = __bss_end__
                0x00000001                . = ASSERT (((__bss_end__ >= __SRAM_segment_start__) && (__bss_end__ <= (__SRAM_segment_start__ + 0x8000))), error: .bss is too large to fit in SRAM memory segment)
                0x40005614                __non_init_load_start__ = ALIGN (__bss_end__, 0x4)

.non_init       0x40005614        0x0
                0x40005614                __non_init_start__ = .
 *(.non_init .non_init.*)
                0x40005614                __non_init_end__ = (__non_init_start__ + SIZEOF (.non_init))
                0x40005614                __non_init_load_end__ = __non_init_end__
                0x00000001                . = ASSERT (((__non_init_end__ >= __SRAM_segment_start__) && (__non_init_end__ <= (__SRAM_segment_start__ + 0x8000))), error: .non_init is too large to fit in SRAM memory segment)
                0x40005614                __heap_load_start__ = ALIGN (__non_init_end__, 0x4)

.heap           0x40005614      0x400
                0x40005614                __heap_start__ = .
 *(.heap .heap.*)
 .heap          0x40005614        0x0 ARM Flash Debug/crt0.o
                0x40005a14                . = ALIGN (MAX ((__heap_start__ + __HEAPSIZE__), .), 0x4)
 *fill*         0x40005614      0x400 00
                0x40005a14                __heap_end__ = (__heap_start__ + SIZEOF (.heap))
                0x40005a14                __heap_load_end__ = __heap_end__
                0x00000001                . = ASSERT (((__heap_end__ >= __SRAM_segment_start__) && (__heap_end__ <= (__SRAM_segment_start__ + 0x8000))), error: .heap is too large to fit in SRAM memory segment)
                0x40005a14                __stack_load_start__ = ALIGN (__heap_end__, 0x4)

.stack          0x40005a14      0x400
                0x40005a14                __stack_start__ = .
 *(.stack .stack.*)
 .stack         0x40005a14        0x0 ARM Flash Debug/crt0.o
                0x40005e14                . = ALIGN (MAX ((__stack_start__ + __STACKSIZE__), .), 0x4)
 *fill*         0x40005a14      0x400 00
                0x40005e14                __stack_end__ = (__stack_start__ + SIZEOF (.stack))
                0x40005e14                __stack_load_end__ = __stack_end__
                0x00000001                . = ASSERT (((__stack_end__ >= __SRAM_segment_start__) && (__stack_end__ <= (__SRAM_segment_start__ + 0x8000))), error: .stack is too large to fit in SRAM memory segment)
                0x40005e14                __stack_irq_load_start__ = ALIGN (__stack_end__, 0x4)

.stack_irq      0x40005e14      0x400
                0x40005e14                __stack_irq_start__ = .
 *(.stack_irq .stack_irq.*)
 .stack_irq     0x40005e14        0x0 ARM Flash Debug/crt0.o
                0x40006214                . = ALIGN (MAX ((__stack_irq_start__ + __STACKSIZE_IRQ__), .), 0x4)
 *fill*         0x40005e14      0x400 00
                0x40006214                __stack_irq_end__ = (__stack_irq_start__ + SIZEOF (.stack_irq))
                0x40006214                __stack_irq_load_end__ = __stack_irq_end__
                0x00000001                . = ASSERT (((__stack_irq_end__ >= __SRAM_segment_start__) && (__stack_irq_end__ <= (__SRAM_segment_start__ + 0x8000))), error: .stack_irq is too large to fit in SRAM memory segment)
                0x40006214                __stack_fiq_load_start__ = ALIGN (__stack_irq_end__, 0x4)

.stack_fiq      0x40006214       0x20
                0x40006214                __stack_fiq_start__ = .
 *(.stack_fiq .stack_fiq.*)
 .stack_fiq     0x40006214        0x0 ARM Flash Debug/crt0.o
                0x40006234                . = ALIGN (MAX ((__stack_fiq_start__ + __STACKSIZE_FIQ__), .), 0x4)
 *fill*         0x40006214       0x20 00
                0x40006234                __stack_fiq_end__ = (__stack_fiq_start__ + SIZEOF (.stack_fiq))
                0x40006234                __stack_fiq_load_end__ = __stack_fiq_end__
                0x00000001                . = ASSERT (((__stack_fiq_end__ >= __SRAM_segment_start__) && (__stack_fiq_end__ <= (__SRAM_segment_start__ + 0x8000))), error: .stack_fiq is too large to fit in SRAM memory segment)
                0x40006234                __stack_svc_load_start__ = ALIGN (__stack_fiq_end__, 0x4)

.stack_svc      0x40006234      0x100
                0x40006234                __stack_svc_start__ = .
 *(.stack_svc .stack_svc.*)
 .stack_svc     0x40006234        0x0 ARM Flash Debug/crt0.o
                0x40006334                . = ALIGN (MAX ((__stack_svc_start__ + __STACKSIZE_SVC__), .), 0x4)
 *fill*         0x40006234      0x100 00
                0x40006334                __stack_svc_end__ = (__stack_svc_start__ + SIZEOF (.stack_svc))
                0x40006334                __stack_svc_load_end__ = __stack_svc_end__
                0x00000001                . = ASSERT (((__stack_svc_end__ >= __SRAM_segment_start__) && (__stack_svc_end__ <= (__SRAM_segment_start__ + 0x8000))), error: .stack_svc is too large to fit in SRAM memory segment)
                0x40006334                __stack_abt_load_start__ = ALIGN (__stack_svc_end__, 0x4)

.stack_abt      0x40006334        0x8
                0x40006334                __stack_abt_start__ = .
 *(.stack_abt .stack_abt.*)
 .stack_abt     0x40006334        0x0 ARM Flash Debug/crt0.o
                0x4000633c                . = ALIGN (MAX ((__stack_abt_start__ + __STACKSIZE_ABT__), .), 0x4)
 *fill*         0x40006334        0x8 00
                0x4000633c                __stack_abt_end__ = (__stack_abt_start__ + SIZEOF (.stack_abt))
                0x4000633c                __stack_abt_load_end__ = __stack_abt_end__
                0x00000001                . = ASSERT (((__stack_abt_end__ >= __SRAM_segment_start__) && (__stack_abt_end__ <= (__SRAM_segment_start__ + 0x8000))), error: .stack_abt is too large to fit in SRAM memory segment)
                0x4000633c                __stack_und_load_start__ = ALIGN (__stack_abt_end__, 0x4)

.stack_und      0x4000633c        0x8
                0x4000633c                __stack_und_start__ = .
 *(.stack_und .stack_und.*)
 .stack_und     0x4000633c        0x0 ARM Flash Debug/crt0.o
                0x40006344                . = ALIGN (MAX ((__stack_und_start__ + __STACKSIZE_UND__), .), 0x4)
 *fill*         0x4000633c        0x8 00
                0x40006344                __stack_und_end__ = (__stack_und_start__ + SIZEOF (.stack_und))
                0x40006344                __stack_und_load_end__ = __stack_und_end__
                0x00000001                . = ASSERT (((__stack_und_end__ >= __SRAM_segment_start__) && (__stack_und_end__ <= (__SRAM_segment_start__ + 0x8000))), error: .stack_und is too large to fit in SRAM memory segment)
                0x40006344                __tbss_load_start__ = ALIGN (__stack_und_end__, 0x4)

.tbss           0x40006344        0x0
                0x40006344                __tbss_start__ = .
 *(.tbss .tbss.*)
                0x40006344                __tbss_end__ = (__tbss_start__ + SIZEOF (.tbss))
                0x40006344                __tbss_load_end__ = __tbss_end__
                0x00000001                . = ASSERT (((__tbss_end__ >= __SRAM_segment_start__) && (__tbss_end__ <= (__SRAM_segment_start__ + 0x8000))), error: .tbss is too large to fit in SRAM memory segment)
                0x0001c910                __tdata_load_start__ = ALIGN ((__data_load_start__ + SIZEOF (.data)), 0x4)

.tdata          0x40006344        0x0 load address 0x0001c910
                0x40006344                __tdata_start__ = .
 *(.tdata .tdata.*)
                0x40006344                __tdata_end__ = (__tdata_start__ + SIZEOF (.tdata))
                0x0001c910                __tdata_load_end__ = (__tdata_load_start__ + SIZEOF (.tdata))
                0x0001c910                __FLASH_segment_used_end__ = (ALIGN ((__data_load_start__ + SIZEOF (.data)), 0x4) + SIZEOF (.tdata))
                0x00000001                . = ASSERT ((((__tdata_load_start__ + SIZEOF (.tdata)) >= __FLASH_segment_start__) && ((__tdata_load_start__ + SIZEOF (.tdata)) <= (__FLASH_segment_start__ + 0x80000))), error: .tdata is too large to fit in FLASH memory segment)

.tdata_run      0x40006344        0x0
                0x40006344                __tdata_run_start__ = .
                0x40006344                . = MAX ((__tdata_run_start__ + SIZEOF (.tdata)), .)
                0x40006344                __tdata_run_end__ = (__tdata_run_start__ + SIZEOF (.tdata_run))
                0x40006344                __tdata_run_load_end__ = __tdata_run_end__
                0x40006344                __SRAM_segment_used_end__ = (ALIGN (__tbss_end__, 0x4) + SIZEOF (.tdata_run))
                0x00000001                . = ASSERT (((__tdata_run_end__ >= __SRAM_segment_start__) && (__tdata_run_end__ <= (__SRAM_segment_start__ + 0x8000))), error: .tdata_run is too large to fit in SRAM memory segment)
START GROUP
LOAD ARM Flash Debug/main.o
LOAD ARM Flash Debug/adc.o
LOAD ARM Flash Debug/cpu.o
LOAD ARM Flash Debug/i2c.o
LOAD ARM Flash Debug/i2cInt.o
LOAD ARM Flash Debug/pwm.o
LOAD ARM Flash Debug/spi.o
LOAD ARM Flash Debug/uart0.o
LOAD ARM Flash Debug/uart0ISR.o
LOAD ARM Flash Debug/uart1.o
LOAD ARM Flash Debug/uart1ISR.o
LOAD ARM Flash Debug/usbcontrol.o
LOAD ARM Flash Debug/usbinit.o
LOAD ARM Flash Debug/usbISR.o
LOAD ARM Flash Debug/usbstdreq.o
LOAD ARM Flash Debug/usbser.o
LOAD ARM Flash Debug/rtc.o
LOAD ARM Flash Debug/rtcISR.o
LOAD ARM Flash Debug/reset.o
LOAD ARM Flash Debug/eint0.o
LOAD ARM Flash Debug/eint0ISR.o
LOAD ARM Flash Debug/eint2.o
LOAD ARM Flash Debug/eint2ISR.o
LOAD ARM Flash Debug/eint3.o
LOAD ARM Flash Debug/eint3ISR.o
LOAD ARM Flash Debug/eint1.o
LOAD ARM Flash Debug/eint1ISR.o
LOAD ARM Flash Debug/beep.o
LOAD ARM Flash Debug/timer.o
LOAD ARM Flash Debug/dac.o
LOAD ARM Flash Debug/args.o
LOAD ARM Flash Debug/argsdispatch.o
LOAD ARM Flash Debug/monitor.o
LOAD ARM Flash Debug/printf-stdarg.o
LOAD ARM Flash Debug/leds.o
LOAD ARM Flash Debug/tcs3414.o
LOAD ARM Flash Debug/mmc.o
LOAD ARM Flash Debug/ssp.o
LOAD ARM Flash Debug/Lcd204_4.o
LOAD ARM Flash Debug/logging.o
LOAD ARM Flash Debug/meas_sm.o
LOAD ARM Flash Debug/meas_task.o
LOAD ARM Flash Debug/crt0.o
LOAD ARM Flash Debug/Philips_LPC210X_Startup.o
LOAD ARM Flash Debug/LPC210x.o
LOAD ARM Flash Debug/VIC.o
LOAD ARM Flash Debug/VIC_irq_handler.o
LOAD ARM Flash Debug/portISR.o
LOAD ARM Flash Debug/port.o
LOAD ARM Flash Debug/heap_2.o
LOAD ARM Flash Debug/tasks.o
LOAD ARM Flash Debug/queue.o
LOAD ARM Flash Debug/list.o
LOAD ARM Flash Debug/disk.o
LOAD ARM Flash Debug/ff.o
LOAD C:/Users/lukas/AppData/Local/Rowley Associates Limited/CrossWorks for ARM/packages/lib/liblpc2000_v4t_a_le.a
LOAD C:/Program Files/Rowley Associates Limited/CrossWorks for ARM 2.0/lib/libarm_v4t_a_le.a
LOAD C:/Program Files/Rowley Associates Limited/CrossWorks for ARM 2.0/lib/libdebugio_dcc_v4t_a_le.a
LOAD C:/Program Files/Rowley Associates Limited/CrossWorks for ARM 2.0/lib/libm_v4t_a_le.a
LOAD C:/Program Files/Rowley Associates Limited/CrossWorks for ARM 2.0/lib/libc_v4t_a_le.a
LOAD C:/Program Files/Rowley Associates Limited/CrossWorks for ARM 2.0/lib/libcpp_v4t_a_le.a
LOAD C:/Program Files/Rowley Associates Limited/CrossWorks for ARM 2.0/lib/libdebugio_v4t_a_le.a
LOAD C:/Program Files/Rowley Associates Limited/CrossWorks for ARM 2.0/lib/libc_targetio_impl_v4t_a_le.a
LOAD C:/Program Files/Rowley Associates Limited/CrossWorks for ARM 2.0/lib/lib_vfprintf_long_v4t_a_le.a
LOAD C:/Program Files/Rowley Associates Limited/CrossWorks for ARM 2.0/lib/lib_vfscanf_long_v4t_a_le.a
LOAD C:/Program Files/Rowley Associates Limited/CrossWorks for ARM 2.0/lib/libc_user_libc_v4t_a_le.a
END GROUP
OUTPUT(ARM Flash Debug/FreeRTOS_2148.elf elf32-littlearm)

.debug_abbrev   0x00000000     0x482f
 .debug_abbrev  0x00000000      0x1e0 ARM Flash Debug/main.o
 .debug_abbrev  0x000001e0       0xc8 ARM Flash Debug/adc.o
 .debug_abbrev  0x000002a8       0xaf ARM Flash Debug/cpu.o
 .debug_abbrev  0x00000357      0x13f ARM Flash Debug/i2c.o
 .debug_abbrev  0x00000496      0x1c3 ARM Flash Debug/i2cInt.o
 .debug_abbrev  0x00000659       0xf5 ARM Flash Debug/pwm.o
 .debug_abbrev  0x0000074e       0xf5 ARM Flash Debug/spi.o
 .debug_abbrev  0x00000843      0x130 ARM Flash Debug/uart0.o
 .debug_abbrev  0x00000973      0x12c ARM Flash Debug/uart0ISR.o
 .debug_abbrev  0x00000a9f      0x130 ARM Flash Debug/uart1.o
 .debug_abbrev  0x00000bcf      0x12c ARM Flash Debug/uart1ISR.o
 .debug_abbrev  0x00000cfb      0x174 ARM Flash Debug/usbcontrol.o
 .debug_abbrev  0x00000e6f       0xfe ARM Flash Debug/usbinit.o
 .debug_abbrev  0x00000f6d      0x212 ARM Flash Debug/usbISR.o
 .debug_abbrev  0x0000117f      0x159 ARM Flash Debug/usbstdreq.o
 .debug_abbrev  0x000012d8      0x1e6 ARM Flash Debug/usbser.o
 .debug_abbrev  0x000014be      0x271 ARM Flash Debug/rtc.o
 .debug_abbrev  0x0000172f      0x136 ARM Flash Debug/rtcISR.o