Archive member included because of file (symbol)

C:/Users/lukas/AppData/Local/Rowley Associates Limited/CrossWorks for ARM/packages/lib/liblpc2000_v4t_a_le.a(liblpc2000_lpc21xx_get_cclk.o)
                              ARM Flash Release/LPC210x.o (liblpc2000_lpc21xx_get_cclk)
C:/Users/lukas/AppData/Local/Rowley Associates Limited/CrossWorks for ARM/packages/lib/liblpc2000_v4t_a_le.a(liblpc2000_lpc21xx_get_pclk.o)
                              ARM Flash Release/LPC210x.o (liblpc2000_lpc21xx_get_pclk)
C:/Program Files/Rowley Associates Limited/CrossWorks for ARM 2.0/lib/libm_v4t_a_le.a(__int32_to_float32.o)
                              ARM Flash Release/logging.o (__floatsisf)
C:/Program Files/Rowley Associates Limited/CrossWorks for ARM 2.0/lib/libm_v4t_a_le.a(__int32_to_float64.o)
                              ARM Flash Release/meas_sm.o (__floatsidf)
C:/Program Files/Rowley Associates Limited/CrossWorks for ARM 2.0/lib/libm_v4t_a_le.a(__uint32_to_float64.o)
                              ARM Flash Release/timer.o (__floatunsidf)
C:/Program Files/Rowley Associates Limited/CrossWorks for ARM 2.0/lib/libm_v4t_a_le.a(__float32_to_int32.o)
                              ARM Flash Release/logging.o (__fixsfsi)
C:/Program Files/Rowley Associates Limited/CrossWorks for ARM 2.0/lib/libm_v4t_a_le.a(__float32_to_uint32.o)
                              ARM Flash Release/logging.o (__fixunssfsi)
C:/Program Files/Rowley Associates Limited/CrossWorks for ARM 2.0/lib/libm_v4t_a_le.a(__float64_to_int32.o)
                              ARM Flash Release/meas_sm.o (__fixdfsi)
C:/Program Files/Rowley Associates Limited/CrossWorks for ARM 2.0/lib/libm_v4t_a_le.a(__float32_to_float64.o)
                              ARM Flash Release/logging.o (__extendsfdf2)
C:/Program Files/Rowley Associates Limited/CrossWorks for ARM 2.0/lib/libm_v4t_a_le.a(__float32_add.o)
                              ARM Flash Release/logging.o (__subsf3)
C:/Program Files/Rowley Associates Limited/CrossWorks for ARM 2.0/lib/libm_v4t_a_le.a(__float32_mul.o)
                              ARM Flash Release/logging.o (__mulsf3)
C:/Program Files/Rowley Associates Limited/CrossWorks for ARM 2.0/lib/libm_v4t_a_le.a(__float32_div.o)
                              ARM Flash Release/logging.o (__divsf3)
C:/Program Files/Rowley Associates Limited/CrossWorks for ARM 2.0/lib/libm_v4t_a_le.a(__float32_cmp.o)
                              ARM Flash Release/logging.o (__nesf2)
C:/Program Files/Rowley Associates Limited/CrossWorks for ARM 2.0/lib/libm_v4t_a_le.a(log.o)
                              ARM Flash Release/logging.o (log)
C:/Program Files/Rowley Associates Limited/CrossWorks for ARM 2.0/lib/libm_v4t_a_le.a(__float64_add.o)
                              C:/Program Files/Rowley Associates Limited/CrossWorks for ARM 2.0/lib/libm_v4t_a_le.a(log.o) (__subdf3)
C:/Program Files/Rowley Associates Limited/CrossWorks for ARM 2.0/lib/libm_v4t_a_le.a(__float64_mul.o)
                              C:/Program Files/Rowley Associates Limited/CrossWorks for ARM 2.0/lib/libm_v4t_a_le.a(log.o) (__muldf3)
C:/Program Files/Rowley Associates Limited/CrossWorks for ARM 2.0/lib/libm_v4t_a_le.a(__float64_div.o)
                              C:/Program Files/Rowley Associates Limited/CrossWorks for ARM 2.0/lib/libm_v4t_a_le.a(log.o) (__divdf3)
C:/Program Files/Rowley Associates Limited/CrossWorks for ARM 2.0/lib/libm_v4t_a_le.a(__float64_cmp.o)
                              C:/Program Files/Rowley Associates Limited/CrossWorks for ARM 2.0/lib/libm_v4t_a_le.a(log.o) (__eqdf2)
C:/Program Files/Rowley Associates Limited/CrossWorks for ARM 2.0/lib/libm_v4t_a_le.a(__float64_isnan.o)
                              C:/Program Files/Rowley Associates Limited/CrossWorks for ARM 2.0/lib/libm_v4t_a_le.a(log.o) (__float64_isnan)
C:/Program Files/Rowley Associates Limited/CrossWorks for ARM 2.0/lib/libm_v4t_a_le.a(__float64_infinity.o)
                              C:/Program Files/Rowley Associates Limited/CrossWorks for ARM 2.0/lib/libm_v4t_a_le.a(log.o) (__float64_infinity)
C:/Program Files/Rowley Associates Limited/CrossWorks for ARM 2.0/lib/libm_v4t_a_le.a(__float64_nan.o)
                              C:/Program Files/Rowley Associates Limited/CrossWorks for ARM 2.0/lib/libm_v4t_a_le.a(log.o) (__float64_nan)
C:/Program Files/Rowley Associates Limited/CrossWorks for ARM 2.0/lib/libm_v4t_a_le.a(__poly1_eval.o)
                              C:/Program Files/Rowley Associates Limited/CrossWorks for ARM 2.0/lib/libm_v4t_a_le.a(log.o) (__poly1_eval)
C:/Program Files/Rowley Associates Limited/CrossWorks for ARM 2.0/lib/libm_v4t_a_le.a(__poly_eval.o)
                              C:/Program Files/Rowley Associates Limited/CrossWorks for ARM 2.0/lib/libm_v4t_a_le.a(log.o) (__poly_eval)
C:/Program Files/Rowley Associates Limited/CrossWorks for ARM 2.0/lib/libm_v4t_a_le.a(frexp.o)
[...]
Memory Configuration

Name             Origin             Length             Attributes
UNPLACED_SECTIONS 0xffffffff         0x00000000         xw
AHB_Peripherals  0xffe00000         0x00200000         xw
APB_Peripherals  0xe0000000         0x00200000         xw
USB_DMA_RAM      0x7fd00000         0x00002000         xw
SRAM             0x40000000         0x00008000         xw
FLASH            0x00000000         0x00080000         xr
*default*        0x00000000         0xffffffff

Linker script and memory map

                0xffe00000                __AHB_Peripherals_segment_start__ = 0xffe00000
                0x00000000                __AHB_Peripherals_segment_end__ = 0x0
                0xe0000000                __APB_Peripherals_segment_start__ = 0xe0000000
                0xe0200000                __APB_Peripherals_segment_end__ = 0xe0200000
                0x7fd00000                __USB_DMA_RAM_segment_start__ = 0x7fd00000
                0x7fd02000                __USB_DMA_RAM_segment_end__ = 0x7fd02000
                0x40000000                __SRAM_segment_start__ = 0x40000000
                0x40008000                __SRAM_segment_end__ = 0x40008000
                0x00000000                __FLASH_segment_start__ = 0x0
                0x00080000                __FLASH_segment_end__ = 0x80000
                0x00000400                __STACKSIZE__ = 0x400
                0x00000400                __STACKSIZE_IRQ__ = 0x400
                0x00000020                __STACKSIZE_FIQ__ = 0x20
                0x00000100                __STACKSIZE_SVC__ = 0x100
                0x00000008                __STACKSIZE_ABT__ = 0x8
                0x00000008                __STACKSIZE_UND__ = 0x8
                0x00000400                __HEAPSIZE__ = 0x400
                0x40000000                __vectors_ram_load_start__ = __SRAM_segment_start__

.vectors_ram    0x40000000       0x3c
                0x40000000                __vectors_ram_start__ = .
 *(.vectors_ram .vectors_ram.*)
                0x4000003c                . = MAX ((__vectors_ram_start__ + 0x3c), .)
 *fill*         0x40000000       0x3c 00
                0x4000003c                __vectors_ram_end__ = (__vectors_ram_start__ + SIZEOF (.vectors_ram))
                0x4000003c                __vectors_ram_load_end__ = __vectors_ram_end__
                0x00000001                . = ASSERT (((__vectors_ram_end__ >= __SRAM_segment_start__) && (__vectors_ram_end__ <= (__SRAM_segment_start__ + 0x8000))), error: .vectors_ram is too large to fit in SRAM memory segment)
                0x00000000                __vectors_load_start__ = __FLASH_segment_start__

.vectors        0x00000000       0x38
                0x00000000                __vectors_start__ = .
 *(.vectors .vectors.*)
 .vectors       0x00000000       0x38 ARM Flash Release/Philips_LPC210X_Startup.o
                0x00000000                _vectors
                0x00000038                __vectors_end__ = (__vectors_start__ + SIZEOF (.vectors))
                0x00000038                __vectors_load_end__ = __vectors_end__
                0x00000001                . = ASSERT (((__vectors_end__ >= __FLASH_segment_start__) && (__vectors_end__ <= (__FLASH_segment_start__ + 0x80000))), error: .vectors is too large to fit in FLASH memory segment)
                0x00000038                __init_load_start__ = ALIGN (__vectors_end__, 0x4)

.init           0x00000038      0x260
                0x00000038                __init_start__ = .
 *(.init .init.*)
 *fill*         0x00000038        0x8 00
 .init          0x00000040      0x1d0 ARM Flash Release/crt0.o
                0x00000040                _start
                0x00000040                __start
 .init          0x00000210       0x88 ARM Flash Release/Philips_LPC210X_Startup.o
                0x00000210                reset_handler
                0x0000027c                undef_handler
                0x00000284                pabort_handler
                0x00000288                dabort_handler
                0x0000028c                fiq_handler
                0x00000298                __init_end__ = (__init_start__ + SIZEOF (.init))
                0x00000298                __init_load_end__ = __init_end__
                0x00000001                . = ASSERT (((__init_end__ >= __FLASH_segment_start__) && (__init_end__ <= (__FLASH_segment_start__ + 0x80000))), error: .init is too large to fit in FLASH memory segment)
                0x00000298                __text_load_start__ = ALIGN (__init_end__, 0x4)

.text           0x00000298    0x183c8
                0x00000298                __text_start__ = .
 *(.text .text.* .glue_7t .glue_7 .gnu.linkonce.t.* .gcc_except_table)
 .glue_7        0x00000000        0x0 linker stubs
 .glue_7t       0x00000000        0x0 linker stubs
 .text          0x00000298       0xd8 ARM Flash Release/main.o
                0x00000298                vApplicationStackOverflowHook
                0x0000029c                __putchar
                0x000002b8                main
 .text          0x00000370      0x3cc ARM Flash Release/adc.o
                0x00000370                adcRead0_1
                0x000003d0                adcRead0_2
                0x00000430                adcRead0_3
                0x00000490                adcRead1_1
                0x000004f0                adcRead1_6
                0x00000550                adcRead1_7
                0x000005b0                adcInit0_1
                0x000005f4                adcInit0_2
                0x00000638                adcInit0_3
                0x0000067c                adcInit1_1
                0x000006bc                adcInit1_6
                0x000006fc                adcInit1_7
 .text          0x0000073c       0xd8 ARM Flash Release/cpu.o
                0x0000073c                cpuSetupHardware
                0x000007ec                cpuPLLDisable
 .text          0x00000814       0x60 ARM Flash Release/i2c.o
                0x00000814                i2cGetErrno
                0x00000824                i2cStrerror
 .text          0x00000874      0x9b0 ARM Flash Release/i2cInt.o
                0x00000cb4                i2cInit
                0x00000de0                i2cSetTimeout
                0x00000f54                i2cWriteReadBuffer
                0x00000f9c                i2cReadBuffer
                0x00000fe8                i2cWriteBuffer
                0x00001128                i2cWriteReadBufferPoll
                0x00001174                i2cWriteBufferPoll
                0x000011c0                i2cDump
 .text          0x00001224      0x1a4 ARM Flash Release/pwm.o
                0x00001224                pwmDutyCycle
                0x0000128c                pwmPulseWidthInMicroseconds
                0x000012c4                pwmFrequency
                0x0000133c                pwmInit
 .text          0x000013c8       0x9c ARM Flash Release/spi.o
                0x000013c8                spiInit
                0x00001430                spiPut
 .text          0x00001464      0x2ac ARM Flash Release/uart0.o
                0x00001464                uart0Deinit
                0x00001498                uart0GetRxQueue
                0x000014ac                uart0GetChar
                0x000014e0                uart0PutChar
                0x000015a4                uart0PutString
                0x000015ec                uart0Init
 .text          0x00001710      0x290 ARM Flash Release/uart0ISR.o
                0x00001710                uart0ISRCreateQueues
                0x000018f0                uart0ISR
 .text          0x000019a0      0x2ac ARM Flash Release/uart1.o
                0x000019a0                uart1Deinit
                0x000019d4                uart1GetRxQueue
                0x000019e8                uart1GetChar
                0x00001a1c                uart1PutChar
                0x00001ae0                uart1PutString
                0x00001b28                uart1Init
 .text          0x00001c4c      0x290 ARM Flash Release/uart1ISR.o
                0x00001c4c                uart1ISRCreateQueues
                0x00001e2c                uart1ISR
 .text          0x00001edc      0x21c ARM Flash Release/usbcontrol.o
                0x00001f10                usbRegisterRequestHandler
                0x00001f88                usbHandleControlTransfer
 .text          0x000020f8       0x74 ARM Flash Release/usbinit.o
                0x000020fc                usbRegisterHandlers
 .text          0x0000216c      0x6c0 ARM Flash Release/usbISR.o
                0x0000223c                usbHardwareEndpointConfig
                0x00002294                usbHardwareRegisterEPIntHandler
                0x000022d8                usbHardwareRegisterDevIntHandler
                0x000022fc                usbHardwareRegisterFrameHandler
                0x00002320                usbHardwareSetAddress
                0x00002340                usbHardwareConnect
                0x0000235c                usbHardwareNakIntEnable
                0x00002374                usbHardwareEndpointIsStalled
                0x00002398                usbHardwareEndpointStall
                0x000023c4                usbHardwareEndpointWrite
                0x00002464                usbHardwareEndpointRead
                0x00002518                usbHardwareConfigDevice
                0x00002534                usbSetupInterruptHandler
                0x00002564                usbHardwareInit
                0x00002638                usbISR
 .text          0x0000282c      0x354 ARM Flash Release/usbstdreq.o
                0x0000282c                usbRegisterDescriptors
                0x0000283c                usbGetDescriptor
                0x000028c8                usbRegisterCustomReqHandler
                0x000028d8                usbHandleStandardRequest
 .text          0x00002b80      0x388 ARM Flash Release/usbser.o
                0x00002b80                usbserGetRxQueue
                0x00002bbc                usbserInit
                0x00002df4                usbserGetChar
                0x00002e3c                usbserPutChar
                0x00002e98                usbserPutString
 .text          0x00002f08      0x8e0 ARM Flash Release/rtc.o
                0x00002f08                rtcSetAlarm
                0x00002fac                rtcSetAlarmCIIR
                0x00003000                rtcPeriodicAlarm
                0x00003088                rtcIs5minInt
                0x0000309c                getMonthLength
                0x00003294                getRtcRead
                0x000032a8                rtcGetEpochSecondsLuk
                0x000032d4                rtcGetEpochSeconds
                0x00003430                time
                0x00003444                rtcGetAlarmTm
                0x0000352c                rtcGetAlarmEpochSeconds
                0x0000354c                rtcSetEpochSeconds
                0x0000362c                rtcInit
 .text          0x000037e8      0x39c ARM Flash Release/rtcISR.o
                0x000037e8                rtcISRInit
                0x00003ad4                rtcISR
 .text          0x00003b84       0x28 ARM Flash Release/reset.o
                0x00003b84                reset
 .text          0x00003bac       0xa4 ARM Flash Release/eint0.o
                0x00003bac                eint0Deinit
                0x00003bd0                eint0Init
 .text          0x00003c50       0xc4 ARM Flash Release/eint0ISR.o
                0x00003c50                eint0ISR
 .text          0x00003d14       0xa4 ARM Flash Release/eint2.o
                0x00003d14                eint2Deinit
                0x00003d38                eint2Init
 .text          0x00003db8       0xd8 ARM Flash Release/eint2ISR.o
                0x00003de0                eint2ISR
 .text          0x00003e90       0xa8 ARM Flash Release/eint3.o
                0x00003e90                eint3Deinit
                0x00003eb8                eint3Init
 .text          0x00003f38      0x168 ARM Flash Release/eint3ISR.o
                0x00003f38                eint3ISR
 .text          0x000040a0       0xa0 ARM Flash Release/eint1.o
                0x000040a0                eint1Deinit
                0x000040c4                eint1Init
 .text          0x00004140      0x108 ARM Flash Release/eint1ISR.o
                0x00004140                eint1ISR
 .text          0x00004248      0x174 ARM Flash Release/beep.o
                0x00004248                beepOn
                0x000042d0                beepOff
                0x00004368                beepA_TEAM_THEME
                0x00004384                beepSMOTW
                0x000043a0                beepMHALL
 .text          0x000043bc      0x1f0 ARM Flash Release/timer.o
                0x000043bc                timer0Init
                0x000043d4                timer1Init
                0x000043ec                capture00Init
                0x000043f0                timer1FlowRateStart
                0x0000440c                timer1FlowRateContinue
                0x00004420                timer1FlowRateStop
                0x00004450                timer1ISR
                0x00004518                timer1FlowRateInit
 .text          0x000045ac       0x90 ARM Flash Release/dac.o
                0x000045ac                dacInit
                0x000045d4                dacSet
                0x00004610                dacSetMV
 .text          0x0000463c      0x2d4 ARM Flash Release/args.o
                0x0000463c                argsParse
                0x000047a8                argsGetLine
 .text          0x00004910      0x11c ARM Flash Release/argsdispatch.o
                0x00004910                argsDispatch
 .text          0x00004a2c     0x16c4 ARM Flash Release/monitor.o
                0x00004a44                monitorTaskStart
                0x00006088                get_fattime
 .text          0x000060f0      0x524 ARM Flash Release/printf-stdarg.o
                0x000060f0                write
                0x0000657c                snprintf
                0x000065b0                sprintf
                0x000065e4                printf
 .text          0x00006614      0x124 ARM Flash Release/leds.o
                0x00006614                ledsSetDelay
                0x0000662c                ledsGetDelay
                0x0000663c                ledsTaskStop
                0x00006690                ledsTaskStart
 .text          0x00006738      0x22c ARM Flash Release/tcs3414.o
                0x0000673c                tcs3414TaskStart
                0x000067e0                tcs3414GetICRevision
                0x00006804                tcs3414GetColour
                0x00006918                tcs3414Init
 .text          0x00006964      0x984 ARM Flash Release/mmc.o
                0x00006964                mmcWriteProtect
                0x00006974                mmcDecodeCSD
                0x0000698c                mmcDumpCSD
                0x000069a4                mmcCardPresent
                0x00006b80                mmcVerify
                0x00006cc0                mmcReadCardInfo
                0x00006d9c                mmcInitMedia
                0x000070e8                mmcWrite
                0x000071f0                mmcRead
                0x000072cc                mmcWaitReady
 .text          0x000072e8      0x3b0 ARM Flash Release/ssp.o
                0x000072e8                sspHardwareCardPresent
                0x00007304                sspHardwareWriteProtected
                0x00007330                sspChipSelect
                0x000073c0                sspSetClockFreq
                0x00007414                sspInit
                0x000074cc                sspTransferByte
                0x00007514                sspWaitReady
                0x00007548                sspSendBlock
                0x0000759c                sspReceiveBlock
                0x00007650                sspDelay1ms
 .text          0x00007698      0x790 ARM Flash Release/Lcd204_4.o
                0x00007698                delay_us
                0x000076b4                delay
                0x00007700                write_lcd
                0x00007a00                write_byte_lcd
                0x00007a50                blink_lcd
                0x00007ac8                init_screenpool
                0x00007acc                lcdTaskStop
                0x00007b00                lcdTaskStart
                0x00007b4c                init_system
                0x00007bfc                clear_lcd
                0x00007c1c                init_lcd
                0x00007d64                printf_lcd
 .text          0x00007e28      0xc3c ARM Flash Release/logging.o
                0x00007e28                setWsPrice
                0x00007e38                incr_SumFlowvolume
                0x00007e7c                init_daysLogging
                0x00007e90                incr_daysLogging
                0x00007eb4                b_itoab
                0x00007f84                luk_strcpy
                0x00007fa4                nrOfDigits
                0x00007fd8                updateCDayLogEntryItem
                0x00008084                fillSlogEntryItem
                0x000080dc                feedLCD
                0x000085f8                getDateTime
                0x0000864c                fs_init
                0x0000869c                appendToLog
                0x0000877c                initLog
                0x000087f8                trackLogTaskStop
                0x0000882c                trackLogTaskStart
                0x00008878                getLogFilename
                0x00008918                trackLog
 .text          0x00008a64      0x5cc ARM Flash Release/meas_sm.o
                0x00008a64                set_measure
                0x00008a78                clr_measure
                0x00008a8c                get_measure
                0x00008a9c                set_trackLog
                0x00008ab0                clr_trackLog
                0x00008ac4                get_trackLog
                0x00008ad4                get_pumpLastControlSignalOn
                0x00008af0                clr_pumpLastControlSignalOn
                0x00008b04                getMeasure_timestamp_diff
                0x00008b20                clr_valuesReceived
                0x00008b34                set_valuesReceived
                0x00008b48                valuesReceived
                0x00008b58                stopMeasure
                0x00008b6c                startMeasure
                0x00008b80                get_FlowCount
                0x00008ba4                incr_FlowCount
                0x00008bf4                clr_FlowCount
                0x00008c20                initFlowrateSensor
                0x00008c58                updateMeasure_timestamp
                0x00008c94                set_pumpLastControlSignalOn
                0x00008cbc                MeasSMTaskStop
                0x00008cf0                measSMTaskStart
                0x00008d3c                meas_sm
 .text          0x00009030      0x22c ARM Flash Release/meas_task.o
                0x00009030                meas_task_init
                0x00009070                measTaskStop
                0x000090a4                measTaskStart
                0x000090f0                doMeasure
                0x0000919c                meas_winddirection
 .text          0x0000925c        0x0 ARM Flash Release/crt0.o
 .text          0x0000925c        0x0 ARM Flash Release/Philips_LPC210X_Startup.o
 .text          0x0000925c       0xc8 ARM Flash Release/LPC210x.o
                0x0000928c                ctl_get_ticks_per_second
                0x00009294                ctl_start_timer
 .text          0x00009324      0x1b0 ARM Flash Release/VIC.o
                0x00009324                ctl_set_isr
                0x000094a4                ctl_unmask_isr
                0x000094bc                ctl_mask_isr
 .text          0x000094d4       0x44 ARM Flash Release/VIC_irq_handler.o
                0x000094d4                irq_handler
 .text          0x00009518      0x22c ARM Flash Release/portISR.o
                0x00009518                vPortISRStartFirstTask
                0x00009564                vTickISR
                0x00009624                vPortEnterCritical
                0x00009650                vPortExitCritical
                0x00009698                swi_handler
 .text          0x00009744      0x18c ARM Flash Release/port.o
                0x00009744                pxPortInitialiseStack
                0x00009850                vPortEndScheduler
                0x00009854                xPortStartScheduler
 .text          0x000098d0      0x1b4 ARM Flash Release/heap_2.o
                0x000098d0                xPortGetFreeHeapSize
                0x000098e0                vPortInitialiseBlocks
                0x000098e4                vPortFree
                0x00009948                pvPortMalloc
 .text          0x00009a84     0x1410 ARM Flash Release/tasks.o
                0x00009a84                xTaskIsTaskSuspended
                0x00009ac0                vTaskSuspendAll
                0x00009ad8                uxTaskGetNumberOfTasks
                0x00009ae8                vTaskSetTimeOutState
                0x00009b04                vTaskMissedYield
                0x00009b18                usTaskCheckFreeStackSpace
                0x00009b4c                uxTaskGetStackHighWaterMark
                0x00009b70                xTaskGetCurrentTaskHandle
                0x00009b80                vTaskPriorityDisinherit
                0x00009bf4                vTaskPriorityInherit
                0x00009ca8                xTaskRemoveFromEventList
                0x00009d58                vTaskIncrementTick
                0x00009e64                xTaskResumeFromISR
                0x00009f0c                prvDeleteTCB
                0x00009f2c                prvListTaskWithinSingleList
                0x00009fe8                prvAllocateTCBAndStack
                0x0000a044                xTaskCheckForTimeOut
                0x0000a0e0                ulTaskEndTrace
                0x0000a120                vTaskStartTrace
                0x0000a178                xTaskGetTickCount
                0x0000a19c                xTaskResumeAll
                0x0000a2e0                vTaskList
                0x0000a3f4                prvCheckTasksWaitingTermination
                0x0000a480                prvIdleTask
                0x0000a490                vTaskResume
                0x0000a52c                vTaskSuspend
                0x0000a5a8                vTaskPrioritySet
                0x0000a698                uxTaskPriorityGet
                0x0000a6c8                vTaskDelete
                0x0000a76c                prvInitialiseTaskLists
                0x0000a7f4                prvInitialiseTCBVariables
                0x0000a84c                vTaskPlaceOnEventList
                0x0000a8f8                vTaskDelay
                0x0000a988                vTaskDelayUntil
                0x0000aa78                vTaskSwitchContext
                0x0000ac64                vTaskEndScheduler
                0x0000ac98                xTaskGenericCreate
                0x0000ae1c                vTaskStartScheduler
 .text          0x0000ae94      0xb54 ARM Flash Release/queue.o
                0x0000ae94                uxQueueMessagesWaitingFromISR
                0x0000ae9c                xQueueIsQueueEmptyFromISR
                0x0000aeac                xQueueIsQueueFullFromISR
                0x0000aec4                vQueueAddToRegistry
                0x0000af10                vQueueDelete
                0x0000af7c                uxQueueMessagesWaiting
                0x0000b03c                xQueueReceiveFromISR
                0x0000b0b4                xQueueAltGenericReceive
                0x0000b2f4                xQueueGenericReceive
                0x0000b4ac                xQueueTakeMutexRecursive
                0x0000b5bc                xQueueGenericSendFromISR
                0x0000b630                xQueueAltGenericSend
                0x0000b738                xQueueGenericSend
                0x0000b884                xQueueGiveMutexRecursive
                0x0000b8d8                xQueueCreateMutex
                0x0000b94c                xQueueCreate
 .text          0x0000b9e8      0x108 ARM Flash Release/list.o
                0x0000b9e8                vListInitialise
                0x0000ba0c                vListInitialiseItem
                0x0000ba18                vListInsertEnd
                0x0000ba50                vListInsert
                0x0000bab0                vListRemove
 .text          0x0000baf0      0x71c ARM Flash Release/dhcpc.o
                0x0000bb14                dhcpc_request
                0x0000be34                dhcpc_appcall
                0x0000c194                dhcpc_init
 .text          0x0000c20c      0x2b4 ARM Flash Release/sntp.o
                0x0000c20c                sntp_appcall
                0x0000c450                sntpSync
 .text          0x0000c4c0      0x604 ARM Flash Release/telnetd.o
                0x0000c4dc                telnetdDisconnect
                0x0000c698                telnetd_appcall
                0x0000c9c4                telnetd_init
                0x0000ca28                telnetdPutChar
 .text          0x0000cac4      0x9c4 ARM Flash Release/httpd.o
                0x0000cac4                httpd_init
                0x0000d36c                httpd_appcall
 .text          0x0000d488      0x448 ARM Flash Release/httpd-cgi.o
                0x0000d498                httpd_cgi
 .text          0x0000d8d0      0x174 ARM Flash Release/httpd-fs.o
                0x0000d944                httpd_fs_open
                0x0000d9c4                httpd_fs_init
                0x0000d9e8                httpd_fs_count
 .text          0x0000da44        0x0 ARM Flash Release/http-strings.o
 .text          0x0000da44      0x88c ARM Flash Release/enc28j60.o
                0x0000dae8                enc28j60WaitForData
                0x0000dc6c                enc28j60Send
                0x0000dde8                enc28j60Deinit
                0x0000de08                enc28j60Init
                0x0000e168                enc28j60Receive
 .text          0x0000e2d0      0x124 ARM Flash Release/memb.o
                0x0000e2d0                memb_alloc
                0x0000e340                memb_free
                0x0000e3bc                memb_init
 .text          0x0000e3f4      0x608 ARM Flash Release/psock.o
                0x0000e48c                psock_datalen
                0x0000e4a4                psock_newdata
                0x0000e4e0                psock_readto
                0x0000e64c                psock_init
                0x0000e688                psock_readbuf
                0x0000e894                psock_generator_send
                0x0000e964                psock_send
 .text          0x0000e9fc     0x1e30 ARM Flash Release/uip.o
                0x0000e9fc                uip_setipid
                0x0000ea0c                uip_init
                0x0000ea78                uip_unlisten
                0x0000eb24                uip_listen
                0x0000ebcc                htons
                0x0000ebe4                uip_connect
                0x0000edac                htonl
                0x0000edd4                uip_iszeroaddr
                0x0000edf4                uip_send
                0x0000ee98                uip_process
                0x000104ec                uip_udp_new
                0x00010658                uip_printstats
 .text          0x0001082c      0x444 ARM Flash Release/uip_arch.o
                0x0001082c                uip_add32
                0x00010998                uip_udpchksum
                0x000109f4                uip_chksum
                0x00010ae0                uip_ipchksum
                0x00010afc                uip_tcpchksum
 .text          0x00010c70      0x768 ARM Flash Release/uip_arp.o
                0x00010e0c                uip_arp_ipin
                0x00010ea4                uip_arp_arpin
                0x00011064                uip_arp_out
                0x000112e0                uip_arp_timer
                0x0001137c                uip_arp_init
 .text          0x000113d8       0x70 ARM Flash Release/uip_timer.o
                0x000113d8                timer_reset
                0x000113e8                timer_expired
                0x00011414                timer_restart
                0x0001142c                timer_set
 .text          0x00011448      0x41c ARM Flash Release/uip-fw.o
                0x00011448                uip_fw_init
                0x00011484                uip_fw_output
                0x000115c4                uip_fw_register
                0x000115dc                uip_fw_default
                0x000115ec                uip_fw_periodic
                0x00011634                uip_fw_forward
 .text          0x00011864       0x98 ARM Flash Release/uiplib.o
                0x00011864                uiplib_ipaddrconv
 .text          0x000118fc      0x1e4 ARM Flash Release/uip-neighbor.o
                0x000118fc                uip_neighbor_init
                0x00011920                uip_neighbor_periodic
                0x000119a0                uip_neighbor_update
                0x000119bc                uip_neighbor_lookup
                0x000119d8                uip_neighbor_add
 .text          0x00011ae0       0x10 ARM Flash Release/clock.o
                0x00011ae0                clock_time
 .text          0x00011af0      0x3d0 ARM Flash Release/uiptask.o
                0x00011af0                uipIsRunning
                0x00011b08                dispatch_tcp_appcall
                0x00011b0c                dispatch_udp_appcall
                0x00011b10                dhcpc_configured
                0x00011b14                uipStop
                0x00011b50                uipStart
                0x00011e88                uipFastPoll
 .text          0x00011ec0      0x3ac ARM Flash Release/disk.o
                0x00011ec0                diskShutdown
                0x00011edc                diskStatus
                0x00011eec                diskErrorText
                0x00011f3c                diskErrorTextPrint
                0x00011f64                diskPresent
                0x00011f74                diskIoctl
                0x000120ec                diskWrite
                0x0001214c                diskRead
                0x00012198                diskInitialize
 .text          0x0001226c     0x2dc8 ARM Flash Release/ff.o
                0x000123e0                f_ferrorlookup
                0x00012430                f_mount
                0x0001248c                f_mkfs
                0x0001348c                f_readdir
                0x00013548                f_lseek
                0x00013740                f_write
                0x000139f0                f_read
                0x000140cc                f_getfree
                0x00014534                f_rename
                0x0001465c                f_chmod
                0x000146ec                f_unlink
                0x00014868                f_stat
                0x000148dc                f_opendir
                0x00014998                f_mkdir
                0x00014c00                f_sync
                0x00014d0c                f_close
                0x00014d2c                f_open
                0x0001500c                f_printerror
 .text          0x00015034        0x0 C:/Users/lukas/AppData/Local/Rowley Associates Limited/CrossWorks for ARM/packages/lib/liblpc2000_v4t_a_le.a(liblpc2000_lpc21xx_get_cclk.o)
 .text.liblpc2000
                0x00015034       0x30 C:/Users/lukas/AppData/Local/Rowley Associates Limited/CrossWorks for ARM/packages/lib/liblpc2000_v4t_a_le.a(liblpc2000_lpc21xx_get_cclk.o)
                0x00015034                liblpc2000_lpc21xx_get_cclk
                0x00015034                liblpc2000_get_cclk
 .text          0x00015064        0x0 C:/Users/lukas/AppData/Local/Rowley Associates Limited/CrossWorks for ARM/packages/lib/liblpc2000_v4t_a_le.a(liblpc2000_lpc21xx_get_pclk.o)
 .text.liblpc2000
                0x00015064       0x2c C:/Users/lukas/AppData/Local/Rowley Associates Limited/CrossWorks for ARM/packages/lib/liblpc2000_v4t_a_le.a(liblpc2000_lpc21xx_get_pclk.o)
                0x00015064                liblpc2000_lpc21xx_get_pclk
                0x00015064                liblpc2000_get_pclk
 .text          0x00015090        0x0 C:/Program Files/Rowley Associates Limited/CrossWorks for ARM 2.0/lib/libm_v4t_a_le.a(__int32_to_float32.o)
 .text.libc     0x00015090       0x70 C:/Program Files/Rowley Associates Limited/CrossWorks for ARM 2.0/lib/libm_v4t_a_le.a(__int32_to_float32.o)
                0x00015090                __int32_to_float32
                0x00015090                __floatsisf
                0x00015090                __aeabi_i2f
                0x000150a4                __int32_to_float32_common
 .text          0x00015100        0x0 C:/Program Files/Rowley Associates Limited/CrossWorks for ARM 2.0/lib/libm_v4t_a_le.a(__int32_to_float64.o)
 .text.libc     0x00015100       0x70 C:/Program Files/Rowley Associates Limited/CrossWorks for ARM 2.0/lib/libm_v4t_a_le.a(__int32_to_float64.o)
                0x00015100                __aeabi_i2d
                0x00015100                __int32_to_float64
                0x00015100                __floatsidf
 .text          0x00015170        0x0 C:/Program Files/Rowley Associates Limited/CrossWorks for ARM 2.0/lib/libm_v4t_a_le.a(__uint32_to_float64.o)
 .text.libc     0x00015170       0x60 C:/Program Files/Rowley Associates Limited/CrossWorks for ARM 2.0/lib/libm_v4t_a_le.a(__uint32_to_float64.o)
                0x00015170                __aeabi_ui2d
                0x00015170                __floatunsidf
                0x00015170                __uint32_to_float64
 .text          0x000151d0        0x0 C:/Program Files/Rowley Associates Limited/CrossWorks for ARM 2.0/lib/libm_v4t_a_le.a(__float32_to_int32.o)
 .text.libc     0x000151d0       0x50 C:/Program Files/Rowley Associates Limited/CrossWorks for ARM 2.0/lib/libm_v4t_a_le.a(__float32_to_int32.o)
                0x000151d0                __float32_to_int32
                0x000151d0                __aeabi_f2iz
                0x000151d0                __fixsfsi
 .text          0x00015220        0x0 C:/Program Files/Rowley Associates Limited/CrossWorks for ARM 2.0/lib/libm_v4t_a_le.a(__float32_to_uint32.o)
 .text.libc     0x00015220       0x40 C:/Program Files/Rowley Associates Limited/CrossWorks for ARM 2.0/lib/libm_v4t_a_le.a(__float32_to_uint32.o)
                0x00015220                __aeabi_f2uiz
                0x00015220                __fixunssfsi
                0x00015220                __float32_to_uint32
 .text          0x00015260        0x0 C:/Program Files/Rowley Associates Limited/CrossWorks for ARM 2.0/lib/libm_v4t_a_le.a(__float64_to_int32.o)
 .text.libc     0x00015260       0x60 C:/Program Files/Rowley Associates Limited/CrossWorks for ARM 2.0/lib/libm_v4t_a_le.a(__float64_to_int32.o)
                0x00015260                __aeabi_d2iz
                0x00015260                __float64_to_int32
                0x00015260                __fixdfsi
 .text          0x000152c0        0x0 C:/Program Files/Rowley Associates Limited/CrossWorks for ARM 2.0/lib/libm_v4t_a_le.a(__float32_to_float64.o)
 .text.libc     0x000152c0       0x40 C:/Program Files/Rowley Associates Limited/CrossWorks for ARM 2.0/lib/libm_v4t_a_le.a(__float32_to_float64.o)
                0x000152c0                __float32_to_float64
                0x000152c0                __aeabi_f2d
                0x000152c0                __extendsfdf2
 .text          0x00015300        0x0 C:/Program Files/Rowley Associates Limited/CrossWorks for ARM 2.0/lib/libm_v4t_a_le.a(__float32_add.o)
 .text.libc     0x00015300      0x1a0 C:/Program Files/Rowley Associates Limited/CrossWorks for ARM 2.0/lib/libm_v4t_a_le.a(__float32_add.o)
                0x00015300                __aeabi_frsub
                0x00015308                __subsf3
                0x00015308                __aeabi_fsub
                0x00015308                __float32_sub
                0x0001530c                __addsf3
                0x0001530c                __float32_add
                0x0001530c                __aeabi_fadd
 .text          0x000154a0        0x0 C:/Program Files/Rowley Associates Limited/CrossWorks for ARM 2.0/lib/libm_v4t_a_le.a(__float32_mul.o)
 .text.libc     0x000154a0      0x100 C:/Program Files/Rowley Associates Limited/CrossWorks for ARM 2.0/lib/libm_v4t_a_le.a(__float32_mul.o)
                0x000154a0                __mulsf3
                0x000154a0                __float32_mul
 .text          0x000155a0        0x0 C:/Program Files/Rowley Associates Limited/CrossWorks for ARM 2.0/lib/libm_v4t_a_le.a(__float32_div.o)
 .text.libc     0x000155a0      0x210 C:/Program Files/Rowley Associates Limited/CrossWorks for ARM 2.0/lib/libm_v4t_a_le.a(__float32_div.o)
                0x000155a0                __float32_div
                0x000155a0                __divsf3
 .text          0x000157b0        0x0 C:/Program Files/Rowley Associates Limited/CrossWorks for ARM 2.0/lib/libm_v4t_a_le.a(__float32_cmp.o)
 .text.libc     0x000157b0       0x50 C:/Program Files/Rowley Associates Limited/CrossWorks for ARM 2.0/lib/libm_v4t_a_le.a(__float32_cmp.o)
                0x000157b0                __nesf2
                0x000157b0                __gtsf2
                0x000157b0                __eqsf2
                0x000157b0                __cmpsf2
                0x000157b0                __ltsf2
                0x000157b0                __gesf2
                0x000157b0                __lesf2
 .text          0x00015800        0x0 C:/Program Files/Rowley Associates Limited/CrossWorks for ARM 2.0/lib/libm_v4t_a_le.a(log.o)
 .text.libc     0x00015800      0x2c0 C:/Program Files/Rowley Associates Limited/CrossWorks for ARM 2.0/lib/libm_v4t_a_le.a(log.o)
                0x00015800                log
 .text          0x00015ac0        0x0 C:/Program Files/Rowley Associates Limited/CrossWorks for ARM 2.0/lib/libm_v4t_a_le.a(__float64_add.o)
 .text.libc     0x00015ac0      0x350 C:/Program Files/Rowley Associates Limited/CrossWorks for ARM 2.0/lib/libm_v4t_a_le.a(__float64_add.o)
                0x00015ac0                __aeabi_drsub
                0x00015ac8                __aeabi_dsub
                0x00015ac8                __float64_sub
                0x00015ac8                __subdf3
                0x00015acc                __aeabi_dadd
                0x00015acc                __float64_add
                0x00015acc                __adddf3
 .text          0x00015e10        0x0 C:/Program Files/Rowley Associates Limited/CrossWorks for ARM 2.0/lib/libm_v4t_a_le.a(__float64_mul.o)
 .text.libc     0x00015e10      0x1b0 C:/Program Files/Rowley Associates Limited/CrossWorks for ARM 2.0/lib/libm_v4t_a_le.a(__float64_mul.o)
                0x00015e10                __muldf3
                0x00015e10                __float64_mul
 .text          0x00015fc0        0x0 C:/Program Files/Rowley Associates Limited/CrossWorks for ARM 2.0/lib/libm_v4t_a_le.a(__float64_div.o)
 .text.libc     0x00015fc0      0x330 C:/Program Files/Rowley Associates Limited/CrossWorks for ARM 2.0/lib/libm_v4t_a_le.a(__float64_div.o)
                0x00015fc0                __divdf3
                0x00015fc0                __float64_div
                0x00015fc0                __aeabi_ddiv
 .text          0x000162f0        0x0 C:/Program Files/Rowley Associates Limited/CrossWorks for ARM 2.0/lib/libm_v4t_a_le.a(__float64_cmp.o)
 .text.libc     0x000162f0       0x70 C:/Program Files/Rowley Associates Limited/CrossWorks for ARM 2.0/lib/libm_v4t_a_le.a(__float64_cmp.o)
                0x000162f0                __eqdf2
                0x000162f0                __gtdf2
                0x000162f0                __ltdf2
                0x000162f0                __ledf2
                0x000162f0                __nedf2
                0x000162f0                __gedf2
                0x000162f0                __cmpdf2
 .text          0x00016360        0x0 C:/Program Files/Rowley Associates Limited/CrossWorks for ARM 2.0/lib/libm_v4t_a_le.a(__float64_isnan.o)
 .text.libc     0x00016360       0x20 C:/Program Files/Rowley Associates Limited/CrossWorks for ARM 2.0/lib/libm_v4t_a_le.a(__float64_isnan.o)
                0x00016360                __float64_isnan
 .text          0x00016380        0x0 C:/Program Files/Rowley Associates Limited/CrossWorks for ARM 2.0/lib/libm_v4t_a_le.a(__float64_infinity.o)
 .text.libc     0x00016380        0x0 C:/Program Files/Rowley Associates Limited/CrossWorks for ARM 2.0/lib/libm_v4t_a_le.a(__float64_infinity.o)
 .text          0x00016380        0x0 C:/Program Files/Rowley Associates Limited/CrossWorks for ARM 2.0/lib/libm_v4t_a_le.a(__float64_nan.o)
 .text.libc     0x00016380        0x0 C:/Program Files/Rowley Associates Limited/CrossWorks for ARM 2.0/lib/libm_v4t_a_le.a(__float64_nan.o)
 .text          0x00016380        0x0 C:/Program Files/Rowley Associates Limited/CrossWorks for ARM 2.0/lib/libm_v4t_a_le.a(__poly1_eval.o)
 .text.libc     0x00016380       0x70 C:/Program Files/Rowley Associates Limited/CrossWorks for ARM 2.0/lib/libm_v4t_a_le.a(__poly1_eval.o)
                0x00016380                __poly1_eval
 .text          0x000163f0        0x0 C:/Program Files/Rowley Associates Limited/CrossWorks for ARM 2.0/lib/libm_v4t_a_le.a(__poly_eval.o)
 .text.libc     0x000163f0       0x5c C:/Program Files/Rowley Associates Limited/CrossWorks for ARM 2.0/lib/libm_v4t_a_le.a(__poly_eval.o)
                0x000163f0                __poly_eval
 .text          0x0001644c        0x0 C:/Program Files/Rowley Associates Limited/CrossWorks for ARM 2.0/lib/libm_v4t_a_le.a(frexp.o)
 .text.libc     0x0001644c       0x60 C:/Program Files/Rowley Associates Limited/CrossWorks for ARM 2.0/lib/libm_v4t_a_le.a(frexp.o)
                0x0001644c                frexp
 .text          0x000164ac        0x0 C:/Program Files/Rowley Associates Limited/CrossWorks for ARM 2.0/lib/libm_v4t_a_le.a(ldexp.o)
 .text.libc     0x000164ac       0x84 C:/Program Files/Rowley Associates Limited/CrossWorks for ARM 2.0/lib/libm_v4t_a_le.a(ldexp.o)
                0x000164ac                ldexp
 .text          0x00016530        0x0 C:/Program Files/Rowley Associates Limited/CrossWorks for ARM 2.0/lib/libc_v4t_a_le.a(__int32_umod.o)
 .text.libc     0x00016530       0x20 C:/Program Files/Rowley Associates Limited/CrossWorks for ARM 2.0/lib/libc_v4t_a_le.a(__int32_umod.o)
                0x00016530                __int32_umod
                0x00016530                __umodsi3
 .text          0x00016550        0x0 C:/Program Files/Rowley Associates Limited/CrossWorks for ARM 2.0/lib/libc_v4t_a_le.a(__int32_div.o)
 .text.libc     0x00016550       0x50 C:/Program Files/Rowley Associates Limited/CrossWorks for ARM 2.0/lib/libc_v4t_a_le.a(__int32_div.o)
                0x00016550                __divsi3
                0x00016550                __int32_div
 .text          0x000165a0        0x0 C:/Program Files/Rowley Associates Limited/CrossWorks for ARM 2.0/lib/libc_v4t_a_le.a(__int32_udivmod.o)
 .text.libc     0x000165a0       0x30 C:/Program Files/Rowley Associates Limited/CrossWorks for ARM 2.0/lib/libc_v4t_a_le.a(__int32_udivmod.o)
                0x000165a0                __int32_udivmod
                0x000165a0                __udivsi3
                0x000165a0                __int32_udiv
 .text          0x000165d0        0x0 C:/Program Files/Rowley Associates Limited/CrossWorks for ARM 2.0/lib/libc_v4t_a_le.a(strlen.o)
 .text.libc     0x000165d0       0x90 C:/Program Files/Rowley Associates Limited/CrossWorks for ARM 2.0/lib/libc_v4t_a_le.a(strlen.o)
                0x000165d0                strlen
 .text          0x00016660        0x0 C:/Program Files/Rowley Associates Limited/CrossWorks for ARM 2.0/lib/libc_v4t_a_le.a(memcpy.o)
 .text.libc     0x00016660       0x60 C:/Program Files/Rowley Associates Limited/CrossWorks for ARM 2.0/lib/libc_v4t_a_le.a(memcpy.o)
                0x00016660                memcpy
 .text          0x000166c0        0x0 C:/Program Files/Rowley Associates Limited/CrossWorks for ARM 2.0/lib/libc_v4t_a_le.a(memset.o)
 .text.libc     0x000166c0       0xa0 C:/Program Files/Rowley Associates Limited/CrossWorks for ARM 2.0/lib/libc_v4t_a_le.a(memset.o)
                0x000166c0                memset
 .text          0x00016760        0x0 C:/Program Files/Rowley Associates Limited/CrossWorks for ARM 2.0/lib/libc_v4t_a_le.a(strcpy.o)
 .text.libc     0x00016760       0x60 C:/Program Files/Rowley Associates Limited/CrossWorks for ARM 2.0/lib/libc_v4t_a_le.a(strcpy.o)
                0x00016760                strcpy
 .text          0x000167c0        0x0 C:/Program Files/Rowley Associates Limited/CrossWorks for ARM 2.0/lib/libc_v4t_a_le.a(strcmp.o)
 .text.libc     0x000167c0       0x70 C:/Program Files/Rowley Associates Limited/CrossWorks for ARM 2.0/lib/libc_v4t_a_le.a(strcmp.o)
                0x000167c0                strcmp
 .text          0x00016830        0x0 C:/Program Files/Rowley Associates Limited/CrossWorks for ARM 2.0/lib/libc_v4t_a_le.a(memcmp.o)
 .text.libc     0x00016830       0x54 C:/Program Files/Rowley Associates Limited/CrossWorks for ARM 2.0/lib/libc_v4t_a_le.a(memcmp.o)
                0x00016830                memcmp
 .text          0x00016884        0x0 C:/Program Files/Rowley Associates Limited/CrossWorks for ARM 2.0/lib/libc_v4t_a_le.a(strcat.o)
 .text.libc     0x00016884       0x3c C:/Program Files/Rowley Associates Limited/CrossWorks for ARM 2.0/lib/libc_v4t_a_le.a(strcat.o)
                0x00016884                strcat
 .text          0x000168c0        0x0 C:/Program Files/Rowley Associates Limited/CrossWorks for ARM 2.0/lib/libc_v4t_a_le.a(strchr.o)
 .text.libc     0x000168c0       0x40 C:/Program Files/Rowley Associates Limited/CrossWorks for ARM 2.0/lib/libc_v4t_a_le.a(strchr.o)
                0x000168c0                strchr
 .text          0x00016900        0x0 C:/Program Files/Rowley Associates Limited/CrossWorks for ARM 2.0/lib/libc_v4t_a_le.a(strncmp.o)
 .text.libc     0x00016900       0x64 C:/Program Files/Rowley Associates Limited/CrossWorks for ARM 2.0/lib/libc_v4t_a_le.a(strncmp.o)
                0x00016900                strncmp
 .text          0x00016964        0x0 C:/Program Files/Rowley Associates Limited/CrossWorks for ARM 2.0/lib/libc_v4t_a_le.a(strncpy.o)
 .text.libc     0x00016964       0x74 C:/Program Files/Rowley Associates Limited/CrossWorks for ARM 2.0/lib/libc_v4t_a_le.a(strncpy.o)
                0x00016964                strncpy
 .text          0x000169d8        0x0 C:/Program Files/Rowley Associates Limited/CrossWorks for ARM 2.0/lib/libc_v4t_a_le.a(strrchr.o)
 .text.libc     0x000169d8       0x44 C:/Program Files/Rowley Associates Limited/CrossWorks for ARM 2.0/lib/libc_v4t_a_le.a(strrchr.o)
                0x000169d8                strrchr
 .text          0x00016a1c        0x0 C:/Program Files/Rowley Associates Limited/CrossWorks for ARM 2.0/lib/libc_v4t_a_le.a(strstr.o)
 .text.libc     0x00016a1c       0x98 C:/Program Files/Rowley Associates Limited/CrossWorks for ARM 2.0/lib/libc_v4t_a_le.a(strstr.o)
                0x00016a1c                strstr
 .text          0x00016ab4        0x0 C:/Program Files/Rowley Associates Limited/CrossWorks for ARM 2.0/lib/libc_v4t_a_le.a(ctype.o)
 .text.libc     0x00016ab4      0x17c C:/Program Files/Rowley Associates Limited/CrossWorks for ARM 2.0/lib/libc_v4t_a_le.a(ctype.o)
                0x00016ab4                isalpha
                0x00016ad0                isupper
                0x00016ae4                islower
                0x00016af8                isdigit
                0x00016b0c                isxdigit
                0x00016b38                isspace
                0x00016b50                ispunct
                0x00016b8c                isalnum
                0x00016bb8                isprint
                0x00016bcc                isgraph
                0x00016be0                iscntrl
                0x00016bf4                tolower
                0x00016c08                toupper
                0x00016c1c                isblank
 .text          0x00016c30        0x0 C:/Program Files/Rowley Associates Limited/CrossWorks for ARM 2.0/lib/libc_v4t_a_le.a(malloc.o)
 .text.libc     0x00016c30      0x250 C:/Program Files/Rowley Associates Limited/CrossWorks for ARM 2.0/lib/libc_v4t_a_le.a(malloc.o)
                0x00016c30                free
                0x00016d24                malloc
                0x00016e08                realloc
                0x00016e50                calloc
 .text          0x00016e80        0x0 C:/Program Files/Rowley Associates Limited/CrossWorks for ARM 2.0/lib/libc_v4t_a_le.a(atoi.o)
 .text.libc     0x00016e80       0x38 C:/Program Files/Rowley Associates Limited/CrossWorks for ARM 2.0/lib/libc_v4t_a_le.a(atoi.o)
                0x00016e80                atoi
 .text          0x00016eb8        0x0 C:/Program Files/Rowley Associates Limited/CrossWorks for ARM 2.0/lib/libc_v4t_a_le.a(time.o)
 .text.libc     0x00016eb8      0x75c C:/Program Files/Rowley Associates Limited/CrossWorks for ARM 2.0/lib/libc_v4t_a_le.a(time.o)
                0x00016eb8                difftime
                0x00016ecc                checktm
                0x00017114                mktime
                0x0001735c                localtime_r
                0x00017568                localtime
                0x00017588                gmtime_r
                0x000175a0                gmtime
                0x000175c0                ctime_r
                0x000175f0                ctime
 .text          0x00017614        0x0 C:/Program Files/Rowley Associates Limited/CrossWorks for ARM 2.0/lib/libc_v4t_a_le.a(asctime.o)
 .text.libc     0x00017614      0x18c C:/Program Files/Rowley Associates Limited/CrossWorks for ARM 2.0/lib/libc_v4t_a_le.a(asctime.o)
                0x00017640                asctime_r
                0x00017788                asctime
 .text          0x000177a0        0x0 C:/Program Files/Rowley Associates Limited/CrossWorks for ARM 2.0/lib/libc_v4t_a_le.a(strftime.o)
 .text.libc     0x000177a0      0x82c C:/Program Files/Rowley Associates Limited/CrossWorks for ARM 2.0/lib/libc_v4t_a_le.a(strftime.o)
                0x00017f78                strftime
 .text          0x00017fcc        0x0 C:/Program Files/Rowley Associates Limited/CrossWorks for ARM 2.0/lib/libc_v4t_a_le.a(div.o)
 .text.libc     0x00017fcc       0x54 C:/Program Files/Rowley Associates Limited/CrossWorks for ARM 2.0/lib/libc_v4t_a_le.a(div.o)
                0x00017fcc                div
 .text          0x00018020        0x0 C:/Program Files/Rowley Associates Limited/CrossWorks for ARM 2.0/lib/libc_v4t_a_le.a(strtol.o)
 .text.libc     0x00018020       0xd4 C:/Program Files/Rowley Associates Limited/CrossWorks for ARM 2.0/lib/libc_v4t_a_le.a(strtol.o)
                0x00018020                strtol
 .text          0x000180f4        0x0 C:/Program Files/Rowley Associates Limited/CrossWorks for ARM 2.0/lib/libc_v4t_a_le.a(ldiv.o)
 .text.libc     0x000180f4       0x54 C:/Program Files/Rowley Associates Limited/CrossWorks for ARM 2.0/lib/libc_v4t_a_le.a(ldiv.o)
                0x000180f4                ldiv
 .text          0x00018148        0x0 C:/Program Files/Rowley Associates Limited/CrossWorks for ARM 2.0/lib/libc_v4t_a_le.a(__int32_mod.o)
 *fill*         0x00018148        0x8 00
 .text.libc     0x00018150       0x50 C:/Program Files/Rowley Associates Limited/CrossWorks for ARM 2.0/lib/libc_v4t_a_le.a(__int32_mod.o)
                0x00018150                __modsi3
                0x00018150                __int32_mod
 .text          0x000181a0        0x0 C:/Program Files/Rowley Associates Limited/CrossWorks for ARM 2.0/lib/libc_v4t_a_le.a(__strtoul.o)
 .text.libc     0x000181a0      0x128 C:/Program Files/Rowley Associates Limited/CrossWorks for ARM 2.0/lib/libc_v4t_a_le.a(__strtoul.o)
                0x000181a0                __strtoul
 .text          0x000182c8        0x0 C:/Program Files/Rowley Associates Limited/CrossWorks for ARM 2.0/lib/libc_v4t_a_le.a(__digit.o)
 .text.libc     0x000182c8       0x54 C:/Program Files/Rowley Associates Limited/CrossWorks for ARM 2.0/lib/libc_v4t_a_le.a(__digit.o)
                0x000182c8                __digit
 .text          0x0001831c        0x0 C:/Program Files/Rowley Associates Limited/CrossWorks for ARM 2.0/lib/libdebugio_v4t_a_le.a(debug_printf.o)
 .text.libc     0x0001831c       0x20 C:/Program Files/Rowley Associates Limited/CrossWorks for ARM 2.0/lib/libdebugio_v4t_a_le.a(debug_printf.o)
                0x0001831c                debug_printf
 .text          0x0001833c        0x0 C:/Program Files/Rowley Associates Limited/CrossWorks for ARM 2.0/lib/libc_targetio_impl_v4t_a_le.a(putchar.o)
 .text.libc     0x0001833c       0x2c C:/Program Files/Rowley Associates Limited/CrossWorks for ARM 2.0/lib/libc_targetio_impl_v4t_a_le.a(putchar.o)
                0x0001833c                putchar
 .text          0x00018368        0x0 C:/Program Files/Rowley Associates Limited/CrossWorks for ARM 2.0/lib/libc_user_libc_v4t_a_le.a(user_libc.o)
 .text.libc     0x00018368       0x2c C:/Program Files/Rowley Associates Limited/CrossWorks for ARM 2.0/lib/libc_user_libc_v4t_a_le.a(user_libc.o)
                0x00018368                __errno
                0x00018374                __heap_lock
                0x00018378                __heap_unlock
                0x0001837c                __printf_lock
                0x00018380                __printf_unlock
                0x00018384                __scanf_lock
                0x00018388                __scanf_unlock
                0x0001838c                __debug_io_lock
                0x00018390                __debug_io_unlock
 .text          0x00018394        0x0 C:/Program Files/Rowley Associates Limited/CrossWorks for ARM 2.0/lib/libdebugio_dcc_v4t_a_le.a(dcc_debug_operations.o)
 .text.libdebugio_dcc
                0x00018394       0x4c C:/Program Files/Rowley Associates Limited/CrossWorks for ARM 2.0/lib/libdebugio_dcc_v4t_a_le.a(dcc_debug_operations.o)
                0x00018394                __do_debug_operation
 .text          0x000183e0        0x0 C:/Program Files/Rowley Associates Limited/CrossWorks for ARM 2.0/lib/libdebugio_dcc_v4t_a_le.a(libarmdi_dcc_write.o)
 .text.libdebugio_dcc
                0x000183e0       0x20 C:/Program Files/Rowley Associates Limited/CrossWorks for ARM 2.0/lib/libdebugio_dcc_v4t_a_le.a(libarmdi_dcc_write.o)
                0x000183e0                libarm_dcc_write
 .text          0x00018400        0x0 C:/Program Files/Rowley Associates Limited/CrossWorks for ARM 2.0/lib/libdebugio_dcc_v4t_a_le.a(libarm_run_dcc_port_server.o)
 .text.libdebugio_dcc
                0x00018400      0x234 C:/Program Files/Rowley Associates Limited/CrossWorks for ARM 2.0/lib/libdebugio_dcc_v4t_a_le.a(libarm_run_dcc_port_server.o)
                0x00018400                libarm_run_dcc_port_server
 .text          0x00018634        0x0 C:/Program Files/Rowley Associates Limited/CrossWorks for ARM 2.0/lib/libdebugio_dcc_v4t_a_le.a(libarmdi_dcc_read.o)
 *fill*         0x00018634        0xc 00
 .text.libdebugio_dcc
                0x00018640       0x20 C:/Program Files/Rowley Associates Limited/CrossWorks for ARM 2.0/lib/libdebugio_dcc_v4t_a_le.a(libarmdi_dcc_read.o)
                0x00018640                libarm_dcc_read
                0x00018660                __text_end__ = (__text_start__ + SIZEOF (.text))
                0x00018660                __text_load_end__ = __text_end__

.vfp11_veneer   0x00000000        0x0
 .vfp11_veneer  0x00000000        0x0 linker stubs

.v4_bx          0x00000000        0x0
 .v4_bx         0x00000000        0x0 linker stubs
                0x00000001                . = ASSERT (((__text_end__ >= __FLASH_segment_start__) && (__text_end__ <= (__FLASH_segment_start__ + 0x80000))), error: .text is too large to fit in FLASH memory segment)
                0x00018660                __dtors_load_start__ = ALIGN (__text_end__, 0x4)

.dtors          0x00018660        0x0
                0x00018660                __dtors_start__ = .
 *(SORT(.dtors.*))
 *(.dtors)
                0x00018660                __dtors_end__ = (__dtors_start__ + SIZEOF (.dtors))
                0x00018660                __dtors_load_end__ = __dtors_end__
                0x00000001                . = ASSERT (((__dtors_end__ >= __FLASH_segment_start__) && (__dtors_end__ <= (__FLASH_segment_start__ + 0x80000))), error: .dtors is too large to fit in FLASH memory segment)
                0x00018660                __ctors_load_start__ = ALIGN (__dtors_end__, 0x4)

.ctors          0x00018660        0x0
                0x00018660                __ctors_start__ = .
 *(SORT(.ctors.*))
 *(.ctors)
                0x00018660                __ctors_end__ = (__ctors_start__ + SIZEOF (.ctors))
                0x00018660                __ctors_load_end__ = __ctors_end__
                0x00000001                . = ASSERT (((__ctors_end__ >= __FLASH_segment_start__) && (__ctors_end__ <= (__FLASH_segment_start__ + 0x80000))), error: .ctors is too large to fit in FLASH memory segment)
                0x00018660                __rodata_load_start__ = ALIGN (__ctors_end__, 0x4)

.rodata         0x00018660     0x7e04
                0x00018660                __rodata_start__ = .
 *(.rodata .rodata.* .gnu.linkonce.r.*)
 .rodata.str1.4
                0x00018660        0x8 ARM Flash Release/main.o
 .rodata        0x00018668       0xb0 ARM Flash Release/i2c.o
 .rodata.str1.4
                0x00018718      0x19e ARM Flash Release/i2c.o
                                0x1a0 (size before relaxing)
 *fill*         0x000188b6        0x2 00
 .rodata.str1.4
                0x000188b8        0x8 ARM Flash Release/i2cInt.o
                                  0xc (size before relaxing)
 .rodata        0x000188c0       0x90 ARM Flash Release/usbser.o
 .rodata        0x00018950        0xc ARM Flash Release/rtc.o
 .rodata.str1.4
                0x0001895c        0x7 ARM Flash Release/eint3ISR.o
                                  0x8 (size before relaxing)
 *fill*         0x00018963        0x1 00
 .rodata        0x00018964      0x2b4 ARM Flash Release/beep.o
 .rodata.str1.4
                0x00018c18        0x7 ARM Flash Release/args.o
                                 0x10 (size before relaxing)
 *fill*         0x00018c1f        0x1 00
 .rodata.str1.4
                0x00018c20       0x7b ARM Flash Release/argsdispatch.o
                                 0x84 (size before relaxing)
 *fill*         0x00018c9b        0x1 00
 .rodata        0x00018c9c      0x3c0 ARM Flash Release/monitor.o
 .rodata.str1.4
                0x0001905c      0xe93 ARM Flash Release/monitor.o
                                0xeb0 (size before relaxing)
 *fill*         0x00019eef        0x1 00
 .rodata.str1.4
                0x00019ef0        0x7 ARM Flash Release/printf-stdarg.o
                                  0x8 (size before relaxing)
 .rodata.str1.4
                0x00000000        0x7 ARM Flash Release/leds.o
                                  0x4 (size before relaxing)
 *fill*         0x00019ef7        0x1 00
 .rodata.str1.4
                0x00019ef8        0x8 ARM Flash Release/tcs3414.o
 .rodata        0x00019f00      0x210 ARM Flash Release/mmc.o
 .rodata.str1.4
                0x0001a110       0x11 ARM Flash Release/mmc.o
                                 0x14 (size before relaxing)
 *fill*         0x0001a121        0x3 00
 .rodata        0x0001a124        0xc ARM Flash Release/Lcd204_4.o
 .rodata.str1.4
                0x0001a130        0x9 ARM Flash Release/Lcd204_4.o
                                  0xc (size before relaxing)
 *fill*         0x0001a139        0x3 00
 .rodata        0x0001a13c      0x3d4 ARM Flash Release/logging.o
 .rodata.str1.4
                0x0001a510       0xc3 ARM Flash Release/logging.o
                                 0xc8 (size before relaxing)
 *fill*         0x0001a5d3        0x1 00
 .rodata.str1.4
                0x0001a5d4       0x34 ARM Flash Release/meas_sm.o
 .rodata.str1.4
                0x0001a608        0xd ARM Flash Release/meas_task.o
                                 0x10 (size before relaxing)
 *fill*         0x0001a615        0x3 00
 .rodata        0x0001a618       0x14 ARM Flash Release/tasks.o
 .rodata.str1.4
                0x0001a62c       0x19 ARM Flash Release/tasks.o
                                 0x20 (size before relaxing)
 *fill*         0x0001a645        0x3 00
 .rodata        0x0001a648        0x8 ARM Flash Release/dhcpc.o
 .rodata.str1.4
                0x00000000        0xc ARM Flash Release/telnetd.o
 .rodata.str1.4
                0x0001a650       0x13 ARM Flash Release/httpd.o
                                 0x18 (size before relaxing)
 *fill*         0x0001a663        0x1 00
 .rodata        0x0001a664       0xa8 ARM Flash Release/httpd-cgi.o
 .rodata.str1.4
                0x0001a70c       0xdb ARM Flash Release/httpd-cgi.o
                                 0xe0 (size before relaxing)
 *fill*         0x0001a7e7        0x1 00
 .rodata        0x0001a7e8     0x51d8 ARM Flash Release/httpd-fs.o
                0x0001a7e8                file_tcp_shtml
                0x0001a7fc                file_404_html
                0x0001a810                file_fade_png
                0x0001a824                file_files_shtml
                0x0001a838                file_footer_html
                0x0001a84c                file_header_html
                0x0001a860                file_index_html
                0x0001a874                file_led_shtml
                0x0001a888                file_lpc2148_jpg
                0x0001a89c                file_stats_shtml
                0x0001a8b0                file_style_css
 .rodata        0x0001f9c0      0x288 ARM Flash Release/http-strings.o
                0x0001f9c0                http_http
                0x0001f9c8                http_200
                0x0001f9d0                http_301
                0x0001f9d8                http_302
                0x0001f9e0                http_get
                0x0001f9e8                http_10
                0x0001f9f4                http_11
                0x0001fa00                http_content_type
                0x0001fa10                http_texthtml
                0x0001fa1c                http_location
                0x0001fa28                http_host
                0x0001fa30                http_crnl
                0x0001fa34                http_index_html
                0x0001fa40                http_404_html
                0x0001fa4c                http_referer
                0x0001fa58                http_header_200
                0x0001faac                http_header_404
                0x0001fb08                http_content_type_plain
                0x0001fb28                http_content_type_html
                0x0001fb44                http_content_type_css
                0x0001fb60                http_content_type_text
                0x0001fb7c                http_content_type_png
                0x0001fb98                http_content_type_gif
                0x0001fbb4                http_content_type_jpg
                0x0001fbd4                http_content_type_binary
                0x0001fc00                http_html
                0x0001fc08                http_shtml
                0x0001fc10                http_htm
                0x0001fc18                http_css
                0x0001fc20                http_png
                0x0001fc28                http_gif
                0x0001fc30                http_jpg
                0x0001fc38                http_text
                0x0001fc40                http_txt
 .rodata.str1.4
                0x0001fc48      0x30c ARM Flash Release/uip.o
 .rodata        0x0001ff54        0x8 ARM Flash Release/uip_arp.o
 .rodata.str1.4
                0x0001ff5c       0x41 ARM Flash Release/uip-neighbor.o
                                 0x44 (size before relaxing)
 *fill*         0x0001ff9d        0x3 00
 .rodata.str1.4
                0x0001ffa0       0x1f ARM Flash Release/uiptask.o
                                 0x20 (size before relaxing)
 *fill*         0x0001ffbf        0x1 00
 .rodata        0x0001ffc0       0x28 ARM Flash Release/disk.o
 .rodata.str1.4
                0x0001ffe8       0x51 ARM Flash Release/disk.o
                                 0x54 (size before relaxing)
 *fill*         0x00020039        0x3 00
 .rodata        0x0002003c       0x70 ARM Flash Release/ff.o
 .rodata.str1.4
                0x000200ac       0xd5 ARM Flash Release/ff.o
                                 0xf8 (size before relaxing)
 *fill*         0x00020181        0x3 00
 .rodata.libc   0x00020184       0x28 C:/Program Files/Rowley Associates Limited/CrossWorks for ARM 2.0/lib/libm_v4t_a_le.a(log.o)
 .rodata.libc   0x000201ac        0x8 C:/Program Files/Rowley Associates Limited/CrossWorks for ARM 2.0/lib/libm_v4t_a_le.a(__float64_infinity.o)
                0x000201ac                __float64_infinity
 .rodata.libc   0x000201b4        0x8 C:/Program Files/Rowley Associates Limited/CrossWorks for ARM 2.0/lib/libm_v4t_a_le.a(__float64_nan.o)
                0x000201b4                __float64_nan
 .rodata.libc   0x000201bc       0x84 C:/Program Files/Rowley Associates Limited/CrossWorks for ARM 2.0/lib/libc_v4t_a_le.a(ctype.o)
                0x000201bc                __ctype
 .rodata.libc   0x00020240       0x68 C:/Program Files/Rowley Associates Limited/CrossWorks for ARM 2.0/lib/libc_v4t_a_le.a(time.o)
 .rodata.libc   0x000202a8       0x4c C:/Program Files/Rowley Associates Limited/CrossWorks for ARM 2.0/lib/libc_v4t_a_le.a(asctime.o)
 .rodata.libc   0x000202f4       0x4c C:/Program Files/Rowley Associates Limited/CrossWorks for ARM 2.0/lib/libc_v4t_a_le.a(strftime.o)
 .rodata.libc.str1.4
                0x00020340      0x124 C:/Program Files/Rowley Associates Limited/CrossWorks for ARM 2.0/lib/libc_v4t_a_le.a(strftime.o)
                                0x130 (size before relaxing)
                0x00020464                __rodata_end__ = (__rodata_start__ + SIZEOF (.rodata))
                0x00020464                __rodata_load_end__ = __rodata_end__
                0x00000001                . = ASSERT (((__rodata_end__ >= __FLASH_segment_start__) && (__rodata_end__ <= (__FLASH_segment_start__ + 0x80000))), error: .rodata is too large to fit in FLASH memory segment)
                0x00020464                __fast_load_start__ = ALIGN (__rodata_end__, 0x4)

.fast           0x4000003c        0x0 load address 0x00020464
                0x4000003c                __fast_start__ = .
 *(.fast .fast.*)
                0x4000003c                __fast_end__ = (__fast_start__ + SIZEOF (.fast))
                0x00020464                __fast_load_end__ = (__fast_load_start__ + SIZEOF (.fast))
                0x00000001                . = ASSERT ((((__fast_load_start__ + SIZEOF (.fast)) >= __FLASH_segment_start__) && ((__fast_load_start__ + SIZEOF (.fast)) <= (__FLASH_segment_start__ + 0x80000))), error: .fast is too large to fit in FLASH memory segment)

.fast_run       0x4000003c        0x0
                0x4000003c                __fast_run_start__ = .
                0x4000003c                . = MAX ((__fast_run_start__ + SIZEOF (.fast)), .)
                0x4000003c                __fast_run_end__ = (__fast_run_start__ + SIZEOF (.fast_run))
                0x4000003c                __fast_run_load_end__ = __fast_run_end__
                0x00000001                . = ASSERT (((__fast_run_end__ >= __SRAM_segment_start__) && (__fast_run_end__ <= (__SRAM_segment_start__ + 0x8000))), error: .fast_run is too large to fit in SRAM memory segment)
                0x00020464                __data_load_start__ = ALIGN ((__fast_load_start__ + SIZEOF (.fast)), 0x4)

.data           0x4000003c       0x58 load address 0x00020464
                0x4000003c                __data_start__ = .
 *(.data .data.* .gnu.linkonce.d.*)
 .data          0x4000003c        0x0 ARM Flash Release/main.o
 .data          0x4000003c        0x0 ARM Flash Release/adc.o
 .data          0x4000003c        0x0 ARM Flash Release/cpu.o
 .data          0x4000003c        0x0 ARM Flash Release/i2c.o
 .data          0x4000003c        0x4 ARM Flash Release/i2cInt.o
 .data          0x40000040        0x8 ARM Flash Release/pwm.o
 .data          0x40000048        0x0 ARM Flash Release/spi.o
 .data          0x40000048        0x8 ARM Flash Release/uart0.o
 .data          0x40000050        0x0 ARM Flash Release/uart0ISR.o
 .data          0x40000050        0x8 ARM Flash Release/uart1.o
 .data          0x40000058        0x0 ARM Flash Release/uart1ISR.o
 .data          0x40000058        0x0 ARM Flash Release/usbcontrol.o
 .data          0x40000058        0x0 ARM Flash Release/usbinit.o
 .data          0x40000058        0x0 ARM Flash Release/usbISR.o
 .data          0x40000058        0x0 ARM Flash Release/usbstdreq.o
 .data          0x40000058        0x8 ARM Flash Release/usbser.o
 .data          0x40000060        0x0 ARM Flash Release/rtc.o
 .data          0x40000060        0x0 ARM Flash Release/rtcISR.o
 .data          0x40000060        0x0 ARM Flash Release/reset.o
 .data          0x40000060        0x0 ARM Flash Release/eint0.o
 .data          0x40000060        0x0 ARM Flash Release/eint0ISR.o
 .data          0x40000060        0x0 ARM Flash Release/eint2.o
 .data          0x40000060        0x0 ARM Flash Release/eint2ISR.o
 .data          0x40000060        0x0 ARM Flash Release/eint3.o
 .data          0x40000060        0x0 ARM Flash Release/eint3ISR.o
 .data          0x40000060        0x0 ARM Flash Release/eint1.o
 .data          0x40000060        0x0 ARM Flash Release/eint1ISR.o
 .data          0x40000060        0x0 ARM Flash Release/beep.o
 .data          0x40000060        0x0 ARM Flash Release/timer.o
 .data          0x40000060        0x0 ARM Flash Release/dac.o
 .data          0x40000060        0x0 ARM Flash Release/args.o
 .data          0x40000060        0x0 ARM Flash Release/argsdispatch.o
 .data          0x40000060        0x0 ARM Flash Release/monitor.o
 .data          0x40000060        0x0 ARM Flash Release/printf-stdarg.o
 .data          0x40000060        0x4 ARM Flash Release/leds.o
 .data          0x40000064        0x0 ARM Flash Release/tcs3414.o
 .data          0x40000064        0x0 ARM Flash Release/mmc.o
 .data          0x40000064        0x0 ARM Flash Release/ssp.o
 .data          0x40000064        0x0 ARM Flash Release/Lcd204_4.o
 .data          0x40000064        0x0 ARM Flash Release/logging.o
 .data          0x40000064        0x8 ARM Flash Release/meas_sm.o
 .data          0x4000006c        0x0 ARM Flash Release/meas_task.o
 .data          0x4000006c        0x0 ARM Flash Release/crt0.o
 .data          0x4000006c        0x0 ARM Flash Release/Philips_LPC210X_Startup.o
 .data          0x4000006c        0x0 ARM Flash Release/LPC210x.o
 .data          0x4000006c        0x0 ARM Flash Release/VIC.o
 .data          0x4000006c        0x0 ARM Flash Release/VIC_irq_handler.o
 .data          0x4000006c        0x4 ARM Flash Release/portISR.o
                0x4000006c                ulCriticalNesting
 .data          0x40000070        0x0 ARM Flash Release/port.o
 .data          0x40000070        0x0 ARM Flash Release/heap_2.o
 .data          0x40000070        0x4 ARM Flash Release/tasks.o
                0x40000070                uxPreviousTask
 .data          0x40000074        0x0 ARM Flash Release/queue.o
 .data          0x40000074        0x0 ARM Flash Release/list.o
 .data          0x40000074        0x0 ARM Flash Release/dhcpc.o
 .data          0x40000074        0x0 ARM Flash Release/sntp.o
 .data          0x40000074        0x0 ARM Flash Release/telnetd.o
 .data          0x40000074        0x0 ARM Flash Release/httpd.o
 .data          0x40000074       0x14 ARM Flash Release/httpd-cgi.o
 .data          0x40000088        0x0 ARM Flash Release/httpd-fs.o
 .data          0x40000088        0x0 ARM Flash Release/http-strings.o
 .data          0x40000088        0x0 ARM Flash Release/enc28j60.o
 .data          0x40000088        0x0 ARM Flash Release/memb.o
 .data          0x40000088        0x0 ARM Flash Release/psock.o
 .data          0x40000088        0x0 ARM Flash Release/uip.o
 .data          0x40000088        0x0 ARM Flash Release/uip_arch.o
 .data          0x40000088        0x0 ARM Flash Release/uip_arp.o
 .data          0x40000088        0x0 ARM Flash Release/uip_timer.o
 .data          0x40000088        0x0 ARM Flash Release/uip-fw.o
 .data          0x40000088        0x0 ARM Flash Release/uiplib.o
 .data          0x40000088        0x0 ARM Flash Release/uip-neighbor.o
 .data          0x40000088        0x0 ARM Flash Release/clock.o
 .data          0x40000088        0x4 ARM Flash Release/uiptask.o
 .data          0x4000008c        0x1 ARM Flash Release/disk.o
 .data          0x4000008d        0x0 ARM Flash Release/ff.o
 .data          0x4000008d        0x0 C:/Users/lukas/AppData/Local/Rowley Associates Limited/CrossWorks for ARM/packages/lib/liblpc2000_v4t_a_le.a(liblpc2000_lpc21xx_get_cclk.o)
 .data          0x4000008d        0x0 C:/Users/lukas/AppData/Local/Rowley Associates Limited/CrossWorks for ARM/packages/lib/liblpc2000_v4t_a_le.a(liblpc2000_lpc21xx_get_pclk.o)
 .data          0x4000008d        0x0 C:/Program Files/Rowley Associates Limited/CrossWorks for ARM 2.0/lib/libm_v4t_a_le.a(__int32_to_float32.o)
 .data          0x4000008d        0x0 C:/Program Files/Rowley Associates Limited/CrossWorks for ARM 2.0/lib/libm_v4t_a_le.a(__int32_to_float64.o)
 .data          0x4000008d        0x0 C:/Program Files/Rowley Associates Limited/CrossWorks for ARM 2.0/lib/libm_v4t_a_le.a(__uint32_to_float64.o)
 .data          0x4000008d        0x0 C:/Program Files/Rowley Associates Limited/CrossWorks for ARM 2.0/lib/libm_v4t_a_le.a(__float32_to_int32.o)
 .data          0x4000008d        0x0 C:/Program Files/Rowley Associates Limited/CrossWorks for ARM 2.0/lib/libm_v4t_a_le.a(__float32_to_uint32.o)
 .data          0x4000008d        0x0 C:/Program Files/Rowley Associates Limited/CrossWorks for ARM 2.0/lib/libm_v4t_a_le.a(__float64_to_int32.o)
 .data          0x4000008d        0x0 C:/Program Files/Rowley Associates Limited/CrossWorks for ARM 2.0/lib/libm_v4t_a_le.a(__float32_to_float64.o)
 .data          0x4000008d        0x0 C:/Program Files/Rowley Associates Limited/CrossWorks for ARM 2.0/lib/libm_v4t_a_le.a(__float32_add.o)
 .data          0x4000008d        0x0 C:/Program Files/Rowley Associates Limited/CrossWorks for ARM 2.0/lib/libm_v4t_a_le.a(__float32_mul.o)
 .data          0x4000008d        0x0 C:/Program Files/Rowley Associates Limited/CrossWorks for ARM 2.0/lib/libm_v4t_a_le.a(__float32_div.o)
 .data          0x4000008d        0x0 C:/Program Files/Rowley Associates Limited/CrossWorks for ARM 2.0/lib/libm_v4t_a_le.a(__float32_cmp.o)
 .data          0x4000008d        0x0 C:/Program Files/Rowley Associates Limited/CrossWorks for ARM 2.0/lib/libm_v4t_a_le.a(log.o)
 .data          0x4000008d        0x0 C:/Program Files/Rowley Associates Limited/CrossWorks for ARM 2.0/lib/libm_v4t_a_le.a(__float64_add.o)
 .data          0x4000008d        0x0 C:/Program Files/Rowley Associates Limited/CrossWorks for ARM 2.0/lib/libm_v4t_a_le.a(__float64_mul.o)
 .data          0x4000008d        0x0 C:/Program Files/Rowley Associates Limited/CrossWorks for ARM 2.0/lib/libm_v4t_a_le.a(__float64_div.o)
 .data          0x4000008d        0x0 C:/Program Files/Rowley Associates Limited/CrossWorks for ARM 2.0/lib/libm_v4t_a_le.a(__float64_cmp.o)
 .data          0x4000008d        0x0 C:/Program Files/Rowley Associates Limited/CrossWorks for ARM 2.0/lib/libm_v4t_a_le.a(__float64_isnan.o)
 .data          0x4000008d        0x0 C:/Program Files/Rowley Associates Limited/CrossWorks for ARM 2.0/lib/libm_v4t_a_le.a(__float64_infinity.o)
 .data          0x4000008d        0x0 C:/Program Files/Rowley Associates Limited/CrossWorks for ARM 2.0/lib/libm_v4t_a_le.a(__float64_nan.o)
 .data          0x4000008d        0x0 C:/Program Files/Rowley Associates Limited/CrossWorks for ARM 2.0/lib/libm_v4t_a_le.a(__poly1_eval.o)
 .data          0x4000008d        0x0 C:/Program Files/Rowley Associates Limited/CrossWorks for ARM 2.0/lib/libm_v4t_a_le.a(__poly_eval.o)
 .data          0x4000008d        0x0 C:/Program Files/Rowley Associates Limited/CrossWorks for ARM 2.0/lib/libm_v4t_a_le.a(frexp.o)
 .data          0x4000008d        0x0 C:/Program Files/Rowley Associates Limited/CrossWorks for ARM 2.0/lib/libm_v4t_a_le.a(ldexp.o)
 .data          0x4000008d        0x0 C:/Program Files/Rowley Associates Limited/CrossWorks for ARM 2.0/lib/libc_v4t_a_le.a(__int32_umod.o)
 .data          0x4000008d        0x0 C:/Program Files/Rowley Associates Limited/CrossWorks for ARM 2.0/lib/libc_v4t_a_le.a(__int32_div.o)
 .data          0x4000008d        0x0 C:/Program Files/Rowley Associates Limited/CrossWorks for ARM 2.0/lib/libc_v4t_a_le.a(__int32_udivmod.o)
 .data          0x4000008d        0x0 C:/Program Files/Rowley Associates Limited/CrossWorks for ARM 2.0/lib/libc_v4t_a_le.a(strlen.o)
 .data          0x4000008d        0x0 C:/Program Files/Rowley Associates Limited/CrossWorks for ARM 2.0/lib/libc_v4t_a_le.a(memcpy.o)
 .data          0x4000008d        0x0 C:/Program Files/Rowley Associates Limited/CrossWorks for ARM 2.0/lib/libc_v4t_a_le.a(memset.o)
 .data          0x4000008d        0x0 C:/Program Files/Rowley Associates Limited/CrossWorks for ARM 2.0/lib/libc_v4t_a_le.a(strcpy.o)
 .data          0x4000008d        0x0 C:/Program Files/Rowley Associates Limited/CrossWorks for ARM 2.0/lib/libc_v4t_a_le.a(strcmp.o)
 .data          0x4000008d        0x0 C:/Program Files/Rowley Associates Limited/CrossWorks for ARM 2.0/lib/libc_v4t_a_le.a(memcmp.o)
 .data          0x4000008d        0x0 C:/Program Files/Rowley Associates Limited/CrossWorks for ARM 2.0/lib/libc_v4t_a_le.a(strcat.o)
 .data          0x4000008d        0x0 C:/Program Files/Rowley Associates Limited/CrossWorks for ARM 2.0/lib/libc_v4t_a_le.a(strchr.o)
 .data          0x4000008d        0x0 C:/Program Files/Rowley Associates Limited/CrossWorks for ARM 2.0/lib/libc_v4t_a_le.a(strncmp.o)
 .data          0x4000008d        0x0 C:/Program Files/Rowley Associates Limited/CrossWorks for ARM 2.0/lib/libc_v4t_a_le.a(strncpy.o)
 .data          0x4000008d        0x0 C:/Program Files/Rowley Associates Limited/CrossWorks for ARM 2.0/lib/libc_v4t_a_le.a(strrchr.o)
 .data          0x4000008d        0x0 C:/Program Files/Rowley Associates Limited/CrossWorks for ARM 2.0/lib/libc_v4t_a_le.a(strstr.o)
 .data          0x4000008d        0x0 C:/Program Files/Rowley Associates Limited/CrossWorks for ARM 2.0/lib/libc_v4t_a_le.a(ctype.o)
 .data          0x4000008d        0x0 C:/Program Files/Rowley Associates Limited/CrossWorks for ARM 2.0/lib/libc_v4t_a_le.a(malloc.o)
 *fill*         0x4000008d        0x3 00
 .data.libc     0x40000090        0x4 C:/Program Files/Rowley Associates Limited/CrossWorks for ARM 2.0/lib/libc_v4t_a_le.a(malloc.o)
 .data          0x40000094        0x0 C:/Program Files/Rowley Associates Limited/CrossWorks for ARM 2.0/lib/libc_v4t_a_le.a(atoi.o)
 .data          0x40000094        0x0 C:/Program Files/Rowley Associates Limited/CrossWorks for ARM 2.0/lib/libc_v4t_a_le.a(time.o)
 .data          0x40000094        0x0 C:/Program Files/Rowley Associates Limited/CrossWorks for ARM 2.0/lib/libc_v4t_a_le.a(asctime.o)
 .data          0x40000094        0x0 C:/Program Files/Rowley Associates Limited/CrossWorks for ARM 2.0/lib/libc_v4t_a_le.a(strftime.o)
 .data          0x40000094        0x0 C:/Program Files/Rowley Associates Limited/CrossWorks for ARM 2.0/lib/libc_v4t_a_le.a(div.o)
 .data          0x40000094        0x0 C:/Program Files/Rowley Associates Limited/CrossWorks for ARM 2.0/lib/libc_v4t_a_le.a(strtol.o)
 .data          0x40000094        0x0 C:/Program Files/Rowley Associates Limited/CrossWorks for ARM 2.0/lib/libc_v4t_a_le.a(ldiv.o)
 .data          0x40000094        0x0 C:/Program Files/Rowley Associates Limited/CrossWorks for ARM 2.0/lib/libc_v4t_a_le.a(__int32_mod.o)
 .data          0x40000094        0x0 C:/Program Files/Rowley Associates Limited/CrossWorks for ARM 2.0/lib/libc_v4t_a_le.a(__strtoul.o)
 .data          0x40000094        0x0 C:/Program Files/Rowley Associates Limited/CrossWorks for ARM 2.0/lib/libc_v4t_a_le.a(__digit.o)
 .data          0x40000094        0x0 C:/Program Files/Rowley Associates Limited/CrossWorks for ARM 2.0/lib/libdebugio_v4t_a_le.a(debug_printf.o)
 .data          0x40000094        0x0 C:/Program Files/Rowley Associates Limited/CrossWorks for ARM 2.0/lib/libc_targetio_impl_v4t_a_le.a(putchar.o)
 .data          0x40000094        0x0 C:/Program Files/Rowley Associates Limited/CrossWorks for ARM 2.0/lib/libc_user_libc_v4t_a_le.a(user_libc.o)
 .data          0x40000094        0x0 C:/Program Files/Rowley Associates Limited/CrossWorks for ARM 2.0/lib/libdebugio_dcc_v4t_a_le.a(dcc_debug_operations.o)
 .data          0x40000094        0x0 C:/Program Files/Rowley Associates Limited/CrossWorks for ARM 2.0/lib/libdebugio_dcc_v4t_a_le.a(libarmdi_dcc_write.o)
 .data          0x40000094        0x0 C:/Program Files/Rowley Associates Limited/CrossWorks for ARM 2.0/lib/libdebugio_dcc_v4t_a_le.a(libarm_run_dcc_port_server.o)
 .data          0x40000094        0x0 C:/Program Files/Rowley Associates Limited/CrossWorks for ARM 2.0/lib/libdebugio_dcc_v4t_a_le.a(libarmdi_dcc_read.o)
                0x40000094                __data_end__ = (__data_start__ + SIZEOF (.data))
                0x000204bc                __data_load_end__ = (__data_load_start__ + SIZEOF (.data))
                0x00000001                . = ASSERT ((((__data_load_start__ + SIZEOF (.data)) >= __FLASH_segment_start__) && ((__data_load_start__ + SIZEOF (.data)) <= (__FLASH_segment_start__ + 0x80000))), error: .data is too large to fit in FLASH memory segment)

.data_run       0x4000003c       0x58 load address 0x00020464
                0x4000003c                __data_run_start__ = .
                0x40000094                . = MAX ((__data_run_start__ + SIZEOF (.data)), .)
 *fill*         0x4000003c       0x58 00
                0x40000094                __data_run_end__ = (__data_run_start__ + SIZEOF (.data_run))
                0x40000094                __data_run_load_end__ = __data_run_end__
                0x00000001                . = ASSERT (((__data_run_end__ >= __SRAM_segment_start__) && (__data_run_end__ <= (__SRAM_segment_start__ + 0x8000))), error: .data_run is too large to fit in SRAM memory segment)
                0x40000094                __bss_load_start__ = ALIGN (__data_run_end__, 0x4)

.bss            0x40000094     0x63dc
                0x40000094                __bss_start__ = .
 *(.bss .bss.* .gnu.linkonce.b.*)
 .bss           0x40000094        0x0 ARM Flash Release/main.o
 .bss           0x40000094        0x0 ARM Flash Release/adc.o
 .bss           0x40000094        0x0 ARM Flash Release/cpu.o
 .bss           0x40000094        0x4 ARM Flash Release/i2c.o
                0x40000094                i2cErrno
 .bss           0x40000098       0x60 ARM Flash Release/i2cInt.o
 .bss           0x400000f8        0x0 ARM Flash Release/pwm.o
 .bss           0x400000f8        0x0 ARM Flash Release/spi.o
 .bss           0x400000f8        0xc ARM Flash Release/uart0.o
 .bss           0x40000104        0xc ARM Flash Release/uart0ISR.o
 .bss           0x40000110        0xc ARM Flash Release/uart1.o
 .bss           0x4000011c        0xc ARM Flash Release/uart1ISR.o
 .bss           0x40000128       0x34 ARM Flash Release/usbcontrol.o
 .bss           0x4000015c        0x8 ARM Flash Release/usbinit.o
 .bss           0x40000164       0x48 ARM Flash Release/usbISR.o
 .bss           0x400001ac        0xc ARM Flash Release/usbstdreq.o
 .bss           0x400001b8       0x58 ARM Flash Release/usbser.o
 .bss           0x40000210        0x0 ARM Flash Release/rtc.o
 .bss           0x40000210        0x4 ARM Flash Release/rtcISR.o
 .bss           0x40000214        0x0 ARM Flash Release/reset.o
 .bss           0x40000214        0x0 ARM Flash Release/eint0.o
 .bss           0x40000214        0x0 ARM Flash Release/eint0ISR.o
 .bss           0x40000214        0x0 ARM Flash Release/eint2.o
 .bss           0x40000214        0x0 ARM Flash Release/eint2ISR.o
 .bss           0x40000214        0x0 ARM Flash Release/eint3.o
 .bss           0x40000214        0x4 ARM Flash Release/eint3ISR.o
                0x40000214                count
 .bss           0x40000218        0x0 ARM Flash Release/eint1.o
 .bss           0x40000218        0x0 ARM Flash Release/eint1ISR.o
 .bss           0x40000218        0x0 ARM Flash Release/beep.o
 .bss           0x40000218        0x0 ARM Flash Release/timer.o
 .bss           0x40000218        0x0 ARM Flash Release/dac.o
 .bss           0x40000218        0x0 ARM Flash Release/args.o
 .bss           0x40000218        0x0 ARM Flash Release/argsdispatch.o
 .bss           0x40000218      0x3d8 ARM Flash Release/monitor.o
                0x400005ec                activeCommandList
 .bss           0x400005f0        0x0 ARM Flash Release/printf-stdarg.o
 .bss           0x400005f0        0x0 ARM Flash Release/leds.o
 .bss           0x400005f0        0x1 ARM Flash Release/tcs3414.o
 *fill*         0x400005f1        0x3 00
 .bss           0x400005f4       0x2c ARM Flash Release/mmc.o
 .bss           0x40000620        0x0 ARM Flash Release/ssp.o
 .bss           0x40000620        0x0 ARM Flash Release/Lcd204_4.o
 .bss           0x40000620      0x24c ARM Flash Release/logging.o
 .bss           0x4000086c       0x20 ARM Flash Release/meas_sm.o
 .bss           0x4000088c        0x0 ARM Flash Release/meas_task.o
 .bss           0x4000088c        0x0 ARM Flash Release/crt0.o
 .bss           0x4000088c        0x0 ARM Flash Release/Philips_LPC210X_Startup.o
 .bss           0x4000088c        0x4 ARM Flash Release/LPC210x.o
 .bss           0x40000890       0x80 ARM Flash Release/VIC.o
 .bss           0x40000910        0x0 ARM Flash Release/VIC_irq_handler.o
 .bss           0x40000910        0x0 ARM Flash Release/portISR.o
 .bss           0x40000910        0x0 ARM Flash Release/port.o
 .bss           0x40000910     0x4018 ARM Flash Release/heap_2.o
 .bss           0x40004928       0x34 ARM Flash Release/tasks.o
                0x40004928                uxSchedulerSuspended
                0x4000492c                uxCurrentNumberOfTasks
                0x40004930                xNumOfOverflows
                0x40004934                xTickCount
                0x40004938                xMissedYield
                0x4000493c                pxCurrentTCB
                0x40004940                uxTopReadyPriority
                0x40004944                uxMissedTicks
                0x40004948                xTracing
                0x4000494c                uxTopUsedPriority
                0x40004950                uxTasksDeleted
                0x40004954                uxTaskNumber
                0x40004958                xSchedulerRunning
 .bss           0x4000495c        0x0 ARM Flash Release/queue.o
 .bss           0x4000495c        0x0 ARM Flash Release/list.o
 .bss           0x4000495c        0x4 ARM Flash Release/dhcpc.o
 .bss           0x40004960        0x4 ARM Flash Release/sntp.o
 .bss           0x40004964      0x294 ARM Flash Release/telnetd.o
 .bss           0x40004bf8        0x0 ARM Flash Release/httpd.o
 .bss           0x40004bf8        0x0 ARM Flash Release/httpd-cgi.o
 .bss           0x40004bf8       0x18 ARM Flash Release/httpd-fs.o
 .bss           0x40004c10        0x0 ARM Flash Release/http-strings.o
 .bss           0x40004c10        0x8 ARM Flash Release/enc28j60.o
                0x40004c10                xENC28J60Semaphore
                0x40004c14                ethRxPointer
 .bss           0x40004c18        0x0 ARM Flash Release/memb.o
 .bss           0x40004c18        0x0 ARM Flash Release/psock.o
 .bss           0x40004c18       0x1c ARM Flash Release/uip.o
                0x40004c28                uip_timeoffset
                0x40004c2c                uip_ethaddr
 .bss           0x40004c34        0x0 ARM Flash Release/uip_arch.o
 .bss           0x40004c34       0x64 ARM Flash Release/uip_arp.o
 .bss           0x40004c98        0x0 ARM Flash Release/uip_timer.o
 .bss           0x40004c98       0x28 ARM Flash Release/uip-fw.o
 .bss           0x40004cc0        0x0 ARM Flash Release/uiplib.o
 .bss           0x40004cc0       0x80 ARM Flash Release/uip-neighbor.o
 .bss           0x40004d40        0x0 ARM Flash Release/clock.o
 .bss           0x40004d40        0xc ARM Flash Release/uiptask.o
 .bss           0x40004d4c        0xc ARM Flash Release/disk.o
 .bss           0x40004d58        0x8 ARM Flash Release/ff.o
 .bss           0x40004d60        0x0 C:/Users/lukas/AppData/Local/Rowley Associates Limited/CrossWorks for ARM/packages/lib/liblpc2000_v4t_a_le.a(liblpc2000_lpc21xx_get_cclk.o)
 .bss           0x40004d60        0x0 C:/Users/lukas/AppData/Local/Rowley Associates Limited/CrossWorks for ARM/packages/lib/liblpc2000_v4t_a_le.a(liblpc2000_lpc21xx_get_pclk.o)
 .bss           0x40004d60        0x0 C:/Program Files/Rowley Associates Limited/CrossWorks for ARM 2.0/lib/libm_v4t_a_le.a(__int32_to_float32.o)
 .bss           0x40004d60        0x0 C:/Program Files/Rowley Associates Limited/CrossWorks for ARM 2.0/lib/libm_v4t_a_le.a(__int32_to_float64.o)
 .bss           0x40004d60        0x0 C:/Program Files/Rowley Associates Limited/CrossWorks for ARM 2.0/lib/libm_v4t_a_le.a(__uint32_to_float64.o)
 .bss           0x40004d60        0x0 C:/Program Files/Rowley Associates Limited/CrossWorks for ARM 2.0/lib/libm_v4t_a_le.a(__float32_to_int32.o)
 .bss           0x40004d60        0x0 C:/Program Files/Rowley Associates Limited/CrossWorks for ARM 2.0/lib/libm_v4t_a_le.a(__float32_to_uint32.o)
 .bss           0x40004d60        0x0 C:/Program Files/Rowley Associates Limited/CrossWorks for ARM 2.0/lib/libm_v4t_a_le.a(__float64_to_int32.o)
 .bss           0x40004d60        0x0 C:/Program Files/Rowley Associates Limited/CrossWorks for ARM 2.0/lib/libm_v4t_a_le.a(__float32_to_float64.o)
 .bss           0x40004d60        0x0 C:/Program Files/Rowley Associates Limited/CrossWorks for ARM 2.0/lib/libm_v4t_a_le.a(__float32_add.o)
 .bss           0x40004d60        0x0 C:/Program Files/Rowley Associates Limited/CrossWorks for ARM 2.0/lib/libm_v4t_a_le.a(__float32_mul.o)
 .bss           0x40004d60        0x0 C:/Program Files/Rowley Associates Limited/CrossWorks for ARM 2.0/lib/libm_v4t_a_le.a(__float32_div.o)
 .bss           0x40004d60        0x0 C:/Program Files/Rowley Associates Limited/CrossWorks for ARM 2.0/lib/libm_v4t_a_le.a(__float32_cmp.o)
 .bss           0x40004d60        0x0 C:/Program Files/Rowley Associates Limited/CrossWorks for ARM 2.0/lib/libm_v4t_a_le.a(log.o)
 .bss           0x40004d60        0x0 C:/Program Files/Rowley Associates Limited/CrossWorks for ARM 2.0/lib/libm_v4t_a_le.a(__float64_add.o)
 .bss           0x40004d60        0x0 C:/Program Files/Rowley Associates Limited/CrossWorks for ARM 2.0/lib/libm_v4t_a_le.a(__float64_mul.o)
 .bss           0x40004d60        0x0 C:/Program Files/Rowley Associates Limited/CrossWorks for ARM 2.0/lib/libm_v4t_a_le.a(__float64_div.o)
 .bss           0x40004d60        0x0 C:/Program Files/Rowley Associates Limited/CrossWorks for ARM 2.0/lib/libm_v4t_a_le.a(__float64_cmp.o)
 .bss           0x40004d60        0x0 C:/Program Files/Rowley Associates Limited/CrossWorks for ARM 2.0/lib/libm_v4t_a_le.a(__float64_isnan.o)
 .bss           0x40004d60        0x0 C:/Program Files/Rowley Associates Limited/CrossWorks for ARM 2.0/lib/libm_v4t_a_le.a(__float64_infinity.o)
 .bss           0x40004d60        0x0 C:/Program Files/Rowley Associates Limited/CrossWorks for ARM 2.0/lib/libm_v4t_a_le.a(__float64_nan.o)
 .bss           0x40004d60        0x0 C:/Program Files/Rowley Associates Limited/CrossWorks for ARM 2.0/lib/libm_v4t_a_le.a(__poly1_eval.o)
 .bss           0x40004d60        0x0 C:/Program Files/Rowley Associates Limited/CrossWorks for ARM 2.0/lib/libm_v4t_a_le.a(__poly_eval.o)
 .bss           0x40004d60        0x0 C:/Program Files/Rowley Associates Limited/CrossWorks for ARM 2.0/lib/libm_v4t_a_le.a(frexp.o)
 .bss           0x40004d60        0x0 C:/Program Files/Rowley Associates Limited/CrossWorks for ARM 2.0/lib/libm_v4t_a_le.a(ldexp.o)